ARM Linker, 4.1 [Build 481] [Standard]

==============================================================================

Section Cross References

    main.o(.text) refers to lcd.o(.text) for LCDPutLOGOBmp
    main.o(.text) refers to key.o(.text) for InitKeyboard
    main.o(.text) refers to uart0.o(.text) for InitUart0
    main.o(.text) refers to uart1.o(.text) for InitUart1
    main.o(.text) refers to uart2.o(.text) for InitUart2
    main.o(.text) refers to uart3.o(.text) for InitUart3
    main.o(.text) refers to buzzer.o(.text) for InitBuzzer
    main.o(.text) refers to timer.o(.text) for InitTimer
    main.o(.text) refers to rtc.o(.text) for InitRtc
    main.o(.text) refers to at45db161d.o(.text) for InitAT45DB
    main.o(.text) refers to common.o(.text) for LoadDefaultSystemPara
    main.o(.text) refers to os_task.o(.text) for OSTaskCreate
    main.o(.text) refers to os_time.o(.text) for OSTimeDly
    main.o(.text) refers to pccontrolapi.o(.text) for enterPCControlApi
    main.o(.text) refers to coinaccepterapi .o(.text) for CoinDevInitAPI
    main.o(.text) refers to billaccepterapi.o(.text) for BillDevInitAPI
    main.o(.text) refers to changerapi.o(.text) for ChangerDevInitAPI
    main.o(.text) refers to readerapi.o(.text) for ReaderDevInitAPI
    main.o(.text) refers to channelapi.o(.text) for ChannelGetFlashData
    main.o(.text) refers to os_sem.o(.text) for OSSemPend
    main.o(.text) refers to logapi.o(.text) for ReadLogAPI
    main.o(.text) refers to rt_memclr_w.o(.text) for __aeabi_memclr4
    main.o(.text) refers to selectkeyapi.o(.text) for SelectInitAPI
    main.o(.text) refers to pccomapi.o(.text) for PCInitAPI
    main.o(.text) refers to business.o(.text) for BusinessProcess
    main.o(.text) refers to target.o(.text) for targetInit
    main.o(.text) refers to lpc1700pincfg.o(.text) for pinInit
    main.o(.text) refers to os_core.o(.text) for OSInit
    main.o(.text) refers to main.o(.bss) for SystemPara
    main.o(.text) refers to taskdevice.o(.text) for Uart2TaskDevice
    main.o(.text) refers to common.o(.data) for g_DeviceSem
    main.o(.text) refers to taskuart1device.o(.text) for Uart1TaskDevice
    main.o(.text) refers to taskuart3device.o(.text) for Uart3TaskDevice
    business.o(.text) refers to _printf_pad.o(.text) for _printf_pre_padding
    business.o(.text) refers to _printf_percent.o(.ARM.Collect$$_printf_percent$$00000000) for _printf_percent
    business.o(.text) refers to _printf_d.o(.ARM.Collect$$_printf_percent$$00000009) for _printf_d
    business.o(.text) refers to _printf_dec.o(.text) for _printf_int_dec
    business.o(.text) refers to _printf_s.o(.ARM.Collect$$_printf_percent$$00000014) for _printf_s
    business.o(.text) refers to _printf_str.o(.text) for _printf_str
    business.o(.text) refers to lcd.o(.text) for LCDDrawLine
    business.o(.text) refers to strlen.o(.text) for strlen
    business.o(.text) refers to rt_memclr_w.o(.text) for __aeabi_memclr4
    business.o(.text) refers to rtc.o(.text) for RTCReadTime
    business.o(.text) refers to os_time.o(.text) for OSTimeDly
    business.o(.text) refers to strcpy.o(.text) for strcpy
    business.o(.text) refers to __2sprintf.o(.text) for __2sprintf
    business.o(.text) refers to os_mbox.o(.text) for OSMboxAccept
    business.o(.text) refers to strcat.o(.text) for strcat
    business.o(.text) refers to main.o(.bss) for SystemPara
    business.o(.text) refers to main.o(.data) for RTCData
    business.o(.text) refers to language.o(.data) for BUSINESS
    business.o(.text) refers to business.o(.data) for vmcChangeLow
    business.o(.text) refers to common.o(.data) for g_CoinMoneyBackMail
    business.o(.text) refers to channelapi.o(.text) for ChannelCheckIsOk
    business.o(.text) refers to pccomapi.o(.text) for ButtonRPTAPI
    business.o(.text) refers to traceapi.o(.text) for TraceBill
    business.o(.text) refers to billaccepterapi.o(.text) for BillDevEnableAPI
    business.o(.text) refers to checkdevicestate.o(.text) for SetBillCoinStatus
    business.o(.text) refers to coinaccepterapi .o(.text) for CoinDevEnableAPI
    business.o(.text) refers to readerapi.o(.text) for ReaderDevEnableAPI
    business.o(.text) refers to logapi.o(.text) for LogGetMoneyAPI
    business.o(.text) refers to changerapi.o(.text) for ChangerDevPayoutAPI
    business.o(.text) refers to selectkeyapi.o(.text) for SaleSelectionKeyAPI
    business.o(.text) refers to channel.o(.text) for ChannelAPIProcess
    business.o(.text) refers to mdb_uart2.o(.text) for MdbBusHardwareReset
    business.o(.text) refers to key.o(.text) for ReadMaintainKeyValue
    business.o(.text) refers to tuibiapi.o(.text) for ClrTuibiAPI
    business.o(.text) refers to acdc.o(.text) for ACDCTimingHandle
    business.o(.text) refers to maintain.o(.text) for MaintainUserProcess
    maintain.o(.text) refers to lcd.o(.text) for LCDClrScreen
    maintain.o(.text) refers to uart0.o(.text) for Trace
    maintain.o(.text) refers to key.o(.text) for ReadKeyValue
[...]
    ReadParallelCoinAcceptor                 0x0002acaf   Thumb Code    30  pcoin.o(.text)
    ScanPPCoinChannel                        0x0002accd   Thumb Code   232  pcoin.o(.text)
    EnableSerialPluseCoinAcceptor            0x0002adb5   Thumb Code    30  pcoin.o(.text)
    InitSerialPluseCoinAcdeptor              0x0002add3   Thumb Code    40  pcoin.o(.text)
    DisableSerialPluseCoinAcceptor           0x0002adfb   Thumb Code    30  pcoin.o(.text)
    GetSerialCoinAcceptorStatus              0x0002ae19   Thumb Code     6  pcoin.o(.text)
    ReadSerialPluseCoinAcceptor              0x0002ae1f   Thumb Code    30  pcoin.o(.text)
    ScanSPCoinChannel                        0x0002ae3d   Thumb Code    56  pcoin.o(.text)
    TIMER3_IRQHandler                        0x0002aead   Thumb Code    18  timer.o(.text)
    TIMER2_IRQHandler                        0x0002aebf   Thumb Code    18  timer.o(.text)
    TIMER1_IRQHandler                        0x0002aed1   Thumb Code    42  timer.o(.text)
    TIMER0_IRQHandler                        0x0002aefb   Thumb Code   308  timer.o(.text)
    InitTimer                                0x0002b02f   Thumb Code   222  timer.o(.text)
    InitBuzzer                               0x0002b135   Thumb Code    24  buzzer.o(.text)
    Buzzer                                   0x0002b14d   Thumb Code    84  buzzer.o(.text)
    SPIHightSpeed                            0x0002b1a5   Thumb Code    20  at45db161d.o(.text)
    SPIInit                                  0x0002b1b9   Thumb Code   120  at45db161d.o(.text)
    InitAT45DB                               0x0002b231   Thumb Code    14  at45db161d.o(.text)
    SPIDeviceSelect                          0x0002b23f   Thumb Code    86  at45db161d.o(.text)
    SPIReadAndWriteCh                        0x0002b295   Thumb Code    26  at45db161d.o(.text)
    AT45DBReadID                             0x0002b2af   Thumb Code    50  at45db161d.o(.text)
    AT45DBReadStatus                         0x0002b2e1   Thumb Code    34  at45db161d.o(.text)
    AT45DBWaitOK                             0x0002b303   Thumb Code    30  at45db161d.o(.text)
    AT45DBReadNByte                          0x0002b321   Thumb Code    92  at45db161d.o(.text)
    AT45DBWriteBuffer                        0x0002b37d   Thumb Code   100  at45db161d.o(.text)
    AT45DBWriteNByte                         0x0002b3e1   Thumb Code   100  at45db161d.o(.text)
    AT45DBCompare                            0x0002b445   Thumb Code    88  at45db161d.o(.text)
    AT45DBReadPage                           0x0002b49d   Thumb Code    34  at45db161d.o(.text)
    AT45DBWritePage                          0x0002b4bf   Thumb Code   108  at45db161d.o(.text)
    __sysTickIsr                             0x0002b541   Thumb Code    22  os_cpu_c.o(.text)
    OSStartHighRdy                           0x0002b557   Thumb Code    74  os_cpu_c.o(.text)
    OSIntCtxSw                               0x0002b5a1   Thumb Code    10  os_cpu_c.o(.text)
    OSTaskStkInit                            0x0002b5ab   Thumb Code   118  os_cpu_c.o(.text)
    OS_TaskStat                              0x0002b631   Thumb Code   116  os_core.o(.text)
    OS_TaskIdle                              0x0002b6d5   Thumb Code    28  os_core.o(.text)
    OSInit                                   0x0002b7e7   Thumb Code    48  os_core.o(.text)
    OSIntEnter                               0x0002b817   Thumb Code    28  os_core.o(.text)
    OSIntExit                                0x0002b833   Thumb Code   124  os_core.o(.text)
    OSSchedLock                              0x0002b8af   Thumb Code    36  os_core.o(.text)
    OS_Sched                                 0x0002b8d3   Thumb Code    88  os_core.o(.text)
    OSSchedUnlock                            0x0002b92b   Thumb Code    66  os_core.o(.text)
    OSStart                                  0x0002b96d   Thumb Code    68  os_core.o(.text)
    OSStatInit                               0x0002b9b1   Thumb Code    52  os_core.o(.text)
    OSTimeTick                               0x0002b9e5   Thumb Code   240  os_core.o(.text)
    OSVersion                                0x0002bad5   Thumb Code     4  os_core.o(.text)
    OS_Dummy                                 0x0002bad9   Thumb Code     2  os_core.o(.text)
    OS_EventTaskRdy                          0x0002badb   Thumb Code   180  os_core.o(.text)
    OS_EventTaskWait                         0x0002bb8f   Thumb Code   114  os_core.o(.text)
    OS_EventTO                               0x0002bc01   Thumb Code    72  os_core.o(.text)
    OS_EventWaitListInit                     0x0002bc49   Thumb Code    42  os_core.o(.text)
    OS_TCBInit                               0x0002bc73   Thumb Code   222  os_core.o(.text)
    OSFlagAccept                             0x0002bd71   Thumb Code   260  os_flag.o(.text)
    OSFlagCreate                             0x0002be75   Thumb Code    72  os_flag.o(.text)
    OS_FlagUnlink                            0x0002bebd   Thumb Code    36  os_flag.o(.text)
    OSFlagDel                                0x0002bf3b   Thumb Code   180  os_flag.o(.text)
    OSFlagPend                               0x0002c06b   Thumb Code   522  os_flag.o(.text)
    OSFlagPost                               0x0002c275   Thumb Code   270  os_flag.o(.text)
    OSFlagQuery                              0x0002c383   Thumb Code    48  os_flag.o(.text)
    OS_FlagInit                              0x0002c3b3   Thumb Code    42  os_flag.o(.text)
    OSMboxAccept                             0x0002c3e5   Thumb Code    38  os_mbox.o(.text)
    OSMboxCreate                             0x0002c40b   Thumb Code    64  os_mbox.o(.text)
    OSMboxDel                                0x0002c44b   Thumb Code   172  os_mbox.o(.text)
    OSMboxPend                               0x0002c4f7   Thumb Code   180  os_mbox.o(.text)
    OSMboxPost                               0x0002c5ab   Thumb Code    80  os_mbox.o(.text)
    OSMboxPostOpt                            0x0002c5fb   Thumb Code   108  os_mbox.o(.text)
    OSMboxQuery                              0x0002c667   Thumb Code   112  os_mbox.o(.text)
    OSMemCreate                              0x0002c6e5   Thumb Code   140  os_mem.o(.text)
    OSMemGet                                 0x0002c771   Thumb Code    60  os_mem.o(.text)
    OSMemPut                                 0x0002c7ad   Thumb Code    58  os_mem.o(.text)
    OSMemQuery                               0x0002c7e7   Thumb Code    58  os_mem.o(.text)
    OS_MemInit                               0x0002c821   Thumb Code    60  os_mem.o(.text)
    OSTimeDly                                0x0002c865   Thumb Code    82  os_time.o(.text)
    OSTimeDlyHMSM                            0x0002c8b7   Thumb Code   150  os_time.o(.text)
    OSTimeDlyResume                          0x0002c94d   Thumb Code   116  os_time.o(.text)
    OSTimeGet                                0x0002c9c1   Thumb Code    18  os_time.o(.text)
    OSTimeSet                                0x0002c9d3   Thumb Code    18  os_time.o(.text)
    OSTaskChangePrio                         0x0002c9f9   Thumb Code   312  os_task.o(.text)
    OSTaskCreate                             0x0002cb31   Thumb Code   144  os_task.o(.text)
    OSTaskCreateExt                          0x0002cbc1   Thumb Code   178  os_task.o(.text)
    OSTaskDel                                0x0002cc73   Thumb Code   296  os_task.o(.text)
    OSTaskDelReq                             0x0002cd9b   Thumb Code    84  os_task.o(.text)
    OSTaskResume                             0x0002cdef   Thumb Code   172  os_task.o(.text)
    OSTaskStkChk                             0x0002ce9b   Thumb Code   118  os_task.o(.text)
    OSTaskSuspend                            0x0002cf11   Thumb Code   142  os_task.o(.text)
    OSTaskQuery                              0x0002cf9f   Thumb Code    68  os_task.o(.text)
    OSSemAccept                              0x0002cff5   Thumb Code    44  os_sem.o(.text)
    OSSemCreate                              0x0002d021   Thumb Code    64  os_sem.o(.text)
    OSSemDel                                 0x0002d061   Thumb Code   172  os_sem.o(.text)
    OSSemPend                                0x0002d10d   Thumb Code   162  os_sem.o(.text)
    OSSemPost                                0x0002d1af   Thumb Code    82  os_sem.o(.text)
    OSSemQuery                               0x0002d201   Thumb Code   112  os_sem.o(.text)
    OSQAccept                                0x0002d27d   Thumb Code    70  os_q.o(.text)
    OSQCreate                                0x0002d2c3   Thumb Code   128  os_q.o(.text)
    OSQDel                                   0x0002d343   Thumb Code   204  os_q.o(.text)
    OSQFlush                                 0x0002d40f   Thumb Code    46  os_q.o(.text)
    OSQPend                                  0x0002d43d   Thumb Code   208  os_q.o(.text)
    OSQPost                                  0x0002d50d   Thumb Code   110  os_q.o(.text)
    OSQPostFront                             0x0002d57b   Thumb Code   112  os_q.o(.text)
    OSQPostOpt                               0x0002d5eb   Thumb Code   172  os_q.o(.text)
    OSQQuery                                 0x0002d697   Thumb Code   164  os_q.o(.text)
    OS_QInit                                 0x0002d73b   Thumb Code    38  os_q.o(.text)
    pinInit                                  0x0002d769   Thumb Code    80  lpc1700pincfg.o(.text)
    pconpInit                                0x0002d7b9   Thumb Code     8  lpc1700pincfg.o(.text)
    defaultVectorHandle                      0x0002d7e1   Thumb Code     4  target.o(.text)
    targetInit                               0x0002d7e5   Thumb Code   354  target.o(.text)
    zyIfInit                                 0x0002d981   Thumb Code     4  zy_if.o(.text)
    zyReset                                  0x0002d985   Thumb Code    50  zy_if.o(.text)
    zyIrqDisable                             0x0002d9b7   Thumb Code     8  zy_if.o(.text)
    zyIrqEnable                              0x0002d9bf   Thumb Code     8  zy_if.o(.text)
    zyIsrSet                                 0x0002d9c7   Thumb Code   174  zy_if.o(.text)
    __s_zyIsrClr                             0x0002da75   Thumb Code   172  zy_if.o(.text)
    __s_zyIsrDisable                         0x0002db21   Thumb Code   152  zy_if.o(.text)
    zyIsrEnable                              0x0002dbb9   Thumb Code   142  zy_if.o(.text)
    zyHeapMalloc                             0x0002dc47   Thumb Code    26  zy_if.o(.text)
    zyHeapFree                               0x0002dc61   Thumb Code    22  zy_if.o(.text)
    zyThreadCreate                           0x0002dc77   Thumb Code    72  zy_if.o(.text)
    zyThreadGetCurId                         0x0002dcbf   Thumb Code     6  zy_if.o(.text)
    zyThreadDel                              0x0002dcc5   Thumb Code    70  zy_if.o(.text)
    zyThreadSuspendSelf                      0x0002dd0b   Thumb Code    12  zy_if.o(.text)
    zyThreadResume                           0x0002dd17   Thumb Code    18  zy_if.o(.text)
    zyThreadSuspendCheck                     0x0002dd29   Thumb Code    24  zy_if.o(.text)
    zyThreadDelay                            0x0002dd41   Thumb Code    46  zy_if.o(.text)
    zySemCreate                              0x0002dd6f   Thumb Code    34  zy_if.o(.text)
    zySemDel                                 0x0002dd91   Thumb Code    62  zy_if.o(.text)
    zySemAccept                              0x0002ddcf   Thumb Code    12  zy_if.o(.text)
    zySemPend                                0x0002dddb   Thumb Code    88  zy_if.o(.text)
    zySemPost                                0x0002de33   Thumb Code    56  zy_if.o(.text)
    zyMsgCreate                              0x0002de6b   Thumb Code   122  zy_if.o(.text)
    zyMsgDel                                 0x0002dee5   Thumb Code    40  zy_if.o(.text)
    zyMsgAccept                              0x0002df0d   Thumb Code    58  zy_if.o(.text)
    zyMsgPend                                0x0002df47   Thumb Code   130  zy_if.o(.text)
    zyMsgPost                                0x0002dfc9   Thumb Code   150  zy_if.o(.text)
    _sys_exit                                0x0002e05f   Thumb Code     4  rt_sys_c.o(.text)
    _ttywrch                                 0x0002e063   Thumb Code     2  rt_sys_c.o(.text)
    _sys_open                                0x0002e065   Thumb Code     8  rt_sys_c.o(.text)
    _sys_close                               0x0002e06d   Thumb Code     8  rt_sys_c.o(.text)
    _sys_read                                0x0002e075   Thumb Code    10  rt_sys_c.o(.text)
    _sys_write                               0x0002e07f   Thumb Code    10  rt_sys_c.o(.text)
    _sys_ensure                              0x0002e089   Thumb Code     6  rt_sys_c.o(.text)
    _sys_flen                                0x0002e08f   Thumb Code     8  rt_sys_c.o(.text)
    _sys_seek                                0x0002e097   Thumb Code     8  rt_sys_c.o(.text)
    _sys_istty                               0x0002e09f   Thumb Code     8  rt_sys_c.o(.text)
    _sys_tmpnam                              0x0002e0a7   Thumb Code     6  rt_sys_c.o(.text)
    _sys_command_string                      0x0002e0ad   Thumb Code     6  rt_sys_c.o(.text)
    clock                                    0x0002e0b3   Thumb Code     4  rt_sys_c.o(.text)
    time                                     0x0002e0b7   Thumb Code    24  rt_sys_c.o(.text)
    remove                                   0x0002e0cf   Thumb Code     8  rt_sys_c.o(.text)
    rename                                   0x0002e0d7   Thumb Code     8  rt_sys_c.o(.text)
    system                                   0x0002e0df   Thumb Code     6  rt_sys_c.o(.text)
    OSInitHookBegin                          0x0002e0e5   Thumb Code     2  osinithookbegin.o(.text)
    OSInitHookEnd                            0x0002e0e7   Thumb Code     2  osinithookend.o(.text)
    OSTaskCreateHook                         0x0002e0e9   Thumb Code     4  ostaskcreatehook.o(.text)
    OSTaskDelHook                            0x0002e0ed   Thumb Code     4  ostaskdelhook.o(.text)
    OSTaskIdleHook                           0x0002e0f1   Thumb Code     2  ostaskidlehook.o(.text)
    OSTaskStatHook                           0x0002e0f3   Thumb Code     2  ostaskstathook.o(.text)
    OSTaskSwHook                             0x0002e0f5   Thumb Code     2  ostaskswhook.o(.text)
    OSTCBInitHook                            0x0002e0f7   Thumb Code     4  ostcbinithook.o(.text)
    OSTimeTickHook                           0x0002e0fb   Thumb Code     2  ostimetickhook.o(.text)
    __semihosting$guard                      0x0002e0fd   Thumb Code     0  use_no_semi.o(.text)
    __use_no_semihosting_swi                 0x0002e0fd   Thumb Code     2  use_no_semi.o(.text)
    malloc                                   0x0002e0ff   Thumb Code   100  h1_alloc.o(.text)
    free                                     0x0002e163   Thumb Code    78  h1_free.o(.text)
    __c89vsprintf                            0x0002e1b1   Thumb Code    32  c89vsprintf.o(.text)
    __2sprintf                               0x0002e1d5   Thumb Code    38  __2sprintf.o(.text)
    _printf_pre_padding                      0x0002e201   Thumb Code    44  _printf_pad.o(.text)
    _printf_post_padding                     0x0002e22d   Thumb Code    36  _printf_pad.o(.text)
    _printf_str                              0x0002e251   Thumb Code    82  _printf_str.o(.text)
    _printf_int_dec                          0x0002e2a5   Thumb Code    98  _printf_dec.o(.text)
    __printf                                 0x0002e319   Thumb Code   406  __printf_flags_ss_wp.o(.text)
    strstr                                   0x0002e4b5   Thumb Code    36  strstr.o(.text)
    strcpy                                   0x0002e4d9   Thumb Code    72  strcpy.o(.text)
    strlen                                   0x0002e521   Thumb Code    62  strlen.o(.text)
    strcat                                   0x0002e55f   Thumb Code    24  strcat.o(.text)
    __aeabi_memcpy                           0x0002e577   Thumb Code     0  rt_memcpy_v6.o(.text)
    __rt_memcpy                              0x0002e577   Thumb Code   138  rt_memcpy_v6.o(.text)
    _memcpy_lastbytes                        0x0002e5dd   Thumb Code     0  rt_memcpy_v6.o(.text)
    __aeabi_memcpy4                          0x0002e601   Thumb Code     0  rt_memcpy_w.o(.text)
    __aeabi_memcpy8                          0x0002e601   Thumb Code     0  rt_memcpy_w.o(.text)
    __rt_memcpy_w                            0x0002e601   Thumb Code   100  rt_memcpy_w.o(.text)
    _memcpy_lastbytes_aligned                0x0002e649   Thumb Code     0  rt_memcpy_w.o(.text)
    __aeabi_memclr                           0x0002e665   Thumb Code     0  rt_memclr.o(.text)
    __rt_memclr                              0x0002e665   Thumb Code    68  rt_memclr.o(.text)
    _memset                                  0x0002e669   Thumb Code     0  rt_memclr.o(.text)
    __aeabi_memclr4                          0x0002e6a9   Thumb Code     0  rt_memclr_w.o(.text)
    __aeabi_memclr8                          0x0002e6a9   Thumb Code     0  rt_memclr_w.o(.text)
    __rt_memclr_w                            0x0002e6a9   Thumb Code    78  rt_memclr_w.o(.text)
    _memset_w                                0x0002e6ad   Thumb Code     0  rt_memclr_w.o(.text)
    strncpy                                  0x0002e6f7   Thumb Code    86  strncpy.o(.text)
    mktime                                   0x0002e783   Thumb Code   354  mktime.o(.text)
    __rt_heap_descriptor                     0x0002e8ed   Thumb Code    12  rt_heap_descriptor_intlibspace.o(.text)
    __use_no_heap                            0x0002e8f9   Thumb Code     2  hguard.o(.text)
    __heap$guard                             0x0002e8fb   Thumb Code     2  hguard.o(.text)
    _terminate_user_alloc                    0x0002e8fd   Thumb Code     2  init_alloc.o(.text)
    _init_user_alloc                         0x0002e8ff   Thumb Code     2  init_alloc.o(.text)
    __Heap_Full                              0x0002e901   Thumb Code    34  init_alloc.o(.text)
    __Heap_Broken                            0x0002e923   Thumb Code     6  init_alloc.o(.text)
    _init_alloc                              0x0002e929   Thumb Code    94  init_alloc.o(.text)
    __Heap_Initialize                        0x0002e987   Thumb Code    10  h1_init.o(.text)
    __Heap_DescSize                          0x0002e991   Thumb Code     4  h1_init.o(.text)
    _printf_truncate_signed                  0x0002e995   Thumb Code    18  _printf_truncate.o(.text)
    _printf_truncate_unsigned                0x0002e9a7   Thumb Code    18  _printf_truncate.o(.text)
    _printf_int_common                       0x0002e9b9   Thumb Code   180  _printf_intcommon.o(.text)
    _printf_charcount                        0x0002ea6d   Thumb Code    42  _printf_charcount.o(.text)
    _printf_char_common                      0x0002eaa3   Thumb Code    32  _printf_char_common.o(.text)
    _sputc                                   0x0002eac9   Thumb Code    10  _sputc.o(.text)
    _printf_cs_common                        0x0002ead3   Thumb Code    20  _printf_char.o(.text)
    _printf_char                             0x0002eae7   Thumb Code    16  _printf_char.o(.text)
    _printf_string                           0x0002eaf7   Thumb Code     8  _printf_char.o(.text)
    _printf_wctomb                           0x0002eb01   Thumb Code   182  _printf_wctomb.o(.text)
    _printf_longlong_dec                     0x0002ebbd   Thumb Code   104  _printf_longlong_dec.o(.text)
    _printf_longlong_oct                     0x0002ec35   Thumb Code    76  _printf_oct_int_ll.o(.text)
    _printf_int_oct                          0x0002ec81   Thumb Code    24  _printf_oct_int_ll.o(.text)
    _printf_ll_oct                           0x0002ec99   Thumb Code    12  _printf_oct_int_ll.o(.text)
    _printf_longlong_hex                     0x0002ecad   Thumb Code    92  _printf_hex_int_ll_ptr.o(.text)
    _printf_int_hex                          0x0002ed09   Thumb Code    28  _printf_hex_int_ll_ptr.o(.text)
    _printf_ll_hex                           0x0002ed25   Thumb Code    12  _printf_hex_int_ll_ptr.o(.text)
    _printf_hex_ptr                          0x0002ed31   Thumb Code    18  _printf_hex_int_ll_ptr.o(.text)
    __rt_udiv10                              0x0002ed49   Thumb Code    16  rtudiv10.o(.text)
    __user_libspace                          0x0002ed59   Thumb Code     8  libspace.o(.text)
    __user_perproc_libspace                  0x0002ed59   Thumb Code     0  libspace.o(.text)
    __user_perthread_libspace                0x0002ed59   Thumb Code     0  libspace.o(.text)
    __Heap_ProvideMemory                     0x0002ed61   Thumb Code    50  h1_extend.o(.text)
    _ll_udiv10                               0x0002ed93   Thumb Code   138  lludiv10.o(.text)
    __lib_sel_fp_printf                      0x0002ee1d   Thumb Code     2  _printf_fp_dec.o(.text)
    _printf_fp_dec_real                      0x0002efc3   Thumb Code   616  _printf_fp_dec.o(.text)
    _printf_lcs_common                       0x0002f22b   Thumb Code    20  _printf_wchar.o(.text)
    _printf_wchar                            0x0002f23f   Thumb Code    16  _printf_wchar.o(.text)
    _printf_wstring                          0x0002f24f   Thumb Code     8  _printf_wchar.o(.text)
    _wcrtomb                                 0x0002f257   Thumb Code    64  _wcrtomb.o(.text)
    __rt_SIGRTMEM                            0x0002f297   Thumb Code    14  defsig_rtmem_outer.o(.text)
    __rt_heap_escrow                         0x0002f2a5   Thumb Code    20  heapauxa.o(.text)
    __rt_heap_expand                         0x0002f2b9   Thumb Code    46  heapauxa.o(.text)
    __user_setup_stackheap                   0x0002f2f1   Thumb Code    74  sys_stackheap_outer.o(.text)
    __rt_ctype_table                         0x0002f33d   Thumb Code    16  rt_ctype_table.o(.text)
    __rt_locale                              0x0002f34d   Thumb Code    12  rt_locale_intlibspace.o(.text)
    _printf_fp_infnan                        0x0002f359   Thumb Code   108  _printf_fp_infnan.o(.text)
    _btod_etento                             0x0002f3d5   Thumb Code   230  bigflt0.o(.text)
    exit                                     0x0002f4c1   Thumb Code    12  exit.o(.text)
    __sig_exit                               0x0002f4cd   Thumb Code    10  defsig_exit.o(.text)
    __rt_SIGRTMEM_inner                      0x0002f4d9   Thumb Code    20  defsig_rtmem_inner.o(.text)
    __default_signal_display                 0x0002f525   Thumb Code    50  defsig_general.o(.text)
    strcmp                                   0x0002f559   Thumb Code   128  strcmpv7m.o(.text)
    __rt_fp_status_addr                      0x0002f5d9   Thumb Code    12  rt_fp_status_addr_intlibspace.o(.text)
    _btod_d2e                                0x0002f5e5   Thumb Code    62  btod.o(CL$$btod_d2e)
    _d2e_denorm_low                          0x0002f623   Thumb Code    70  btod.o(CL$$btod_d2e_denorm_low)
    _d2e_norm_op1                            0x0002f669   Thumb Code    96  btod.o(CL$$btod_d2e_norm_op1)
    __btod_div_common                        0x0002f6c9   Thumb Code   696  btod.o(CL$$btod_div_common)
    _e2e                                     0x0002fa01   Thumb Code   198  btod.o(CL$$btod_e2e)
    _btod_ediv                               0x0002fac7   Thumb Code    40  btod.o(CL$$btod_ediv)
    _btod_emul                               0x0002faef   Thumb Code    40  btod.o(CL$$btod_emul)
    __btod_mult_common                       0x0002fb17   Thumb Code   580  btod.o(CL$$btod_mult_common)
    __ARM_fpclassify                         0x0002fd5b   Thumb Code    40  fpclassify.o(i.__ARM_fpclassify)
    _get_lc_numeric                          0x0002fd85   Thumb Code    44  lc_numeric_c.o(locale$$code)
    _get_lc_ctype                            0x0002fdb1   Thumb Code    44  lc_ctype_c.o(locale$$code)
    __user_initial_stackheap                 0x0002fddd   Thumb Code     0  rt_sys_s.o(rt_sys)
    _fp_init                                 0x0002fde5   Thumb Code    14  fpinit.o(x$fpl$fpinit)
    __fplib_config_pureend_doubles           0x0002fdf1   Thumb Code     0  fpinit.o(x$fpl$fpinit)
    _printf_fp_dec                           0x0002fdf3   Thumb Code     4  printf1.o(x$fpl$printf1)
    __I$use$fp                               0x0002fdf7   Thumb Code     0  usenofp.o(x$fpl$usenofp)
    PasswordMenuList                         0x0002fdf8   Data          80  maintain.o(.constdata)
    OKMenuList                               0x0002fe48   Data          80  maintain.o(.constdata)
    UserMaintainMenuList                     0x0002fe98   Data         160  maintain.o(.constdata)
    UserMaintainErrorMenuList                0x0002ff38   Data         920  maintain.o(.constdata)
    LogMaintainMenuList                      0x000302d0   Data         220  maintain.o(.constdata)
    LogTransMenuList                         0x000303ac   Data         380  maintain.o(.constdata)
    UserTradeMenuList                        0x00030528   Data         320  maintain.o(.constdata)
    RtcMenuList                              0x00030668   Data         180  maintain.o(.constdata)
    ErrorStateTo                             0x0003071c   Data          60  maintain.o(.constdata)
    UserChoose                               0x00030758   Data          80  maintain.o(.constdata)
    UserUboxPCMenuList                       0x000307a8   Data         200  maintain.o(.constdata)
    UserTraceMenuList                        0x00030870   Data         260  maintain.o(.constdata)
    MaintainMenuList                         0x00030974   Data         120  maintain.o(.constdata)
    SysMenuList                              0x000309ec   Data         800  maintain.o(.constdata)
    DEVICESELFCHECKBMP                       0x00030d0c   Data         200  maintain.o(.constdata)
    DEVICESELFCHECKPIC                       0x00030dd4   Data           8  maintain.o(.constdata)
    DEVICEMANAGEBMP                          0x00030ddc   Data         200  maintain.o(.constdata)
    DEVICEMANAGEPIC                          0x00030ea4   Data           8  maintain.o(.constdata)
    VENDINMANAGEBMP                          0x00030eac   Data         200  maintain.o(.constdata)
    VENDINGMANAGEPIC                         0x00030f74   Data           8  maintain.o(.constdata)
    VENDINGBMP                               0x00030f7c   Data         200  maintain.o(.constdata)
    VENDINGPIC                               0x00031044   Data           8  maintain.o(.constdata)
    SelfCheckMenuList                        0x0003104c   Data         300  maintain.o(.constdata)
    SelfCheckText                            0x00031178   Data          20  maintain.o(.constdata)
    MAINTAINPASSWORD                         0x0003118c   Data           6  common.o(.constdata)
    ADMINPASSWORD                            0x00031192   Data           8  common.o(.constdata)
    MECHINEDEVICETYPE                        0x0003119a   Data           6  common.o(.constdata)
    LogChannelUi                             0x000311a0   Data         220  channel.o(.constdata)
    LogChannelMenuList                       0x0003127c   Data         220  channel.o(.constdata)
    LogChannelAddGoods                       0x00031358   Data          80  channel.o(.constdata)
    LogChannelUiDisp                         0x000313a8   Data         820  channel.o(.constdata)
    LogoLiftTable                            0x000316dc   Data         620  lifttable.o(.constdata)
    IndexASCII16_TAB                         0x000319d8   Data          93  lcd.o(.constdata)
    ASCII16_TAB                              0x00031a35   Data        1536  lcd.o(.constdata)
    IndexChinese16Dot                        0x00032035   Data         735  lcd.o(.constdata)
    CHINESE16_TAB                            0x00032314   Data       11744  lcd.o(.constdata)
    IndexChinese32Dot                        0x000350f4   Data          21  lcd.o(.constdata)
    CHINESE32_TAB                            0x00035109   Data        1280  lcd.o(.constdata)
    EasivendLOGO                             0x00035609   Data         775  lcd.o(.constdata)
    PingtuLOGO                               0x00035910   Data         775  lcd.o(.constdata)
    TuerqiLOGO                               0x00035c17   Data         775  lcd.o(.constdata)
    ThankyouPic2                             0x00035f1e   Data        3840  lcd.o(.constdata)
    SpecialPic_16_16_font                    0x00036e1e   Data         160  lcd.o(.constdata)
    SpecialPic_32_32_font                    0x00036ebe   Data         640  lcd.o(.constdata)
    NumberIndex                              0x0003713e   Data         196  lcd.o(.constdata)
    Number_8_16_Normalfont                   0x00037202   Data        1568  lcd.o(.constdata)
    Number_8_16_Boldfont                     0x00037822   Data        1568  lcd.o(.constdata)
    Number_16_32_Normalfont                  0x00037e42   Data        5120  lcd.o(.constdata)
    Number_24_48_Normalfont                  0x00039242   Data       11520  lcd.o(.constdata)
    KEY_ROW0_TABLE                           0x0003bf42   Data           8  key.o(.constdata)
    KEY_ROW1_TABLE                           0x0003bf4a   Data           8  key.o(.constdata)
    OSMapTbl                                 0x0003bf52   Data           8  os_core.o(.constdata)
    OSUnMapTbl                               0x0003bf5a   Data         256  os_core.o(.constdata)
    _monlen                                  0x0003c09c   Data          12  _monlen.o(.constdata)
    Region$$Table$$Base                      0x00040620   Number         0  anon$$obj.o(Region$$Table)
    Region$$Table$$Limit                     0x00040640   Number         0  anon$$obj.o(Region$$Table)
    __ctype                                  0x00040669   Data           0  lc_ctype_c.o(locale$$data)
    RTCData                                  0x10000000   Data           8  main.o(.data)
    globalSys                                0x10000008   Data           1  main.o(.data)
    ChannelNum                               0x1000000c   Data           3  business.o(.data)
    vmcStatus                                0x1000000f   Data           1  business.o(.data)
    vmcChangeLow                             0x10000010   Data           1  business.o(.data)
    g_coinAmount                             0x10000014   Data           4  business.o(.data)
    g_billAmount                             0x10000018   Data           4  business.o(.data)
    g_holdValue                              0x1000001c   Data           4  business.o(.data)
    g_readerAmount                           0x10000020   Data           4  business.o(.data)
    vmcColumn                                0x10000024   Data           2  business.o(.data)
    vmcPrice                                 0x10000028   Data           4  business.o(.data)
    transMul                                 0x1000002c   Data           1  business.o(.data)
    MoneyMaxin                               0x10000030   Data           4  business.o(.data)
    PriceMaxin                               0x10000034   Data           4  business.o(.data)
    GOCCHECKTIMEOUT                          0x1000003c   Data           4  business.o(.data)
    UserMaintainMainMenu                     0x10000044   Data           8  maintain.o(.data)
    LogMaintainMainMenu                      0x1000004c   Data           8  maintain.o(.data)
    UserTradeMainMenu                        0x10000054   Data           8  maintain.o(.data)
    MaintainMainMenu                         0x1000005c   Data           8  maintain.o(.data)
    SelfCheckMenu                            0x10000064   Data           8  maintain.o(.data)
    g_Ubox_Index                             0x1000006c   Data           1  common.o(.data)
    g_DeviceSem                              0x10000070   Data           4  common.o(.data)
    g_BillMoneyQ                             0x10000074   Data           4  common.o(.data)
    g_BillMoneyMail                          0x10000078   Data           4  common.o(.data)
    g_BillMoneyBackMail                      0x1000007c   Data           4  common.o(.data)
    g_CoinMoneyQ                             0x10000080   Data           4  common.o(.data)
    g_CoinMoneyMail                          0x10000084   Data           4  common.o(.data)
    g_CoinMoneyBackMail                      0x10000088   Data           4  common.o(.data)
    g_ChangeMoneyMail                        0x1000008c   Data           4  common.o(.data)
    g_ChangeBackMoneyMail                    0x10000090   Data           4  common.o(.data)
    g_ReaderMoneyMail                        0x10000094   Data           4  common.o(.data)
    g_ReaderBackMoneyMail                    0x10000098   Data           4  common.o(.data)
    g_ReaderBackCmdMail                      0x1000009c   Data           4  common.o(.data)
    g_DeviceStateMail                        0x100000a0   Data           4  common.o(.data)
    g_DeviceStateBackMail                    0x100000a4   Data           4  common.o(.data)
    g_ChannelMail                            0x100000a8   Data           4  common.o(.data)
    g_ChannelBackMail                        0x100000ac   Data           4  common.o(.data)
    g_LiftTableMail                          0x100000b0   Data           4  common.o(.data)
    g_LiftTableBackMail                      0x100000b4   Data           4  common.o(.data)
    g_ACDCMail                               0x100000b8   Data           4  common.o(.data)
    g_ACDCBackMail                           0x100000bc   Data           4  common.o(.data)
    g_PCMail                                 0x100000c0   Data           4  common.o(.data)
    g_PCBackMail                             0x100000c4   Data           4  common.o(.data)
    g_Ubox_VMCTOPCQ                          0x100000c8   Data           4  common.o(.data)
    g_Ubox_VMCTOPCBackCMail                  0x100000cc   Data           4  common.o(.data)
    g_Ubox_PCTOVMCMail                       0x100000d0   Data           4  common.o(.data)
    g_Ubox_PCTOVMCBackCMail                  0x100000d4   Data           4  common.o(.data)
    g_KEYMail                                0x100000d8   Data           4  common.o(.data)
    g_KEYBackMail                            0x100000dc   Data           4  common.o(.data)
    BUSINESS                                 0x100000e0   Data         200  language.o(.data)
    BUSINESSERROR                            0x100001a8   Data         400  language.o(.data)
    BUSINESSDEAL                             0x10000338   Data         360  language.o(.data)
    BUSINESSCHANGE                           0x100004a0   Data         100  language.o(.data)
    FailFlag                                 0x10000504   Data           1  lifttable.o(.data)
    LIFTTABLETIMER                           0x10000508   Data           4  lifttable.o(.data)
    LogACDCMenu                              0x1000050c   Data         200  acdc.o(.data)
    billEnable                               0x100005d4   Data           1  checkdevicestate.o(.data)
    coinEnable                               0x100005d5   Data           1  checkdevicestate.o(.data)
    scaleError                               0x100005d6   Data           1  checkdevicestate.o(.data)
    weihuMode                                0x100005d7   Data           1  checkdevicestate.o(.data)
    chnlset                                  0x100005d9   Data           1  channelapi.o(.data)
    SubBinSelect                             0x100005da   Data           1  channelapi.o(.data)
    SubBinType                               0x100005db   Data           1  channelapi.o(.data)
    ChannelNumFor                            0x100005dc   Data         160  channelapi.o(.data)
    ChannelNumFor8x8                         0x1000067c   Data         160  channelapi.o(.data)
    HpValueFlag                              0x1000071c   Data           1  changerapi.o(.data)
    MDBCONVERSATIONWAITACKTIMEOUT            0x10000720   Data           4  mdb_uart2.o(.data)
    EVBCONVERSATIONWAITACKTIMEOUT            0x10000724   Data           4  evb_uart2.o(.data)
    UART3RECVACKMSGTIMEOUT                   0x10000728   Data           4  evb_uart2.o(.data)
    EvbAckFromDevice                         0x1000072c   Data           8  evb_uart2.o(.data)
    NowBillDevState                          0x10000734   Data           1  billaccepter.o(.data)
    MdbBillErr                               0x10000735   Data           8  billaccepter.o(.data)
    NowCoinDevState                          0x1000073d   Data           1  coinaccepter .o(.data)
    chSn                                     0x10000740   Data           1  channeldriver.o(.data)
    stChannelErrForm                         0x10000741   Data           4  channeldriver.o(.data)
    com_timeout                              0x10000748   Data           4  zhihuipc.o(.data)
    poll_timeout                             0x1000074c   Data           4  zhihuipc.o(.data)
    vmc_recv_timeout                         0x10000750   Data           4  zhihuipc.o(.data)
    recv_acks_timeout                        0x10000754   Data           4  zhihuipc.o(.data)
    clear_state                              0x10000758   Data           1  zhihuipc.o(.data)
    commodity_door_state                     0x10000759   Data           1  zhihuipc.o(.data)
    vmc_pc_err_num                           0x1000075a   Data           1  zhihuipc.o(.data)
    sn_inc                                   0x1000075b   Data           1  zhihuipc.o(.data)
    decimalPlaces                            0x1000075c   Data           1  ubprotocol.o(.data)
    GoodsRev                                 0x1000075d   Data           1  ubprotocol.o(.data)
    SelectKeySN                              0x1000075e   Data           6  selectkey.o(.data)
    SelectKeyNo                              0x10000764   Data           6  selectkey.o(.data)
    SelectKeycom                             0x1000076a   Data           8  selectkey.o(.data)
    MdbStatus                                0x10000772   Data           1  uart2.o(.data)
    Uart2_RIndex                             0x10000774   Data           1  uart2.o(.data)
    Uart2_FIndex                             0x10000775   Data           1  uart2.o(.data)
    Uart2_Mode                               0x10000776   Data           1  uart2.o(.data)
    Uart0RxdHead                             0x10000777   Data           1  uart0.o(.data)
    Uart0RxdTail                             0x10000778   Data           1  uart0.o(.data)
    Uart1RxdHead                             0x10000779   Data           1  uart1.o(.data)
    Uart1RxdTail                             0x1000077a   Data           1  uart1.o(.data)
    Uart3RxdHead                             0x1000077b   Data           1  uart3.o(.data)
    Uart3RxdTail                             0x1000077c   Data           1  uart3.o(.data)
    I2C0_sla                                 0x10000780   Data           1  i2c.o(.data)
    I2C0_suba                                0x10000784   Data           4  i2c.o(.data)
    I2C0_suba_num                            0x10000788   Data           1  i2c.o(.data)
    I2C0_buf                                 0x1000078c   Data           4  i2c.o(.data)
    I2C0_num                                 0x10000790   Data           4  i2c.o(.data)
    I2C0_end                                 0x10000794   Data           1  i2c.o(.data)
    I2C0_suba_en                             0x10000795   Data           1  i2c.o(.data)
    QKey                                     0x10000798   Data           4  key.o(.data)
    PostValue                                0x1000079c   Data           1  key.o(.data)
    KeyBoardStatus                           0x1000079d   Data           1  key.o(.data)
    KeyPack                                  0x1000079e   Data           1  key.o(.data)
    PARALLELPULSECOINACCEPTORDEVICESTATUS    0x100007a0   Data           1  pcoin.o(.data)
    SERIALPULSECOINACCEPTORDEVICESTATUS      0x100007a1   Data           1  pcoin.o(.data)
    QPChannel                                0x100007a8   Data           4  pcoin.o(.data)
    QSChannel                                0x100007ac   Data           4  pcoin.o(.data)
    PostParallelCoinChannel                  0x100007b0   Data           1  pcoin.o(.data)
    PostSerialCoinChannel                    0x100007b1   Data           1  pcoin.o(.data)
    Tick                                     0x100007b2   Data           1  timer.o(.data)
    __GuiOsEnterSum                          0x100007b4   Data           4  os_cpu_c.o(.data)
    OSCtxSwCtr                               0x100007b8   Data           4  os_core.o(.data)
    OSEventFreeList                          0x100007bc   Data           4  os_core.o(.data)
    OSFlagFreeList                           0x100007c0   Data           4  os_core.o(.data)
    OSCPUUsage                               0x100007c4   Data           1  os_core.o(.data)
    OSIdleCtrMax                             0x100007c8   Data           4  os_core.o(.data)
    OSIdleCtrRun                             0x100007cc   Data           4  os_core.o(.data)
    OSStatRdy                                0x100007d0   Data           1  os_core.o(.data)
    OSIntNesting                             0x100007d1   Data           1  os_core.o(.data)
    OSIntExitY                               0x100007d2   Data           1  os_core.o(.data)
    OSLockNesting                            0x100007d3   Data           1  os_core.o(.data)
    OSPrioCur                                0x100007d4   Data           1  os_core.o(.data)
    OSPrioHighRdy                            0x100007d5   Data           1  os_core.o(.data)
    OSRdyGrp                                 0x100007d6   Data           1  os_core.o(.data)
    OSRdyTbl                                 0x100007d7   Data           8  os_core.o(.data)
    OSRunning                                0x100007df   Data           1  os_core.o(.data)
    OSTaskCtr                                0x100007e0   Data           1  os_core.o(.data)
    OSIdleCtr                                0x100007e4   Data           4  os_core.o(.data)
    OSTCBCur                                 0x100007e8   Data           4  os_core.o(.data)
    OSTCBFreeList                            0x100007ec   Data           4  os_core.o(.data)
    OSTCBHighRdy                             0x100007f0   Data           4  os_core.o(.data)
    OSTCBList                                0x100007f4   Data           4  os_core.o(.data)
    OSMemFreeList                            0x100007f8   Data           4  os_core.o(.data)
    OSQFreeList                              0x100007fc   Data           4  os_core.o(.data)
    OSTime                                   0x10000800   Data           4  os_core.o(.data)
    SystemPara                               0x10000808   Data         144  main.o(.bss)
    UserPara                                 0x10000898   Data          42  main.o(.bss)
    stDevValue                               0x100008c4   Data         184  main.o(.bss)
    Timer                                    0x1000097c   Data          12  main.o(.bss)
    LogPara                                  0x10000988   Data         184  main.o(.bss)
    LogParaDetail                            0x10000a40   Data         116  main.o(.bss)
    selectKey                                0x10000ab4   Data          12  main.o(.bss)
    BillMoneyQ                               0x100046c0   Data          12  common.o(.bss)
    CoinMoneyQ                               0x100046cc   Data         160  common.o(.bss)
    MsgAccepterPack                          0x1000476c   Data         104  common.o(.bss)
    DeviceStatePack                          0x100047d4   Data          39  common.o(.bss)
    DeviceStateBusiness                      0x100047fb   Data          39  common.o(.bss)
    MsgPcPack                                0x10004824   Data         232  common.o(.bss)
    UboxSizeQ                                0x1000490c   Data          28  common.o(.bss)
    MsgUboxPack                              0x10004928   Data         392  common.o(.bss)
    MsgKEYPack                               0x10004ab0   Data          16  common.o(.bss)
    stChannelData                            0x10004ac0   Data         960  channelapi.o(.bss)
    stSubBinChannelData                      0x10004e80   Data         960  channelapi.o(.bss)
    ChnlLogicPhysic                          0x10005240   Data         560  channelapi.o(.bss)
    SubBinChnlLogicPhysic                    0x10005470   Data         560  channelapi.o(.bss)
    stChannelLevel                           0x100056a0   Data          24  channelapi.o(.bss)
    stSubChannelLevel                        0x100056b8   Data          24  channelapi.o(.bss)
    nBillvalue                               0x100056d0   Data          32  billaccepter.o(.bss)
    nCoinvalue                               0x100056f0   Data          32  coinaccepter .o(.bss)
    MdbCoinErr                               0x10005710   Data           9  coinaccepter .o(.bss)
    GetAckFromDevice                         0x10005719   Data         128  lifttabledriver.o(.bss)
    stLiftTable                              0x10005799   Data          28  lifttabledriver.o(.bss)
    stEvbHp                                  0x100057b8   Data          48  hopperdriver.o(.bss)
    acks                                     0x100057e8   Data          64  zhihuipc.o(.bss)
    MACData                                  0x10005828   Data         240  zhihuipc.o(.bss)
    g_msg                                    0x10005918   Data         255  ubprotocol.o(.bss)
    VPMsgBuf                                 0x10005a17   Data         255  ubprotocol.o(.bss)
    sysVPMission                             0x10005b18   Data         560  ubprotocol.o(.bss)
    sysGoodsMatrix                           0x10005d48   Data         496  ubprotocol.o(.bss)
    evbbuf2                                  0x10005f38   Data          20  selectkey.o(.bss)
    selKey                                   0x10005f4c   Data          13  selectkey.o(.bss)
    Uart2_RdBuf                              0x10005f59   Data          36  uart2.o(.bss)
    Uart0RevBuff                             0x10005f7d   Data         128  uart0.o(.bss)
    Uart1RevBuff                             0x10005ffd   Data          64  uart1.o(.bss)
    Uart3RevBuff                             0x1000603d   Data         256  uart3.o(.bss)
    KeyValueQ                                0x10006140   Data          12  key.o(.bss)
    PCoinChannel                             0x1000614c   Data          32  pcoin.o(.bss)
    SCoinChannel                             0x1000616c   Data          32  pcoin.o(.bss)
    OSEventTbl                               0x1000618c   Data        1088  os_core.o(.bss)
    OSFlagTbl                                0x100065cc   Data         180  os_core.o(.bss)
    OSTaskStatStk                            0x10006680   Data        1024  os_core.o(.bss)
    OSTaskIdleStk                            0x10006a80   Data        1024  os_core.o(.bss)
    OSTCBPrioTbl                             0x10006e80   Data         256  os_core.o(.bss)
    OSTCBTbl                                 0x10006f80   Data        1144  os_core.o(.bss)
    OSMemTbl                                 0x100073f8   Data         300  os_core.o(.bss)
    OSQTbl                                   0x10007524   Data         288  os_core.o(.bss)
    __libspace_start                         0x10007644   Data          96  libspace.o(.bss)
    __temporary_stack_top$libspace           0x100076a4   Data           0  libspace.o(.bss)



==============================================================================

Memory Map of the image

  Image Entry point : 0x000000cd

  Load Region ROM_LOAD (Base: 0x00000000, Size: 0x00040f74, Max: 0xffffffff, ABSOLUTE, COMPRESSED[0x00040bcc])

    Execution Region VECTOR (Base: 0x00000000, Size: 0x000000cc, Max: 0xffffffff, ABSOLUTE)

    Base Addr    Size         Type   Attr      Idx    E Section Name        Object

    0x00000000   0x000000cc   Data   RO         1946    .constdata          vector_table.o


    Execution Region ROM_EXEC (Base: 0x000000cc, Size: 0x000406a0, Max: 0xffffffff, ABSOLUTE)

    Base Addr    Size         Type   Attr      Idx    E Section Name        Object

    0x000000cc   0x00000008   Code   RO         2404  * !!!main             c_w.l(__main.o)(c_w.l)
    0x000000d4   0x00000034   Code   RO         2735    !!!scatter          c_w.l(__scatter.o)(c_w.l)
    0x00000108   0x00000064   Code   RO         2733    !!dclz77c           c_w.l(__dclz77c.o)(c_w.l)
    0x0000016c   0x0000001c   Code   RO         2737    !!handler_zi        c_w.l(__scatter_zi.o)(c_w.l)
    0x00000188   0x00000000   Code   RO         2383    .ARM.Collect$$_printf_percent$$00000000  c_w.l(_printf_percent.o)(c_w.l)
    0x00000188   0x00000006   Code   RO         2480    .ARM.Collect$$_printf_percent$$00000001  c_w.l(_printf_n.o)(c_w.l)
    0x0000018e   0x00000006   Code   RO         2482    .ARM.Collect$$_printf_percent$$00000002  c_w.l(_printf_p.o)(c_w.l)
    0x00000194   0x00000006   Code   RO         2486    .ARM.Collect$$_printf_percent$$00000003  c_w.l(_printf_f.o)(c_w.l)
    0x0000019a   0x00000006   Code   RO         2487    .ARM.Collect$$_printf_percent$$00000004  c_w.l(_printf_e.o)(c_w.l)
    0x000001a0   0x00000006   Code   RO         2488    .ARM.Collect$$_printf_percent$$00000005  c_w.l(_printf_g.o)(c_w.l)
    0x000001a6   0x00000006   Code   RO         2489    .ARM.Collect$$_printf_percent$$00000006  c_w.l(_printf_a.o)(c_w.l)
    0x000001ac   0x0000000a   Code   RO         2494    .ARM.Collect$$_printf_percent$$00000007  c_w.l(_printf_ll.o)(c_w.l)
    0x000001b6   0x00000006   Code   RO         2484    .ARM.Collect$$_printf_percent$$00000008  c_w.l(_printf_i.o)(c_w.l)
    0x000001bc   0x00000006   Code   RO         2382    .ARM.Collect$$_printf_percent$$00000009  c_w.l(_printf_d.o)(c_w.l)
    0x000001c2   0x00000006   Code   RO         2485    .ARM.Collect$$_printf_percent$$0000000A  c_w.l(_printf_u.o)(c_w.l)
    0x000001c8   0x00000006   Code   RO         2483    .ARM.Collect$$_printf_percent$$0000000B  c_w.l(_printf_o.o)(c_w.l)
    0x000001ce   0x00000006   Code   RO         2481    .ARM.Collect$$_printf_percent$$0000000C  c_w.l(_printf_x.o)(c_w.l)
    0x000001d4   0x00000006   Code   RO         2491    .ARM.Collect$$_printf_percent$$0000000D  c_w.l(_printf_lli.o)(c_w.l)
    0x000001da   0x00000006   Code   RO         2492    .ARM.Collect$$_printf_percent$$0000000E  c_w.l(_printf_lld.o)(c_w.l)
    0x000001e0   0x00000006   Code   RO         2493    .ARM.Collect$$_printf_percent$$0000000F  c_w.l(_printf_llu.o)(c_w.l)
    0x000001e6   0x00000006   Code   RO         2498    .ARM.Collect$$_printf_percent$$00000010  c_w.l(_printf_llo.o)(c_w.l)
    0x000001ec   0x00000006   Code   RO         2499    .ARM.Collect$$_printf_percent$$00000011  c_w.l(_printf_llx.o)(c_w.l)
    0x000001f2   0x0000000a   Code   RO         2495    .ARM.Collect$$_printf_percent$$00000012  c_w.l(_printf_l.o)(c_w.l)
    0x000001fc   0x00000006   Code   RO         2479    .ARM.Collect$$_printf_percent$$00000013  c_w.l(_printf_c.o)(c_w.l)
    0x00000202   0x00000006   Code   RO         2381    .ARM.Collect$$_printf_percent$$00000014  c_w.l(_printf_s.o)(c_w.l)
    0x00000208   0x00000006   Code   RO         2496    .ARM.Collect$$_printf_percent$$00000015  c_w.l(_printf_lc.o)(c_w.l)
    0x0000020e   0x00000006   Code   RO         2497    .ARM.Collect$$_printf_percent$$00000016  c_w.l(_printf_ls.o)(c_w.l)
    0x00000214   0x00000004   Code   RO         2490    .ARM.Collect$$_printf_percent$$00000017  c_w.l(_printf_percent_end.o)(c_w.l)
    0x00000218   0x00000006   Code   RO         2659    .ARM.Collect$$libinit$$00000000  c_w.l(libinit.o)(c_w.l)
    0x0000021e   0x00000008   Code   RO         2505    .ARM.Collect$$libinit$$00000001  c_w.l(libinit2.o)(c_w.l)
    0x00000226   0x00000000   Code   RO         2507    .ARM.Collect$$libinit$$00000006  c_w.l(libinit2.o)(c_w.l)
    0x00000226   0x00000000   Code   RO         2509    .ARM.Collect$$libinit$$00000008  c_w.l(libinit2.o)(c_w.l)
    0x00000226   0x00000000   Code   RO         2511    .ARM.Collect$$libinit$$0000000A  c_w.l(libinit2.o)(c_w.l)
    0x00000226   0x00000006   Code   RO         2512    .ARM.Collect$$libinit$$0000000B  c_w.l(libinit2.o)(c_w.l)
    0x0000022c   0x00000000   Code   RO         2514    .ARM.Collect$$libinit$$0000000D  c_w.l(libinit2.o)(c_w.l)
    0x0000022c   0x0000000c   Code   RO         2515    .ARM.Collect$$libinit$$0000000E  c_w.l(libinit2.o)(c_w.l)
    0x00000238   0x00000000   Code   RO         2516    .ARM.Collect$$libinit$$0000000F  c_w.l(libinit2.o)(c_w.l)
    0x00000238   0x00000000   Code   RO         2518    .ARM.Collect$$libinit$$00000011  c_w.l(libinit2.o)(c_w.l)
    0x00000238   0x0000000a   Code   RO         2519    .ARM.Collect$$libinit$$00000012  c_w.l(libinit2.o)(c_w.l)
    0x00000242   0x00000000   Code   RO         2520    .ARM.Collect$$libinit$$00000013  c_w.l(libinit2.o)(c_w.l)
    0x00000242   0x00000000   Code   RO         2522    .ARM.Collect$$libinit$$00000015  c_w.l(libinit2.o)(c_w.l)
    0x00000242   0x00000000   Code   RO         2524    .ARM.Collect$$libinit$$00000017  c_w.l(libinit2.o)(c_w.l)
    0x00000242   0x00000000   Code   RO         2526    .ARM.Collect$$libinit$$00000019  c_w.l(libinit2.o)(c_w.l)
    0x00000242   0x00000000   Code   RO         2528    .ARM.Collect$$libinit$$0000001B  c_w.l(libinit2.o)(c_w.l)
    0x00000242   0x00000000   Code   RO         2530    .ARM.Collect$$libinit$$0000001D  c_w.l(libinit2.o)(c_w.l)
    0x00000242   0x00000000   Code   RO         2532    .ARM.Collect$$libinit$$0000001F  c_w.l(libinit2.o)(c_w.l)
    0x00000242   0x00000000   Code   RO         2534    .ARM.Collect$$libinit$$00000021  c_w.l(libinit2.o)(c_w.l)
    0x00000242   0x00000000   Code   RO         2538    .ARM.Collect$$libinit$$00000028  c_w.l(libinit2.o)(c_w.l)
    0x00000242   0x00000000   Code   RO         2540    .ARM.Collect$$libinit$$0000002A  c_w.l(libinit2.o)(c_w.l)
    0x00000242   0x00000000   Code   RO         2542    .ARM.Collect$$libinit$$0000002C  c_w.l(libinit2.o)(c_w.l)
    0x00000242   0x00000000   Code   RO         2544    .ARM.Collect$$libinit$$0000002E  c_w.l(libinit2.o)(c_w.l)
    0x00000242   0x00000002   Code   RO         2545    .ARM.Collect$$libinit$$0000002F  c_w.l(libinit2.o)(c_w.l)
    0x00000244   0x00000002   Code   RO         2730    .ARM.Collect$$libshutdown$$00000000  c_w.l(libshutdown.o)(c_w.l)
    0x00000246   0x00000000   Code   RO         2682    .ARM.Collect$$libshutdown$$00000003  c_w.l(libshutdown2.o)(c_w.l)
    0x00000246   0x00000000   Code   RO         2685    .ARM.Collect$$libshutdown$$00000006  c_w.l(libshutdown2.o)(c_w.l)
    0x00000246   0x00000000   Code   RO         2688    .ARM.Collect$$libshutdown$$00000009  c_w.l(libshutdown2.o)(c_w.l)
    0x00000246   0x00000000   Code   RO         2690    .ARM.Collect$$libshutdown$$0000000B  c_w.l(libshutdown2.o)(c_w.l)
    0x00000246   0x00000000   Code   RO         2693    .ARM.Collect$$libshutdown$$0000000E  c_w.l(libshutdown2.o)(c_w.l)
    0x00000246   0x00000002   Code   RO         2694    .ARM.Collect$$libshutdown$$0000000F  c_w.l(libshutdown2.o)(c_w.l)
    0x00000248   0x00000000   Code   RO         2408    .ARM.Collect$$rtentry$$00000000  c_w.l(rtentry.o)(c_w.l)
    0x00000248   0x00000000   Code   RO         2552    .ARM.Collect$$rtentry$$00000002  c_w.l(rtentry2.o)(c_w.l)
    0x00000248   0x00000006   Code   RO         2567    .ARM.Collect$$rtentry$$00000004  c_w.l(rtentry4.o)(c_w.l)
    0x0000024e   0x00000000   Code   RO         2554    .ARM.Collect$$rtentry$$00000009  c_w.l(rtentry2.o)(c_w.l)
    0x0000024e   0x00000004   Code   RO         2555    .ARM.Collect$$rtentry$$0000000A  c_w.l(rtentry2.o)(c_w.l)
    0x00000252   0x00000000   Code   RO         2557    .ARM.Collect$$rtentry$$0000000C  c_w.l(rtentry2.o)(c_w.l)
    0x00000252   0x00000008   Code   RO         2558    .ARM.Collect$$rtentry$$0000000D  c_w.l(rtentry2.o)(c_w.l)
    0x0000025a   0x00000002   Code   RO         2665    .ARM.Collect$$rtexit$$00000000  c_w.l(rtexit.o)(c_w.l)
    0x0000025c   0x00000000   Code   RO         2698    .ARM.Collect$$rtexit$$00000002  c_w.l(rtexit2.o)(c_w.l)
    0x0000025c   0x00000004   Code   RO         2699    .ARM.Collect$$rtexit$$00000003  c_w.l(rtexit2.o)(c_w.l)
    0x00000260   0x00000006   Code   RO         2700    .ARM.Collect$$rtexit$$00000004  c_w.l(rtexit2.o)(c_w.l)
    0x00000266   0x00000002   PAD
    0x00000268   0x0000012a   Code   RO         1506    .emb_text           os_cpu_c.o
    0x00000392   0x00000002   PAD
    0x00000394   0x00000000   Code   RO         2571    .emb_text           c_w.l(maybetermalloc1.o)(c_w.l)
    0x00000394   0x0000018c   Code   RO            1    .text               main.o
    0x00000520   0x000027c0   Code   RO          182    .text               business.o
    0x00002ce0   0x00006e10   Code   RO          210    .text               maintain.o
    0x00009af0   0x000019e8   Code   RO          233    .text               common.o
    0x0000b4d8   0x00006ce0   Code   RO          268    .text               channel.o
    0x000121b8   0x00000fec   Code   RO          284    .text               lifttable.o
    0x000131a4   0x00001fe0   Code   RO          301    .text               acdc.o
    0x00015184   0x00000118   Code   RO          317    .text               acdcapi.o
    0x0001529c   0x00000238   Code   RO          459    .text               billaccepterapi.o
    0x000154d4   0x0000019c   Code   RO          471    .text               coinaccepterapi .o
    0x00015670   0x00000098   Code   RO          483    .text               tuibiapi.o
    0x00015708   0x000005f0   Code   RO          495    .text               checkdevicestate.o
    0x00015cf8   0x000006e4   Code   RO          510    .text               logapi.o
    0x000163dc   0x00000288   Code   RO          522    .text               traceapi.o
    0x00016664   0x000016c0   Code   RO          541    .text               pccomapi.o
    0x00017d24   0x0000020c   Code   RO          556    .text               lifttableapi.o
    0x00017f30   0x00000584   Code   RO          568    .text               selectkeyapi.o
    0x000184b4   0x000011e8   Code   RO          580    .text               pccontrolapi.o
    0x0001969c   0x0000582c   Code   RO          595    .text               channelapi.o
    0x0001eec8   0x0000108c   Code   RO          615    .text               changerapi.o
    0x0001ff54   0x000003a8   Code   RO          634    .text               readerapi.o
    0x000202fc   0x00000a54   Code   RO          646    .text               taskdevice.o
    0x00020d50   0x000000f4   Code   RO          800    .text               mdb_uart2.o
    0x00020e44   0x000001e0   Code   RO          815    .text               evb_uart2.o
    0x00021024   0x00000a58   Code   RO          830    .text               billaccepter.o
    0x00021a7c   0x00000694   Code   RO          848    .text               coinaccepter .o
    0x00022110   0x0000094c   Code   RO          866    .text               mdbreader.o
    0x00022a5c   0x000006fc   Code   RO          878    .text               lifttabledriver.o
    0x00023158   0x0000005c   Code   RO          897    .text               acdcdriver.o
    0x000231b4   0x000002c8   Code   RO          911    .text               channeldriver.o
    0x0002347c   0x0000033c   Code   RO          929    .text               hopperdriver.o
    0x000237b8   0x00000248   Code   RO          952    .text               mdbchanger.o
    0x00023a00   0x00000818   Code   RO          968    .text               taskuart3device.o
    0x00024218   0x00001048   Code   RO         1113    .text               zhihuipc.o
    0x00025260   0x00003104   Code   RO         1133    .text               ubprotocol.o
    0x00028364   0x00000350   Code   RO         1156    .text               selectkey.o
    0x000286b4   0x00000104   Code   RO         1305    .text               taskuart1device.o
    0x000287b8   0x000003c8   Code   RO         1321    .text               uart2.o
    0x00028b80   0x000001d4   Code   RO         1337    .text               uart0.o
    0x00028d54   0x000001f0   Code   RO         1353    .text               uart1.o
    0x00028f44   0x000001f8   Code   RO         1369    .text               uart3.o
    0x0002913c   0x0000010c   Code   RO         1385    .text               rtc.o
    0x00029248   0x000003cc   Code   RO         1397    .text               i2c.o
    0x00029614   0x00001124   Code   RO         1412    .text               lcd.o
    0x0002a738   0x0000050c   Code   RO         1433    .text               key.o
    0x0002ac44   0x00000268   Code   RO         1450    .text               pcoin.o
    0x0002aeac   0x00000288   Code   RO         1466    .text               timer.o
    0x0002b134   0x00000070   Code   RO         1482    .text               buzzer.o
    0x0002b1a4   0x0000039c   Code   RO         1494    .text               at45db161d.o
    0x0002b540   0x000000f0   Code   RO         1507    .text               os_cpu_c.o
    0x0002b630   0x00000740   Code   RO         1656    .text               os_core.o
    0x0002bd70   0x00000674   Code   RO         1688    .text               os_flag.o
    0x0002c3e4   0x00000300   Code   RO         1707    .text               os_mbox.o
    0x0002c6e4   0x00000180   Code   RO         1719    .text               os_mem.o
    0x0002c864   0x00000194   Code   RO         1731    .text               os_time.o
    0x0002c9f8   0x000005fc   Code   RO         1743    .text               os_task.o
    0x0002cff4   0x00000288   Code   RO         1755    .text               os_sem.o
    0x0002d27c   0x000004ec   Code   RO         1767    .text               os_q.o
    0x0002d768   0x00000078   Code   RO         1791    .text               lpc1700pincfg.o
    0x0002d7e0   0x000001a0   Code   RO         1933    .text               target.o
    0x0002d980   0x000006de   Code   RO         1958    .text               zy_if.o
    0x0002e05e   0x00000086   Code   RO         1973    .text               rt_sys_c.o
    0x0002e0e4   0x00000002   Code   RO         2126    .text               uCOS-II hook.lib(osinithookbegin.o)(uCOS-II hook.lib)
    0x0002e0e6   0x00000002   Code   RO         2187    .text               uCOS-II hook.lib(osinithookend.o)(uCOS-II hook.lib)
    0x0002e0e8   0x00000004   Code   RO         2199    .text               uCOS-II hook.lib(ostaskcreatehook.o)(uCOS-II hook.lib)
    0x0002e0ec   0x00000004   Code   RO         2211    .text               uCOS-II hook.lib(ostaskdelhook.o)(uCOS-II hook.lib)
    0x0002e0f0   0x00000002   Code   RO         2223    .text               uCOS-II hook.lib(ostaskidlehook.o)(uCOS-II hook.lib)
    0x0002e0f2   0x00000002   Code   RO         2235    .text               uCOS-II hook.lib(ostaskstathook.o)(uCOS-II hook.lib)
    0x0002e0f4   0x00000002   Code   RO         2247    .text               uCOS-II hook.lib(ostaskswhook.o)(uCOS-II hook.lib)
    0x0002e0f6   0x00000004   Code   RO         2259    .text               uCOS-II hook.lib(ostcbinithook.o)(uCOS-II hook.lib)
    0x0002e0fa   0x00000002   Code   RO         2271    .text               uCOS-II hook.lib(ostimetickhook.o)(uCOS-II hook.lib)
    0x0002e0fc   0x00000002   Code   RO         2285    .text               c_w.l(use_no_semi.o)(c_w.l)
    0x0002e0fe   0x00000064   Code   RO         2291    .text               c_w.l(h1_alloc.o)(c_w.l)
    0x0002e162   0x0000004e   Code   RO         2293    .text               c_w.l(h1_free.o)(c_w.l)
    0x0002e1b0   0x00000024   Code   RO         2349    .text               c_w.l(c89vsprintf.o)(c_w.l)
    0x0002e1d4   0x0000002c   Code   RO         2351    .text               c_w.l(__2sprintf.o)(c_w.l)
    0x0002e200   0x00000050   Code   RO         2357    .text               c_w.l(_printf_pad.o)(c_w.l)
    0x0002e250   0x00000052   Code   RO         2359    .text               c_w.l(_printf_str.o)(c_w.l)
    0x0002e2a2   0x00000002   PAD
    0x0002e2a4   0x00000074   Code   RO         2361    .text               c_w.l(_printf_dec.o)(c_w.l)
    0x0002e318   0x0000019c   Code   RO         2378    .text               c_w.l(__printf_flags_ss_wp.o)(c_w.l)
    0x0002e4b4   0x00000024   Code   RO         2384    .text               c_w.l(strstr.o)(c_w.l)
    0x0002e4d8   0x00000048   Code   RO         2386    .text               c_w.l(strcpy.o)(c_w.l)
    0x0002e520   0x0000003e   Code   RO         2388    .text               c_w.l(strlen.o)(c_w.l)
    0x0002e55e   0x00000018   Code   RO         2390    .text               c_w.l(strcat.o)(c_w.l)
    0x0002e576   0x0000008a   Code   RO         2392    .text               c_w.l(rt_memcpy_v6.o)(c_w.l)
    0x0002e600   0x00000064   Code   RO         2394    .text               c_w.l(rt_memcpy_w.o)(c_w.l)
    0x0002e664   0x00000044   Code   RO         2396    .text               c_w.l(rt_memclr.o)(c_w.l)
    0x0002e6a8   0x0000004e   Code   RO         2398    .text               c_w.l(rt_memclr_w.o)(c_w.l)
    0x0002e6f6   0x00000056   Code   RO         2400    .text               c_w.l(strncpy.o)(c_w.l)
    0x0002e74c   0x000001a0   Code   RO         2402    .text               c_w.l(mktime.o)(c_w.l)
    0x0002e8ec   0x0000000c   Code   RO         2413    .text               c_w.l(rt_heap_descriptor_intlibspace.o)(c_w.l)
    0x0002e8f8   0x00000004   Code   RO         2415    .text               c_w.l(hguard.o)(c_w.l)
    0x0002e8fc   0x0000008a   Code   RO         2417    .text               c_w.l(init_alloc.o)(c_w.l)
    0x0002e986   0x0000000e   Code   RO         2421    .text               c_w.l(h1_init.o)(c_w.l)
    0x0002e994   0x00000024   Code   RO         2435    .text               c_w.l(_printf_truncate.o)(c_w.l)
    0x0002e9b8   0x000000b4   Code   RO         2437    .text               c_w.l(_printf_intcommon.o)(c_w.l)
    0x0002ea6c   0x0000002a   Code   RO         2439    .text               c_w.l(_printf_charcount.o)(c_w.l)
    0x0002ea96   0x00000002   PAD
    0x0002ea98   0x00000030   Code   RO         2441    .text               c_w.l(_printf_char_common.o)(c_w.l)
    0x0002eac8   0x0000000a   Code   RO         2443    .text               c_w.l(_sputc.o)(c_w.l)
    0x0002ead2   0x0000002c   Code   RO         2445    .text               c_w.l(_printf_char.o)(c_w.l)
    0x0002eafe   0x00000002   PAD
    0x0002eb00   0x000000bc   Code   RO         2447    .text               c_w.l(_printf_wctomb.o)(c_w.l)
    0x0002ebbc   0x00000078   Code   RO         2450    .text               c_w.l(_printf_longlong_dec.o)(c_w.l)
    0x0002ec34   0x00000078   Code   RO         2456    .text               c_w.l(_printf_oct_int_ll.o)(c_w.l)
    0x0002ecac   0x0000009c   Code   RO         2476    .text               c_w.l(_printf_hex_int_ll_ptr.o)(c_w.l)
    0x0002ed48   0x00000010   Code   RO         2501    .text               c_w.l(rtudiv10.o)(c_w.l)
    0x0002ed58   0x00000008   Code   RO         2548    .text               c_w.l(libspace.o)(c_w.l)
    0x0002ed60   0x00000032   Code   RO         2575    .text               c_w.l(h1_extend.o)(c_w.l)
    0x0002ed92   0x0000008a   Code   RO         2579    .text               c_w.l(lludiv10.o)(c_w.l)
    0x0002ee1c   0x0000040e   Code   RO         2581    .text               c_w.l(_printf_fp_dec.o)(c_w.l)
    0x0002f22a   0x0000002c   Code   RO         2585    .text               c_w.l(_printf_wchar.o)(c_w.l)
    0x0002f256   0x00000040   Code   RO         2587    .text               c_w.l(_wcrtomb.o)(c_w.l)
    0x0002f296   0x0000000e   Code   RO         2589    .text               c_w.l(defsig_rtmem_outer.o)(c_w.l)
    0x0002f2a4   0x0000004c   Code   RO         2593    .text               c_w.l(heapauxa.o)(c_w.l)
    0x0002f2f0   0x0000004a   Code   RO         2600    .text               c_w.l(sys_stackheap_outer.o)(c_w.l)
    0x0002f33a   0x00000002   PAD
    0x0002f33c   0x00000010   Code   RO         2602    .text               c_w.l(rt_ctype_table.o)(c_w.l)
    0x0002f34c   0x0000000c   Code   RO         2609    .text               c_w.l(rt_locale_intlibspace.o)(c_w.l)
    0x0002f358   0x0000007c   Code   RO         2613    .text               c_w.l(_printf_fp_infnan.o)(c_w.l)
    0x0002f3d4   0x000000ec   Code   RO         2615    .text               c_w.l(bigflt0.o)(c_w.l)
    0x0002f4c0   0x0000000c   Code   RO         2643    .text               c_w.l(exit.o)(c_w.l)
    0x0002f4cc   0x0000000a   Code   RO         2645    .text               c_w.l(defsig_exit.o)(c_w.l)
    0x0002f4d6   0x00000002   PAD
    0x0002f4d8   0x0000004c   Code   RO         2647    .text               c_w.l(defsig_rtmem_inner.o)(c_w.l)
    0x0002f524   0x00000032   Code   RO         2676    .text               c_w.l(defsig_general.o)(c_w.l)
    0x0002f556   0x00000002   PAD
    0x0002f558   0x00000080   Code   RO         2678    .text               c_w.l(strcmpv7m.o)(c_w.l)
    0x0002f5d8   0x0000000c   Code   RO         2708    .text               c_w.l(rt_fp_status_addr_intlibspace.o)(c_w.l)
    0x0002f5e4   0x0000003e   Code   RO         2618    CL$$btod_d2e        c_w.l(btod.o)(c_w.l)
    0x0002f622   0x00000046   Code   RO         2620    CL$$btod_d2e_denorm_low  c_w.l(btod.o)(c_w.l)
    0x0002f668   0x00000060   Code   RO         2619    CL$$btod_d2e_norm_op1  c_w.l(btod.o)(c_w.l)
    0x0002f6c8   0x00000338   Code   RO         2628    CL$$btod_div_common  c_w.l(btod.o)(c_w.l)
    0x0002fa00   0x000000c6   Code   RO         2625    CL$$btod_e2e        c_w.l(btod.o)(c_w.l)
    0x0002fac6   0x00000028   Code   RO         2622    CL$$btod_ediv       c_w.l(btod.o)(c_w.l)
    0x0002faee   0x00000028   Code   RO         2621    CL$$btod_emul       c_w.l(btod.o)(c_w.l)
    0x0002fb16   0x00000244   Code   RO         2627    CL$$btod_mult_common  c_w.l(btod.o)(c_w.l)
    0x0002fd5a   0x00000028   Code   RO         2663    i.__ARM_fpclassify  m_ws.l(fpclassify.o)(m_ws.l)
    0x0002fd82   0x00000002   PAD
    0x0002fd84   0x0000002c   Code   RO         2641    locale$$code        c_w.l(lc_numeric_c.o)(c_w.l)
    0x0002fdb0   0x0000002c   Code   RO         2672    locale$$code        c_w.l(lc_ctype_c.o)(c_w.l)
    0x0002fddc   0x00000008   Code   RO         2122  * rt_sys              rt_sys_s.o
    0x0002fde4   0x0000000e   Code   RO         2695    x$fpl$fpinit        fz_ws.l(fpinit.o)(fz_ws.l)
    0x0002fdf2   0x00000004   Code   RO         2546    x$fpl$printf1       fz_ws.l(printf1.o)(fz_ws.l)
    0x0002fdf6   0x00000000   Code   RO         2662    x$fpl$usenofp       fz_ws.l(usenofp.o)(fz_ws.l)
    0x0002fdf6   0x00000002   PAD
    0x0002fdf8   0x00001394   Data   RO          211    .constdata          maintain.o
    0x0003118c   0x00000014   Data   RO          235    .constdata          common.o
    0x000311a0   0x0000053c   Data   RO          269    .constdata          channel.o
    0x000316dc   0x0000026c   Data   RO          285    .constdata          lifttable.o
    0x00031948   0x00000090   Data   RO         1135    .constdata          ubprotocol.o
    0x000319d8   0x0000a56a   Data   RO         1413    .constdata          lcd.o
    0x0003bf42   0x00000010   Data   RO         1435    .constdata          key.o
    0x0003bf52   0x00000108   Data   RO         1658    .constdata          os_core.o
    0x0003c05a   0x00000011   Data   RO         2379    .constdata          c_w.l(__printf_flags_ss_wp.o)(c_w.l)
    0x0003c06b   0x00000001   PAD
    0x0003c06c   0x00000008   Data   RO         2448    .constdata          c_w.l(_printf_wctomb.o)(c_w.l)
    0x0003c074   0x00000028   Data   RO         2477    .constdata          c_w.l(_printf_hex_int_ll_ptr.o)(c_w.l)
    0x0003c09c   0x0000000c   Data   RO         2500    .constdata          c_w.l(_monlen.o)(c_w.l)
    0x0003c0a8   0x00000094   Data   RO         2616    .constdata          c_w.l(bigflt0.o)(c_w.l)
    0x0003c13c   0x000023c6   Data   RO          212    .conststring        maintain.o
    0x0003e502   0x00000c07   Data   RO          254    .conststring        language.o
    0x0003f109   0x00000e5b   Data   RO          270    .conststring        channel.o
    0x0003ff64   0x00000509   Data   RO          286    .conststring        lifttable.o
    0x0004046d   0x000001b0   Data   RO          302    .conststring        acdc.o
    0x0004061d   0x00000003   PAD
    0x00040620   0x00000020   Data   RO         2731    Region$$Table       anon$$obj.o
    0x00040640   0x0000001c   Data   RO         2640    locale$$data        c_w.l(lc_numeric_c.o)(c_w.l)
    0x0004065c   0x00000110   Data   RO         2671    locale$$data        c_w.l(lc_ctype_c.o)(c_w.l)


    Execution Region SRAM (Base: 0x10000000, Size: 0x000076a4, Max: 0xffffffff, ABSOLUTE, COMPRESSED[0x00000460])

    Base Addr    Size         Type   Attr      Idx    E Section Name        Object

    0x10000000   0x00000009   Data   RW            3    .data               main.o
    0x10000009   0x00000003   PAD
    0x1000000c   0x00000034   Data   RW          183    .data               business.o
    0x10000040   0x0000002c   Data   RW          213    .data               maintain.o
    0x1000006c   0x00000074   Data   RW          236    .data               common.o
    0x100000e0   0x00000424   Data   RW          255    .data               language.o
    0x10000504   0x00000008   Data   RW          287    .data               lifttable.o
    0x1000050c   0x000000c8   Data   RW          303    .data               acdc.o
    0x100005d4   0x00000005   Data   RW          496    .data               checkdevicestate.o
    0x100005d9   0x00000143   Data   RW          597    .data               channelapi.o
    0x1000071c   0x00000001   Data   RW          616    .data               changerapi.o
    0x1000071d   0x00000003   PAD
    0x10000720   0x00000004   Data   RW          801    .data               mdb_uart2.o
    0x10000724   0x00000010   Data   RW          816    .data               evb_uart2.o
    0x10000734   0x00000009   Data   RW          832    .data               billaccepter.o
    0x1000073d   0x00000002   Data   RW          850    .data               coinaccepter .o
    0x1000073f   0x00000001   Data   RW          898    .data               acdcdriver.o
    0x10000740   0x00000005   Data   RW          912    .data               channeldriver.o
    0x10000745   0x00000001   Data   RW          931    .data               hopperdriver.o
    0x10000746   0x00000002   PAD
    0x10000748   0x00000014   Data   RW         1115    .data               zhihuipc.o
    0x1000075c   0x00000002   Data   RW         1136    .data               ubprotocol.o
    0x1000075e   0x00000014   Data   RW         1158    .data               selectkey.o
    0x10000772   0x00000005   Data   RW         1323    .data               uart2.o
    0x10000777   0x00000002   Data   RW         1339    .data               uart0.o
    0x10000779   0x00000002   Data   RW         1355    .data               uart1.o
    0x1000077b   0x00000002   Data   RW         1371    .data               uart3.o
    0x1000077d   0x00000003   PAD
    0x10000780   0x00000016   Data   RW         1398    .data               i2c.o
    0x10000796   0x00000002   PAD
    0x10000798   0x00000007   Data   RW         1436    .data               key.o
    0x1000079f   0x00000001   PAD
    0x100007a0   0x00000012   Data   RW         1452    .data               pcoin.o
    0x100007b2   0x00000001   Data   RW         1467    .data               timer.o
    0x100007b3   0x00000001   PAD
    0x100007b4   0x00000004   Data   RW         1508    .data               os_cpu_c.o
    0x100007b8   0x0000004c   Data   RW         1659    .data               os_core.o
    0x10000804   0x00000004   Data   RW         2594    .data               c_w.l(heapauxa.o)(c_w.l)
    0x10000808   0x00003eb8   Zero   RW            2    .bss                main.o
    0x100046c0   0x00000400   Zero   RW          234    .bss                common.o
    0x10004ac0   0x00000c10   Zero   RW          596    .bss                channelapi.o
    0x100056d0   0x00000020   Zero   RW          831    .bss                billaccepter.o
    0x100056f0   0x00000029   Zero   RW          849    .bss                coinaccepter .o
    0x10005719   0x0000009c   Zero   RW          879    .bss                lifttabledriver.o
    0x100057b5   0x00000003   PAD
    0x100057b8   0x00000030   Zero   RW          930    .bss                hopperdriver.o
    0x100057e8   0x00000130   Zero   RW         1114    .bss                zhihuipc.o
    0x10005918   0x00000620   Zero   RW         1134    .bss                ubprotocol.o
    0x10005f38   0x00000021   Zero   RW         1157    .bss                selectkey.o
    0x10005f59   0x00000024   Zero   RW         1322    .bss                uart2.o
    0x10005f7d   0x00000080   Zero   RW         1338    .bss                uart0.o
    0x10005ffd   0x00000040   Zero   RW         1354    .bss                uart1.o
    0x1000603d   0x00000100   Zero   RW         1370    .bss                uart3.o
    0x1000613d   0x00000003   PAD
    0x10006140   0x0000000c   Zero   RW         1434    .bss                key.o
    0x1000614c   0x00000040   Zero   RW         1451    .bss                pcoin.o
    0x1000618c   0x000014b8   Zero   RW         1657    .bss                os_core.o
    0x10007644   0x00000060   Zero   RW         2549    .bss                c_w.l(libspace.o)(c_w.l)


    Execution Region HEAP (Base: 0x100076a4, Size: 0x00000000, Max: 0xffffffff, ABSOLUTE, UNINIT)

    Base Addr    Size         Type   Attr      Idx    E Section Name        Object

    0x100076a4   0x00000000   Zero   RW         2123    Heap                rt_sys_s.o


==============================================================================

Image component sizes


      Code (inc. data)   RO Data    RW Data    ZI Data      Debug   Object Name

      8160        648        432        200          0          0   acdc.o
       280         12          0          0          0          0   acdcapi.o
        92          6          0          1          0          0   acdcdriver.o
       924         22          0          0          0          0   at45db161d.o
      2648        746          0          9         32          0   billaccepter.o
       568         72          0          0          0          0   billaccepterapi.o
     10176       1048          0         52          0          0   business.o
       112          4          0          0          0          0   buzzer.o
      4236        910          0          1          0          0   changerapi.o
     27872        888       5015          0          0          0   channel.o
     22572       1664          0        323       3088          0   channelapi.o
       712         10          0          5          0          0   channeldriver.o
      1520        328          0          5          0          0   checkdevicestate.o
      1684        322          0          2         41          0   coinaccepter .o
       412         90          0          0          0          0   coinaccepterapi .o
      6632        272         20        116       1024          0   common.o
       480         14          0         16          0          0   evb_uart2.o
       828        130          0          1         48          0   hopperdriver.o
       972         44          0         22          0          0   i2c.o
      1292         82         16          7         12          0   key.o
         0          0       3079       1060          0          0   language.o
      4388         80      42346          0          0          0   lcd.o
      4076        296       1909          8          0          0   lifttable.o
       524         80          0          0          0          0   lifttableapi.o
      1788        120          0          0        156          0   lifttabledriver.o
      1764        114          0          0          0          0   logapi.o
       120         32          0          0          0          0   lpc1700pincfg.o
       396         64          0          9      16056          0   main.o
     28176       2362      14170         44          0          0   maintain.o
       244         12          0          4          0          0   mdb_uart2.o
       584        174          0          0          0          0   mdbchanger.o
      2380        946          0          0          0          0   mdbreader.o
      1856        140        264         76       5304          0   os_core.o
       538         80          0          4          0          0   os_cpu_c.o
      1652         30          0          0          0          0   os_flag.o
       768         14          0          0          0          0   os_mbox.o
       384          8          0          0          0          0   os_mem.o
      1260         24          0          0          0          0   os_q.o
       648         12          0          0          0          0   os_sem.o
      1532         64          0          0          0          0   os_task.o
       404         20          0          0          0          0   os_time.o
      5824       1084          0          0          0          0   pccomapi.o
      4584        192          0          0          0          0   pccontrolapi.o
       616         56          0         18         64          0   pcoin.o
       936        244          0          0          0          0   readerapi.o
       134          0          0          0          0          0   rt_sys_c.o
         8          4          0          0          0          0   rt_sys_s.o
       268         20          0          0          0          0   rtc.o
       848        184          0         20         33          0   selectkey.o
      1412        142          0          0          0          0   selectkeyapi.o
       416         58          0          0          0          0   target.o
      2644        482          0          0          0          0   taskdevice.o
       260         76          0          0          0          0   taskuart1device.o
      2072        712          0          0          0          0   taskuart3device.o
       648         40          0          1          0          0   timer.o
       648          4          0          0          0          0   traceapi.o
       152         30          0          0          0          0   tuibiapi.o
       468         22          0          2        128          0   uart0.o
       496         26          0          2         64          0   uart1.o
       968         40          0          5         36          0   uart2.o
       504         24          0          2        256          0   uart3.o
     12548        896        144          2       1568          0   ubprotocol.o
         0          0        204          0          0          0   vector_table.o
      4168         64          0         20        304          0   zhihuipc.o
      1758         22          0          0          0          0   zy_if.o

    ----------------------------------------------------------------------
    188036      16406      67634       2052      28220          0   Object Totals
         0          0         32          0          0          0   (incl. Generated)
         2          0          3         15          6          1   (incl. Padding)

    ----------------------------------------------------------------------

      Code (inc. data)   RO Data    RW Data    ZI Data      Debug   Library Member Name

        44          6          0          0          0          0   __2sprintf.o
       100          0          0          0          0          0   __dclz77c.o
         8          0          0          0          0          0   __main.o
       412          6         17          0          0          0   __printf_flags_ss_wp.o
        52          8          0          0          0          0   __scatter.o
        28          0          0          0          0          0   __scatter_zi.o
         0          0         12          0          0          0   _monlen.o
         6          0          0          0          0          0   _printf_a.o
         6          0          0          0          0          0   _printf_c.o
        44          0          0          0          0          0   _printf_char.o
        48          6          0          0          0          0   _printf_char_common.o
        42          0          0          0          0          0   _printf_charcount.o
         6          0          0          0          0          0   _printf_d.o
       116         18          0          0          0          0   _printf_dec.o
         6          0          0          0          0          0   _printf_e.o
         6          0          0          0          0          0   _printf_f.o
      1038          0          0          0          0          0   _printf_fp_dec.o
       124         16          0          0          0          0   _printf_fp_infnan.o
         6          0          0          0          0          0   _printf_g.o
       156          6         40          0          0          0   _printf_hex_int_ll_ptr.o
         6          0          0          0          0          0   _printf_i.o
       180          0          0          0          0          0   _printf_intcommon.o
        10          0          0          0          0          0   _printf_l.o
         6          0          0          0          0          0   _printf_lc.o
        10          0          0          0          0          0   _printf_ll.o
         6          0          0          0          0          0   _printf_lld.o
         6          0          0          0          0          0   _printf_lli.o
         6          0          0          0          0          0   _printf_llo.o
         6          0          0          0          0          0   _printf_llu.o
         6          0          0          0          0          0   _printf_llx.o
       120         16          0          0          0          0   _printf_longlong_dec.o
         6          0          0          0          0          0   _printf_ls.o
         6          0          0          0          0          0   _printf_n.o
         6          0          0          0          0          0   _printf_o.o
       120          8          0          0          0          0   _printf_oct_int_ll.o
         6          0          0          0          0          0   _printf_p.o
        80          0          0          0          0          0   _printf_pad.o
         0          0          0          0          0          0   _printf_percent.o
         4          0          0          0          0          0   _printf_percent_end.o
         6          0          0          0          0          0   _printf_s.o
        82          0          0          0          0          0   _printf_str.o
        36          0          0          0          0          0   _printf_truncate.o
         6          0          0          0          0          0   _printf_u.o
        44          0          0          0          0          0   _printf_wchar.o
       188          6          8          0          0          0   _printf_wctomb.o
         6          0          0          0          0          0   _printf_x.o
        10          0          0          0          0          0   _sputc.o
        64          0          0          0          0          0   _wcrtomb.o
       236          6        148          0          0          0   bigflt0.o
      1910        128          0          0          0          0   btod.o
        36          4          0          0          0          0   c89vsprintf.o
        10          0          0          0          0          0   defsig_exit.o
        50          0          0          0          0          0   defsig_general.o
        76         56          0          0          0          0   defsig_rtmem_inner.o
        14          0          0          0          0          0   defsig_rtmem_outer.o
        12          0          0          0          0          0   exit.o
       100          0          0          0          0          0   h1_alloc.o
        50          0          0          0          0          0   h1_extend.o
        78          0          0          0          0          0   h1_free.o
        14          0          0          0          0          0   h1_init.o
        76         10          0          4          0          0   heapauxa.o
         4          0          0          0          0          0   hguard.o
       138          0          0          0          0          0   init_alloc.o
        44         10        272          0          0          0   lc_ctype_c.o
        44         10         28          0          0          0   lc_numeric_c.o
         6          0          0          0          0          0   libinit.o
        38          0          0          0          0          0   libinit2.o
         2          0          0          0          0          0   libshutdown.o
         2          0          0          0          0          0   libshutdown2.o
         8          4          0          0         96          0   libspace.o
       138          0          0          0          0          0   lludiv10.o
         0          0          0          0          0          0   maybetermalloc1.o
       416          8          0          0          0          0   mktime.o
        16          4          0          0          0          0   rt_ctype_table.o
        12          4          0          0          0          0   rt_fp_status_addr_intlibspace.o
        12          4          0          0          0          0   rt_heap_descriptor_intlibspace.o
        12          4          0          0          0          0   rt_locale_intlibspace.o
        68          0          0          0          0          0   rt_memclr.o
        78          0          0          0          0          0   rt_memclr_w.o
       138          0          0          0          0          0   rt_memcpy_v6.o
       100          0          0          0          0          0   rt_memcpy_w.o
         0          0          0          0          0          0   rtentry.o
        12          0          0          0          0          0   rtentry2.o
         6          0          0          0          0          0   rtentry4.o
         2          0          0          0          0          0   rtexit.o
        10          0          0          0          0          0   rtexit2.o
        16          0          0          0          0          0   rtudiv10.o
        24          0          0          0          0          0   strcat.o
       128          0          0          0          0          0   strcmpv7m.o
        72          0          0          0          0          0   strcpy.o
        62          0          0          0          0          0   strlen.o
        86          0          0          0          0          0   strncpy.o
        36          0          0          0          0          0   strstr.o
        74          0          0          0          0          0   sys_stackheap_outer.o
         2          0          0          0          0          0   use_no_semi.o
        14          0          0          0          0          0   fpinit.o
         4          0          0          0          0          0   printf1.o
         0          0          0          0          0          0   usenofp.o
        40          0          0          0          0          0   fpclassify.o
         2          0          0          0          0          0   osinithookbegin.o
         2          0          0          0          0          0   osinithookend.o
         4          0          0          0          0          0   ostaskcreatehook.o
         4          0          0          0          0          0   ostaskdelhook.o
         2          0          0          0          0          0   ostaskidlehook.o
         2          0          0          0          0          0   ostaskstathook.o
         2          0          0          0          0          0   ostaskswhook.o
         4          0          0          0          0          0   ostcbinithook.o
         2          0          0          0          0          0   ostimetickhook.o

    ----------------------------------------------------------------------
      7848        348        526          4         96          0   Library Totals
        18          0          1          0          0          0   (incl. Padding)

    ----------------------------------------------------------------------

      Code (inc. data)   RO Data    RW Data    ZI Data      Debug   Library Name

      7748        348        525          4         96       5676   c_w.l
        18          0          0          0          0        144   fz_ws.l
        40          0          0          0          0         68   m_ws.l
        24          0          0          0          0      11506   uCOS-II hook.lib

    ----------------------------------------------------------------------
      7848        348        526          4         96          0   Library Totals

    ----------------------------------------------------------------------

==============================================================================


      Code (inc. data)   RO Data    RW Data    ZI Data      Debug   

    195884      16754      68160       2056      28316     501940   Grand Totals
    195884      16754      68160       1120      28316     501940   ELF Image Totals (compressed)
    195884      16754      68160       1120          0          0   ROM Totals

==============================================================================

    Total RO  Size (Code + RO Data)               264044 ( 257.86kB)
    Total RW  Size (RW Data + ZI Data)             30372 (  29.66kB)
    Total ROM Size (Code + RO Data + RW Data)     265164 ( 258.95kB)

==============================================================================

