ARM Linker, 4.1 [Build 481] [Standard]

==============================================================================

Section Cross References

    main.o(.text) refers to lcd.o(.text) for LCDPutLOGOBmp
    main.o(.text) refers to key.o(.text) for InitKeyboard
    main.o(.text) refers to uart0.o(.text) for InitUart0
    main.o(.text) refers to uart2.o(.text) for InitUart2
    main.o(.text) refers to uart3.o(.text) for InitUart3
    main.o(.text) refers to buzzer.o(.text) for InitBuzzer
    main.o(.text) refers to timer.o(.text) for InitTimer
    main.o(.text) refers to rtc.o(.text) for InitRtc
    main.o(.text) refers to at45db161d.o(.text) for InitAT45DB
    main.o(.text) refers to common.o(.text) for LoadDefaultSystemPara
    main.o(.text) refers to uart1.o(.text) for InitUart1
    main.o(.text) refers to os_task.o(.text) for OSTaskCreate
    main.o(.text) refers to os_time.o(.text) for OSTimeDly
    main.o(.text) refers to taskuart0device.o(.text) for pcControlInit
    main.o(.text) refers to coinaccepterapi .o(.text) for CoinDevInitAPI
    main.o(.text) refers to billaccepterapi.o(.text) for BillDevInitAPI
    main.o(.text) refers to changerapi.o(.text) for ChangerDevInitAPI
    main.o(.text) refers to readerapi.o(.text) for ReaderDevInitAPI
    main.o(.text) refers to channelapi.o(.text) for ChannelGetFlashData
    main.o(.text) refers to os_sem.o(.text) for OSSemPend
    main.o(.text) refers to logapi.o(.text) for ReadLogAPI
    main.o(.text) refers to rt_memclr_w.o(.text) for __aeabi_memclr4
    main.o(.text) refers to selectkeyapi.o(.text) for SelectInitAPI
    main.o(.text) refers to pccomapi.o(.text) for PCInitAPI
    main.o(.text) refers to business.o(.text) for BusinessProcess
    main.o(.text) refers to target.o(.text) for targetInit
    main.o(.text) refers to lpc1700pincfg.o(.text) for pinInit
    main.o(.text) refers to os_core.o(.text) for OSInit
    main.o(.text) refers to main.o(.bss) for SystemPara
    main.o(.text) refers to taskdevice.o(.text) for Uart2TaskDevice
    main.o(.text) refers to common.o(.data) for g_DeviceSem
    main.o(.text) refers to taskuart1device.o(.text) for Uart1TaskDevice
    main.o(.text) refers to taskuart3device.o(.text) for Uart3TaskDevice
    business.o(.text) refers to _printf_percent.o(.ARM.Collect$$_printf_percent$$00000000) for _printf_percent
    business.o(.text) refers to _printf_d.o(.ARM.Collect$$_printf_percent$$00000009) for _printf_d
    business.o(.text) refers to _printf_dec.o(.text) for _printf_int_dec
    business.o(.text) refers to _printf_pad.o(.text) for _printf_pre_padding
    business.o(.text) refers to _printf_s.o(.ARM.Collect$$_printf_percent$$00000014) for _printf_s
    business.o(.text) refers to _printf_str.o(.text) for _printf_str
    business.o(.text) refers to lcd.o(.text) for LCDDrawLine
    business.o(.text) refers to strlen.o(.text) for strlen
    business.o(.text) refers to rt_memclr_w.o(.text) for __aeabi_memclr4
    business.o(.text) refers to rtc.o(.text) for RTCReadTime
    business.o(.text) refers to os_time.o(.text) for OSTimeDly
    business.o(.text) refers to strcpy.o(.text) for strcpy
    business.o(.text) refers to __2sprintf.o(.text) for __2sprintf
    business.o(.text) refers to main.o(.bss) for SystemPara
    business.o(.text) refers to main.o(.data) for RTCData
    business.o(.text) refers to business.o(.data) for vmcChangeLow
    business.o(.text) refers to language.o(.data) for BUSINESSERROR
    business.o(.text) refers to xmt.o(.bss) for sysXMTMission
    business.o(.text) refers to os_mbox.o(.text) for OSMboxAccept
    business.o(.text) refers to strcat.o(.text) for strcat
    business.o(.text) refers to channelapi.o(.text) for ChannelCheckIsOk
    business.o(.text) refers to pccomapi.o(.text) for ButtonRPTAPI
    business.o(.text) refers to common.o(.data) for g_CoinMoneyBackMail
    business.o(.text) refers to traceapi.o(.text) for TracePC
    business.o(.text) refers to billaccepterapi.o(.text) for BillDevEnableAPI
    business.o(.text) refers to checkdevicestate.o(.text) for SetBillCoinStatus
    business.o(.text) refers to coinaccepterapi .o(.text) for CoinDevEnableAPI
    business.o(.text) refers to readerapi.o(.text) for ReaderDevEnableAPI
    business.o(.text) refers to common.o(.bss) for DeviceStateBusiness
    business.o(.text) refers to logapi.o(.text) for LogGetMoneyAPI
    business.o(.text) refers to business.o(.constdata) for .constdata
    business.o(.text) refers to changerapi.o(.text) for ChangerDevPayoutAPI
    business.o(.text) refers to selectkeyapi.o(.text) for SaleSelectionKeyAPI
    business.o(.text) refers to channel.o(.text) for ChannelAPIProcess
    business.o(.text) refers to uart0.o(.text) for Trace
    business.o(.text) refers to mdb_uart2.o(.text) for MdbBusHardwareReset
    business.o(.text) refers to key.o(.text) for ReadMaintainKeyValue
    business.o(.text) refers to taskuart0device.o(.text) for mainTaskPollPC
[...]
    SystemDatasBroadcast                     0x00041063   Thumb Code   110  taskuart0device.o(.text)
    sysBoardCastCheckTask                    0x000410d1   Thumb Code    48  taskuart0device.o(.text)
    enterPCControl                           0x00041101   Thumb Code   226  taskuart0device.o(.text)
    pcControlInit                            0x000411e3   Thumb Code    76  taskuart0device.o(.text)
    vmcPost                                  0x0004122f   Thumb Code   170  taskuart0device.o(.text)
    mainTaskPollPC                           0x000412d9   Thumb Code   262  taskuart0device.o(.text)
    OSInitHookBegin                          0x000413ed   Thumb Code     2  osinithookbegin.o(.text)
    OSInitHookEnd                            0x000413ef   Thumb Code     2  osinithookend.o(.text)
    OSTaskCreateHook                         0x000413f1   Thumb Code     4  ostaskcreatehook.o(.text)
    OSTaskDelHook                            0x000413f5   Thumb Code     4  ostaskdelhook.o(.text)
    OSTaskIdleHook                           0x000413f9   Thumb Code     2  ostaskidlehook.o(.text)
    OSTaskStatHook                           0x000413fb   Thumb Code     2  ostaskstathook.o(.text)
    OSTaskSwHook                             0x000413fd   Thumb Code     2  ostaskswhook.o(.text)
    OSTCBInitHook                            0x000413ff   Thumb Code     4  ostcbinithook.o(.text)
    OSTimeTickHook                           0x00041403   Thumb Code     2  ostimetickhook.o(.text)
    __semihosting$guard                      0x00041405   Thumb Code     0  use_no_semi.o(.text)
    __use_no_semihosting_swi                 0x00041405   Thumb Code     2  use_no_semi.o(.text)
    malloc                                   0x00041407   Thumb Code   100  h1_alloc.o(.text)
    free                                     0x0004146b   Thumb Code    78  h1_free.o(.text)
    __c89vsprintf                            0x000414b9   Thumb Code    32  c89vsprintf.o(.text)
    __2sprintf                               0x000414dd   Thumb Code    38  __2sprintf.o(.text)
    __2snprintf                              0x00041509   Thumb Code    50  __2snprintf.o(.text)
    _printf_pre_padding                      0x00041541   Thumb Code    44  _printf_pad.o(.text)
    _printf_post_padding                     0x0004156d   Thumb Code    36  _printf_pad.o(.text)
    _printf_str                              0x00041591   Thumb Code    82  _printf_str.o(.text)
    _printf_int_dec                          0x000415e5   Thumb Code    98  _printf_dec.o(.text)
    _printf_longlong_hex                     0x00041659   Thumb Code    92  _printf_hex_int_ll_ptr.o(.text)
    _printf_int_hex                          0x000416b5   Thumb Code    28  _printf_hex_int_ll_ptr.o(.text)
    _printf_ll_hex                           0x000416d1   Thumb Code    12  _printf_hex_int_ll_ptr.o(.text)
    _printf_hex_ptr                          0x000416dd   Thumb Code    18  _printf_hex_int_ll_ptr.o(.text)
    __printf                                 0x000416f5   Thumb Code   406  __printf_flags_ss_wp.o(.text)
    strncat                                  0x00041891   Thumb Code    36  strncat.o(.text)
    strstr                                   0x000418b5   Thumb Code    36  strstr.o(.text)
    strcpy                                   0x000418d9   Thumb Code    72  strcpy.o(.text)
    strlen                                   0x00041921   Thumb Code    62  strlen.o(.text)
    strncmp                                  0x0004195f   Thumb Code   140  strncmp.o(.text)
    strcat                                   0x000419eb   Thumb Code    24  strcat.o(.text)
    __aeabi_memcpy                           0x00041a03   Thumb Code     0  rt_memcpy_v6.o(.text)
    __rt_memcpy                              0x00041a03   Thumb Code   138  rt_memcpy_v6.o(.text)
    _memcpy_lastbytes                        0x00041a69   Thumb Code     0  rt_memcpy_v6.o(.text)
    __aeabi_memcpy4                          0x00041a8d   Thumb Code     0  rt_memcpy_w.o(.text)
    __aeabi_memcpy8                          0x00041a8d   Thumb Code     0  rt_memcpy_w.o(.text)
    __rt_memcpy_w                            0x00041a8d   Thumb Code   100  rt_memcpy_w.o(.text)
    _memcpy_lastbytes_aligned                0x00041ad5   Thumb Code     0  rt_memcpy_w.o(.text)
    __aeabi_memset                           0x00041af1   Thumb Code    16  aeabi_memset.o(.text)
    __aeabi_memclr                           0x00041b01   Thumb Code     0  rt_memclr.o(.text)
    __rt_memclr                              0x00041b01   Thumb Code    68  rt_memclr.o(.text)
    _memset                                  0x00041b05   Thumb Code     0  rt_memclr.o(.text)
    __aeabi_memclr4                          0x00041b45   Thumb Code     0  rt_memclr_w.o(.text)
    __aeabi_memclr8                          0x00041b45   Thumb Code     0  rt_memclr_w.o(.text)
    __rt_memclr_w                            0x00041b45   Thumb Code    78  rt_memclr_w.o(.text)
    _memset_w                                0x00041b49   Thumb Code     0  rt_memclr_w.o(.text)
    strncpy                                  0x00041b93   Thumb Code    86  strncpy.o(.text)
    mktime                                   0x00041c1f   Thumb Code   354  mktime.o(.text)
    __rt_heap_descriptor                     0x00041d89   Thumb Code    12  rt_heap_descriptor_intlibspace.o(.text)
    __use_no_heap                            0x00041d95   Thumb Code     2  hguard.o(.text)
    __heap$guard                             0x00041d97   Thumb Code     2  hguard.o(.text)
    _terminate_user_alloc                    0x00041d99   Thumb Code     2  init_alloc.o(.text)
    _init_user_alloc                         0x00041d9b   Thumb Code     2  init_alloc.o(.text)
    __Heap_Full                              0x00041d9d   Thumb Code    34  init_alloc.o(.text)
    __Heap_Broken                            0x00041dbf   Thumb Code     6  init_alloc.o(.text)
    _init_alloc                              0x00041dc5   Thumb Code    94  init_alloc.o(.text)
    __Heap_Initialize                        0x00041e23   Thumb Code    10  h1_init.o(.text)
    __Heap_DescSize                          0x00041e2d   Thumb Code     4  h1_init.o(.text)
    _printf_truncate_signed                  0x00041e31   Thumb Code    18  _printf_truncate.o(.text)
    _printf_truncate_unsigned                0x00041e43   Thumb Code    18  _printf_truncate.o(.text)
    _printf_int_common                       0x00041e55   Thumb Code   180  _printf_intcommon.o(.text)
    _printf_charcount                        0x00041f09   Thumb Code    42  _printf_charcount.o(.text)
    _printf_char_common                      0x00041f3f   Thumb Code    32  _printf_char_common.o(.text)
    _sputc                                   0x00041f65   Thumb Code    10  _sputc.o(.text)
    _snputc                                  0x00041f6f   Thumb Code    16  _snputc.o(.text)
    _printf_cs_common                        0x00041f7f   Thumb Code    20  _printf_char.o(.text)
    _printf_char                             0x00041f93   Thumb Code    16  _printf_char.o(.text)
    _printf_string                           0x00041fa3   Thumb Code     8  _printf_char.o(.text)
    _printf_wctomb                           0x00041fad   Thumb Code   182  _printf_wctomb.o(.text)
    _printf_longlong_dec                     0x00042069   Thumb Code   104  _printf_longlong_dec.o(.text)
    _printf_longlong_oct                     0x000420e1   Thumb Code    76  _printf_oct_int_ll.o(.text)
    _printf_int_oct                          0x0004212d   Thumb Code    24  _printf_oct_int_ll.o(.text)
    _printf_ll_oct                           0x00042145   Thumb Code    12  _printf_oct_int_ll.o(.text)
    __rt_udiv10                              0x00042159   Thumb Code    16  rtudiv10.o(.text)
    __user_libspace                          0x00042169   Thumb Code     8  libspace.o(.text)
    __user_perproc_libspace                  0x00042169   Thumb Code     0  libspace.o(.text)
    __user_perthread_libspace                0x00042169   Thumb Code     0  libspace.o(.text)
    __Heap_ProvideMemory                     0x00042171   Thumb Code    50  h1_extend.o(.text)
    _ll_udiv10                               0x000421a3   Thumb Code   138  lludiv10.o(.text)
    __lib_sel_fp_printf                      0x0004222d   Thumb Code     2  _printf_fp_dec.o(.text)
    _printf_fp_dec_real                      0x000423d3   Thumb Code   616  _printf_fp_dec.o(.text)
    _printf_lcs_common                       0x0004263b   Thumb Code    20  _printf_wchar.o(.text)
    _printf_wchar                            0x0004264f   Thumb Code    16  _printf_wchar.o(.text)
    _printf_wstring                          0x0004265f   Thumb Code     8  _printf_wchar.o(.text)
    _wcrtomb                                 0x00042667   Thumb Code    64  _wcrtomb.o(.text)
    __rt_SIGRTMEM                            0x000426a7   Thumb Code    14  defsig_rtmem_outer.o(.text)
    __rt_heap_escrow                         0x000426b5   Thumb Code    20  heapauxa.o(.text)
    __rt_heap_expand                         0x000426c9   Thumb Code    46  heapauxa.o(.text)
    __user_setup_stackheap                   0x00042701   Thumb Code    74  sys_stackheap_outer.o(.text)
    __rt_ctype_table                         0x0004274d   Thumb Code    16  rt_ctype_table.o(.text)
    __rt_locale                              0x0004275d   Thumb Code    12  rt_locale_intlibspace.o(.text)
    _printf_fp_infnan                        0x00042769   Thumb Code   108  _printf_fp_infnan.o(.text)
    _btod_etento                             0x000427e5   Thumb Code   230  bigflt0.o(.text)
    exit                                     0x000428d1   Thumb Code    12  exit.o(.text)
    __sig_exit                               0x000428dd   Thumb Code    10  defsig_exit.o(.text)
    __rt_SIGRTMEM_inner                      0x000428e9   Thumb Code    20  defsig_rtmem_inner.o(.text)
    __default_signal_display                 0x00042935   Thumb Code    50  defsig_general.o(.text)
    strcmp                                   0x00042969   Thumb Code   128  strcmpv7m.o(.text)
    __rt_fp_status_addr                      0x000429e9   Thumb Code    12  rt_fp_status_addr_intlibspace.o(.text)
    _btod_d2e                                0x000429f5   Thumb Code    62  btod.o(CL$$btod_d2e)
    _d2e_denorm_low                          0x00042a33   Thumb Code    70  btod.o(CL$$btod_d2e_denorm_low)
    _d2e_norm_op1                            0x00042a79   Thumb Code    96  btod.o(CL$$btod_d2e_norm_op1)
    __btod_div_common                        0x00042ad9   Thumb Code   696  btod.o(CL$$btod_div_common)
    _e2e                                     0x00042e11   Thumb Code   198  btod.o(CL$$btod_e2e)
    _btod_ediv                               0x00042ed7   Thumb Code    40  btod.o(CL$$btod_ediv)
    _btod_emul                               0x00042eff   Thumb Code    40  btod.o(CL$$btod_emul)
    __btod_mult_common                       0x00042f27   Thumb Code   580  btod.o(CL$$btod_mult_common)
    __ARM_fpclassify                         0x0004316b   Thumb Code    40  fpclassify.o(i.__ARM_fpclassify)
    _get_lc_numeric                          0x00043195   Thumb Code    44  lc_numeric_c.o(locale$$code)
    _get_lc_ctype                            0x000431c1   Thumb Code    44  lc_ctype_c.o(locale$$code)
    __user_initial_stackheap                 0x000431ed   Thumb Code     0  rt_sys_s.o(rt_sys)
    _fp_init                                 0x000431f5   Thumb Code    14  fpinit.o(x$fpl$fpinit)
    __fplib_config_pureend_doubles           0x00043201   Thumb Code     0  fpinit.o(x$fpl$fpinit)
    _printf_fp_dec                           0x00043203   Thumb Code     4  printf1.o(x$fpl$printf1)
    __I$use$fp                               0x00043207   Thumb Code     0  usenofp.o(x$fpl$usenofp)
    PasswordMenuList                         0x00043258   Data          96  maintain.o(.constdata)
    OKMenuList                               0x000432b8   Data          96  maintain.o(.constdata)
    UserMaintainMenuList                     0x00043318   Data         192  maintain.o(.constdata)
    UserMaintainErrorMenuList                0x000433d8   Data        1200  maintain.o(.constdata)
    LogMaintainMenuList                      0x00043888   Data         264  maintain.o(.constdata)
    LogTransMenuList                         0x00043990   Data         456  maintain.o(.constdata)
    UserTradeMenuList                        0x00043b58   Data         504  maintain.o(.constdata)
    RtcMenuList                              0x00043d50   Data         216  maintain.o(.constdata)
    ErrorStateTo                             0x00043e28   Data          72  maintain.o(.constdata)
    UserChoose                               0x00043e70   Data          96  maintain.o(.constdata)
    UserUboxPCMenuList                       0x00043ed0   Data         264  maintain.o(.constdata)
    UserTraceMenuList                        0x00043fd8   Data         336  maintain.o(.constdata)
    MaintainMenuList                         0x00044128   Data         144  maintain.o(.constdata)
    SysMenuList                              0x000441b8   Data        1368  maintain.o(.constdata)
    DEVICESELFCHECKBMP                       0x00044710   Data         200  maintain.o(.constdata)
    DEVICESELFCHECKPIC                       0x000447d8   Data           8  maintain.o(.constdata)
    DEVICEMANAGEBMP                          0x000447e0   Data         200  maintain.o(.constdata)
    DEVICEMANAGEPIC                          0x000448a8   Data           8  maintain.o(.constdata)
    VENDINMANAGEBMP                          0x000448b0   Data         200  maintain.o(.constdata)
    VENDINGMANAGEPIC                         0x00044978   Data           8  maintain.o(.constdata)
    VENDINGBMP                               0x00044980   Data         200  maintain.o(.constdata)
    VENDINGPIC                               0x00044a48   Data           8  maintain.o(.constdata)
    SelfCheckMenuList                        0x00044a50   Data         360  maintain.o(.constdata)
    SelfCheckText                            0x00044bb8   Data          48  maintain.o(.constdata)
    MAINTAINPASSWORD                         0x00044be8   Data           6  common.o(.constdata)
    ADMINPASSWORD                            0x00044bee   Data           8  common.o(.constdata)
    MECHINEDEVICETYPE                        0x00044bf6   Data           6  common.o(.constdata)
    ui_aisle_admin                           0x00044bfc   Data        1368  channel.o(.constdata)
    LogoLiftTable                            0x0004515c   Data         744  lifttable.o(.constdata)
    ui_acdc_man                              0x00045444   Data         408  acdc.o(.constdata)
    huodao_addr_8_8                          0x0004564e   Data          80  channelapi.o(.constdata)
    huodao_addr_8_10                         0x0004569e   Data          80  channelapi.o(.constdata)
    cabinet1_page                            0x000456ee   Data           8  channelapi.o(.constdata)
    cabinet2_page                            0x000456f6   Data           8  channelapi.o(.constdata)
    cabinet1_page_bak                        0x000456fe   Data           8  channelapi.o(.constdata)
    cabinet2_page_bak                        0x00045706   Data           8  channelapi.o(.constdata)
    st_hefan_cabinet                         0x00045738   Data         816  hefanguiapi.o(.constdata)
    fsBillInfo                               0x00045d54   Data          18  fs_billchanger.o(.constdata)
    fs_code_hex                              0x00045d66   Data          10  fs_billchanger.o(.constdata)
    STX                                      0x00045d70   Data           1  fs_billchanger.o(.constdata)
    ETX                                      0x00045d71   Data           1  fs_billchanger.o(.constdata)
    ENQ                                      0x00045d72   Data           1  fs_billchanger.o(.constdata)
    ACK                                      0x00045d73   Data           1  fs_billchanger.o(.constdata)
    NAK                                      0x00045d74   Data           1  fs_billchanger.o(.constdata)
    DLE                                      0x00045d75   Data           1  fs_billchanger.o(.constdata)
    FS                                       0x00045d76   Data           1  fs_billchanger.o(.constdata)
    IndexASCII16_TAB                         0x00045dbe   Data          93  lcd.o(.constdata)
    ASCII16_TAB                              0x00045e1b   Data        1536  lcd.o(.constdata)
    IndexChinese16Dot                        0x0004641b   Data         765  lcd.o(.constdata)
    CHINESE16_TAB                            0x00046718   Data       12224  lcd.o(.constdata)
    IndexChinese32Dot                        0x000496d8   Data          21  lcd.o(.constdata)
    CHINESE32_TAB                            0x000496ed   Data        1280  lcd.o(.constdata)
    EasivendLOGO                             0x00049bed   Data         775  lcd.o(.constdata)
    EasivendLOGO192_96                       0x00049ef4   Data        2304  lcd.o(.constdata)
    PingtuLOGO                               0x0004a7f4   Data         775  lcd.o(.constdata)
    TuerqiLOGO                               0x0004aafb   Data         775  lcd.o(.constdata)
    MalaysiaLOGO                             0x0004ae02   Data         775  lcd.o(.constdata)
    ThankyouPic2                             0x0004b109   Data        3840  lcd.o(.constdata)
    SpecialPic_16_16_font                    0x0004c009   Data         160  lcd.o(.constdata)
    SpecialPic_32_32_font                    0x0004c0a9   Data         640  lcd.o(.constdata)
    NumberIndex                              0x0004c32a   Data         198  lcd.o(.constdata)
    Number_8_16_Normalfont                   0x0004c3f0   Data        1584  lcd.o(.constdata)
    Number_8_16_Boldfont                     0x0004ca20   Data        1568  lcd.o(.constdata)
    Number_16_32_Normalfont                  0x0004d040   Data        5120  lcd.o(.constdata)
    Number_24_48_Normalfont                  0x0004e440   Data       11520  lcd.o(.constdata)
    KEY_ROW0_TABLE                           0x00051140   Data           8  key.o(.constdata)
    KEY_ROW1_TABLE                           0x00051148   Data           8  key.o(.constdata)
    OSMapTbl                                 0x00051150   Data           8  os_core.o(.constdata)
    OSUnMapTbl                               0x00051158   Data         256  os_core.o(.constdata)
    _monlen                                  0x0005129c   Data          12  _monlen.o(.constdata)
    Region$$Table$$Base                      0x000564a0   Number         0  anon$$obj.o(Region$$Table)
    Region$$Table$$Limit                     0x000564e0   Number         0  anon$$obj.o(Region$$Table)
    __ctype                                  0x00056509   Data           0  lc_ctype_c.o(locale$$data)
    RTCData                                  0x10000000   Data           8  main.o(.data)
    vmRTC                                    0x10000008   Data           8  main.o(.data)
    globalSys                                0x10000010   Data           1  main.o(.data)
    ChannelNum                               0x10000014   Data           3  business.o(.data)
    BinNum                                   0x10000017   Data           2  business.o(.data)
    channelInput                             0x10000019   Data           1  business.o(.data)
    channelMode                              0x1000001a   Data           1  business.o(.data)
    vmcStatus                                0x1000001b   Data           1  business.o(.data)
    vmcChangeLow                             0x1000001c   Data           1  business.o(.data)
    g_coinAmount                             0x10000020   Data           4  business.o(.data)
    g_billAmount                             0x10000024   Data           4  business.o(.data)
    g_holdValue                              0x10000028   Data           4  business.o(.data)
    g_readerAmount                           0x1000002c   Data           4  business.o(.data)
    vmcColumn                                0x10000030   Data           2  business.o(.data)
    vmcPrice                                 0x10000034   Data           4  business.o(.data)
    transMul                                 0x10000038   Data           1  business.o(.data)
    hefangMode                               0x10000039   Data           1  business.o(.data)
    MoneyMaxin                               0x1000003c   Data           4  business.o(.data)
    PriceMaxin                               0x10000040   Data           4  business.o(.data)
    GOCCHECKTIMEOUT                          0x10000048   Data           4  business.o(.data)
    UserMaintainMainMenu                     0x10000050   Data           8  maintain.o(.data)
    LogMaintainMainMenu                      0x10000058   Data           8  maintain.o(.data)
    UserTradeMainMenu                        0x10000060   Data           8  maintain.o(.data)
    MaintainMainMenu                         0x10000068   Data           8  maintain.o(.data)
    SelfCheckMenu                            0x10000070   Data           8  maintain.o(.data)
    ZhIndex                                  0x10000078   Data           1  common.o(.data)
    g_Ubox_Index                             0x10000079   Data           1  common.o(.data)
    g_SIMPLEUbox_Index                       0x1000007a   Data           1  common.o(.data)
    g_DeviceSem                              0x1000007c   Data           4  common.o(.data)
    g_BillMoneyQ                             0x10000080   Data           4  common.o(.data)
    g_BillMoneyMail                          0x10000084   Data           4  common.o(.data)
    g_BillMoneyBackMail                      0x10000088   Data           4  common.o(.data)
    g_CoinMoneyQ                             0x1000008c   Data           4  common.o(.data)
    g_CoinMoneyMail                          0x10000090   Data           4  common.o(.data)
    g_CoinMoneyBackMail                      0x10000094   Data           4  common.o(.data)
    g_ChangeMoneyMail                        0x10000098   Data           4  common.o(.data)
    g_ChangeBackMoneyMail                    0x1000009c   Data           4  common.o(.data)
    g_ReaderMoneyMail                        0x100000a0   Data           4  common.o(.data)
    g_ReaderBackMoneyMail                    0x100000a4   Data           4  common.o(.data)
    g_ReaderBackCmdMail                      0x100000a8   Data           4  common.o(.data)
    g_DeviceStateMail                        0x100000ac   Data           4  common.o(.data)
    g_DeviceStateBackMail                    0x100000b0   Data           4  common.o(.data)
    g_ChannelMail                            0x100000b4   Data           4  common.o(.data)
    g_ChannelBackMail                        0x100000b8   Data           4  common.o(.data)
    g_LiftTableMail                          0x100000bc   Data           4  common.o(.data)
    g_LiftTableBackMail                      0x100000c0   Data           4  common.o(.data)
    g_ACDCMail                               0x100000c4   Data           4  common.o(.data)
    g_ACDCBackMail                           0x100000c8   Data           4  common.o(.data)
    g_HeFanGuiMail                           0x100000cc   Data           4  common.o(.data)
    g_HeFanGuiBackMail                       0x100000d0   Data           4  common.o(.data)
    CardStatePack                            0x100000d4   Data           1  common.o(.data)
    g_PCMail                                 0x100000d8   Data           4  common.o(.data)
    g_PCBackMail                             0x100000dc   Data           4  common.o(.data)
    g_Ubox_VMCTOPCQ                          0x100000e0   Data           4  common.o(.data)
    g_Ubox_VMCTOPCBackCMail                  0x100000e4   Data           4  common.o(.data)
    g_Ubox_PCTOVMCQ                          0x100000e8   Data           4  common.o(.data)
    g_Ubox_PCTOVMCBackQ                      0x100000ec   Data           4  common.o(.data)
    g_SIMPLEUbox_PCTOVMCQ                    0x100000f0   Data           4  common.o(.data)
    g_SIMPLEUbox_PCTOVMCBackCMail            0x100000f4   Data           4  common.o(.data)
    g_SIMPLEUbox_VMCTOPCQ                    0x100000f8   Data           4  common.o(.data)
    g_SIMPLEUbox_VMCTOPCBackCMail            0x100000fc   Data           4  common.o(.data)
    g_KEYMail                                0x10000100   Data           4  common.o(.data)
    g_KEYBackMail                            0x10000104   Data           4  common.o(.data)
    MsgKEYBackPack                           0x10000108   Data           2  common.o(.data)
    g_XMTMail                                0x1000010c   Data           4  common.o(.data)
    g_XMTBackMail                            0x10000110   Data           4  common.o(.data)
    MsgXMTPack                               0x10000114   Data           4  common.o(.data)
    g_FSBillRecyclerMail                     0x10000118   Data           4  common.o(.data)
    g_FSBillRecyclerBackMail                 0x1000011c   Data           4  common.o(.data)
    BUSINESS                                 0x10000120   Data         240  language.o(.data)
    BUSINESSERROR                            0x10000210   Data         552  language.o(.data)
    BUSINESSDEAL                             0x10000438   Data         480  language.o(.data)
    BUSINESSCHANGE                           0x10000618   Data         120  language.o(.data)
    FailFlag                                 0x10000690   Data           1  lifttable.o(.data)
    LIFTTABLETIMER                           0x10000694   Data           4  lifttable.o(.data)
    billEnable                               0x1000069f   Data           1  checkdevicestate.o(.data)
    coinEnable                               0x100006a0   Data           1  checkdevicestate.o(.data)
    scaleError                               0x100006a1   Data           1  checkdevicestate.o(.data)
    weihuMode                                0x100006a2   Data           1  checkdevicestate.o(.data)
    HpValueFlag                              0x100006a7   Data           1  changerapi.o(.data)
    ChaXunRst                                0x100006aa   Data           2  hefanguiapi.o(.data)
    MDBCONVERSATIONWAITACKTIMEOUT            0x100006b0   Data           4  mdb_uart2.o(.data)
    EVBCONVERSATIONWAITACKTIMEOUT            0x100006b4   Data           4  evb_uart2.o(.data)
    UART3RECVACKMSGTIMEOUT                   0x100006b8   Data           4  evb_uart2.o(.data)
    EvbAckFromDevice                         0x100006bc   Data           8  evb_uart2.o(.data)
    MdbBillErr                               0x100006c6   Data           8  billaccepter.o(.data)
    NowCoinDevState                          0x100006ce   Data           1  coinaccepter .o(.data)
    chSn                                     0x100006d1   Data           1  channeldriver.o(.data)
    stChannelErrForm                         0x100006d2   Data           4  channeldriver.o(.data)
    zh_pc_err                                0x100006d9   Data           1  zhihuipc.o(.data)
    decimalPlaces                            0x100006da   Data           1  ubprotocol.o(.data)
    GoodsRev                                 0x100006db   Data           1  ubprotocol.o(.data)
    GoodsSN                                  0x100006dc   Data           1  ubprotocol.o(.data)
    vmc_gprs_pc_state                        0x100006df   Data           1  vmc_gprs_pc.o(.data)
    hdstart                                  0x100006e0   Data           1  ubprotocol_simple.o(.data)
    hdend                                    0x100006e1   Data           1  ubprotocol_simple.o(.data)
    SelectKeySN                              0x100006e2   Data           6  selectkey.o(.data)
    SelectKeyNo                              0x100006e8   Data           6  selectkey.o(.data)
    SelectKeycom                             0x100006ee   Data           8  selectkey.o(.data)
    fs_timer                                 0x100006fc   Data           4  fs_billchanger.o(.data)
    fs_reqTimer                              0x10000700   Data           4  fs_billchanger.o(.data)
    fs_taskTimer                             0x10000704   Data           4  fs_billchanger.o(.data)
    fsStatus                                 0x1000071c   Data           8  fs_billchanger.o(.data)
    MdbStatus                                0x10000724   Data           1  uart2.o(.data)
    Uart2_RIndex                             0x10000726   Data           1  uart2.o(.data)
    Uart2_FIndex                             0x10000727   Data           1  uart2.o(.data)
    Uart2_Mode                               0x10000728   Data           1  uart2.o(.data)
    Uart0RxdHead                             0x10000729   Data           1  uart0.o(.data)
    Uart0RxdTail                             0x1000072a   Data           1  uart0.o(.data)
    Uart1RxdHead                             0x1000072b   Data           1  uart1.o(.data)
    Uart1RxdTail                             0x1000072c   Data           1  uart1.o(.data)
    Uart3RxdHead                             0x1000072d   Data           1  uart3.o(.data)
    Uart3RxdTail                             0x1000072e   Data           1  uart3.o(.data)
    I2C0_sla                                 0x10000730   Data           1  i2c.o(.data)
    I2C0_suba                                0x10000734   Data           4  i2c.o(.data)
    I2C0_suba_num                            0x10000738   Data           1  i2c.o(.data)
    I2C0_buf                                 0x1000073c   Data           4  i2c.o(.data)
    I2C0_num                                 0x10000740   Data           4  i2c.o(.data)
    I2C0_end                                 0x10000744   Data           1  i2c.o(.data)
    I2C0_suba_en                             0x10000745   Data           1  i2c.o(.data)
    g_Key_Queue                              0x10000748   Data           1  key.o(.data)
    QKey                                     0x1000074c   Data           4  key.o(.data)
    PostValue                                0x10000750   Data           1  key.o(.data)
    KeyBoardStatus                           0x10000751   Data           1  key.o(.data)
    KeyPack                                  0x10000752   Data           3  key.o(.data)
    pcoinIndex                               0x10000758   Data           1  pcoin.o(.data)
    PARALLELPULSECOINACCEPTORDEVICESTATUS    0x10000759   Data           1  pcoin.o(.data)
    SERIALPULSECOINACCEPTORDEVICESTATUS      0x1000075a   Data           1  pcoin.o(.data)
    QPChannel                                0x10000760   Data           4  pcoin.o(.data)
    QSChannel                                0x10000764   Data           4  pcoin.o(.data)
    PostSerialCoinChannel                    0x10000768   Data           8  pcoin.o(.data)
    Tick                                     0x10000770   Data           1  timer.o(.data)
    GPRSWAITTIMEOUT                          0x10000774   Data           4  gprs_uart.o(.data)
    __GuiOsEnterSum                          0x10000778   Data           4  os_cpu_c.o(.data)
    OSCtxSwCtr                               0x1000077c   Data           4  os_core.o(.data)
    OSEventFreeList                          0x10000780   Data           4  os_core.o(.data)
    OSFlagFreeList                           0x10000784   Data           4  os_core.o(.data)
    OSCPUUsage                               0x10000788   Data           1  os_core.o(.data)
    OSIdleCtrMax                             0x1000078c   Data           4  os_core.o(.data)
    OSIdleCtrRun                             0x10000790   Data           4  os_core.o(.data)
    OSStatRdy                                0x10000794   Data           1  os_core.o(.data)
    OSIntNesting                             0x10000795   Data           1  os_core.o(.data)
    OSIntExitY                               0x10000796   Data           1  os_core.o(.data)
    OSLockNesting                            0x10000797   Data           1  os_core.o(.data)
    OSPrioCur                                0x10000798   Data           1  os_core.o(.data)
    OSPrioHighRdy                            0x10000799   Data           1  os_core.o(.data)
    OSRdyGrp                                 0x1000079a   Data           1  os_core.o(.data)
    OSRdyTbl                                 0x1000079b   Data           8  os_core.o(.data)
    OSRunning                                0x100007a3   Data           1  os_core.o(.data)
    OSTaskCtr                                0x100007a4   Data           1  os_core.o(.data)
    OSIdleCtr                                0x100007a8   Data           4  os_core.o(.data)
    OSTCBCur                                 0x100007ac   Data           4  os_core.o(.data)
    OSTCBFreeList                            0x100007b0   Data           4  os_core.o(.data)
    OSTCBHighRdy                             0x100007b4   Data           4  os_core.o(.data)
    OSTCBList                                0x100007b8   Data           4  os_core.o(.data)
    OSMemFreeList                            0x100007bc   Data           4  os_core.o(.data)
    OSQFreeList                              0x100007c0   Data           4  os_core.o(.data)
    OSTime                                   0x100007c4   Data           4  os_core.o(.data)
    pcm_uartClear                            0x100007d0   Data           4  taskuart0device.o(.data)
    pcm_uartGetCh                            0x100007d4   Data           4  taskuart0device.o(.data)
    pcm_uartNoEmpty                          0x100007d8   Data           4  taskuart0device.o(.data)
    pcm_uartPutStr                           0x100007dc   Data           4  taskuart0device.o(.data)
    pcUartMsg                                0x100007e0   Data           4  taskuart0device.o(.data)
    pcm_vmc_event                            0x100007e4   Data           4  taskuart0device.o(.data)
    vmc_pcm_event                            0x100007e8   Data           4  taskuart0device.o(.data)
    SystemPara                               0x100007f0   Data         200  main.o(.bss)
    UserPara                                 0x100008b8   Data         134  main.o(.bss)
    stDevValue                               0x10000940   Data         312  main.o(.bss)
    Timer                                    0x10000a78   Data          18  main.o(.bss)
    LogPara                                  0x10000a8c   Data         208  main.o(.bss)
    LogParaDetail                            0x10000b5c   Data         132  main.o(.bss)
    selectKey                                0x10000be0   Data          12  main.o(.bss)
    BillMoneyQ                               0x100047ec   Data          12  common.o(.bss)
    CoinMoneyQ                               0x100047f8   Data         160  common.o(.bss)
    MsgAccepterPack                          0x10004898   Data         192  common.o(.bss)
    DeviceStatePack                          0x10004958   Data          48  common.o(.bss)
    DeviceStateBusiness                      0x10004988   Data          48  common.o(.bss)
    ZhSizeQ                                  0x100049b8   Data          32  common.o(.bss)
    UboxSizeQ                                0x100049d8   Data          28  common.o(.bss)
    PCTOVMCSizeQ                             0x100049f4   Data          28  common.o(.bss)
    PCTOVMCBackSizeQ                         0x10004a10   Data          28  common.o(.bss)
    MsgUboxPack                              0x10004a2c   Data         784  common.o(.bss)
    SIMPLEUUboxSizeQ                         0x10004d3c   Data          28  common.o(.bss)
    SIMPLEUUboxVMCTOPCQ                      0x10004d58   Data          28  common.o(.bss)
    MsgSIMPLEUboxPack                        0x10004d74   Data         126  common.o(.bss)
    MsgKEYPack                               0x10004df2   Data          16  common.o(.bss)
    MsgFSBillRecyclerPack                    0x10004e04   Data          16  common.o(.bss)
    stMacSn                                  0x10004e14   Data          20  logapi.o(.bss)
    stHuodaoKaoji                            0x10004e28   Data         324  channelapi.o(.bss)
    stGprsStruct                             0x10004f6c   Data          52  gprsapi.o(.bss)
    nBillvalue                               0x10004fa0   Data          64  billaccepter.o(.bss)
    nCoinvalue                               0x10004fe0   Data          64  coinaccepter .o(.bss)
    MdbCoinErr                               0x10005020   Data          10  coinaccepter .o(.bss)
    GetAckFromDevice                         0x1000502a   Data         128  lifttabledriver.o(.bss)
    stLiftTable                              0x100050aa   Data          28  lifttabledriver.o(.bss)
    stEvbHp                                  0x100050c8   Data          60  hopperdriver.o(.bss)
    trade_cache_head                         0x10005104   Data          10  vmc_gprs_pc.o(.bss)
    evbbuf2                                  0x1000510e   Data          20  selectkey.o(.bss)
    selKey                                   0x10005122   Data          13  selectkey.o(.bss)
    XMTMsgBuf                                0x10005130   Data         255  xmt.o(.bss)
    sysXMTMission                            0x10005230   Data          56  xmt.o(.bss)
    HeFanGuiRecvAckBuf                       0x10005268   Data         128  hefangui.o(.bss)
    Uart2_RdBuf                              0x100052e8   Data          36  uart2.o(.bss)
    Uart0RevBuff                             0x1000530c   Data         128  uart0.o(.bss)
    Uart3RevBuff                             0x1000538c   Data         256  uart3.o(.bss)
    KeyValueQ                                0x1000548c   Data          12  key.o(.bss)
    PCoinChannel                             0x10005498   Data          80  pcoin.o(.bss)
    SCoinChannel                             0x100054e8   Data          32  pcoin.o(.bss)
    PostParallelCoinCh                       0x10005508   Data          20  pcoin.o(.bss)
    OSEventTbl                               0x1000551c   Data        1088  os_core.o(.bss)
    OSFlagTbl                                0x1000595c   Data         180  os_core.o(.bss)
    OSTaskStatStk                            0x10005a10   Data        1024  os_core.o(.bss)
    OSTaskIdleStk                            0x10005e10   Data        1024  os_core.o(.bss)
    OSTCBPrioTbl                             0x10006210   Data         256  os_core.o(.bss)
    OSTCBTbl                                 0x10006310   Data        1144  os_core.o(.bss)
    OSMemTbl                                 0x10006788   Data         300  os_core.o(.bss)
    OSQTbl                                   0x100068b4   Data         288  os_core.o(.bss)
    PCMSizeQ                                 0x100069d4   Data          20  taskuart0device.o(.bss)
    __libspace_start                         0x100069e8   Data          96  libspace.o(.bss)
    __temporary_stack_top$libspace           0x10006a48   Data           0  libspace.o(.bss)
    vmc_zh_mbox                              0x2007c008   Data         192  common.o(RAM2)
    zh_vmc_mbox                              0x2007c0c8   Data          24  common.o(RAM2)
    stHuodao                                 0x2007c0e0   Data        1632  channelapi.o(RAM2)
    stSubHuodao                              0x2007c740   Data        1632  channelapi.o(RAM2)
    MACData                                  0x2007cda0   Data         100  zhihuiapi.o(RAM2)
    zhihui_msg                               0x2007ce04   Data         532  zhihuiapi.o(RAM2)
    vmc_goods                                0x2007d018   Data          96  zhihuiapi.o(RAM2)
    stHefanCabinet                           0x2007d078   Data        5300  hefanguiapi.o(RAM2)
    stBin                                    0x2007e550   Data         100  colapi.o(RAM2)
    g_msg                                    0x2007e5b4   Data         255  ubprotocol.o(RAM2)
    VPMsgBuf                                 0x2007e6b3   Data         255  ubprotocol.o(RAM2)
    sysVPMission                             0x2007e7b4   Data         612  ubprotocol.o(RAM2)
    sysGoodsMatrix                           0x2007ea18   Data         496  ubprotocol.o(RAM2)
    sysGoodsAttr                             0x2007ec08   Data          60  ubprotocol.o(RAM2)
    SIMPLEg_msg                              0x2007ec44   Data         255  ubprotocol_simple.o(RAM2)
    SIMPLEVPMsgBuf                           0x2007ed43   Data         255  ubprotocol_simple.o(RAM2)
    sysVPMissionSIMPLE                       0x2007ee42   Data         526  ubprotocol_simple.o(RAM2)
    fsRecvMsg                                0x2007f050   Data         524  fs_billchanger.o(RAM2)
    fsSendMsg                                0x2007f25c   Data         524  fs_billchanger.o(RAM2)
    fsBill                                   0x2007f468   Data         112  fs_billchanger.o(RAM2)
    Uart1RevBuff                             0x2007f4d8   Data         256  uart1.o(RAM2)
    vmc_pc_mail                              0x200805d8   Data         105  taskuart0device.o(RAM2)
    pc_vmc_mail                              0x20080641   Data          21  taskuart0device.o(RAM2)
    pcm_msg                                  0x20080656   Data         516  taskuart0device.o(RAM2)



==============================================================================

Memory Map of the image

  Image Entry point : 0x000000cd

  Load Region ROM_LOAD (Base: 0x00000000, Size: 0x00056e04, Max: 0xffffffff, ABSOLUTE, COMPRESSED[0x000569a8])

    Execution Region VECTOR (Base: 0x00000000, Size: 0x000000cc, Max: 0xffffffff, ABSOLUTE)

    Base Addr    Size         Type   Attr      Idx    E Section Name        Object

    0x00000000   0x000000cc   Data   RO         2438    .constdata          vector_table.o


    Execution Region ROM_EXEC (Base: 0x000000cc, Size: 0x00056540, Max: 0xffffffff, ABSOLUTE)

    Base Addr    Size         Type   Attr      Idx    E Section Name        Object

    0x000000cc   0x00000008   Code   RO         3155  * !!!main             c_w.l(__main.o)(c_w.l)
    0x000000d4   0x00000034   Code   RO         3465    !!!scatter          c_w.l(__scatter.o)(c_w.l)
    0x00000108   0x00000064   Code   RO         3463    !!dclz77c           c_w.l(__dclz77c.o)(c_w.l)
    0x0000016c   0x0000001a   Code   RO         3467    !!handler_copy      c_w.l(__scatter_copy.o)(c_w.l)
    0x00000186   0x00000002   PAD
    0x00000188   0x0000001c   Code   RO         3469    !!handler_zi        c_w.l(__scatter_zi.o)(c_w.l)
    0x000001a4   0x00000000   Code   RO         3128    .ARM.Collect$$_printf_percent$$00000000  c_w.l(_printf_percent.o)(c_w.l)
    0x000001a4   0x00000006   Code   RO         3211    .ARM.Collect$$_printf_percent$$00000001  c_w.l(_printf_n.o)(c_w.l)
    0x000001aa   0x00000006   Code   RO         3212    .ARM.Collect$$_printf_percent$$00000002  c_w.l(_printf_p.o)(c_w.l)
    0x000001b0   0x00000006   Code   RO         3216    .ARM.Collect$$_printf_percent$$00000003  c_w.l(_printf_f.o)(c_w.l)
    0x000001b6   0x00000006   Code   RO         3217    .ARM.Collect$$_printf_percent$$00000004  c_w.l(_printf_e.o)(c_w.l)
    0x000001bc   0x00000006   Code   RO         3218    .ARM.Collect$$_printf_percent$$00000005  c_w.l(_printf_g.o)(c_w.l)
    0x000001c2   0x00000006   Code   RO         3219    .ARM.Collect$$_printf_percent$$00000006  c_w.l(_printf_a.o)(c_w.l)
    0x000001c8   0x0000000a   Code   RO         3224    .ARM.Collect$$_printf_percent$$00000007  c_w.l(_printf_ll.o)(c_w.l)
    0x000001d2   0x00000006   Code   RO         3214    .ARM.Collect$$_printf_percent$$00000008  c_w.l(_printf_i.o)(c_w.l)
    0x000001d8   0x00000006   Code   RO         3127    .ARM.Collect$$_printf_percent$$00000009  c_w.l(_printf_d.o)(c_w.l)
    0x000001de   0x00000006   Code   RO         3215    .ARM.Collect$$_printf_percent$$0000000A  c_w.l(_printf_u.o)(c_w.l)
    0x000001e4   0x00000006   Code   RO         3213    .ARM.Collect$$_printf_percent$$0000000B  c_w.l(_printf_o.o)(c_w.l)
    0x000001ea   0x00000006   Code   RO         3126    .ARM.Collect$$_printf_percent$$0000000C  c_w.l(_printf_x.o)(c_w.l)
    0x000001f0   0x00000006   Code   RO         3221    .ARM.Collect$$_printf_percent$$0000000D  c_w.l(_printf_lli.o)(c_w.l)
    0x000001f6   0x00000006   Code   RO         3222    .ARM.Collect$$_printf_percent$$0000000E  c_w.l(_printf_lld.o)(c_w.l)
    0x000001fc   0x00000006   Code   RO         3223    .ARM.Collect$$_printf_percent$$0000000F  c_w.l(_printf_llu.o)(c_w.l)
    0x00000202   0x00000006   Code   RO         3228    .ARM.Collect$$_printf_percent$$00000010  c_w.l(_printf_llo.o)(c_w.l)
    0x00000208   0x00000006   Code   RO         3229    .ARM.Collect$$_printf_percent$$00000011  c_w.l(_printf_llx.o)(c_w.l)
    0x0000020e   0x0000000a   Code   RO         3225    .ARM.Collect$$_printf_percent$$00000012  c_w.l(_printf_l.o)(c_w.l)
    0x00000218   0x00000006   Code   RO         3124    .ARM.Collect$$_printf_percent$$00000013  c_w.l(_printf_c.o)(c_w.l)
    0x0000021e   0x00000006   Code   RO         3125    .ARM.Collect$$_printf_percent$$00000014  c_w.l(_printf_s.o)(c_w.l)
    0x00000224   0x00000006   Code   RO         3226    .ARM.Collect$$_printf_percent$$00000015  c_w.l(_printf_lc.o)(c_w.l)
    0x0000022a   0x00000006   Code   RO         3227    .ARM.Collect$$_printf_percent$$00000016  c_w.l(_printf_ls.o)(c_w.l)
    0x00000230   0x00000004   Code   RO         3220    .ARM.Collect$$_printf_percent$$00000017  c_w.l(_printf_percent_end.o)(c_w.l)
    0x00000234   0x00000006   Code   RO         3389    .ARM.Collect$$libinit$$00000000  c_w.l(libinit.o)(c_w.l)
    0x0000023a   0x00000008   Code   RO         3235    .ARM.Collect$$libinit$$00000001  c_w.l(libinit2.o)(c_w.l)
    0x00000242   0x00000000   Code   RO         3237    .ARM.Collect$$libinit$$00000006  c_w.l(libinit2.o)(c_w.l)
    0x00000242   0x00000000   Code   RO         3239    .ARM.Collect$$libinit$$00000008  c_w.l(libinit2.o)(c_w.l)
    0x00000242   0x00000000   Code   RO         3241    .ARM.Collect$$libinit$$0000000A  c_w.l(libinit2.o)(c_w.l)
    0x00000242   0x00000006   Code   RO         3242    .ARM.Collect$$libinit$$0000000B  c_w.l(libinit2.o)(c_w.l)
    0x00000248   0x00000000   Code   RO         3244    .ARM.Collect$$libinit$$0000000D  c_w.l(libinit2.o)(c_w.l)
    0x00000248   0x0000000c   Code   RO         3245    .ARM.Collect$$libinit$$0000000E  c_w.l(libinit2.o)(c_w.l)
    0x00000254   0x00000000   Code   RO         3246    .ARM.Collect$$libinit$$0000000F  c_w.l(libinit2.o)(c_w.l)
    0x00000254   0x00000000   Code   RO         3248    .ARM.Collect$$libinit$$00000011  c_w.l(libinit2.o)(c_w.l)
    0x00000254   0x0000000a   Code   RO         3249    .ARM.Collect$$libinit$$00000012  c_w.l(libinit2.o)(c_w.l)
    0x0000025e   0x00000000   Code   RO         3250    .ARM.Collect$$libinit$$00000013  c_w.l(libinit2.o)(c_w.l)
    0x0000025e   0x00000000   Code   RO         3252    .ARM.Collect$$libinit$$00000015  c_w.l(libinit2.o)(c_w.l)
    0x0000025e   0x00000000   Code   RO         3254    .ARM.Collect$$libinit$$00000017  c_w.l(libinit2.o)(c_w.l)
    0x0000025e   0x00000000   Code   RO         3256    .ARM.Collect$$libinit$$00000019  c_w.l(libinit2.o)(c_w.l)
    0x0000025e   0x00000000   Code   RO         3258    .ARM.Collect$$libinit$$0000001B  c_w.l(libinit2.o)(c_w.l)
    0x0000025e   0x00000000   Code   RO         3260    .ARM.Collect$$libinit$$0000001D  c_w.l(libinit2.o)(c_w.l)
    0x0000025e   0x00000000   Code   RO         3262    .ARM.Collect$$libinit$$0000001F  c_w.l(libinit2.o)(c_w.l)
    0x0000025e   0x00000000   Code   RO         3264    .ARM.Collect$$libinit$$00000021  c_w.l(libinit2.o)(c_w.l)
    0x0000025e   0x00000000   Code   RO         3268    .ARM.Collect$$libinit$$00000028  c_w.l(libinit2.o)(c_w.l)
    0x0000025e   0x00000000   Code   RO         3270    .ARM.Collect$$libinit$$0000002A  c_w.l(libinit2.o)(c_w.l)
    0x0000025e   0x00000000   Code   RO         3272    .ARM.Collect$$libinit$$0000002C  c_w.l(libinit2.o)(c_w.l)
    0x0000025e   0x00000000   Code   RO         3274    .ARM.Collect$$libinit$$0000002E  c_w.l(libinit2.o)(c_w.l)
    0x0000025e   0x00000002   Code   RO         3275    .ARM.Collect$$libinit$$0000002F  c_w.l(libinit2.o)(c_w.l)
    0x00000260   0x00000002   Code   RO         3460    .ARM.Collect$$libshutdown$$00000000  c_w.l(libshutdown.o)(c_w.l)
    0x00000262   0x00000000   Code   RO         3412    .ARM.Collect$$libshutdown$$00000003  c_w.l(libshutdown2.o)(c_w.l)
    0x00000262   0x00000000   Code   RO         3415    .ARM.Collect$$libshutdown$$00000006  c_w.l(libshutdown2.o)(c_w.l)
    0x00000262   0x00000000   Code   RO         3418    .ARM.Collect$$libshutdown$$00000009  c_w.l(libshutdown2.o)(c_w.l)
    0x00000262   0x00000000   Code   RO         3420    .ARM.Collect$$libshutdown$$0000000B  c_w.l(libshutdown2.o)(c_w.l)
    0x00000262   0x00000000   Code   RO         3423    .ARM.Collect$$libshutdown$$0000000E  c_w.l(libshutdown2.o)(c_w.l)
    0x00000262   0x00000002   Code   RO         3424    .ARM.Collect$$libshutdown$$0000000F  c_w.l(libshutdown2.o)(c_w.l)
    0x00000264   0x00000000   Code   RO         3159    .ARM.Collect$$rtentry$$00000000  c_w.l(rtentry.o)(c_w.l)
    0x00000264   0x00000000   Code   RO         3282    .ARM.Collect$$rtentry$$00000002  c_w.l(rtentry2.o)(c_w.l)
    0x00000264   0x00000006   Code   RO         3297    .ARM.Collect$$rtentry$$00000004  c_w.l(rtentry4.o)(c_w.l)
    0x0000026a   0x00000000   Code   RO         3284    .ARM.Collect$$rtentry$$00000009  c_w.l(rtentry2.o)(c_w.l)
    0x0000026a   0x00000004   Code   RO         3285    .ARM.Collect$$rtentry$$0000000A  c_w.l(rtentry2.o)(c_w.l)
    0x0000026e   0x00000000   Code   RO         3287    .ARM.Collect$$rtentry$$0000000C  c_w.l(rtentry2.o)(c_w.l)
    0x0000026e   0x00000008   Code   RO         3288    .ARM.Collect$$rtentry$$0000000D  c_w.l(rtentry2.o)(c_w.l)
    0x00000276   0x00000002   Code   RO         3395    .ARM.Collect$$rtexit$$00000000  c_w.l(rtexit.o)(c_w.l)
    0x00000278   0x00000000   Code   RO         3428    .ARM.Collect$$rtexit$$00000002  c_w.l(rtexit2.o)(c_w.l)
    0x00000278   0x00000004   Code   RO         3429    .ARM.Collect$$rtexit$$00000003  c_w.l(rtexit2.o)(c_w.l)
    0x0000027c   0x00000006   Code   RO         3430    .ARM.Collect$$rtexit$$00000004  c_w.l(rtexit2.o)(c_w.l)
    0x00000282   0x00000002   PAD
    0x00000284   0x0000012a   Code   RO         1926    .emb_text           os_cpu_c.o
    0x000003ae   0x00000002   PAD
    0x000003b0   0x00000000   Code   RO         3301    .emb_text           c_w.l(maybetermalloc1.o)(c_w.l)
    0x000003b0   0x00000190   Code   RO            1    .text               main.o
    0x00000540   0x00004498   Code   RO          212    .text               business.o
    0x000049d8   0x0000905c   Code   RO          243    .text               maintain.o
    0x0000da34   0x00002220   Code   RO          266    .text               common.o
    0x0000fc54   0x00003dcc   Code   RO          302    .text               channel.o
    0x00013a20   0x00001214   Code   RO          321    .text               lifttable.o
    0x00014c34   0x00001e98   Code   RO          338    .text               acdc.o
    0x00016acc   0x00000408   Code   RO          355    .text               acdcapi.o
    0x00016ed4   0x00000434   Code   RO          533    .text               billaccepterapi.o
    0x00017308   0x0000019c   Code   RO          545    .text               coinaccepterapi .o
    0x000174a4   0x00000098   Code   RO          557    .text               tuibiapi.o
    0x0001753c   0x000006f8   Code   RO          569    .text               checkdevicestate.o
    0x00017c34   0x000008b4   Code   RO          584    .text               logapi.o
    0x000184e8   0x000002ac   Code   RO          606    .text               traceapi.o
    0x00018794   0x00001e88   Code   RO          625    .text               pccomapi.o
    0x0001a61c   0x000002f8   Code   RO          643    .text               lifttableapi.o
    0x0001a914   0x00000834   Code   RO          657    .text               selectkeyapi.o
    0x0001b148   0x000031f0   Code   RO          669    .text               channelapi.o
    0x0001e338   0x000010b8   Code   RO          690    .text               changerapi.o
    0x0001f3f0   0x000004bc   Code   RO          709    .text               readerapi.o
    0x0001f8ac   0x00001068   Code   RO          721    .text               zhihuiapi.o
    0x00020914   0x0000180c   Code   RO          744    .text               gprsapi.o
    0x00022120   0x00002788   Code   RO          763    .text               hefanguiapi.o
    0x000248a8   0x00000518   Code   RO          784    .text               colapi.o
    0x00024dc0   0x00000f14   Code   RO          812    .text               taskdevice.o
    0x00025cd4   0x00000104   Code   RO         1003    .text               mdb_uart2.o
    0x00025dd8   0x00000300   Code   RO         1018    .text               evb_uart2.o
    0x000260d8   0x00001bf4   Code   RO         1033    .text               billaccepter.o
    0x00027ccc   0x00000964   Code   RO         1052    .text               coinaccepter .o
    0x00028630   0x00000c88   Code   RO         1070    .text               mdbreader.o
    0x000292b8   0x00000734   Code   RO         1082    .text               lifttabledriver.o
    0x000299ec   0x00000094   Code   RO         1101    .text               acdcdriver.o
    0x00029a80   0x00000180   Code   RO         1115    .text               channeldriver.o
    0x00029c00   0x00000400   Code   RO         1133    .text               hopperdriver.o
    0x0002a000   0x000002f4   Code   RO         1156    .text               mdbchanger.o
    0x0002a2f4   0x00000f5c   Code   RO         1189    .text               taskuart3device.o
    0x0002b250   0x00001ab8   Code   RO         1380    .text               zhihuipc.o
    0x0002cd08   0x00005ba4   Code   RO         1403    .text               ubprotocol.o
    0x000328ac   0x00001fc8   Code   RO         1420    .text               vmc_gprs_pc.o
    0x00034874   0x00001904   Code   RO         1444    .text               ubprotocol_simple.o
    0x00036178   0x000003d0   Code   RO         1463    .text               selectkey.o
    0x00036548   0x00000354   Code   RO         1648    .text               taskuart1device.o
    0x0003689c   0x00000358   Code   RO         1664    .text               xmt.o
    0x00036bf4   0x0000034c   Code   RO         1683    .text               hefangui.o
    0x00036f40   0x00001444   Code   RO         1699    .text               fs_billchanger.o
    0x00038384   0x000003dc   Code   RO         1726    .text               uart2.o
    0x00038760   0x000001d0   Code   RO         1742    .text               uart0.o
    0x00038930   0x00000234   Code   RO         1758    .text               uart1.o
    0x00038b64   0x000001f8   Code   RO         1774    .text               uart3.o
    0x00038d5c   0x0000010c   Code   RO         1790    .text               rtc.o
    0x00038e68   0x000003cc   Code   RO         1802    .text               i2c.o
    0x00039234   0x00001144   Code   RO         1817    .text               lcd.o
    0x0003a378   0x00000584   Code   RO         1838    .text               key.o
    0x0003a8fc   0x00000308   Code   RO         1855    .text               pcoin.o
    0x0003ac04   0x00000344   Code   RO         1871    .text               timer.o
    0x0003af48   0x00000070   Code   RO         1887    .text               buzzer.o
    0x0003afb8   0x0000039c   Code   RO         1899    .text               at45db161d.o
    0x0003b354   0x0000013c   Code   RO         1911    .text               gprs_uart.o
    0x0003b490   0x000000f0   Code   RO         1927    .text               os_cpu_c.o
    0x0003b580   0x00000740   Code   RO         2112    .text               os_core.o
    0x0003bcc0   0x00000674   Code   RO         2144    .text               os_flag.o
    0x0003c334   0x00000300   Code   RO         2163    .text               os_mbox.o
    0x0003c634   0x00000180   Code   RO         2175    .text               os_mem.o
    0x0003c7b4   0x00000194   Code   RO         2187    .text               os_time.o
    0x0003c948   0x000005fc   Code   RO         2199    .text               os_task.o
    0x0003cf44   0x00000288   Code   RO         2211    .text               os_sem.o
    0x0003d1cc   0x000004ec   Code   RO         2223    .text               os_q.o
    0x0003d6b8   0x00000078   Code   RO         2247    .text               lpc1700pincfg.o
    0x0003d730   0x000001a4   Code   RO         2425    .text               target.o
    0x0003d8d4   0x000006de   Code   RO         2450    .text               zy_if.o
    0x0003dfb2   0x00000086   Code   RO         2465    .text               rt_sys_c.o
    0x0003e038   0x000033b4   Code   RO         2654    .text               taskuart0device.o
    0x000413ec   0x00000002   Code   RO         2844    .text               uCOS-II hook.lib(osinithookbegin.o)(uCOS-II hook.lib)
    0x000413ee   0x00000002   Code   RO         2905    .text               uCOS-II hook.lib(osinithookend.o)(uCOS-II hook.lib)
    0x000413f0   0x00000004   Code   RO         2917    .text               uCOS-II hook.lib(ostaskcreatehook.o)(uCOS-II hook.lib)
    0x000413f4   0x00000004   Code   RO         2929    .text               uCOS-II hook.lib(ostaskdelhook.o)(uCOS-II hook.lib)
    0x000413f8   0x00000002   Code   RO         2941    .text               uCOS-II hook.lib(ostaskidlehook.o)(uCOS-II hook.lib)
    0x000413fa   0x00000002   Code   RO         2953    .text               uCOS-II hook.lib(ostaskstathook.o)(uCOS-II hook.lib)
    0x000413fc   0x00000002   Code   RO         2965    .text               uCOS-II hook.lib(ostaskswhook.o)(uCOS-II hook.lib)
    0x000413fe   0x00000004   Code   RO         2977    .text               uCOS-II hook.lib(ostcbinithook.o)(uCOS-II hook.lib)
    0x00041402   0x00000002   Code   RO         2989    .text               uCOS-II hook.lib(ostimetickhook.o)(uCOS-II hook.lib)
    0x00041404   0x00000002   Code   RO         3003    .text               c_w.l(use_no_semi.o)(c_w.l)
    0x00041406   0x00000064   Code   RO         3009    .text               c_w.l(h1_alloc.o)(c_w.l)
    0x0004146a   0x0000004e   Code   RO         3011    .text               c_w.l(h1_free.o)(c_w.l)
    0x000414b8   0x00000024   Code   RO         3067    .text               c_w.l(c89vsprintf.o)(c_w.l)
    0x000414dc   0x0000002c   Code   RO         3069    .text               c_w.l(__2sprintf.o)(c_w.l)
    0x00041508   0x00000038   Code   RO         3071    .text               c_w.l(__2snprintf.o)(c_w.l)
    0x00041540   0x00000050   Code   RO         3079    .text               c_w.l(_printf_pad.o)(c_w.l)
    0x00041590   0x00000052   Code   RO         3081    .text               c_w.l(_printf_str.o)(c_w.l)
    0x000415e2   0x00000002   PAD
    0x000415e4   0x00000074   Code   RO         3083    .text               c_w.l(_printf_dec.o)(c_w.l)
    0x00041658   0x0000009c   Code   RO         3103    .text               c_w.l(_printf_hex_int_ll_ptr.o)(c_w.l)
    0x000416f4   0x0000019c   Code   RO         3121    .text               c_w.l(__printf_flags_ss_wp.o)(c_w.l)
    0x00041890   0x00000024   Code   RO         3129    .text               c_w.l(strncat.o)(c_w.l)
    0x000418b4   0x00000024   Code   RO         3131    .text               c_w.l(strstr.o)(c_w.l)
    0x000418d8   0x00000048   Code   RO         3133    .text               c_w.l(strcpy.o)(c_w.l)
    0x00041920   0x0000003e   Code   RO         3135    .text               c_w.l(strlen.o)(c_w.l)
    0x0004195e   0x0000008c   Code   RO         3137    .text               c_w.l(strncmp.o)(c_w.l)
    0x000419ea   0x00000018   Code   RO         3139    .text               c_w.l(strcat.o)(c_w.l)
    0x00041a02   0x0000008a   Code   RO         3141    .text               c_w.l(rt_memcpy_v6.o)(c_w.l)
    0x00041a8c   0x00000064   Code   RO         3143    .text               c_w.l(rt_memcpy_w.o)(c_w.l)
    0x00041af0   0x00000010   Code   RO         3145    .text               c_w.l(aeabi_memset.o)(c_w.l)
    0x00041b00   0x00000044   Code   RO         3147    .text               c_w.l(rt_memclr.o)(c_w.l)
    0x00041b44   0x0000004e   Code   RO         3149    .text               c_w.l(rt_memclr_w.o)(c_w.l)
    0x00041b92   0x00000056   Code   RO         3151    .text               c_w.l(strncpy.o)(c_w.l)
    0x00041be8   0x000001a0   Code   RO         3153    .text               c_w.l(mktime.o)(c_w.l)
    0x00041d88   0x0000000c   Code   RO         3164    .text               c_w.l(rt_heap_descriptor_intlibspace.o)(c_w.l)
    0x00041d94   0x00000004   Code   RO         3166    .text               c_w.l(hguard.o)(c_w.l)
    0x00041d98   0x0000008a   Code   RO         3168    .text               c_w.l(init_alloc.o)(c_w.l)
    0x00041e22   0x0000000e   Code   RO         3172    .text               c_w.l(h1_init.o)(c_w.l)
    0x00041e30   0x00000024   Code   RO         3186    .text               c_w.l(_printf_truncate.o)(c_w.l)
    0x00041e54   0x000000b4   Code   RO         3188    .text               c_w.l(_printf_intcommon.o)(c_w.l)
    0x00041f08   0x0000002a   Code   RO         3190    .text               c_w.l(_printf_charcount.o)(c_w.l)
    0x00041f32   0x00000002   PAD
    0x00041f34   0x00000030   Code   RO         3192    .text               c_w.l(_printf_char_common.o)(c_w.l)
    0x00041f64   0x0000000a   Code   RO         3194    .text               c_w.l(_sputc.o)(c_w.l)
    0x00041f6e   0x00000010   Code   RO         3196    .text               c_w.l(_snputc.o)(c_w.l)
    0x00041f7e   0x0000002c   Code   RO         3198    .text               c_w.l(_printf_char.o)(c_w.l)
    0x00041faa   0x00000002   PAD
    0x00041fac   0x000000bc   Code   RO         3200    .text               c_w.l(_printf_wctomb.o)(c_w.l)
    0x00042068   0x00000078   Code   RO         3203    .text               c_w.l(_printf_longlong_dec.o)(c_w.l)
    0x000420e0   0x00000078   Code   RO         3209    .text               c_w.l(_printf_oct_int_ll.o)(c_w.l)
    0x00042158   0x00000010   Code   RO         3231    .text               c_w.l(rtudiv10.o)(c_w.l)
    0x00042168   0x00000008   Code   RO         3278    .text               c_w.l(libspace.o)(c_w.l)
    0x00042170   0x00000032   Code   RO         3305    .text               c_w.l(h1_extend.o)(c_w.l)
    0x000421a2   0x0000008a   Code   RO         3309    .text               c_w.l(lludiv10.o)(c_w.l)
    0x0004222c   0x0000040e   Code   RO         3311    .text               c_w.l(_printf_fp_dec.o)(c_w.l)
    0x0004263a   0x0000002c   Code   RO         3315    .text               c_w.l(_printf_wchar.o)(c_w.l)
    0x00042666   0x00000040   Code   RO         3317    .text               c_w.l(_wcrtomb.o)(c_w.l)
    0x000426a6   0x0000000e   Code   RO         3319    .text               c_w.l(defsig_rtmem_outer.o)(c_w.l)
    0x000426b4   0x0000004c   Code   RO         3323    .text               c_w.l(heapauxa.o)(c_w.l)
    0x00042700   0x0000004a   Code   RO         3330    .text               c_w.l(sys_stackheap_outer.o)(c_w.l)
    0x0004274a   0x00000002   PAD
    0x0004274c   0x00000010   Code   RO         3332    .text               c_w.l(rt_ctype_table.o)(c_w.l)
    0x0004275c   0x0000000c   Code   RO         3339    .text               c_w.l(rt_locale_intlibspace.o)(c_w.l)
    0x00042768   0x0000007c   Code   RO         3343    .text               c_w.l(_printf_fp_infnan.o)(c_w.l)
    0x000427e4   0x000000ec   Code   RO         3345    .text               c_w.l(bigflt0.o)(c_w.l)
    0x000428d0   0x0000000c   Code   RO         3373    .text               c_w.l(exit.o)(c_w.l)
    0x000428dc   0x0000000a   Code   RO         3375    .text               c_w.l(defsig_exit.o)(c_w.l)
    0x000428e6   0x00000002   PAD
    0x000428e8   0x0000004c   Code   RO         3377    .text               c_w.l(defsig_rtmem_inner.o)(c_w.l)
    0x00042934   0x00000032   Code   RO         3406    .text               c_w.l(defsig_general.o)(c_w.l)
    0x00042966   0x00000002   PAD
    0x00042968   0x00000080   Code   RO         3408    .text               c_w.l(strcmpv7m.o)(c_w.l)
    0x000429e8   0x0000000c   Code   RO         3438    .text               c_w.l(rt_fp_status_addr_intlibspace.o)(c_w.l)
    0x000429f4   0x0000003e   Code   RO         3348    CL$$btod_d2e        c_w.l(btod.o)(c_w.l)
    0x00042a32   0x00000046   Code   RO         3350    CL$$btod_d2e_denorm_low  c_w.l(btod.o)(c_w.l)
    0x00042a78   0x00000060   Code   RO         3349    CL$$btod_d2e_norm_op1  c_w.l(btod.o)(c_w.l)
    0x00042ad8   0x00000338   Code   RO         3358    CL$$btod_div_common  c_w.l(btod.o)(c_w.l)
    0x00042e10   0x000000c6   Code   RO         3355    CL$$btod_e2e        c_w.l(btod.o)(c_w.l)
    0x00042ed6   0x00000028   Code   RO         3352    CL$$btod_ediv       c_w.l(btod.o)(c_w.l)
    0x00042efe   0x00000028   Code   RO         3351    CL$$btod_emul       c_w.l(btod.o)(c_w.l)
    0x00042f26   0x00000244   Code   RO         3357    CL$$btod_mult_common  c_w.l(btod.o)(c_w.l)
    0x0004316a   0x00000028   Code   RO         3393    i.__ARM_fpclassify  m_ws.l(fpclassify.o)(m_ws.l)
    0x00043192   0x00000002   PAD
    0x00043194   0x0000002c   Code   RO         3371    locale$$code        c_w.l(lc_numeric_c.o)(c_w.l)
    0x000431c0   0x0000002c   Code   RO         3402    locale$$code        c_w.l(lc_ctype_c.o)(c_w.l)
    0x000431ec   0x00000008   Code   RO         2650  * rt_sys              rt_sys_s.o
    0x000431f4   0x0000000e   Code   RO         3425    x$fpl$fpinit        fz_ws.l(fpinit.o)(fz_ws.l)
    0x00043202   0x00000004   Code   RO         3276    x$fpl$printf1       fz_ws.l(printf1.o)(fz_ws.l)
    0x00043206   0x00000000   Code   RO         3392    x$fpl$usenofp       fz_ws.l(usenofp.o)(fz_ws.l)
    0x00043206   0x00000002   PAD
    0x00043208   0x0000004f   Data   RO          213    .constdata          business.o
    0x00043257   0x00000001   PAD
    0x00043258   0x00001990   Data   RO          244    .constdata          maintain.o
    0x00044be8   0x00000014   Data   RO          268    .constdata          common.o
    0x00044bfc   0x00000560   Data   RO          303    .constdata          channel.o
    0x0004515c   0x000002e8   Data   RO          322    .constdata          lifttable.o
    0x00045444   0x000001a0   Data   RO          339    .constdata          acdc.o
    0x000455e4   0x00000069   Data   RO          626    .constdata          pccomapi.o
    0x0004564d   0x00000001   PAD
    0x0004564e   0x000000c0   Data   RO          671    .constdata          channelapi.o
    0x0004570e   0x00000002   PAD
    0x00045710   0x00000358   Data   RO          764    .constdata          hefanguiapi.o
    0x00045a68   0x00000046   Data   RO          813    .constdata          taskdevice.o
    0x00045aae   0x00000002   PAD
    0x00045ab0   0x00000042   Data   RO         1035    .constdata          billaccepter.o
    0x00045af2   0x00000002   PAD
    0x00045af4   0x0000004b   Data   RO         1190    .constdata          taskuart3device.o
    0x00045b3f   0x00000001   PAD
    0x00045b40   0x00000054   Data   RO         1381    .constdata          zhihuipc.o
    0x00045b94   0x00000090   Data   RO         1404    .constdata          ubprotocol.o
    0x00045c24   0x0000012e   Data   RO         1422    .constdata          vmc_gprs_pc.o
    0x00045d52   0x00000002   PAD
    0x00045d54   0x0000006a   Data   RO         1700    .constdata          fs_billchanger.o
    0x00045dbe   0x0000b382   Data   RO         1818    .constdata          lcd.o
    0x00051140   0x00000010   Data   RO         1840    .constdata          key.o
    0x00051150   0x00000108   Data   RO         2114    .constdata          os_core.o
    0x00051258   0x00000028   Data   RO         3104    .constdata          c_w.l(_printf_hex_int_ll_ptr.o)(c_w.l)
    0x00051280   0x00000011   Data   RO         3122    .constdata          c_w.l(__printf_flags_ss_wp.o)(c_w.l)
    0x00051291   0x00000003   PAD
    0x00051294   0x00000008   Data   RO         3201    .constdata          c_w.l(_printf_wctomb.o)(c_w.l)
    0x0005129c   0x0000000c   Data   RO         3230    .constdata          c_w.l(_monlen.o)(c_w.l)
    0x000512a8   0x00000094   Data   RO         3346    .constdata          c_w.l(bigflt0.o)(c_w.l)
    0x0005133c   0x00002d37   Data   RO          245    .conststring        maintain.o
    0x00054073   0x00000dd5   Data   RO          288    .conststring        language.o
    0x00054e48   0x00000acf   Data   RO          304    .conststring        channel.o
    0x00055917   0x0000062f   Data   RO          323    .conststring        lifttable.o
    0x00055f46   0x000001fc   Data   RO          340    .conststring        acdc.o
    0x00056142   0x0000035e   Data   RO          765    .conststring        hefanguiapi.o
    0x000564a0   0x00000040   Data   RO         3461    Region$$Table       anon$$obj.o
    0x000564e0   0x0000001c   Data   RO         3370    locale$$data        c_w.l(lc_numeric_c.o)(c_w.l)
    0x000564fc   0x00000110   Data   RO         3401    locale$$data        c_w.l(lc_ctype_c.o)(c_w.l)


    Execution Region SRAM (Base: 0x10000000, Size: 0x00006a48, Max: 0xffffffff, ABSOLUTE, COMPRESSED[0x00000394])

    Base Addr    Size         Type   Attr      Idx    E Section Name        Object

    0x10000000   0x00000011   Data   RW            3    .data               main.o
    0x10000011   0x00000003   PAD
    0x10000014   0x00000038   Data   RW          214    .data               business.o
    0x1000004c   0x0000002c   Data   RW          246    .data               maintain.o
    0x10000078   0x000000a8   Data   RW          269    .data               common.o
    0x10000120   0x00000570   Data   RW          289    .data               language.o
    0x10000690   0x00000008   Data   RW          324    .data               lifttable.o
    0x10000698   0x00000007   Data   RW          341    .data               acdc.o
    0x1000069f   0x00000005   Data   RW          570    .data               checkdevicestate.o
    0x100006a4   0x00000002   Data   RW          627    .data               pccomapi.o
    0x100006a6   0x00000001   Data   RW          644    .data               lifttableapi.o
    0x100006a7   0x00000001   Data   RW          691    .data               changerapi.o
    0x100006a8   0x00000002   Data   RW          722    .data               zhihuiapi.o
    0x100006aa   0x00000002   Data   RW          766    .data               hefanguiapi.o
    0x100006ac   0x00000004   Data   RW          785    .data               colapi.o
    0x100006b0   0x00000004   Data   RW         1004    .data               mdb_uart2.o
    0x100006b4   0x00000010   Data   RW         1019    .data               evb_uart2.o
    0x100006c4   0x0000000a   Data   RW         1036    .data               billaccepter.o
    0x100006ce   0x00000002   Data   RW         1054    .data               coinaccepter .o
    0x100006d0   0x00000001   Data   RW         1102    .data               acdcdriver.o
    0x100006d1   0x00000005   Data   RW         1116    .data               channeldriver.o
    0x100006d6   0x00000001   Data   RW         1135    .data               hopperdriver.o
    0x100006d7   0x00000003   Data   RW         1382    .data               zhihuipc.o
    0x100006da   0x00000003   Data   RW         1405    .data               ubprotocol.o
    0x100006dd   0x00000003   Data   RW         1423    .data               vmc_gprs_pc.o
    0x100006e0   0x00000002   Data   RW         1445    .data               ubprotocol_simple.o
    0x100006e2   0x00000014   Data   RW         1465    .data               selectkey.o
    0x100006f6   0x00000002   PAD
    0x100006f8   0x0000002c   Data   RW         1701    .data               fs_billchanger.o
    0x10000724   0x00000005   Data   RW         1728    .data               uart2.o
    0x10000729   0x00000002   Data   RW         1744    .data               uart0.o
    0x1000072b   0x00000002   Data   RW         1759    .data               uart1.o
    0x1000072d   0x00000002   Data   RW         1776    .data               uart3.o
    0x1000072f   0x00000001   PAD
    0x10000730   0x00000016   Data   RW         1803    .data               i2c.o
    0x10000746   0x00000002   PAD
    0x10000748   0x0000000d   Data   RW         1841    .data               key.o
    0x10000755   0x00000003   PAD
    0x10000758   0x00000018   Data   RW         1857    .data               pcoin.o
    0x10000770   0x00000001   Data   RW         1872    .data               timer.o
    0x10000771   0x00000003   PAD
    0x10000774   0x00000004   Data   RW         1912    .data               gprs_uart.o
    0x10000778   0x00000004   Data   RW         1928    .data               os_cpu_c.o
    0x1000077c   0x0000004c   Data   RW         2115    .data               os_core.o
    0x100007c8   0x00000024   Data   RW         2656    .data               taskuart0device.o
    0x100007ec   0x00000004   Data   RW         3324    .data               c_w.l(heapauxa.o)(c_w.l)
    0x100007f0   0x00003ffc   Zero   RW            2    .bss                main.o
    0x100047ec   0x00000628   Zero   RW          267    .bss                common.o
    0x10004e14   0x00000014   Zero   RW          585    .bss                logapi.o
    0x10004e28   0x00000144   Zero   RW          670    .bss                channelapi.o
    0x10004f6c   0x00000034   Zero   RW          745    .bss                gprsapi.o
    0x10004fa0   0x00000040   Zero   RW         1034    .bss                billaccepter.o
    0x10004fe0   0x0000004a   Zero   RW         1053    .bss                coinaccepter .o
    0x1000502a   0x0000009c   Zero   RW         1083    .bss                lifttabledriver.o
    0x100050c6   0x00000002   PAD
    0x100050c8   0x0000003c   Zero   RW         1134    .bss                hopperdriver.o
    0x10005104   0x0000000a   Zero   RW         1421    .bss                vmc_gprs_pc.o
    0x1000510e   0x00000021   Zero   RW         1464    .bss                selectkey.o
    0x1000512f   0x00000001   PAD
    0x10005130   0x00000138   Zero   RW         1665    .bss                xmt.o
    0x10005268   0x00000080   Zero   RW         1684    .bss                hefangui.o
    0x100052e8   0x00000024   Zero   RW         1727    .bss                uart2.o
    0x1000530c   0x00000080   Zero   RW         1743    .bss                uart0.o
    0x1000538c   0x00000100   Zero   RW         1775    .bss                uart3.o
    0x1000548c   0x0000000c   Zero   RW         1839    .bss                key.o
    0x10005498   0x00000084   Zero   RW         1856    .bss                pcoin.o
    0x1000551c   0x000014b8   Zero   RW         2113    .bss                os_core.o
    0x100069d4   0x00000014   Zero   RW         2655    .bss                taskuart0device.o
    0x100069e8   0x00000060   Zero   RW         3279    .bss                c_w.l(libspace.o)(c_w.l)


    Execution Region RAM2 (Base: 0x2007c000, Size: 0x00004c5c, Max: 0x00008000, ABSOLUTE)

    Base Addr    Size         Type   Attr      Idx    E Section Name        Object

    0x2007c000   0x00000006   Data   RW          787    RAM2                colapi.o
    0x2007c006   0x00000002   PAD
    0x2007c008   0x000000d8   Zero   RW          270    RAM2                common.o
    0x2007c0e0   0x00000cc0   Zero   RW          672    RAM2                channelapi.o
    0x2007cda0   0x000002d8   Zero   RW          723    RAM2                zhihuiapi.o
    0x2007d078   0x000014b4   Zero   RW          767    RAM2                hefanguiapi.o
    0x2007e52c   0x00000088   Zero   RW          786    RAM2                colapi.o
    0x2007e5b4   0x00000690   Zero   RW         1406    RAM2                ubprotocol.o
    0x2007ec44   0x0000040c   Zero   RW         1446    RAM2                ubprotocol_simple.o
    0x2007f050   0x00000488   Zero   RW         1702    RAM2                fs_billchanger.o
    0x2007f4d8   0x00000100   Zero   RW         1760    RAM2                uart1.o
    0x2007f5d8   0x00001684   Zero   RW         2657    RAM2                taskuart0device.o


    Execution Region HEAP (Base: 0x20080c5c, Size: 0x00000000, Max: 0xffffffff, ABSOLUTE, UNINIT)

    Base Addr    Size         Type   Attr      Idx    E Section Name        Object

    0x20080c5c   0x00000000   Zero   RW         2651    Heap                rt_sys_s.o


==============================================================================

Image component sizes


      Code (inc. data)   RO Data    RW Data    ZI Data      Debug   Object Name

      7832        586        924          7          0          0   acdc.o
      1032        198          0          0          0          0   acdcapi.o
       148         52          0          1          0          0   acdcdriver.o
       924         22          0          0          0          0   at45db161d.o
      7156       1942         66         10         64          0   billaccepter.o
      1076        198          0          0          0          0   billaccepterapi.o
     17560       1666         79         56          0          0   business.o
       112          4          0          0          0          0   buzzer.o
      4280        768          0          1          0          0   changerapi.o
     15820       1134       4143          0          0          0   channel.o
     12784        390        192          0       3588          0   channelapi.o
       384          8          0          5          0          0   channeldriver.o
      1784        396          0          5          0          0   checkdevicestate.o
      2404        556          0          2         74          0   coinaccepter .o
       412         90          0          0          0          0   coinaccepterapi .o
      1304        112          0         10        136          0   colapi.o
      8736        430         20        168       1792          0   common.o
       768        108          0         16          0          0   evb_uart2.o
      5188       1368        106         44       1160          0   fs_billchanger.o
       316         10          0          4          0          0   gprs_uart.o
      6156       1572          0          0         52          0   gprsapi.o
       844        110          0          0        128          0   hefangui.o
     10120        370       1718          2       5300          0   hefanguiapi.o
      1024        152          0          1         60          0   hopperdriver.o
       972         44          0         22          0          0   i2c.o
      1412        120         16         13         12          0   key.o
         0          0       3541       1392          0          0   language.o
      4420         86      45954          0          0          0   lcd.o
      4628        726       2327          8          0          0   lifttable.o
       760        136          0          1          0          0   lifttableapi.o
      1844         90          0          0        156          0   lifttabledriver.o
      2228        114          0          0         20          0   logapi.o
       120         32          0          0          0          0   lpc1700pincfg.o
       400         64          0         17      16380          0   main.o
     36956       3182      18119         44          0          0   maintain.o
       260         14          0          4          0          0   mdb_uart2.o
       756        230          0          0          0          0   mdbchanger.o
      3208       1426          0          0          0          0   mdbreader.o
      1856        140        264         76       5304          0   os_core.o
       538         80          0          4          0          0   os_cpu_c.o
      1652         30          0          0          0          0   os_flag.o
       768         14          0          0          0          0   os_mbox.o
       384          8          0          0          0          0   os_mem.o
      1260         24          0          0          0          0   os_q.o
       648         12          0          0          0          0   os_sem.o
      1532         64          0          0          0          0   os_task.o
       404         20          0          0          0          0   os_time.o
      7816       1564        105          2          0          0   pccomapi.o
       776        102          0         24        132          0   pcoin.o
      1212        254          0          0          0          0   readerapi.o
       134          0          0          0          0          0   rt_sys_c.o
         8          4          0          0          0          0   rt_sys_s.o
       268         20          0          0          0          0   rtc.o
       976        220          0         20         33          0   selectkey.o
      2100        158          0          0          0          0   selectkeyapi.o
       420         56          0          0          0          0   target.o
      3860        862         70          0          0          0   taskdevice.o
     13236        366          0         36       5784          0   taskuart0device.o
       852        222          0          0          0          0   taskuart1device.o
      3932       1404         75          0          0          0   taskuart3device.o
       836         58          0          1          0          0   timer.o
       684          4          0          0          0          0   traceapi.o
       152         28          0          0          0          0   tuibiapi.o
       464         22          0          2        128          0   uart0.o
       564         28          0          2        256          0   uart1.o
       988         40          0          5         36          0   uart2.o
       504         24          0          2        256          0   uart3.o
     23460       1436        144          3       1680          0   ubprotocol.o
      6404       1156          0          2       1036          0   ubprotocol_simple.o
         0          0        204          0          0          0   vector_table.o
      8136       1986        302          3         10          0   vmc_gprs_pc.o
       856         86          0          0        312          0   xmt.o
      4200        710          0          2        728          0   zhihuiapi.o
      6840        942         84          3          0          0   zhihuipc.o
      1758         22          0          0          0          0   zy_if.o

    ----------------------------------------------------------------------
    266608      30672      78528       2036      44620          0   Object Totals
         0          0         64          0          0          0   (incl. Generated)
         2          0         11         16          3          3   (incl. Padding)

    ----------------------------------------------------------------------

      Code (inc. data)   RO Data    RW Data    ZI Data      Debug   Library Member Name

        56          6          0          0          0          0   __2snprintf.o
        44          6          0          0          0          0   __2sprintf.o
       100          0          0          0          0          0   __dclz77c.o
         8          0          0          0          0          0   __main.o
       412          6         17          0          0          0   __printf_flags_ss_wp.o
        52          8          0          0          0          0   __scatter.o
        26          0          0          0          0          0   __scatter_copy.o
        28          0          0          0          0          0   __scatter_zi.o
         0          0         12          0          0          0   _monlen.o
         6          0          0          0          0          0   _printf_a.o
         6          0          0          0          0          0   _printf_c.o
        44          0          0          0          0          0   _printf_char.o
        48          6          0          0          0          0   _printf_char_common.o
        42          0          0          0          0          0   _printf_charcount.o
         6          0          0          0          0          0   _printf_d.o
       116         18          0          0          0          0   _printf_dec.o
         6          0          0          0          0          0   _printf_e.o
         6          0          0          0          0          0   _printf_f.o
      1038          0          0          0          0          0   _printf_fp_dec.o
       124         16          0          0          0          0   _printf_fp_infnan.o
         6          0          0          0          0          0   _printf_g.o
       156          6         40          0          0          0   _printf_hex_int_ll_ptr.o
         6          0          0          0          0          0   _printf_i.o
       180          0          0          0          0          0   _printf_intcommon.o
        10          0          0          0          0          0   _printf_l.o
         6          0          0          0          0          0   _printf_lc.o
        10          0          0          0          0          0   _printf_ll.o
         6          0          0          0          0          0   _printf_lld.o
         6          0          0          0          0          0   _printf_lli.o
         6          0          0          0          0          0   _printf_llo.o
         6          0          0          0          0          0   _printf_llu.o
         6          0          0          0          0          0   _printf_llx.o
       120         16          0          0          0          0   _printf_longlong_dec.o
         6          0          0          0          0          0   _printf_ls.o
         6          0          0          0          0          0   _printf_n.o
         6          0          0          0          0          0   _printf_o.o
       120          8          0          0          0          0   _printf_oct_int_ll.o
         6          0          0          0          0          0   _printf_p.o
        80          0          0          0          0          0   _printf_pad.o
         0          0          0          0          0          0   _printf_percent.o
         4          0          0          0          0          0   _printf_percent_end.o
         6          0          0          0          0          0   _printf_s.o
        82          0          0          0          0          0   _printf_str.o
        36          0          0          0          0          0   _printf_truncate.o
         6          0          0          0          0          0   _printf_u.o
        44          0          0          0          0          0   _printf_wchar.o
       188          6          8          0          0          0   _printf_wctomb.o
         6          0          0          0          0          0   _printf_x.o
        16          0          0          0          0          0   _snputc.o
        10          0          0          0          0          0   _sputc.o
        64          0          0          0          0          0   _wcrtomb.o
        16          0          0          0          0          0   aeabi_memset.o
       236          6        148          0          0          0   bigflt0.o
      1910        128          0          0          0          0   btod.o
        36          4          0          0          0          0   c89vsprintf.o
        10          0          0          0          0          0   defsig_exit.o
        50          0          0          0          0          0   defsig_general.o
        76         56          0          0          0          0   defsig_rtmem_inner.o
        14          0          0          0          0          0   defsig_rtmem_outer.o
        12          0          0          0          0          0   exit.o
       100          0          0          0          0          0   h1_alloc.o
        50          0          0          0          0          0   h1_extend.o
        78          0          0          0          0          0   h1_free.o
        14          0          0          0          0          0   h1_init.o
        76         10          0          4          0          0   heapauxa.o
         4          0          0          0          0          0   hguard.o
       138          0          0          0          0          0   init_alloc.o
        44         10        272          0          0          0   lc_ctype_c.o
        44         10         28          0          0          0   lc_numeric_c.o
         6          0          0          0          0          0   libinit.o
        38          0          0          0          0          0   libinit2.o
         2          0          0          0          0          0   libshutdown.o
         2          0          0          0          0          0   libshutdown2.o
         8          4          0          0         96          0   libspace.o
       138          0          0          0          0          0   lludiv10.o
         0          0          0          0          0          0   maybetermalloc1.o
       416          8          0          0          0          0   mktime.o
        16          4          0          0          0          0   rt_ctype_table.o
        12          4          0          0          0          0   rt_fp_status_addr_intlibspace.o
        12          4          0          0          0          0   rt_heap_descriptor_intlibspace.o
        12          4          0          0          0          0   rt_locale_intlibspace.o
        68          0          0          0          0          0   rt_memclr.o
        78          0          0          0          0          0   rt_memclr_w.o
       138          0          0          0          0          0   rt_memcpy_v6.o
       100          0          0          0          0          0   rt_memcpy_w.o
         0          0          0          0          0          0   rtentry.o
        12          0          0          0          0          0   rtentry2.o
         6          0          0          0          0          0   rtentry4.o
         2          0          0          0          0          0   rtexit.o
        10          0          0          0          0          0   rtexit2.o
        16          0          0          0          0          0   rtudiv10.o
        24          0          0          0          0          0   strcat.o
       128          0          0          0          0          0   strcmpv7m.o
        72          0          0          0          0          0   strcpy.o
        62          0          0          0          0          0   strlen.o
        36          0          0          0          0          0   strncat.o
       140          0          0          0          0          0   strncmp.o
        86          0          0          0          0          0   strncpy.o
        36          0          0          0          0          0   strstr.o
        74          0          0          0          0          0   sys_stackheap_outer.o
         2          0          0          0          0          0   use_no_semi.o
        14          0          0          0          0          0   fpinit.o
         4          0          0          0          0          0   printf1.o
         0          0          0          0          0          0   usenofp.o
        40          0          0          0          0          0   fpclassify.o
         2          0          0          0          0          0   osinithookbegin.o
         2          0          0          0          0          0   osinithookend.o
         4          0          0          0          0          0   ostaskcreatehook.o
         4          0          0          0          0          0   ostaskdelhook.o
         2          0          0          0          0          0   ostaskidlehook.o
         2          0          0          0          0          0   ostaskstathook.o
         2          0          0          0          0          0   ostaskswhook.o
         4          0          0          0          0          0   ostcbinithook.o
         2          0          0          0          0          0   ostimetickhook.o

    ----------------------------------------------------------------------
      8140        354        528          4         96          0   Library Totals
        20          0          3          0          0          0   (incl. Padding)

    ----------------------------------------------------------------------

      Code (inc. data)   RO Data    RW Data    ZI Data      Debug   Library Name

      8038        354        525          4         96       6056   c_w.l
        18          0          0          0          0        144   fz_ws.l
        40          0          0          0          0         68   m_ws.l
        24          0          0          0          0      11506   uCOS-II hook.lib

    ----------------------------------------------------------------------
      8140        354        528          4         96          0   Library Totals

    ----------------------------------------------------------------------

==============================================================================


      Code (inc. data)   RO Data    RW Data    ZI Data      Debug   

    274748      31026      79056       2040      44716     739032   Grand Totals
    274748      31026      79056        924      44716     739032   ELF Image Totals (compressed)
    274748      31026      79056        924          0          0   ROM Totals

==============================================================================

    Total RO  Size (Code + RO Data)               353804 ( 345.51kB)
    Total RW  Size (RW Data + ZI Data)             46756 (  45.66kB)
    Total ROM Size (Code + RO Data + RW Data)     354728 ( 346.41kB)

==============================================================================

