ARM Linker, 4.1 [Build 481] [Standard]

==============================================================================

Section Cross References

    main.o(.text) refers to lcd.o(.text) for LCDPutLOGOBmp
    main.o(.text) refers to key.o(.text) for InitKeyboard
    main.o(.text) refers to uart0.o(.text) for InitUart0
    main.o(.text) refers to uart1.o(.text) for InitUart1
    main.o(.text) refers to uart2.o(.text) for InitUart2
    main.o(.text) refers to uart3.o(.text) for InitUart3
    main.o(.text) refers to buzzer.o(.text) for InitBuzzer
    main.o(.text) refers to timer.o(.text) for InitTimer
    main.o(.text) refers to rtc.o(.text) for InitRtc
    main.o(.text) refers to at45db161d.o(.text) for InitAT45DB
    main.o(.text) refers to common.o(.text) for LoadDefaultSystemPara
    main.o(.text) refers to os_task.o(.text) for OSTaskCreate
    main.o(.text) refers to os_time.o(.text) for OSTimeDly
    main.o(.text) refers to taskuart0device.o(.text) for pcControlInit
    main.o(.text) refers to coinaccepterapi .o(.text) for CoinDevInitAPI
    main.o(.text) refers to billaccepterapi.o(.text) for BillDevInitAPI
    main.o(.text) refers to changerapi.o(.text) for ChangerDevInitAPI
    main.o(.text) refers to readerapi.o(.text) for ReaderDevInitAPI
    main.o(.text) refers to channelapi.o(.text) for ChannelGetFlashData
    main.o(.text) refers to os_sem.o(.text) for OSSemPend
    main.o(.text) refers to logapi.o(.text) for ReadLogAPI
    main.o(.text) refers to rt_memclr_w.o(.text) for __aeabi_memclr4
    main.o(.text) refers to selectkeyapi.o(.text) for SelectInitAPI
    main.o(.text) refers to pccomapi.o(.text) for PCInitAPI
    main.o(.text) refers to business.o(.text) for BusinessProcess
    main.o(.text) refers to target.o(.text) for targetInit
    main.o(.text) refers to lpc1700pincfg.o(.text) for pinInit
    main.o(.text) refers to os_core.o(.text) for OSInit
    main.o(.text) refers to main.o(.bss) for SystemPara
    main.o(.text) refers to taskdevice.o(.text) for Uart2TaskDevice
    main.o(.text) refers to common.o(.data) for g_DeviceSem
    main.o(.text) refers to taskuart1device.o(.text) for Uart1TaskDevice
    main.o(.text) refers to taskuart3device.o(.text) for Uart3TaskDevice
    business.o(.text) refers to _printf_percent.o(.ARM.Collect$$_printf_percent$$00000000) for _printf_percent
    business.o(.text) refers to _printf_d.o(.ARM.Collect$$_printf_percent$$00000009) for _printf_d
    business.o(.text) refers to _printf_dec.o(.text) for _printf_int_dec
    business.o(.text) refers to _printf_pad.o(.text) for _printf_pre_padding
    business.o(.text) refers to _printf_s.o(.ARM.Collect$$_printf_percent$$00000014) for _printf_s
    business.o(.text) refers to _printf_str.o(.text) for _printf_str
    business.o(.text) refers to lcd.o(.text) for LCDDrawLine
    business.o(.text) refers to strlen.o(.text) for strlen
    business.o(.text) refers to rt_memclr_w.o(.text) for __aeabi_memclr4
    business.o(.text) refers to rtc.o(.text) for RTCReadTime
    business.o(.text) refers to os_time.o(.text) for OSTimeDly
    business.o(.text) refers to strcpy.o(.text) for strcpy
    business.o(.text) refers to __2sprintf.o(.text) for __2sprintf
    business.o(.text) refers to main.o(.bss) for SystemPara
    business.o(.text) refers to main.o(.data) for RTCData
    business.o(.text) refers to business.o(.data) for vmcChangeLow
    business.o(.text) refers to language.o(.data) for BUSINESSERROR
    business.o(.text) refers to xmt.o(.bss) for sysXMTMission
    business.o(.text) refers to os_mbox.o(.text) for OSMboxAccept
    business.o(.text) refers to strcat.o(.text) for strcat
    business.o(.text) refers to channelapi.o(.text) for ChannelCheckIsOk
    business.o(.text) refers to pccomapi.o(.text) for ButtonRPTAPI
    business.o(.text) refers to common.o(.data) for g_CoinMoneyBackMail
    business.o(.text) refers to traceapi.o(.text) for TracePC
    business.o(.text) refers to billaccepterapi.o(.text) for BillDevEnableAPI
    business.o(.text) refers to checkdevicestate.o(.text) for SetBillCoinStatus
    business.o(.text) refers to coinaccepterapi .o(.text) for CoinDevEnableAPI
    business.o(.text) refers to readerapi.o(.text) for ReaderDevEnableAPI
    business.o(.text) refers to common.o(.bss) for DeviceStateBusiness
    business.o(.text) refers to logapi.o(.text) for LogGetMoneyAPI
    business.o(.text) refers to business.o(.constdata) for .constdata
    business.o(.text) refers to changerapi.o(.text) for ChangerDevPayoutAPI
    business.o(.text) refers to selectkeyapi.o(.text) for SaleSelectionKeyAPI
    business.o(.text) refers to channel.o(.text) for ChannelAPIProcess
    business.o(.text) refers to uart0.o(.text) for Trace
    business.o(.text) refers to mdb_uart2.o(.text) for MdbBusHardwareReset
    business.o(.text) refers to key.o(.text) for ReadMaintainKeyValue
    business.o(.text) refers to taskuart0device.o(.text) for mainTaskPollPC
[...]
    zyThreadDelay                            0x0003b7b1   Thumb Code    46  zy_if.o(.text)
    zySemCreate                              0x0003b7df   Thumb Code    34  zy_if.o(.text)
    zySemDel                                 0x0003b801   Thumb Code    62  zy_if.o(.text)
    zySemAccept                              0x0003b83f   Thumb Code    12  zy_if.o(.text)
    zySemPend                                0x0003b84b   Thumb Code    88  zy_if.o(.text)
    zySemPost                                0x0003b8a3   Thumb Code    56  zy_if.o(.text)
    zyMsgCreate                              0x0003b8db   Thumb Code   122  zy_if.o(.text)
    zyMsgDel                                 0x0003b955   Thumb Code    40  zy_if.o(.text)
    zyMsgAccept                              0x0003b97d   Thumb Code    58  zy_if.o(.text)
    zyMsgPend                                0x0003b9b7   Thumb Code   130  zy_if.o(.text)
    zyMsgPost                                0x0003ba39   Thumb Code   150  zy_if.o(.text)
    _sys_exit                                0x0003bacf   Thumb Code     4  rt_sys_c.o(.text)
    _ttywrch                                 0x0003bad3   Thumb Code     2  rt_sys_c.o(.text)
    _sys_open                                0x0003bad5   Thumb Code     8  rt_sys_c.o(.text)
    _sys_close                               0x0003badd   Thumb Code     8  rt_sys_c.o(.text)
    _sys_read                                0x0003bae5   Thumb Code    10  rt_sys_c.o(.text)
    _sys_write                               0x0003baef   Thumb Code    10  rt_sys_c.o(.text)
    _sys_ensure                              0x0003baf9   Thumb Code     6  rt_sys_c.o(.text)
    _sys_flen                                0x0003baff   Thumb Code     8  rt_sys_c.o(.text)
    _sys_seek                                0x0003bb07   Thumb Code     8  rt_sys_c.o(.text)
    _sys_istty                               0x0003bb0f   Thumb Code     8  rt_sys_c.o(.text)
    _sys_tmpnam                              0x0003bb17   Thumb Code     6  rt_sys_c.o(.text)
    _sys_command_string                      0x0003bb1d   Thumb Code     6  rt_sys_c.o(.text)
    clock                                    0x0003bb23   Thumb Code     4  rt_sys_c.o(.text)
    time                                     0x0003bb27   Thumb Code    24  rt_sys_c.o(.text)
    remove                                   0x0003bb3f   Thumb Code     8  rt_sys_c.o(.text)
    rename                                   0x0003bb47   Thumb Code     8  rt_sys_c.o(.text)
    system                                   0x0003bb4f   Thumb Code     6  rt_sys_c.o(.text)
    pcEncodAmount                            0x0003bb55   Thumb Code    88  taskuart0device.o(.text)
    pcPost                                   0x0003c07f   Thumb Code    26  taskuart0device.o(.text)
    pcShcReq                                 0x0003ce97   Thumb Code    26  taskuart0device.o(.text)
    SystemDatasBroadcast                     0x0003ead5   Thumb Code   110  taskuart0device.o(.text)
    sysBoardCastCheckTask                    0x0003eb43   Thumb Code    48  taskuart0device.o(.text)
    enterPCControl                           0x0003eb73   Thumb Code   226  taskuart0device.o(.text)
    pcControlInit                            0x0003ec55   Thumb Code    76  taskuart0device.o(.text)
    vmcPost                                  0x0003eca1   Thumb Code    78  taskuart0device.o(.text)
    mainTaskPollPC                           0x0003ecef   Thumb Code   262  taskuart0device.o(.text)
    OSInitHookBegin                          0x0003ee51   Thumb Code     2  osinithookbegin.o(.text)
    OSInitHookEnd                            0x0003ee53   Thumb Code     2  osinithookend.o(.text)
    OSTaskCreateHook                         0x0003ee55   Thumb Code     4  ostaskcreatehook.o(.text)
    OSTaskDelHook                            0x0003ee59   Thumb Code     4  ostaskdelhook.o(.text)
    OSTaskIdleHook                           0x0003ee5d   Thumb Code     2  ostaskidlehook.o(.text)
    OSTaskStatHook                           0x0003ee5f   Thumb Code     2  ostaskstathook.o(.text)
    OSTaskSwHook                             0x0003ee61   Thumb Code     2  ostaskswhook.o(.text)
    OSTCBInitHook                            0x0003ee63   Thumb Code     4  ostcbinithook.o(.text)
    OSTimeTickHook                           0x0003ee67   Thumb Code     2  ostimetickhook.o(.text)
    __semihosting$guard                      0x0003ee69   Thumb Code     0  use_no_semi.o(.text)
    __use_no_semihosting_swi                 0x0003ee69   Thumb Code     2  use_no_semi.o(.text)
    malloc                                   0x0003ee6b   Thumb Code   100  h1_alloc.o(.text)
    free                                     0x0003eecf   Thumb Code    78  h1_free.o(.text)
    __c89vsprintf                            0x0003ef1d   Thumb Code    32  c89vsprintf.o(.text)
    __2sprintf                               0x0003ef41   Thumb Code    38  __2sprintf.o(.text)
    __2snprintf                              0x0003ef6d   Thumb Code    50  __2snprintf.o(.text)
    _printf_pre_padding                      0x0003efa5   Thumb Code    44  _printf_pad.o(.text)
    _printf_post_padding                     0x0003efd1   Thumb Code    36  _printf_pad.o(.text)
    _printf_str                              0x0003eff5   Thumb Code    82  _printf_str.o(.text)
    _printf_int_dec                          0x0003f049   Thumb Code    98  _printf_dec.o(.text)
    _printf_longlong_hex                     0x0003f0bd   Thumb Code    92  _printf_hex_int_ll_ptr.o(.text)
    _printf_int_hex                          0x0003f119   Thumb Code    28  _printf_hex_int_ll_ptr.o(.text)
    _printf_ll_hex                           0x0003f135   Thumb Code    12  _printf_hex_int_ll_ptr.o(.text)
    _printf_hex_ptr                          0x0003f141   Thumb Code    18  _printf_hex_int_ll_ptr.o(.text)
    __printf                                 0x0003f159   Thumb Code   406  __printf_flags_ss_wp.o(.text)
    strncat                                  0x0003f2f5   Thumb Code    36  strncat.o(.text)
    strstr                                   0x0003f319   Thumb Code    36  strstr.o(.text)
    strcpy                                   0x0003f33d   Thumb Code    72  strcpy.o(.text)
    strlen                                   0x0003f385   Thumb Code    62  strlen.o(.text)
    strncmp                                  0x0003f3c3   Thumb Code   140  strncmp.o(.text)
    strcat                                   0x0003f44f   Thumb Code    24  strcat.o(.text)
    __aeabi_memcpy                           0x0003f467   Thumb Code     0  rt_memcpy_v6.o(.text)
    __rt_memcpy                              0x0003f467   Thumb Code   138  rt_memcpy_v6.o(.text)
    _memcpy_lastbytes                        0x0003f4cd   Thumb Code     0  rt_memcpy_v6.o(.text)
    __aeabi_memcpy4                          0x0003f4f1   Thumb Code     0  rt_memcpy_w.o(.text)
    __aeabi_memcpy8                          0x0003f4f1   Thumb Code     0  rt_memcpy_w.o(.text)
    __rt_memcpy_w                            0x0003f4f1   Thumb Code   100  rt_memcpy_w.o(.text)
    _memcpy_lastbytes_aligned                0x0003f539   Thumb Code     0  rt_memcpy_w.o(.text)
    __aeabi_memset                           0x0003f555   Thumb Code    16  aeabi_memset.o(.text)
    __aeabi_memclr                           0x0003f565   Thumb Code     0  rt_memclr.o(.text)
    __rt_memclr                              0x0003f565   Thumb Code    68  rt_memclr.o(.text)
    _memset                                  0x0003f569   Thumb Code     0  rt_memclr.o(.text)
    __aeabi_memclr4                          0x0003f5a9   Thumb Code     0  rt_memclr_w.o(.text)
    __aeabi_memclr8                          0x0003f5a9   Thumb Code     0  rt_memclr_w.o(.text)
    __rt_memclr_w                            0x0003f5a9   Thumb Code    78  rt_memclr_w.o(.text)
    _memset_w                                0x0003f5ad   Thumb Code     0  rt_memclr_w.o(.text)
    strncpy                                  0x0003f5f7   Thumb Code    86  strncpy.o(.text)
    mktime                                   0x0003f683   Thumb Code   354  mktime.o(.text)
    __rt_heap_descriptor                     0x0003f7ed   Thumb Code    12  rt_heap_descriptor_intlibspace.o(.text)
    __use_no_heap                            0x0003f7f9   Thumb Code     2  hguard.o(.text)
    __heap$guard                             0x0003f7fb   Thumb Code     2  hguard.o(.text)
    _terminate_user_alloc                    0x0003f7fd   Thumb Code     2  init_alloc.o(.text)
    _init_user_alloc                         0x0003f7ff   Thumb Code     2  init_alloc.o(.text)
    __Heap_Full                              0x0003f801   Thumb Code    34  init_alloc.o(.text)
    __Heap_Broken                            0x0003f823   Thumb Code     6  init_alloc.o(.text)
    _init_alloc                              0x0003f829   Thumb Code    94  init_alloc.o(.text)
    __Heap_Initialize                        0x0003f887   Thumb Code    10  h1_init.o(.text)
    __Heap_DescSize                          0x0003f891   Thumb Code     4  h1_init.o(.text)
    _printf_truncate_signed                  0x0003f895   Thumb Code    18  _printf_truncate.o(.text)
    _printf_truncate_unsigned                0x0003f8a7   Thumb Code    18  _printf_truncate.o(.text)
    _printf_int_common                       0x0003f8b9   Thumb Code   180  _printf_intcommon.o(.text)
    _printf_charcount                        0x0003f96d   Thumb Code    42  _printf_charcount.o(.text)
    _printf_char_common                      0x0003f9a3   Thumb Code    32  _printf_char_common.o(.text)
    _sputc                                   0x0003f9c9   Thumb Code    10  _sputc.o(.text)
    _snputc                                  0x0003f9d3   Thumb Code    16  _snputc.o(.text)
    _printf_cs_common                        0x0003f9e3   Thumb Code    20  _printf_char.o(.text)
    _printf_char                             0x0003f9f7   Thumb Code    16  _printf_char.o(.text)
    _printf_string                           0x0003fa07   Thumb Code     8  _printf_char.o(.text)
    _printf_wctomb                           0x0003fa11   Thumb Code   182  _printf_wctomb.o(.text)
    _printf_longlong_dec                     0x0003facd   Thumb Code   104  _printf_longlong_dec.o(.text)
    _printf_longlong_oct                     0x0003fb45   Thumb Code    76  _printf_oct_int_ll.o(.text)
    _printf_int_oct                          0x0003fb91   Thumb Code    24  _printf_oct_int_ll.o(.text)
    _printf_ll_oct                           0x0003fba9   Thumb Code    12  _printf_oct_int_ll.o(.text)
    __rt_udiv10                              0x0003fbbd   Thumb Code    16  rtudiv10.o(.text)
    __user_libspace                          0x0003fbcd   Thumb Code     8  libspace.o(.text)
    __user_perproc_libspace                  0x0003fbcd   Thumb Code     0  libspace.o(.text)
    __user_perthread_libspace                0x0003fbcd   Thumb Code     0  libspace.o(.text)
    __Heap_ProvideMemory                     0x0003fbd5   Thumb Code    50  h1_extend.o(.text)
    _ll_udiv10                               0x0003fc07   Thumb Code   138  lludiv10.o(.text)
    __lib_sel_fp_printf                      0x0003fc91   Thumb Code     2  _printf_fp_dec.o(.text)
    _printf_fp_dec_real                      0x0003fe37   Thumb Code   616  _printf_fp_dec.o(.text)
    _printf_lcs_common                       0x0004009f   Thumb Code    20  _printf_wchar.o(.text)
    _printf_wchar                            0x000400b3   Thumb Code    16  _printf_wchar.o(.text)
    _printf_wstring                          0x000400c3   Thumb Code     8  _printf_wchar.o(.text)
    _wcrtomb                                 0x000400cb   Thumb Code    64  _wcrtomb.o(.text)
    __rt_SIGRTMEM                            0x0004010b   Thumb Code    14  defsig_rtmem_outer.o(.text)
    __rt_heap_escrow                         0x00040119   Thumb Code    20  heapauxa.o(.text)
    __rt_heap_expand                         0x0004012d   Thumb Code    46  heapauxa.o(.text)
    __user_setup_stackheap                   0x00040165   Thumb Code    74  sys_stackheap_outer.o(.text)
    __rt_ctype_table                         0x000401b1   Thumb Code    16  rt_ctype_table.o(.text)
    __rt_locale                              0x000401c1   Thumb Code    12  rt_locale_intlibspace.o(.text)
    _printf_fp_infnan                        0x000401cd   Thumb Code   108  _printf_fp_infnan.o(.text)
    _btod_etento                             0x00040249   Thumb Code   230  bigflt0.o(.text)
    exit                                     0x00040335   Thumb Code    12  exit.o(.text)
    __sig_exit                               0x00040341   Thumb Code    10  defsig_exit.o(.text)
    __rt_SIGRTMEM_inner                      0x0004034d   Thumb Code    20  defsig_rtmem_inner.o(.text)
    __default_signal_display                 0x00040399   Thumb Code    50  defsig_general.o(.text)
    strcmp                                   0x000403cd   Thumb Code   128  strcmpv7m.o(.text)
    __rt_fp_status_addr                      0x0004044d   Thumb Code    12  rt_fp_status_addr_intlibspace.o(.text)
    _btod_d2e                                0x00040459   Thumb Code    62  btod.o(CL$$btod_d2e)
    _d2e_denorm_low                          0x00040497   Thumb Code    70  btod.o(CL$$btod_d2e_denorm_low)
    _d2e_norm_op1                            0x000404dd   Thumb Code    96  btod.o(CL$$btod_d2e_norm_op1)
    __btod_div_common                        0x0004053d   Thumb Code   696  btod.o(CL$$btod_div_common)
    _e2e                                     0x00040875   Thumb Code   198  btod.o(CL$$btod_e2e)
    _btod_ediv                               0x0004093b   Thumb Code    40  btod.o(CL$$btod_ediv)
    _btod_emul                               0x00040963   Thumb Code    40  btod.o(CL$$btod_emul)
    __btod_mult_common                       0x0004098b   Thumb Code   580  btod.o(CL$$btod_mult_common)
    __ARM_fpclassify                         0x00040bcf   Thumb Code    40  fpclassify.o(i.__ARM_fpclassify)
    _get_lc_numeric                          0x00040bf9   Thumb Code    44  lc_numeric_c.o(locale$$code)
    _get_lc_ctype                            0x00040c25   Thumb Code    44  lc_ctype_c.o(locale$$code)
    __user_initial_stackheap                 0x00040c51   Thumb Code     0  rt_sys_s.o(rt_sys)
    _fp_init                                 0x00040c59   Thumb Code    14  fpinit.o(x$fpl$fpinit)
    __fplib_config_pureend_doubles           0x00040c65   Thumb Code     0  fpinit.o(x$fpl$fpinit)
    _printf_fp_dec                           0x00040c67   Thumb Code     4  printf1.o(x$fpl$printf1)
    __I$use$fp                               0x00040c6b   Thumb Code     0  usenofp.o(x$fpl$usenofp)
    PasswordMenuList                         0x00040cbc   Data          80  maintain.o(.constdata)
    OKMenuList                               0x00040d0c   Data          80  maintain.o(.constdata)
    UserMaintainMenuList                     0x00040d5c   Data         160  maintain.o(.constdata)
    UserMaintainErrorMenuList                0x00040dfc   Data         980  maintain.o(.constdata)
    LogMaintainMenuList                      0x000411d0   Data         220  maintain.o(.constdata)
    LogTransMenuList                         0x000412ac   Data         380  maintain.o(.constdata)
    UserTradeMenuList                        0x00041428   Data         420  maintain.o(.constdata)
    RtcMenuList                              0x000415cc   Data         180  maintain.o(.constdata)
    ErrorStateTo                             0x00041680   Data          60  maintain.o(.constdata)
    UserChoose                               0x000416bc   Data          80  maintain.o(.constdata)
    UserUboxPCMenuList                       0x0004170c   Data         220  maintain.o(.constdata)
    UserTraceMenuList                        0x000417e8   Data         260  maintain.o(.constdata)
    MaintainMenuList                         0x000418ec   Data         120  maintain.o(.constdata)
    SysMenuList                              0x00041964   Data        1140  maintain.o(.constdata)
    DEVICESELFCHECKBMP                       0x00041dd8   Data         200  maintain.o(.constdata)
    DEVICESELFCHECKPIC                       0x00041ea0   Data           8  maintain.o(.constdata)
    DEVICEMANAGEBMP                          0x00041ea8   Data         200  maintain.o(.constdata)
    DEVICEMANAGEPIC                          0x00041f70   Data           8  maintain.o(.constdata)
    VENDINMANAGEBMP                          0x00041f78   Data         200  maintain.o(.constdata)
    VENDINGMANAGEPIC                         0x00042040   Data           8  maintain.o(.constdata)
    VENDINGBMP                               0x00042048   Data         200  maintain.o(.constdata)
    VENDINGPIC                               0x00042110   Data           8  maintain.o(.constdata)
    SelfCheckMenuList                        0x00042118   Data         300  maintain.o(.constdata)
    SelfCheckText                            0x00042244   Data          40  maintain.o(.constdata)
    MAINTAINPASSWORD                         0x0004226c   Data           6  common.o(.constdata)
    ADMINPASSWORD                            0x00042272   Data           8  common.o(.constdata)
    MECHINEDEVICETYPE                        0x0004227a   Data           6  common.o(.constdata)
    ui_aisle_admin                           0x00042280   Data        1140  channel.o(.constdata)
    LogoLiftTable                            0x000426fc   Data         620  lifttable.o(.constdata)
    ui_acdc_man                              0x00042968   Data         340  acdc.o(.constdata)
    huodao_addr_8_8                          0x00042b26   Data          80  channelapi.o(.constdata)
    huodao_addr_8_10                         0x00042b76   Data          80  channelapi.o(.constdata)
    cabinet1_page                            0x00042bc6   Data           8  channelapi.o(.constdata)
    cabinet2_page                            0x00042bce   Data           8  channelapi.o(.constdata)
    cabinet1_page_bak                        0x00042bd6   Data           8  channelapi.o(.constdata)
    cabinet2_page_bak                        0x00042bde   Data           8  channelapi.o(.constdata)
    st_hefan_cabinet                         0x00042c10   Data         680  hefanguiapi.o(.constdata)
    IndexASCII16_TAB                         0x0004315a   Data          93  lcd.o(.constdata)
    ASCII16_TAB                              0x000431b7   Data        1536  lcd.o(.constdata)
    IndexChinese16Dot                        0x000437b7   Data         765  lcd.o(.constdata)
    CHINESE16_TAB                            0x00043ab4   Data       12224  lcd.o(.constdata)
    IndexChinese32Dot                        0x00046a74   Data          21  lcd.o(.constdata)
    CHINESE32_TAB                            0x00046a89   Data        1280  lcd.o(.constdata)
    EasivendLOGO                             0x00046f89   Data         775  lcd.o(.constdata)
    EasivendLOGO192_96                       0x00047290   Data        2304  lcd.o(.constdata)
    PingtuLOGO                               0x00047b90   Data         775  lcd.o(.constdata)
    TuerqiLOGO                               0x00047e97   Data         775  lcd.o(.constdata)
    MalaysiaLOGO                             0x0004819e   Data         775  lcd.o(.constdata)
    ThankyouPic2                             0x000484a5   Data        3840  lcd.o(.constdata)
    SpecialPic_16_16_font                    0x000493a5   Data         160  lcd.o(.constdata)
    SpecialPic_32_32_font                    0x00049445   Data         640  lcd.o(.constdata)
    NumberIndex                              0x000496c6   Data         198  lcd.o(.constdata)
    Number_8_16_Normalfont                   0x0004978c   Data        1584  lcd.o(.constdata)
    Number_8_16_Boldfont                     0x00049dbc   Data        1568  lcd.o(.constdata)
    Number_16_32_Normalfont                  0x0004a3dc   Data        5120  lcd.o(.constdata)
    Number_24_48_Normalfont                  0x0004b7dc   Data       11520  lcd.o(.constdata)
    KEY_ROW0_TABLE                           0x0004e4dc   Data           8  key.o(.constdata)
    KEY_ROW1_TABLE                           0x0004e4e4   Data           8  key.o(.constdata)
    OSMapTbl                                 0x0004e4ec   Data           8  os_core.o(.constdata)
    OSUnMapTbl                               0x0004e4f4   Data         256  os_core.o(.constdata)
    _monlen                                  0x0004e638   Data          12  _monlen.o(.constdata)
    Region$$Table$$Base                      0x00052e68   Number         0  anon$$obj.o(Region$$Table)
    Region$$Table$$Limit                     0x00052ea8   Number         0  anon$$obj.o(Region$$Table)
    __ctype                                  0x00052ed1   Data           0  lc_ctype_c.o(locale$$data)
    RTCData                                  0x10000000   Data           8  main.o(.data)
    vmRTC                                    0x10000008   Data           8  main.o(.data)
    globalSys                                0x10000010   Data           1  main.o(.data)
    ChannelNum                               0x10000014   Data           3  business.o(.data)
    BinNum                                   0x10000017   Data           2  business.o(.data)
    channelInput                             0x10000019   Data           1  business.o(.data)
    channelMode                              0x1000001a   Data           1  business.o(.data)
    vmcStatus                                0x1000001b   Data           1  business.o(.data)
    vmcChangeLow                             0x1000001c   Data           1  business.o(.data)
    g_coinAmount                             0x10000020   Data           4  business.o(.data)
    g_billAmount                             0x10000024   Data           4  business.o(.data)
    g_holdValue                              0x10000028   Data           4  business.o(.data)
    g_readerAmount                           0x1000002c   Data           4  business.o(.data)
    vmcColumn                                0x10000030   Data           2  business.o(.data)
    vmcPrice                                 0x10000034   Data           4  business.o(.data)
    transMul                                 0x10000038   Data           1  business.o(.data)
    hefangMode                               0x10000039   Data           1  business.o(.data)
    MoneyMaxin                               0x1000003c   Data           4  business.o(.data)
    PriceMaxin                               0x10000040   Data           4  business.o(.data)
    GOCCHECKTIMEOUT                          0x10000048   Data           4  business.o(.data)
    UserMaintainMainMenu                     0x10000050   Data           8  maintain.o(.data)
    LogMaintainMainMenu                      0x10000058   Data           8  maintain.o(.data)
    UserTradeMainMenu                        0x10000060   Data           8  maintain.o(.data)
    MaintainMainMenu                         0x10000068   Data           8  maintain.o(.data)
    SelfCheckMenu                            0x10000070   Data           8  maintain.o(.data)
    ZhIndex                                  0x10000078   Data           1  common.o(.data)
    g_Ubox_Index                             0x10000079   Data           1  common.o(.data)
    g_SIMPLEUbox_Index                       0x1000007a   Data           1  common.o(.data)
    g_DeviceSem                              0x1000007c   Data           4  common.o(.data)
    g_BillMoneyQ                             0x10000080   Data           4  common.o(.data)
    g_BillMoneyMail                          0x10000084   Data           4  common.o(.data)
    g_BillMoneyBackMail                      0x10000088   Data           4  common.o(.data)
    g_CoinMoneyQ                             0x1000008c   Data           4  common.o(.data)
    g_CoinMoneyMail                          0x10000090   Data           4  common.o(.data)
    g_CoinMoneyBackMail                      0x10000094   Data           4  common.o(.data)
    g_ChangeMoneyMail                        0x10000098   Data           4  common.o(.data)
    g_ChangeBackMoneyMail                    0x1000009c   Data           4  common.o(.data)
    g_ReaderMoneyMail                        0x100000a0   Data           4  common.o(.data)
    g_ReaderBackMoneyMail                    0x100000a4   Data           4  common.o(.data)
    g_ReaderBackCmdMail                      0x100000a8   Data           4  common.o(.data)
    g_DeviceStateMail                        0x100000ac   Data           4  common.o(.data)
    g_DeviceStateBackMail                    0x100000b0   Data           4  common.o(.data)
    g_ChannelMail                            0x100000b4   Data           4  common.o(.data)
    g_ChannelBackMail                        0x100000b8   Data           4  common.o(.data)
    g_LiftTableMail                          0x100000bc   Data           4  common.o(.data)
    g_LiftTableBackMail                      0x100000c0   Data           4  common.o(.data)
    g_ACDCMail                               0x100000c4   Data           4  common.o(.data)
    g_ACDCBackMail                           0x100000c8   Data           4  common.o(.data)
    g_HeFanGuiMail                           0x100000cc   Data           4  common.o(.data)
    g_HeFanGuiBackMail                       0x100000d0   Data           4  common.o(.data)
    CardStatePack                            0x100000d4   Data           1  common.o(.data)
    g_PCMail                                 0x100000d8   Data           4  common.o(.data)
    g_PCBackMail                             0x100000dc   Data           4  common.o(.data)
    g_Ubox_VMCTOPCQ                          0x100000e0   Data           4  common.o(.data)
    g_Ubox_VMCTOPCBackCMail                  0x100000e4   Data           4  common.o(.data)
    g_Ubox_PCTOVMCQ                          0x100000e8   Data           4  common.o(.data)
    g_Ubox_PCTOVMCBackQ                      0x100000ec   Data           4  common.o(.data)
    g_SIMPLEUbox_PCTOVMCQ                    0x100000f0   Data           4  common.o(.data)
    g_SIMPLEUbox_PCTOVMCBackCMail            0x100000f4   Data           4  common.o(.data)
    g_SIMPLEUbox_VMCTOPCQ                    0x100000f8   Data           4  common.o(.data)
    g_SIMPLEUbox_VMCTOPCBackCMail            0x100000fc   Data           4  common.o(.data)
    g_KEYMail                                0x10000100   Data           4  common.o(.data)
    g_KEYBackMail                            0x10000104   Data           4  common.o(.data)
    MsgKEYBackPack                           0x10000108   Data           2  common.o(.data)
    g_XMTMail                                0x1000010c   Data           4  common.o(.data)
    g_XMTBackMail                            0x10000110   Data           4  common.o(.data)
    MsgXMTPack                               0x10000114   Data           4  common.o(.data)
    BUSINESS                                 0x10000118   Data         200  language.o(.data)
    BUSINESSERROR                            0x100001e0   Data         460  language.o(.data)
    BUSINESSDEAL                             0x100003ac   Data         400  language.o(.data)
    BUSINESSCHANGE                           0x1000053c   Data         100  language.o(.data)
    FailFlag                                 0x100005a0   Data           1  lifttable.o(.data)
    LIFTTABLETIMER                           0x100005a4   Data           4  lifttable.o(.data)
    billEnable                               0x100005af   Data           1  checkdevicestate.o(.data)
    coinEnable                               0x100005b0   Data           1  checkdevicestate.o(.data)
    scaleError                               0x100005b1   Data           1  checkdevicestate.o(.data)
    weihuMode                                0x100005b2   Data           1  checkdevicestate.o(.data)
    HpValueFlag                              0x100005b7   Data           1  changerapi.o(.data)
    ChaXunRst                                0x100005ba   Data           2  hefanguiapi.o(.data)
    MDBCONVERSATIONWAITACKTIMEOUT            0x100005c0   Data           4  mdb_uart2.o(.data)
    EVBCONVERSATIONWAITACKTIMEOUT            0x100005c4   Data           4  evb_uart2.o(.data)
    UART3RECVACKMSGTIMEOUT                   0x100005c8   Data           4  evb_uart2.o(.data)
    EvbAckFromDevice                         0x100005cc   Data           8  evb_uart2.o(.data)
    MdbBillErr                               0x100005d6   Data           8  billaccepter.o(.data)
    NowCoinDevState                          0x100005de   Data           1  coinaccepter .o(.data)
    chSn                                     0x100005e1   Data           1  channeldriver.o(.data)
    stChannelErrForm                         0x100005e2   Data           4  channeldriver.o(.data)
    zh_pc_err                                0x100005e9   Data           1  zhihuipc.o(.data)
    decimalPlaces                            0x100005ea   Data           1  ubprotocol.o(.data)
    GoodsRev                                 0x100005eb   Data           1  ubprotocol.o(.data)
    vmc_gprs_pc_state                        0x100005ee   Data           1  vmc_gprs_pc.o(.data)
    hdstart                                  0x100005ef   Data           1  ubprotocol_simple.o(.data)
    hdend                                    0x100005f0   Data           1  ubprotocol_simple.o(.data)
    SelectKeySN                              0x100005f1   Data           6  selectkey.o(.data)
    SelectKeyNo                              0x100005f7   Data           6  selectkey.o(.data)
    SelectKeycom                             0x100005fd   Data           8  selectkey.o(.data)
    MdbStatus                                0x10000605   Data           1  uart2.o(.data)
    Uart2_RIndex                             0x10000607   Data           1  uart2.o(.data)
    Uart2_FIndex                             0x10000608   Data           1  uart2.o(.data)
    Uart2_Mode                               0x10000609   Data           1  uart2.o(.data)
    Uart0RxdHead                             0x1000060a   Data           1  uart0.o(.data)
    Uart0RxdTail                             0x1000060b   Data           1  uart0.o(.data)
    Uart1RxdHead                             0x1000060c   Data           1  uart1.o(.data)
    Uart1RxdTail                             0x1000060d   Data           1  uart1.o(.data)
    Uart3RxdHead                             0x1000060e   Data           1  uart3.o(.data)
    Uart3RxdTail                             0x1000060f   Data           1  uart3.o(.data)
    I2C0_sla                                 0x10000610   Data           1  i2c.o(.data)
    I2C0_suba                                0x10000614   Data           4  i2c.o(.data)
    I2C0_suba_num                            0x10000618   Data           1  i2c.o(.data)
    I2C0_buf                                 0x1000061c   Data           4  i2c.o(.data)
    I2C0_num                                 0x10000620   Data           4  i2c.o(.data)
    I2C0_end                                 0x10000624   Data           1  i2c.o(.data)
    I2C0_suba_en                             0x10000625   Data           1  i2c.o(.data)
    g_Key_Queue                              0x10000628   Data           1  key.o(.data)
    QKey                                     0x1000062c   Data           4  key.o(.data)
    PostValue                                0x10000630   Data           1  key.o(.data)
    KeyBoardStatus                           0x10000631   Data           1  key.o(.data)
    KeyPack                                  0x10000632   Data           3  key.o(.data)
    pcoinIndex                               0x10000638   Data           1  pcoin.o(.data)
    PARALLELPULSECOINACCEPTORDEVICESTATUS    0x10000639   Data           1  pcoin.o(.data)
    SERIALPULSECOINACCEPTORDEVICESTATUS      0x1000063a   Data           1  pcoin.o(.data)
    QPChannel                                0x10000640   Data           4  pcoin.o(.data)
    QSChannel                                0x10000644   Data           4  pcoin.o(.data)
    PostSerialCoinChannel                    0x10000648   Data           8  pcoin.o(.data)
    Tick                                     0x10000650   Data           1  timer.o(.data)
    GPRSWAITTIMEOUT                          0x10000654   Data           4  gprs_uart.o(.data)
    __GuiOsEnterSum                          0x10000658   Data           4  os_cpu_c.o(.data)
    OSCtxSwCtr                               0x1000065c   Data           4  os_core.o(.data)
    OSEventFreeList                          0x10000660   Data           4  os_core.o(.data)
    OSFlagFreeList                           0x10000664   Data           4  os_core.o(.data)
    OSCPUUsage                               0x10000668   Data           1  os_core.o(.data)
    OSIdleCtrMax                             0x1000066c   Data           4  os_core.o(.data)
    OSIdleCtrRun                             0x10000670   Data           4  os_core.o(.data)
    OSStatRdy                                0x10000674   Data           1  os_core.o(.data)
    OSIntNesting                             0x10000675   Data           1  os_core.o(.data)
    OSIntExitY                               0x10000676   Data           1  os_core.o(.data)
    OSLockNesting                            0x10000677   Data           1  os_core.o(.data)
    OSPrioCur                                0x10000678   Data           1  os_core.o(.data)
    OSPrioHighRdy                            0x10000679   Data           1  os_core.o(.data)
    OSRdyGrp                                 0x1000067a   Data           1  os_core.o(.data)
    OSRdyTbl                                 0x1000067b   Data           8  os_core.o(.data)
    OSRunning                                0x10000683   Data           1  os_core.o(.data)
    OSTaskCtr                                0x10000684   Data           1  os_core.o(.data)
    OSIdleCtr                                0x10000688   Data           4  os_core.o(.data)
    OSTCBCur                                 0x1000068c   Data           4  os_core.o(.data)
    OSTCBFreeList                            0x10000690   Data           4  os_core.o(.data)
    OSTCBHighRdy                             0x10000694   Data           4  os_core.o(.data)
    OSTCBList                                0x10000698   Data           4  os_core.o(.data)
    OSMemFreeList                            0x1000069c   Data           4  os_core.o(.data)
    OSQFreeList                              0x100006a0   Data           4  os_core.o(.data)
    OSTime                                   0x100006a4   Data           4  os_core.o(.data)
    pcm_uartClear                            0x100006b0   Data           4  taskuart0device.o(.data)
    pcm_uartGetCh                            0x100006b4   Data           4  taskuart0device.o(.data)
    pcm_uartNoEmpty                          0x100006b8   Data           4  taskuart0device.o(.data)
    pcm_uartPutStr                           0x100006bc   Data           4  taskuart0device.o(.data)
    pcUartMsg                                0x100006c0   Data           4  taskuart0device.o(.data)
    pcm_vmc_event                            0x100006c4   Data           4  taskuart0device.o(.data)
    vmc_pcm_event                            0x100006c8   Data           4  taskuart0device.o(.data)
    SystemPara                               0x100006d0   Data         200  main.o(.bss)
    UserPara                                 0x10000798   Data         132  main.o(.bss)
    stDevValue                               0x1000081c   Data         312  main.o(.bss)
    Timer                                    0x10000954   Data          18  main.o(.bss)
    LogPara                                  0x10000968   Data         208  main.o(.bss)
    LogParaDetail                            0x10000a38   Data         132  main.o(.bss)
    selectKey                                0x10000abc   Data          12  main.o(.bss)
    BillMoneyQ                               0x100046c8   Data          12  common.o(.bss)
    CoinMoneyQ                               0x100046d4   Data         160  common.o(.bss)
    MsgAccepterPack                          0x10004774   Data         192  common.o(.bss)
    DeviceStatePack                          0x10004834   Data          44  common.o(.bss)
    DeviceStateBusiness                      0x10004860   Data          44  common.o(.bss)
    ZhSizeQ                                  0x1000488c   Data          32  common.o(.bss)
    UboxSizeQ                                0x100048ac   Data          28  common.o(.bss)
    PCTOVMCSizeQ                             0x100048c8   Data          28  common.o(.bss)
    PCTOVMCBackSizeQ                         0x100048e4   Data          28  common.o(.bss)
    MsgUboxPack                              0x10004900   Data         784  common.o(.bss)
    SIMPLEUUboxSizeQ                         0x10004c10   Data          28  common.o(.bss)
    SIMPLEUUboxVMCTOPCQ                      0x10004c2c   Data          28  common.o(.bss)
    MsgSIMPLEUboxPack                        0x10004c48   Data         126  common.o(.bss)
    MsgKEYPack                               0x10004cc6   Data          16  common.o(.bss)
    stHuodaoKaoji                            0x10004cd6   Data         324  channelapi.o(.bss)
    stGprsStruct                             0x10004e1a   Data          52  gprsapi.o(.bss)
    nBillvalue                               0x10004e50   Data          64  billaccepter.o(.bss)
    nCoinvalue                               0x10004e90   Data          64  coinaccepter .o(.bss)
    MdbCoinErr                               0x10004ed0   Data          10  coinaccepter .o(.bss)
    GetAckFromDevice                         0x10004eda   Data         128  lifttabledriver.o(.bss)
    stLiftTable                              0x10004f5a   Data          28  lifttabledriver.o(.bss)
    stEvbHp                                  0x10004f78   Data          60  hopperdriver.o(.bss)
    trade_cache_head                         0x10004fb4   Data          10  vmc_gprs_pc.o(.bss)
    evbbuf2                                  0x10004fbe   Data          20  selectkey.o(.bss)
    selKey                                   0x10004fd2   Data          13  selectkey.o(.bss)
    XMTMsgBuf                                0x10004fe0   Data         255  xmt.o(.bss)
    sysXMTMission                            0x100050e0   Data          56  xmt.o(.bss)
    HeFanGuiRecvAckBuf                       0x10005118   Data         128  hefangui.o(.bss)
    Uart2_RdBuf                              0x10005198   Data          36  uart2.o(.bss)
    Uart0RevBuff                             0x100051bc   Data         128  uart0.o(.bss)
    Uart1RevBuff                             0x1000523c   Data          64  uart1.o(.bss)
    Uart3RevBuff                             0x1000527c   Data         256  uart3.o(.bss)
    KeyValueQ                                0x1000537c   Data          12  key.o(.bss)
    PCoinChannel                             0x10005388   Data          80  pcoin.o(.bss)
    SCoinChannel                             0x100053d8   Data          32  pcoin.o(.bss)
    PostParallelCoinCh                       0x100053f8   Data          20  pcoin.o(.bss)
    OSEventTbl                               0x1000540c   Data        1088  os_core.o(.bss)
    OSFlagTbl                                0x1000584c   Data         180  os_core.o(.bss)
    OSTaskStatStk                            0x10005900   Data        1024  os_core.o(.bss)
    OSTaskIdleStk                            0x10005d00   Data        1024  os_core.o(.bss)
    OSTCBPrioTbl                             0x10006100   Data         256  os_core.o(.bss)
    OSTCBTbl                                 0x10006200   Data        1144  os_core.o(.bss)
    OSMemTbl                                 0x10006678   Data         300  os_core.o(.bss)
    OSQTbl                                   0x100067a4   Data         288  os_core.o(.bss)
    PCMSizeQ                                 0x100068c4   Data          20  taskuart0device.o(.bss)
    __libspace_start                         0x100068d8   Data          96  libspace.o(.bss)
    __temporary_stack_top$libspace           0x10006938   Data           0  libspace.o(.bss)
    vmc_zh_mbox                              0x2007c008   Data         192  common.o(RAM2)
    zh_vmc_mbox                              0x2007c0c8   Data          24  common.o(RAM2)
    stHuodao                                 0x2007c0e0   Data        1632  channelapi.o(RAM2)
    stSubHuodao                              0x2007c740   Data        1632  channelapi.o(RAM2)
    MACData                                  0x2007cda0   Data         100  zhihuiapi.o(RAM2)
    zhihui_msg                               0x2007ce04   Data         532  zhihuiapi.o(RAM2)
    vmc_goods                                0x2007d018   Data          96  zhihuiapi.o(RAM2)
    stHefanCabinet                           0x2007d078   Data        5300  hefanguiapi.o(RAM2)
    stBin                                    0x2007e550   Data         100  colapi.o(RAM2)
    g_msg                                    0x2007e5b4   Data         255  ubprotocol.o(RAM2)
    VPMsgBuf                                 0x2007e6b3   Data         255  ubprotocol.o(RAM2)
    sysVPMission                             0x2007e7b4   Data         612  ubprotocol.o(RAM2)
    sysGoodsMatrix                           0x2007ea18   Data         496  ubprotocol.o(RAM2)
    sysGoodsAttr                             0x2007ec08   Data          60  ubprotocol.o(RAM2)
    SIMPLEg_msg                              0x2007ec44   Data         255  ubprotocol_simple.o(RAM2)
    SIMPLEVPMsgBuf                           0x2007ed43   Data         255  ubprotocol_simple.o(RAM2)
    sysVPMissionSIMPLE                       0x2007ee42   Data         526  ubprotocol_simple.o(RAM2)
    vmc_pc_mail                              0x20080050   Data         105  taskuart0device.o(RAM2)
    pc_vmc_mail                              0x200800b9   Data          21  taskuart0device.o(RAM2)
    pcm_msg                                  0x200800ce   Data         516  taskuart0device.o(RAM2)



==============================================================================

Memory Map of the image

  Image Entry point : 0x000000cd

  Load Region ROM_LOAD (Base: 0x00000000, Size: 0x000536ac, Max: 0xffffffff, ABSOLUTE, COMPRESSED[0x00053304])

    Execution Region VECTOR (Base: 0x00000000, Size: 0x000000cc, Max: 0xffffffff, ABSOLUTE)

    Base Addr    Size         Type   Attr      Idx    E Section Name        Object

    0x00000000   0x000000cc   Data   RO         2361    .constdata          vector_table.o


    Execution Region ROM_EXEC (Base: 0x000000cc, Size: 0x00052f08, Max: 0xffffffff, ABSOLUTE)

    Base Addr    Size         Type   Attr      Idx    E Section Name        Object

    0x000000cc   0x00000008   Code   RO         3068  * !!!main             c_w.l(__main.o)(c_w.l)
    0x000000d4   0x00000034   Code   RO         3378    !!!scatter          c_w.l(__scatter.o)(c_w.l)
    0x00000108   0x00000064   Code   RO         3376    !!dclz77c           c_w.l(__dclz77c.o)(c_w.l)
    0x0000016c   0x0000001a   Code   RO         3380    !!handler_copy      c_w.l(__scatter_copy.o)(c_w.l)
    0x00000186   0x00000002   PAD
    0x00000188   0x0000001c   Code   RO         3382    !!handler_zi        c_w.l(__scatter_zi.o)(c_w.l)
    0x000001a4   0x00000000   Code   RO         3041    .ARM.Collect$$_printf_percent$$00000000  c_w.l(_printf_percent.o)(c_w.l)
    0x000001a4   0x00000006   Code   RO         3124    .ARM.Collect$$_printf_percent$$00000001  c_w.l(_printf_n.o)(c_w.l)
    0x000001aa   0x00000006   Code   RO         3125    .ARM.Collect$$_printf_percent$$00000002  c_w.l(_printf_p.o)(c_w.l)
    0x000001b0   0x00000006   Code   RO         3129    .ARM.Collect$$_printf_percent$$00000003  c_w.l(_printf_f.o)(c_w.l)
    0x000001b6   0x00000006   Code   RO         3130    .ARM.Collect$$_printf_percent$$00000004  c_w.l(_printf_e.o)(c_w.l)
    0x000001bc   0x00000006   Code   RO         3131    .ARM.Collect$$_printf_percent$$00000005  c_w.l(_printf_g.o)(c_w.l)
    0x000001c2   0x00000006   Code   RO         3132    .ARM.Collect$$_printf_percent$$00000006  c_w.l(_printf_a.o)(c_w.l)
    0x000001c8   0x0000000a   Code   RO         3137    .ARM.Collect$$_printf_percent$$00000007  c_w.l(_printf_ll.o)(c_w.l)
    0x000001d2   0x00000006   Code   RO         3127    .ARM.Collect$$_printf_percent$$00000008  c_w.l(_printf_i.o)(c_w.l)
    0x000001d8   0x00000006   Code   RO         3040    .ARM.Collect$$_printf_percent$$00000009  c_w.l(_printf_d.o)(c_w.l)
    0x000001de   0x00000006   Code   RO         3128    .ARM.Collect$$_printf_percent$$0000000A  c_w.l(_printf_u.o)(c_w.l)
    0x000001e4   0x00000006   Code   RO         3126    .ARM.Collect$$_printf_percent$$0000000B  c_w.l(_printf_o.o)(c_w.l)
    0x000001ea   0x00000006   Code   RO         3039    .ARM.Collect$$_printf_percent$$0000000C  c_w.l(_printf_x.o)(c_w.l)
    0x000001f0   0x00000006   Code   RO         3134    .ARM.Collect$$_printf_percent$$0000000D  c_w.l(_printf_lli.o)(c_w.l)
    0x000001f6   0x00000006   Code   RO         3135    .ARM.Collect$$_printf_percent$$0000000E  c_w.l(_printf_lld.o)(c_w.l)
    0x000001fc   0x00000006   Code   RO         3136    .ARM.Collect$$_printf_percent$$0000000F  c_w.l(_printf_llu.o)(c_w.l)
    0x00000202   0x00000006   Code   RO         3141    .ARM.Collect$$_printf_percent$$00000010  c_w.l(_printf_llo.o)(c_w.l)
    0x00000208   0x00000006   Code   RO         3142    .ARM.Collect$$_printf_percent$$00000011  c_w.l(_printf_llx.o)(c_w.l)
    0x0000020e   0x0000000a   Code   RO         3138    .ARM.Collect$$_printf_percent$$00000012  c_w.l(_printf_l.o)(c_w.l)
    0x00000218   0x00000006   Code   RO         3037    .ARM.Collect$$_printf_percent$$00000013  c_w.l(_printf_c.o)(c_w.l)
    0x0000021e   0x00000006   Code   RO         3038    .ARM.Collect$$_printf_percent$$00000014  c_w.l(_printf_s.o)(c_w.l)
    0x00000224   0x00000006   Code   RO         3139    .ARM.Collect$$_printf_percent$$00000015  c_w.l(_printf_lc.o)(c_w.l)
    0x0000022a   0x00000006   Code   RO         3140    .ARM.Collect$$_printf_percent$$00000016  c_w.l(_printf_ls.o)(c_w.l)
    0x00000230   0x00000004   Code   RO         3133    .ARM.Collect$$_printf_percent$$00000017  c_w.l(_printf_percent_end.o)(c_w.l)
    0x00000234   0x00000006   Code   RO         3302    .ARM.Collect$$libinit$$00000000  c_w.l(libinit.o)(c_w.l)
    0x0000023a   0x00000008   Code   RO         3148    .ARM.Collect$$libinit$$00000001  c_w.l(libinit2.o)(c_w.l)
    0x00000242   0x00000000   Code   RO         3150    .ARM.Collect$$libinit$$00000006  c_w.l(libinit2.o)(c_w.l)
    0x00000242   0x00000000   Code   RO         3152    .ARM.Collect$$libinit$$00000008  c_w.l(libinit2.o)(c_w.l)
    0x00000242   0x00000000   Code   RO         3154    .ARM.Collect$$libinit$$0000000A  c_w.l(libinit2.o)(c_w.l)
    0x00000242   0x00000006   Code   RO         3155    .ARM.Collect$$libinit$$0000000B  c_w.l(libinit2.o)(c_w.l)
    0x00000248   0x00000000   Code   RO         3157    .ARM.Collect$$libinit$$0000000D  c_w.l(libinit2.o)(c_w.l)
    0x00000248   0x0000000c   Code   RO         3158    .ARM.Collect$$libinit$$0000000E  c_w.l(libinit2.o)(c_w.l)
    0x00000254   0x00000000   Code   RO         3159    .ARM.Collect$$libinit$$0000000F  c_w.l(libinit2.o)(c_w.l)
    0x00000254   0x00000000   Code   RO         3161    .ARM.Collect$$libinit$$00000011  c_w.l(libinit2.o)(c_w.l)
    0x00000254   0x0000000a   Code   RO         3162    .ARM.Collect$$libinit$$00000012  c_w.l(libinit2.o)(c_w.l)
    0x0000025e   0x00000000   Code   RO         3163    .ARM.Collect$$libinit$$00000013  c_w.l(libinit2.o)(c_w.l)
    0x0000025e   0x00000000   Code   RO         3165    .ARM.Collect$$libinit$$00000015  c_w.l(libinit2.o)(c_w.l)
    0x0000025e   0x00000000   Code   RO         3167    .ARM.Collect$$libinit$$00000017  c_w.l(libinit2.o)(c_w.l)
    0x0000025e   0x00000000   Code   RO         3169    .ARM.Collect$$libinit$$00000019  c_w.l(libinit2.o)(c_w.l)
    0x0000025e   0x00000000   Code   RO         3171    .ARM.Collect$$libinit$$0000001B  c_w.l(libinit2.o)(c_w.l)
    0x0000025e   0x00000000   Code   RO         3173    .ARM.Collect$$libinit$$0000001D  c_w.l(libinit2.o)(c_w.l)
    0x0000025e   0x00000000   Code   RO         3175    .ARM.Collect$$libinit$$0000001F  c_w.l(libinit2.o)(c_w.l)
    0x0000025e   0x00000000   Code   RO         3177    .ARM.Collect$$libinit$$00000021  c_w.l(libinit2.o)(c_w.l)
    0x0000025e   0x00000000   Code   RO         3181    .ARM.Collect$$libinit$$00000028  c_w.l(libinit2.o)(c_w.l)
    0x0000025e   0x00000000   Code   RO         3183    .ARM.Collect$$libinit$$0000002A  c_w.l(libinit2.o)(c_w.l)
    0x0000025e   0x00000000   Code   RO         3185    .ARM.Collect$$libinit$$0000002C  c_w.l(libinit2.o)(c_w.l)
    0x0000025e   0x00000000   Code   RO         3187    .ARM.Collect$$libinit$$0000002E  c_w.l(libinit2.o)(c_w.l)
    0x0000025e   0x00000002   Code   RO         3188    .ARM.Collect$$libinit$$0000002F  c_w.l(libinit2.o)(c_w.l)
    0x00000260   0x00000002   Code   RO         3373    .ARM.Collect$$libshutdown$$00000000  c_w.l(libshutdown.o)(c_w.l)
    0x00000262   0x00000000   Code   RO         3325    .ARM.Collect$$libshutdown$$00000003  c_w.l(libshutdown2.o)(c_w.l)
    0x00000262   0x00000000   Code   RO         3328    .ARM.Collect$$libshutdown$$00000006  c_w.l(libshutdown2.o)(c_w.l)
    0x00000262   0x00000000   Code   RO         3331    .ARM.Collect$$libshutdown$$00000009  c_w.l(libshutdown2.o)(c_w.l)
    0x00000262   0x00000000   Code   RO         3333    .ARM.Collect$$libshutdown$$0000000B  c_w.l(libshutdown2.o)(c_w.l)
    0x00000262   0x00000000   Code   RO         3336    .ARM.Collect$$libshutdown$$0000000E  c_w.l(libshutdown2.o)(c_w.l)
    0x00000262   0x00000002   Code   RO         3337    .ARM.Collect$$libshutdown$$0000000F  c_w.l(libshutdown2.o)(c_w.l)
    0x00000264   0x00000000   Code   RO         3072    .ARM.Collect$$rtentry$$00000000  c_w.l(rtentry.o)(c_w.l)
    0x00000264   0x00000000   Code   RO         3195    .ARM.Collect$$rtentry$$00000002  c_w.l(rtentry2.o)(c_w.l)
    0x00000264   0x00000006   Code   RO         3210    .ARM.Collect$$rtentry$$00000004  c_w.l(rtentry4.o)(c_w.l)
    0x0000026a   0x00000000   Code   RO         3197    .ARM.Collect$$rtentry$$00000009  c_w.l(rtentry2.o)(c_w.l)
    0x0000026a   0x00000004   Code   RO         3198    .ARM.Collect$$rtentry$$0000000A  c_w.l(rtentry2.o)(c_w.l)
    0x0000026e   0x00000000   Code   RO         3200    .ARM.Collect$$rtentry$$0000000C  c_w.l(rtentry2.o)(c_w.l)
    0x0000026e   0x00000008   Code   RO         3201    .ARM.Collect$$rtentry$$0000000D  c_w.l(rtentry2.o)(c_w.l)
    0x00000276   0x00000002   Code   RO         3308    .ARM.Collect$$rtexit$$00000000  c_w.l(rtexit.o)(c_w.l)
    0x00000278   0x00000000   Code   RO         3341    .ARM.Collect$$rtexit$$00000002  c_w.l(rtexit2.o)(c_w.l)
    0x00000278   0x00000004   Code   RO         3342    .ARM.Collect$$rtexit$$00000003  c_w.l(rtexit2.o)(c_w.l)
    0x0000027c   0x00000006   Code   RO         3343    .ARM.Collect$$rtexit$$00000004  c_w.l(rtexit2.o)(c_w.l)
    0x00000282   0x00000002   PAD
    0x00000284   0x0000012a   Code   RO         1859    .emb_text           os_cpu_c.o
    0x000003ae   0x00000002   PAD
    0x000003b0   0x00000000   Code   RO         3214    .emb_text           c_w.l(maybetermalloc1.o)(c_w.l)
    0x000003b0   0x00000194   Code   RO            1    .text               main.o
    0x00000544   0x00004320   Code   RO          207    .text               business.o
    0x00004864   0x00008be0   Code   RO          238    .text               maintain.o
    0x0000d444   0x000021e4   Code   RO          261    .text               common.o
    0x0000f628   0x00003db8   Code   RO          297    .text               channel.o
    0x000133e0   0x00001200   Code   RO          316    .text               lifttable.o
    0x000145e0   0x00001e94   Code   RO          333    .text               acdc.o
    0x00016474   0x00000408   Code   RO          350    .text               acdcapi.o
    0x0001687c   0x000003c0   Code   RO          523    .text               billaccepterapi.o
    0x00016c3c   0x0000019c   Code   RO          535    .text               coinaccepterapi .o
    0x00016dd8   0x00000098   Code   RO          547    .text               tuibiapi.o
    0x00016e70   0x00000708   Code   RO          559    .text               checkdevicestate.o
    0x00017578   0x00000808   Code   RO          574    .text               logapi.o
    0x00017d80   0x00000268   Code   RO          590    .text               traceapi.o
    0x00017fe8   0x00001f10   Code   RO          609    .text               pccomapi.o
    0x00019ef8   0x000002f8   Code   RO          627    .text               lifttableapi.o
    0x0001a1f0   0x00000834   Code   RO          641    .text               selectkeyapi.o
    0x0001aa24   0x000031f0   Code   RO          653    .text               channelapi.o
    0x0001dc14   0x000010b8   Code   RO          674    .text               changerapi.o
    0x0001eccc   0x000004bc   Code   RO          693    .text               readerapi.o
    0x0001f188   0x00001068   Code   RO          705    .text               zhihuiapi.o
    0x000201f0   0x0000180c   Code   RO          728    .text               gprsapi.o
    0x000219fc   0x00002788   Code   RO          747    .text               hefanguiapi.o
    0x00024184   0x00000518   Code   RO          768    .text               colapi.o
    0x0002469c   0x00000ea4   Code   RO          788    .text               taskdevice.o
    0x00025540   0x00000104   Code   RO          973    .text               mdb_uart2.o
    0x00025644   0x00000300   Code   RO          988    .text               evb_uart2.o
    0x00025944   0x00001be0   Code   RO         1003    .text               billaccepter.o
    0x00027524   0x0000094c   Code   RO         1022    .text               coinaccepter .o
    0x00027e70   0x00000c88   Code   RO         1040    .text               mdbreader.o
    0x00028af8   0x00000734   Code   RO         1052    .text               lifttabledriver.o
    0x0002922c   0x00000094   Code   RO         1071    .text               acdcdriver.o
    0x000292c0   0x00000180   Code   RO         1085    .text               channeldriver.o
    0x00029440   0x000003f8   Code   RO         1103    .text               hopperdriver.o
    0x00029838   0x000002e0   Code   RO         1126    .text               mdbchanger.o
    0x00029b18   0x00000ef8   Code   RO         1159    .text               taskuart3device.o
    0x0002aa10   0x00001ab8   Code   RO         1345    .text               zhihuipc.o
    0x0002c4c8   0x00005408   Code   RO         1368    .text               ubprotocol.o
    0x000318d0   0x00001fc8   Code   RO         1385    .text               vmc_gprs_pc.o
    0x00033898   0x00001918   Code   RO         1409    .text               ubprotocol_simple.o
    0x000351b0   0x000003d0   Code   RO         1428    .text               selectkey.o
    0x00035580   0x000002f0   Code   RO         1608    .text               taskuart1device.o
    0x00035870   0x00000358   Code   RO         1624    .text               xmt.o
    0x00035bc8   0x0000034c   Code   RO         1643    .text               hefangui.o
    0x00035f14   0x000003dc   Code   RO         1659    .text               uart2.o
    0x000362f0   0x000001d0   Code   RO         1675    .text               uart0.o
    0x000364c0   0x00000200   Code   RO         1691    .text               uart1.o
    0x000366c0   0x000001f8   Code   RO         1707    .text               uart3.o
    0x000368b8   0x0000010c   Code   RO         1723    .text               rtc.o
    0x000369c4   0x000003cc   Code   RO         1735    .text               i2c.o
    0x00036d90   0x00001144   Code   RO         1750    .text               lcd.o
    0x00037ed4   0x00000584   Code   RO         1771    .text               key.o
    0x00038458   0x00000308   Code   RO         1788    .text               pcoin.o
    0x00038760   0x00000304   Code   RO         1804    .text               timer.o
    0x00038a64   0x00000070   Code   RO         1820    .text               buzzer.o
    0x00038ad4   0x0000039c   Code   RO         1832    .text               at45db161d.o
    0x00038e70   0x0000013c   Code   RO         1844    .text               gprs_uart.o
    0x00038fac   0x000000f0   Code   RO         1860    .text               os_cpu_c.o
    0x0003909c   0x00000740   Code   RO         2040    .text               os_core.o
    0x000397dc   0x00000674   Code   RO         2072    .text               os_flag.o
    0x00039e50   0x00000300   Code   RO         2091    .text               os_mbox.o
    0x0003a150   0x00000180   Code   RO         2103    .text               os_mem.o
    0x0003a2d0   0x00000194   Code   RO         2115    .text               os_time.o
    0x0003a464   0x000005fc   Code   RO         2127    .text               os_task.o
    0x0003aa60   0x00000288   Code   RO         2139    .text               os_sem.o
    0x0003ace8   0x000004ec   Code   RO         2151    .text               os_q.o
    0x0003b1d4   0x00000078   Code   RO         2175    .text               lpc1700pincfg.o
    0x0003b24c   0x000001a4   Code   RO         2348    .text               target.o
    0x0003b3f0   0x000006de   Code   RO         2373    .text               zy_if.o
    0x0003bace   0x00000086   Code   RO         2388    .text               rt_sys_c.o
    0x0003bb54   0x000032fc   Code   RO         2572    .text               taskuart0device.o
    0x0003ee50   0x00000002   Code   RO         2757    .text               uCOS-II hook.lib(osinithookbegin.o)(uCOS-II hook.lib)
    0x0003ee52   0x00000002   Code   RO         2818    .text               uCOS-II hook.lib(osinithookend.o)(uCOS-II hook.lib)
    0x0003ee54   0x00000004   Code   RO         2830    .text               uCOS-II hook.lib(ostaskcreatehook.o)(uCOS-II hook.lib)
    0x0003ee58   0x00000004   Code   RO         2842    .text               uCOS-II hook.lib(ostaskdelhook.o)(uCOS-II hook.lib)
    0x0003ee5c   0x00000002   Code   RO         2854    .text               uCOS-II hook.lib(ostaskidlehook.o)(uCOS-II hook.lib)
    0x0003ee5e   0x00000002   Code   RO         2866    .text               uCOS-II hook.lib(ostaskstathook.o)(uCOS-II hook.lib)
    0x0003ee60   0x00000002   Code   RO         2878    .text               uCOS-II hook.lib(ostaskswhook.o)(uCOS-II hook.lib)
    0x0003ee62   0x00000004   Code   RO         2890    .text               uCOS-II hook.lib(ostcbinithook.o)(uCOS-II hook.lib)
    0x0003ee66   0x00000002   Code   RO         2902    .text               uCOS-II hook.lib(ostimetickhook.o)(uCOS-II hook.lib)
    0x0003ee68   0x00000002   Code   RO         2916    .text               c_w.l(use_no_semi.o)(c_w.l)
    0x0003ee6a   0x00000064   Code   RO         2922    .text               c_w.l(h1_alloc.o)(c_w.l)
    0x0003eece   0x0000004e   Code   RO         2924    .text               c_w.l(h1_free.o)(c_w.l)
    0x0003ef1c   0x00000024   Code   RO         2980    .text               c_w.l(c89vsprintf.o)(c_w.l)
    0x0003ef40   0x0000002c   Code   RO         2982    .text               c_w.l(__2sprintf.o)(c_w.l)
    0x0003ef6c   0x00000038   Code   RO         2984    .text               c_w.l(__2snprintf.o)(c_w.l)
    0x0003efa4   0x00000050   Code   RO         2992    .text               c_w.l(_printf_pad.o)(c_w.l)
    0x0003eff4   0x00000052   Code   RO         2994    .text               c_w.l(_printf_str.o)(c_w.l)
    0x0003f046   0x00000002   PAD
    0x0003f048   0x00000074   Code   RO         2996    .text               c_w.l(_printf_dec.o)(c_w.l)
    0x0003f0bc   0x0000009c   Code   RO         3016    .text               c_w.l(_printf_hex_int_ll_ptr.o)(c_w.l)
    0x0003f158   0x0000019c   Code   RO         3034    .text               c_w.l(__printf_flags_ss_wp.o)(c_w.l)
    0x0003f2f4   0x00000024   Code   RO         3042    .text               c_w.l(strncat.o)(c_w.l)
    0x0003f318   0x00000024   Code   RO         3044    .text               c_w.l(strstr.o)(c_w.l)
    0x0003f33c   0x00000048   Code   RO         3046    .text               c_w.l(strcpy.o)(c_w.l)
    0x0003f384   0x0000003e   Code   RO         3048    .text               c_w.l(strlen.o)(c_w.l)
    0x0003f3c2   0x0000008c   Code   RO         3050    .text               c_w.l(strncmp.o)(c_w.l)
    0x0003f44e   0x00000018   Code   RO         3052    .text               c_w.l(strcat.o)(c_w.l)
    0x0003f466   0x0000008a   Code   RO         3054    .text               c_w.l(rt_memcpy_v6.o)(c_w.l)
    0x0003f4f0   0x00000064   Code   RO         3056    .text               c_w.l(rt_memcpy_w.o)(c_w.l)
    0x0003f554   0x00000010   Code   RO         3058    .text               c_w.l(aeabi_memset.o)(c_w.l)
    0x0003f564   0x00000044   Code   RO         3060    .text               c_w.l(rt_memclr.o)(c_w.l)
    0x0003f5a8   0x0000004e   Code   RO         3062    .text               c_w.l(rt_memclr_w.o)(c_w.l)
    0x0003f5f6   0x00000056   Code   RO         3064    .text               c_w.l(strncpy.o)(c_w.l)
    0x0003f64c   0x000001a0   Code   RO         3066    .text               c_w.l(mktime.o)(c_w.l)
    0x0003f7ec   0x0000000c   Code   RO         3077    .text               c_w.l(rt_heap_descriptor_intlibspace.o)(c_w.l)
    0x0003f7f8   0x00000004   Code   RO         3079    .text               c_w.l(hguard.o)(c_w.l)
    0x0003f7fc   0x0000008a   Code   RO         3081    .text               c_w.l(init_alloc.o)(c_w.l)
    0x0003f886   0x0000000e   Code   RO         3085    .text               c_w.l(h1_init.o)(c_w.l)
    0x0003f894   0x00000024   Code   RO         3099    .text               c_w.l(_printf_truncate.o)(c_w.l)
    0x0003f8b8   0x000000b4   Code   RO         3101    .text               c_w.l(_printf_intcommon.o)(c_w.l)
    0x0003f96c   0x0000002a   Code   RO         3103    .text               c_w.l(_printf_charcount.o)(c_w.l)
    0x0003f996   0x00000002   PAD
    0x0003f998   0x00000030   Code   RO         3105    .text               c_w.l(_printf_char_common.o)(c_w.l)
    0x0003f9c8   0x0000000a   Code   RO         3107    .text               c_w.l(_sputc.o)(c_w.l)
    0x0003f9d2   0x00000010   Code   RO         3109    .text               c_w.l(_snputc.o)(c_w.l)
    0x0003f9e2   0x0000002c   Code   RO         3111    .text               c_w.l(_printf_char.o)(c_w.l)
    0x0003fa0e   0x00000002   PAD
    0x0003fa10   0x000000bc   Code   RO         3113    .text               c_w.l(_printf_wctomb.o)(c_w.l)
    0x0003facc   0x00000078   Code   RO         3116    .text               c_w.l(_printf_longlong_dec.o)(c_w.l)
    0x0003fb44   0x00000078   Code   RO         3122    .text               c_w.l(_printf_oct_int_ll.o)(c_w.l)
    0x0003fbbc   0x00000010   Code   RO         3144    .text               c_w.l(rtudiv10.o)(c_w.l)
    0x0003fbcc   0x00000008   Code   RO         3191    .text               c_w.l(libspace.o)(c_w.l)
    0x0003fbd4   0x00000032   Code   RO         3218    .text               c_w.l(h1_extend.o)(c_w.l)
    0x0003fc06   0x0000008a   Code   RO         3222    .text               c_w.l(lludiv10.o)(c_w.l)
    0x0003fc90   0x0000040e   Code   RO         3224    .text               c_w.l(_printf_fp_dec.o)(c_w.l)
    0x0004009e   0x0000002c   Code   RO         3228    .text               c_w.l(_printf_wchar.o)(c_w.l)
    0x000400ca   0x00000040   Code   RO         3230    .text               c_w.l(_wcrtomb.o)(c_w.l)
    0x0004010a   0x0000000e   Code   RO         3232    .text               c_w.l(defsig_rtmem_outer.o)(c_w.l)
    0x00040118   0x0000004c   Code   RO         3236    .text               c_w.l(heapauxa.o)(c_w.l)
    0x00040164   0x0000004a   Code   RO         3243    .text               c_w.l(sys_stackheap_outer.o)(c_w.l)
    0x000401ae   0x00000002   PAD
    0x000401b0   0x00000010   Code   RO         3245    .text               c_w.l(rt_ctype_table.o)(c_w.l)
    0x000401c0   0x0000000c   Code   RO         3252    .text               c_w.l(rt_locale_intlibspace.o)(c_w.l)
    0x000401cc   0x0000007c   Code   RO         3256    .text               c_w.l(_printf_fp_infnan.o)(c_w.l)
    0x00040248   0x000000ec   Code   RO         3258    .text               c_w.l(bigflt0.o)(c_w.l)
    0x00040334   0x0000000c   Code   RO         3286    .text               c_w.l(exit.o)(c_w.l)
    0x00040340   0x0000000a   Code   RO         3288    .text               c_w.l(defsig_exit.o)(c_w.l)
    0x0004034a   0x00000002   PAD
    0x0004034c   0x0000004c   Code   RO         3290    .text               c_w.l(defsig_rtmem_inner.o)(c_w.l)
    0x00040398   0x00000032   Code   RO         3319    .text               c_w.l(defsig_general.o)(c_w.l)
    0x000403ca   0x00000002   PAD
    0x000403cc   0x00000080   Code   RO         3321    .text               c_w.l(strcmpv7m.o)(c_w.l)
    0x0004044c   0x0000000c   Code   RO         3351    .text               c_w.l(rt_fp_status_addr_intlibspace.o)(c_w.l)
    0x00040458   0x0000003e   Code   RO         3261    CL$$btod_d2e        c_w.l(btod.o)(c_w.l)
    0x00040496   0x00000046   Code   RO         3263    CL$$btod_d2e_denorm_low  c_w.l(btod.o)(c_w.l)
    0x000404dc   0x00000060   Code   RO         3262    CL$$btod_d2e_norm_op1  c_w.l(btod.o)(c_w.l)
    0x0004053c   0x00000338   Code   RO         3271    CL$$btod_div_common  c_w.l(btod.o)(c_w.l)
    0x00040874   0x000000c6   Code   RO         3268    CL$$btod_e2e        c_w.l(btod.o)(c_w.l)
    0x0004093a   0x00000028   Code   RO         3265    CL$$btod_ediv       c_w.l(btod.o)(c_w.l)
    0x00040962   0x00000028   Code   RO         3264    CL$$btod_emul       c_w.l(btod.o)(c_w.l)
    0x0004098a   0x00000244   Code   RO         3270    CL$$btod_mult_common  c_w.l(btod.o)(c_w.l)
    0x00040bce   0x00000028   Code   RO         3306    i.__ARM_fpclassify  m_ws.l(fpclassify.o)(m_ws.l)
    0x00040bf6   0x00000002   PAD
    0x00040bf8   0x0000002c   Code   RO         3284    locale$$code        c_w.l(lc_numeric_c.o)(c_w.l)
    0x00040c24   0x0000002c   Code   RO         3315    locale$$code        c_w.l(lc_ctype_c.o)(c_w.l)
    0x00040c50   0x00000008   Code   RO         2568  * rt_sys              rt_sys_s.o
    0x00040c58   0x0000000e   Code   RO         3338    x$fpl$fpinit        fz_ws.l(fpinit.o)(fz_ws.l)
    0x00040c66   0x00000004   Code   RO         3189    x$fpl$printf1       fz_ws.l(printf1.o)(fz_ws.l)
    0x00040c6a   0x00000000   Code   RO         3305    x$fpl$usenofp       fz_ws.l(usenofp.o)(fz_ws.l)
    0x00040c6a   0x00000002   PAD
    0x00040c6c   0x0000004f   Data   RO          208    .constdata          business.o
    0x00040cbb   0x00000001   PAD
    0x00040cbc   0x000015b0   Data   RO          239    .constdata          maintain.o
    0x0004226c   0x00000014   Data   RO          263    .constdata          common.o
    0x00042280   0x0000047c   Data   RO          298    .constdata          channel.o
    0x000426fc   0x0000026c   Data   RO          317    .constdata          lifttable.o
    0x00042968   0x0000015c   Data   RO          334    .constdata          acdc.o
    0x00042ac4   0x00000062   Data   RO          610    .constdata          pccomapi.o
    0x00042b26   0x000000c0   Data   RO          655    .constdata          channelapi.o
    0x00042be6   0x00000002   PAD
    0x00042be8   0x000002d0   Data   RO          748    .constdata          hefanguiapi.o
    0x00042eb8   0x00000042   Data   RO         1005    .constdata          billaccepter.o
    0x00042efa   0x00000002   PAD
    0x00042efc   0x0000004b   Data   RO         1160    .constdata          taskuart3device.o
    0x00042f47   0x00000001   PAD
    0x00042f48   0x00000054   Data   RO         1346    .constdata          zhihuipc.o
    0x00042f9c   0x00000090   Data   RO         1369    .constdata          ubprotocol.o
    0x0004302c   0x0000012e   Data   RO         1387    .constdata          vmc_gprs_pc.o
    0x0004315a   0x0000b382   Data   RO         1751    .constdata          lcd.o
    0x0004e4dc   0x00000010   Data   RO         1773    .constdata          key.o
    0x0004e4ec   0x00000108   Data   RO         2042    .constdata          os_core.o
    0x0004e5f4   0x00000028   Data   RO         3017    .constdata          c_w.l(_printf_hex_int_ll_ptr.o)(c_w.l)
    0x0004e61c   0x00000011   Data   RO         3035    .constdata          c_w.l(__printf_flags_ss_wp.o)(c_w.l)
    0x0004e62d   0x00000003   PAD
    0x0004e630   0x00000008   Data   RO         3114    .constdata          c_w.l(_printf_wctomb.o)(c_w.l)
    0x0004e638   0x0000000c   Data   RO         3143    .constdata          c_w.l(_monlen.o)(c_w.l)
    0x0004e644   0x00000094   Data   RO         3259    .constdata          c_w.l(bigflt0.o)(c_w.l)
    0x0004e6d8   0x000027f9   Data   RO          240    .conststring        maintain.o
    0x00050ed1   0x00000c18   Data   RO          283    .conststring        language.o
    0x00051ae9   0x000008c0   Data   RO          299    .conststring        channel.o
    0x000523a9   0x00000565   Data   RO          318    .conststring        lifttable.o
    0x0005290e   0x000001fc   Data   RO          335    .conststring        acdc.o
    0x00052b0a   0x0000035e   Data   RO          749    .conststring        hefanguiapi.o
    0x00052e68   0x00000040   Data   RO         3374    Region$$Table       anon$$obj.o
    0x00052ea8   0x0000001c   Data   RO         3283    locale$$data        c_w.l(lc_numeric_c.o)(c_w.l)
    0x00052ec4   0x00000110   Data   RO         3314    locale$$data        c_w.l(lc_ctype_c.o)(c_w.l)


    Execution Region SRAM (Base: 0x10000000, Size: 0x00006938, Max: 0xffffffff, ABSOLUTE, COMPRESSED[0x00000328])

    Base Addr    Size         Type   Attr      Idx    E Section Name        Object

    0x10000000   0x00000011   Data   RW            3    .data               main.o
    0x10000011   0x00000003   PAD
    0x10000014   0x00000038   Data   RW          209    .data               business.o
    0x1000004c   0x0000002c   Data   RW          241    .data               maintain.o
    0x10000078   0x000000a0   Data   RW          264    .data               common.o
    0x10000118   0x00000488   Data   RW          284    .data               language.o
    0x100005a0   0x00000008   Data   RW          319    .data               lifttable.o
    0x100005a8   0x00000007   Data   RW          336    .data               acdc.o
    0x100005af   0x00000005   Data   RW          560    .data               checkdevicestate.o
    0x100005b4   0x00000002   Data   RW          611    .data               pccomapi.o
    0x100005b6   0x00000001   Data   RW          628    .data               lifttableapi.o
    0x100005b7   0x00000001   Data   RW          675    .data               changerapi.o
    0x100005b8   0x00000002   Data   RW          706    .data               zhihuiapi.o
    0x100005ba   0x00000002   Data   RW          750    .data               hefanguiapi.o
    0x100005bc   0x00000004   Data   RW          769    .data               colapi.o
    0x100005c0   0x00000004   Data   RW          974    .data               mdb_uart2.o
    0x100005c4   0x00000010   Data   RW          989    .data               evb_uart2.o
    0x100005d4   0x0000000a   Data   RW         1006    .data               billaccepter.o
    0x100005de   0x00000002   Data   RW         1024    .data               coinaccepter .o
    0x100005e0   0x00000001   Data   RW         1072    .data               acdcdriver.o
    0x100005e1   0x00000005   Data   RW         1086    .data               channeldriver.o
    0x100005e6   0x00000001   Data   RW         1105    .data               hopperdriver.o
    0x100005e7   0x00000003   Data   RW         1347    .data               zhihuipc.o
    0x100005ea   0x00000002   Data   RW         1370    .data               ubprotocol.o
    0x100005ec   0x00000003   Data   RW         1388    .data               vmc_gprs_pc.o
    0x100005ef   0x00000002   Data   RW         1410    .data               ubprotocol_simple.o
    0x100005f1   0x00000014   Data   RW         1430    .data               selectkey.o
    0x10000605   0x00000005   Data   RW         1661    .data               uart2.o
    0x1000060a   0x00000002   Data   RW         1677    .data               uart0.o
    0x1000060c   0x00000002   Data   RW         1693    .data               uart1.o
    0x1000060e   0x00000002   Data   RW         1709    .data               uart3.o
    0x10000610   0x00000016   Data   RW         1736    .data               i2c.o
    0x10000626   0x00000002   PAD
    0x10000628   0x0000000d   Data   RW         1774    .data               key.o
    0x10000635   0x00000003   PAD
    0x10000638   0x00000018   Data   RW         1790    .data               pcoin.o
    0x10000650   0x00000001   Data   RW         1805    .data               timer.o
    0x10000651   0x00000003   PAD
    0x10000654   0x00000004   Data   RW         1845    .data               gprs_uart.o
    0x10000658   0x00000004   Data   RW         1861    .data               os_cpu_c.o
    0x1000065c   0x0000004c   Data   RW         2043    .data               os_core.o
    0x100006a8   0x00000024   Data   RW         2574    .data               taskuart0device.o
    0x100006cc   0x00000004   Data   RW         3237    .data               c_w.l(heapauxa.o)(c_w.l)
    0x100006d0   0x00003ff8   Zero   RW            2    .bss                main.o
    0x100046c8   0x0000060e   Zero   RW          262    .bss                common.o
    0x10004cd6   0x00000144   Zero   RW          654    .bss                channelapi.o
    0x10004e1a   0x00000034   Zero   RW          729    .bss                gprsapi.o
    0x10004e4e   0x00000002   PAD
    0x10004e50   0x00000040   Zero   RW         1004    .bss                billaccepter.o
    0x10004e90   0x0000004a   Zero   RW         1023    .bss                coinaccepter .o
    0x10004eda   0x0000009c   Zero   RW         1053    .bss                lifttabledriver.o
    0x10004f76   0x00000002   PAD
    0x10004f78   0x0000003c   Zero   RW         1104    .bss                hopperdriver.o
    0x10004fb4   0x0000000a   Zero   RW         1386    .bss                vmc_gprs_pc.o
    0x10004fbe   0x00000021   Zero   RW         1429    .bss                selectkey.o
    0x10004fdf   0x00000001   PAD
    0x10004fe0   0x00000138   Zero   RW         1625    .bss                xmt.o
    0x10005118   0x00000080   Zero   RW         1644    .bss                hefangui.o
    0x10005198   0x00000024   Zero   RW         1660    .bss                uart2.o
    0x100051bc   0x00000080   Zero   RW         1676    .bss                uart0.o
    0x1000523c   0x00000040   Zero   RW         1692    .bss                uart1.o
    0x1000527c   0x00000100   Zero   RW         1708    .bss                uart3.o
    0x1000537c   0x0000000c   Zero   RW         1772    .bss                key.o
    0x10005388   0x00000084   Zero   RW         1789    .bss                pcoin.o
    0x1000540c   0x000014b8   Zero   RW         2041    .bss                os_core.o
    0x100068c4   0x00000014   Zero   RW         2573    .bss                taskuart0device.o
    0x100068d8   0x00000060   Zero   RW         3192    .bss                c_w.l(libspace.o)(c_w.l)


    Execution Region RAM2 (Base: 0x2007c000, Size: 0x000046d4, Max: 0x00008000, ABSOLUTE)

    Base Addr    Size         Type   Attr      Idx    E Section Name        Object

    0x2007c000   0x00000006   Data   RW          771    RAM2                colapi.o
    0x2007c006   0x00000002   PAD
    0x2007c008   0x000000d8   Zero   RW          265    RAM2                common.o
    0x2007c0e0   0x00000cc0   Zero   RW          656    RAM2                channelapi.o
    0x2007cda0   0x000002d8   Zero   RW          707    RAM2                zhihuiapi.o
    0x2007d078   0x000014b4   Zero   RW          751    RAM2                hefanguiapi.o
    0x2007e52c   0x00000088   Zero   RW          770    RAM2                colapi.o
    0x2007e5b4   0x00000690   Zero   RW         1371    RAM2                ubprotocol.o
    0x2007ec44   0x0000040c   Zero   RW         1411    RAM2                ubprotocol_simple.o
    0x2007f050   0x00001684   Zero   RW         2575    RAM2                taskuart0device.o


    Execution Region HEAP (Base: 0x200806d4, Size: 0x00000000, Max: 0xffffffff, ABSOLUTE, UNINIT)

    Base Addr    Size         Type   Attr      Idx    E Section Name        Object

    0x200806d4   0x00000000   Zero   RW         2569    Heap                rt_sys_s.o


==============================================================================

Image component sizes


      Code (inc. data)   RO Data    RW Data    ZI Data      Debug   Object Name

      7828        572        856          7          0          0   acdc.o
      1032        198          0          0          0          0   acdcapi.o
       148         52          0          1          0          0   acdcdriver.o
       924         22          0          0          0          0   at45db161d.o
      7136       1944         66         10         64          0   billaccepter.o
       960        160          0          0          0          0   billaccepterapi.o
     17184       1606         79         56          0          0   business.o
       112          4          0          0          0          0   buzzer.o
      4280        768          0          1          0          0   changerapi.o
     15800       1134       3388          0          0          0   channel.o
     12784        390        192          0       3588          0   channelapi.o
       384          8          0          5          0          0   channeldriver.o
      1800        396          0          5          0          0   checkdevicestate.o
      2380        556          0          2         74          0   coinaccepter .o
       412         90          0          0          0          0   coinaccepterapi .o
      1304        112          0         10        136          0   colapi.o
      8676        422         20        160       1766          0   common.o
       768        108          0         16          0          0   evb_uart2.o
       316         10          0          4          0          0   gprs_uart.o
      6156       1572          0          0         52          0   gprsapi.o
       844        110          0          0        128          0   hefangui.o
     10120        370       1582          2       5300          0   hefanguiapi.o
      1016        152          0          1         60          0   hopperdriver.o
       972         44          0         22          0          0   i2c.o
      1412        120         16         13         12          0   key.o
         0          0       3096       1160          0          0   language.o
      4420         86      45954          0          0          0   lcd.o
      4608        726       2001          8          0          0   lifttable.o
       760        136          0          1          0          0   lifttableapi.o
      1844         90          0          0        156          0   lifttabledriver.o
      2056        112          0          0          0          0   logapi.o
       120         32          0          0          0          0   lpc1700pincfg.o
       404         64          0         17      16376          0   main.o
     35808       3014      15785         44          0          0   maintain.o
       260         14          0          4          0          0   mdb_uart2.o
       736        226          0          0          0          0   mdbchanger.o
      3208       1426          0          0          0          0   mdbreader.o
      1856        140        264         76       5304          0   os_core.o
       538         80          0          4          0          0   os_cpu_c.o
      1652         30          0          0          0          0   os_flag.o
       768         14          0          0          0          0   os_mbox.o
       384          8          0          0          0          0   os_mem.o
      1260         24          0          0          0          0   os_q.o
       648         12          0          0          0          0   os_sem.o
      1532         64          0          0          0          0   os_task.o
       404         20          0          0          0          0   os_time.o
      7952       1604         98          2          0          0   pccomapi.o
       776        102          0         24        132          0   pcoin.o
      1212        254          0          0          0          0   readerapi.o
       134          0          0          0          0          0   rt_sys_c.o
         8          4          0          0          0          0   rt_sys_s.o
       268         20          0          0          0          0   rtc.o
       976        220          0         20         33          0   selectkey.o
      2100        158          0          0          0          0   selectkeyapi.o
       420         56          0          0          0          0   target.o
      3748        854          0          0          0          0   taskdevice.o
     13052        346          0         36       5784          0   taskuart0device.o
       752        200          0          0          0          0   taskuart1device.o
      3832       1394         75          0          0          0   taskuart3device.o
       772         46          0          1          0          0   timer.o
       616          4          0          0          0          0   traceapi.o
       152         28          0          0          0          0   tuibiapi.o
       464         22          0          2        128          0   uart0.o
       512         28          0          2         64          0   uart1.o
       988         40          0          5         36          0   uart2.o
       504         24          0          2        256          0   uart3.o
     21512       1446        144          2       1680          0   ubprotocol.o
      6424       1150          0          2       1036          0   ubprotocol_simple.o
         0          0        204          0          0          0   vector_table.o
      8136       1986        302          3         10          0   vmc_gprs_pc.o
       856         86          0          0        312          0   xmt.o
      4200        710          0          2        728          0   zhihuiapi.o
      6840        942         84          3          0          0   zhihuipc.o
      1758         22          0          0          0          0   zy_if.o

    ----------------------------------------------------------------------
    256980      28984      74276       1748      43220          0   Object Totals
         0          0         64          0          0          0   (incl. Generated)
         2          0          6         13          5          1   (incl. Padding)

    ----------------------------------------------------------------------

      Code (inc. data)   RO Data    RW Data    ZI Data      Debug   Library Member Name

        56          6          0          0          0          0   __2snprintf.o
        44          6          0          0          0          0   __2sprintf.o
       100          0          0          0          0          0   __dclz77c.o
         8          0          0          0          0          0   __main.o
       412          6         17          0          0          0   __printf_flags_ss_wp.o
        52          8          0          0          0          0   __scatter.o
        26          0          0          0          0          0   __scatter_copy.o
        28          0          0          0          0          0   __scatter_zi.o
         0          0         12          0          0          0   _monlen.o
         6          0          0          0          0          0   _printf_a.o
         6          0          0          0          0          0   _printf_c.o
        44          0          0          0          0          0   _printf_char.o
        48          6          0          0          0          0   _printf_char_common.o
        42          0          0          0          0          0   _printf_charcount.o
         6          0          0          0          0          0   _printf_d.o
       116         18          0          0          0          0   _printf_dec.o
         6          0          0          0          0          0   _printf_e.o
         6          0          0          0          0          0   _printf_f.o
      1038          0          0          0          0          0   _printf_fp_dec.o
       124         16          0          0          0          0   _printf_fp_infnan.o
         6          0          0          0          0          0   _printf_g.o
       156          6         40          0          0          0   _printf_hex_int_ll_ptr.o
         6          0          0          0          0          0   _printf_i.o
       180          0          0          0          0          0   _printf_intcommon.o
        10          0          0          0          0          0   _printf_l.o
         6          0          0          0          0          0   _printf_lc.o
        10          0          0          0          0          0   _printf_ll.o
         6          0          0          0          0          0   _printf_lld.o
         6          0          0          0          0          0   _printf_lli.o
         6          0          0          0          0          0   _printf_llo.o
         6          0          0          0          0          0   _printf_llu.o
         6          0          0          0          0          0   _printf_llx.o
       120         16          0          0          0          0   _printf_longlong_dec.o
         6          0          0          0          0          0   _printf_ls.o
         6          0          0          0          0          0   _printf_n.o
         6          0          0          0          0          0   _printf_o.o
       120          8          0          0          0          0   _printf_oct_int_ll.o
         6          0          0          0          0          0   _printf_p.o
        80          0          0          0          0          0   _printf_pad.o
         0          0          0          0          0          0   _printf_percent.o
         4          0          0          0          0          0   _printf_percent_end.o
         6          0          0          0          0          0   _printf_s.o
        82          0          0          0          0          0   _printf_str.o
        36          0          0          0          0          0   _printf_truncate.o
         6          0          0          0          0          0   _printf_u.o
        44          0          0          0          0          0   _printf_wchar.o
       188          6          8          0          0          0   _printf_wctomb.o
         6          0          0          0          0          0   _printf_x.o
        16          0          0          0          0          0   _snputc.o
        10          0          0          0          0          0   _sputc.o
        64          0          0          0          0          0   _wcrtomb.o
        16          0          0          0          0          0   aeabi_memset.o
       236          6        148          0          0          0   bigflt0.o
      1910        128          0          0          0          0   btod.o
        36          4          0          0          0          0   c89vsprintf.o
        10          0          0          0          0          0   defsig_exit.o
        50          0          0          0          0          0   defsig_general.o
        76         56          0          0          0          0   defsig_rtmem_inner.o
        14          0          0          0          0          0   defsig_rtmem_outer.o
        12          0          0          0          0          0   exit.o
       100          0          0          0          0          0   h1_alloc.o
        50          0          0          0          0          0   h1_extend.o
        78          0          0          0          0          0   h1_free.o
        14          0          0          0          0          0   h1_init.o
        76         10          0          4          0          0   heapauxa.o
         4          0          0          0          0          0   hguard.o
       138          0          0          0          0          0   init_alloc.o
        44         10        272          0          0          0   lc_ctype_c.o
        44         10         28          0          0          0   lc_numeric_c.o
         6          0          0          0          0          0   libinit.o
        38          0          0          0          0          0   libinit2.o
         2          0          0          0          0          0   libshutdown.o
         2          0          0          0          0          0   libshutdown2.o
         8          4          0          0         96          0   libspace.o
       138          0          0          0          0          0   lludiv10.o
         0          0          0          0          0          0   maybetermalloc1.o
       416          8          0          0          0          0   mktime.o
        16          4          0          0          0          0   rt_ctype_table.o
        12          4          0          0          0          0   rt_fp_status_addr_intlibspace.o
        12          4          0          0          0          0   rt_heap_descriptor_intlibspace.o
        12          4          0          0          0          0   rt_locale_intlibspace.o
        68          0          0          0          0          0   rt_memclr.o
        78          0          0          0          0          0   rt_memclr_w.o
       138          0          0          0          0          0   rt_memcpy_v6.o
       100          0          0          0          0          0   rt_memcpy_w.o
         0          0          0          0          0          0   rtentry.o
        12          0          0          0          0          0   rtentry2.o
         6          0          0          0          0          0   rtentry4.o
         2          0          0          0          0          0   rtexit.o
        10          0          0          0          0          0   rtexit2.o
        16          0          0          0          0          0   rtudiv10.o
        24          0          0          0          0          0   strcat.o
       128          0          0          0          0          0   strcmpv7m.o
        72          0          0          0          0          0   strcpy.o
        62          0          0          0          0          0   strlen.o
        36          0          0          0          0          0   strncat.o
       140          0          0          0          0          0   strncmp.o
        86          0          0          0          0          0   strncpy.o
        36          0          0          0          0          0   strstr.o
        74          0          0          0          0          0   sys_stackheap_outer.o
         2          0          0          0          0          0   use_no_semi.o
        14          0          0          0          0          0   fpinit.o
         4          0          0          0          0          0   printf1.o
         0          0          0          0          0          0   usenofp.o
        40          0          0          0          0          0   fpclassify.o
         2          0          0          0          0          0   osinithookbegin.o
         2          0          0          0          0          0   osinithookend.o
         4          0          0          0          0          0   ostaskcreatehook.o
         4          0          0          0          0          0   ostaskdelhook.o
         2          0          0          0          0          0   ostaskidlehook.o
         2          0          0          0          0          0   ostaskstathook.o
         2          0          0          0          0          0   ostaskswhook.o
         4          0          0          0          0          0   ostcbinithook.o
         2          0          0          0          0          0   ostimetickhook.o

    ----------------------------------------------------------------------
      8140        354        528          4         96          0   Library Totals
        20          0          3          0          0          0   (incl. Padding)

    ----------------------------------------------------------------------

      Code (inc. data)   RO Data    RW Data    ZI Data      Debug   Library Name

      8038        354        525          4         96       6056   c_w.l
        18          0          0          0          0        144   fz_ws.l
        40          0          0          0          0         68   m_ws.l
        24          0          0          0          0      11506   uCOS-II hook.lib

    ----------------------------------------------------------------------
      8140        354        528          4         96          0   Library Totals

    ----------------------------------------------------------------------

==============================================================================


      Code (inc. data)   RO Data    RW Data    ZI Data      Debug   

    265120      29338      74804       1752      43316     710624   Grand Totals
    265120      29338      74804        816      43316     710624   ELF Image Totals (compressed)
    265120      29338      74804        816          0          0   ROM Totals

==============================================================================

    Total RO  Size (Code + RO Data)               339924 ( 331.96kB)
    Total RW  Size (RW Data + ZI Data)             45068 (  44.01kB)
    Total ROM Size (Code + RO Data + RW Data)     340740 ( 332.75kB)

==============================================================================

