ARM Linker, 4.1 [Build 481] [Standard]

==============================================================================

Section Cross References

    main.o(.text) refers to lcd.o(.text) for LCDPutLOGOBmp
    main.o(.text) refers to key.o(.text) for InitKeyboard
    main.o(.text) refers to uart0.o(.text) for InitUart0
    main.o(.text) refers to uart1.o(.text) for InitUart1
    main.o(.text) refers to uart2.o(.text) for InitUart2
    main.o(.text) refers to uart3.o(.text) for InitUart3
    main.o(.text) refers to buzzer.o(.text) for InitBuzzer
    main.o(.text) refers to timer.o(.text) for InitTimer
    main.o(.text) refers to rtc.o(.text) for InitRtc
    main.o(.text) refers to at45db161d.o(.text) for InitAT45DB
    main.o(.text) refers to common.o(.text) for LoadDefaultSystemPara
    main.o(.text) refers to os_task.o(.text) for OSTaskCreate
    main.o(.text) refers to os_time.o(.text) for OSTimeDly
    main.o(.text) refers to taskuart0device.o(.text) for pcControlInit
    main.o(.text) refers to coinaccepterapi .o(.text) for CoinDevInitAPI
    main.o(.text) refers to billaccepterapi.o(.text) for BillDevInitAPI
    main.o(.text) refers to changerapi.o(.text) for ChangerDevInitAPI
    main.o(.text) refers to readerapi.o(.text) for ReaderDevInitAPI
    main.o(.text) refers to channelapi.o(.text) for ChannelGetFlashData
    main.o(.text) refers to os_sem.o(.text) for OSSemPend
    main.o(.text) refers to logapi.o(.text) for ReadLogAPI
    main.o(.text) refers to rt_memclr_w.o(.text) for __aeabi_memclr4
    main.o(.text) refers to selectkeyapi.o(.text) for SelectInitAPI
    main.o(.text) refers to pccomapi.o(.text) for PCInitAPI
    main.o(.text) refers to business.o(.text) for BusinessProcess
    main.o(.text) refers to target.o(.text) for targetInit
    main.o(.text) refers to lpc1700pincfg.o(.text) for pinInit
    main.o(.text) refers to os_core.o(.text) for OSInit
    main.o(.text) refers to main.o(.bss) for SystemPara
    main.o(.text) refers to taskdevice.o(.text) for Uart2TaskDevice
    main.o(.text) refers to common.o(.data) for g_DeviceSem
    main.o(.text) refers to taskuart1device.o(.text) for Uart1TaskDevice
    main.o(.text) refers to taskuart3device.o(.text) for Uart3TaskDevice
    business.o(.text) refers to _printf_percent.o(.ARM.Collect$$_printf_percent$$00000000) for _printf_percent
    business.o(.text) refers to _printf_d.o(.ARM.Collect$$_printf_percent$$00000009) for _printf_d
    business.o(.text) refers to _printf_dec.o(.text) for _printf_int_dec
    business.o(.text) refers to _printf_pad.o(.text) for _printf_pre_padding
    business.o(.text) refers to _printf_s.o(.ARM.Collect$$_printf_percent$$00000014) for _printf_s
    business.o(.text) refers to _printf_str.o(.text) for _printf_str
    business.o(.text) refers to lcd.o(.text) for LCDDrawLine
    business.o(.text) refers to strlen.o(.text) for strlen
    business.o(.text) refers to rt_memclr_w.o(.text) for __aeabi_memclr4
    business.o(.text) refers to rtc.o(.text) for RTCReadTime
    business.o(.text) refers to os_time.o(.text) for OSTimeDly
    business.o(.text) refers to strcpy.o(.text) for strcpy
    business.o(.text) refers to __2sprintf.o(.text) for __2sprintf
    business.o(.text) refers to main.o(.bss) for SystemPara
    business.o(.text) refers to main.o(.data) for RTCData
    business.o(.text) refers to business.o(.data) for vmcChangeLow
    business.o(.text) refers to language.o(.data) for BUSINESSERROR
    business.o(.text) refers to xmt.o(.bss) for sysXMTMission
    business.o(.text) refers to os_mbox.o(.text) for OSMboxAccept
    business.o(.text) refers to strcat.o(.text) for strcat
    business.o(.text) refers to channelapi.o(.text) for ChannelCheckIsOk
    business.o(.text) refers to pccomapi.o(.text) for ButtonRPTAPI
    business.o(.text) refers to common.o(.data) for g_CoinMoneyBackMail
    business.o(.text) refers to traceapi.o(.text) for TraceBill
    business.o(.text) refers to billaccepterapi.o(.text) for BillDevEnableAPI
    business.o(.text) refers to checkdevicestate.o(.text) for SetBillCoinStatus
    business.o(.text) refers to coinaccepterapi .o(.text) for CoinDevEnableAPI
    business.o(.text) refers to readerapi.o(.text) for ReaderDevEnableAPI
    business.o(.text) refers to common.o(.bss) for DeviceStateBusiness
    business.o(.text) refers to logapi.o(.text) for LogGetMoneyAPI
    business.o(.text) refers to changerapi.o(.text) for ChangerDevPayoutAPI
    business.o(.text) refers to selectkeyapi.o(.text) for SaleSelectionKeyAPI
    business.o(.text) refers to channel.o(.text) for ChannelAPIProcess
    business.o(.text) refers to uart0.o(.text) for Trace
    business.o(.text) refers to mdb_uart2.o(.text) for MdbBusHardwareReset
    business.o(.text) refers to key.o(.text) for ReadMaintainKeyValue
    business.o(.text) refers to taskuart0device.o(.text) for mainTaskPollPC
    business.o(.text) refers to tuibiapi.o(.text) for ClrTuibiAPI
    business.o(.text) refers to acdc.o(.text) for ACDCTimingHandle
[...]
    OSSemQuery                               0x00036561   Thumb Code   112  os_sem.o(.text)
    OSQAccept                                0x000365dd   Thumb Code    70  os_q.o(.text)
    OSQCreate                                0x00036623   Thumb Code   128  os_q.o(.text)
    OSQDel                                   0x000366a3   Thumb Code   204  os_q.o(.text)
    OSQFlush                                 0x0003676f   Thumb Code    46  os_q.o(.text)
    OSQPend                                  0x0003679d   Thumb Code   208  os_q.o(.text)
    OSQPost                                  0x0003686d   Thumb Code   110  os_q.o(.text)
    OSQPostFront                             0x000368db   Thumb Code   112  os_q.o(.text)
    OSQPostOpt                               0x0003694b   Thumb Code   172  os_q.o(.text)
    OSQQuery                                 0x000369f7   Thumb Code   164  os_q.o(.text)
    OS_QInit                                 0x00036a9b   Thumb Code    38  os_q.o(.text)
    pinInit                                  0x00036ac9   Thumb Code    80  lpc1700pincfg.o(.text)
    pconpInit                                0x00036b19   Thumb Code     8  lpc1700pincfg.o(.text)
    defaultVectorHandle                      0x00036b41   Thumb Code    10  target.o(.text)
    targetInit                               0x00036b4b   Thumb Code   354  target.o(.text)
    zyIfInit                                 0x00036ce5   Thumb Code     4  zy_if.o(.text)
    zyReset                                  0x00036ce9   Thumb Code    50  zy_if.o(.text)
    zyIrqDisable                             0x00036d1b   Thumb Code     8  zy_if.o(.text)
    zyIrqEnable                              0x00036d23   Thumb Code     8  zy_if.o(.text)
    zyIsrSet                                 0x00036d2b   Thumb Code   174  zy_if.o(.text)
    __s_zyIsrClr                             0x00036dd9   Thumb Code   172  zy_if.o(.text)
    __s_zyIsrDisable                         0x00036e85   Thumb Code   152  zy_if.o(.text)
    zyIsrEnable                              0x00036f1d   Thumb Code   142  zy_if.o(.text)
    zyHeapMalloc                             0x00036fab   Thumb Code    26  zy_if.o(.text)
    zyHeapFree                               0x00036fc5   Thumb Code    22  zy_if.o(.text)
    zyThreadCreate                           0x00036fdb   Thumb Code    72  zy_if.o(.text)
    zyThreadGetCurId                         0x00037023   Thumb Code     6  zy_if.o(.text)
    zyThreadDel                              0x00037029   Thumb Code    70  zy_if.o(.text)
    zyThreadSuspendSelf                      0x0003706f   Thumb Code    12  zy_if.o(.text)
    zyThreadResume                           0x0003707b   Thumb Code    18  zy_if.o(.text)
    zyThreadSuspendCheck                     0x0003708d   Thumb Code    24  zy_if.o(.text)
    zyThreadDelay                            0x000370a5   Thumb Code    46  zy_if.o(.text)
    zySemCreate                              0x000370d3   Thumb Code    34  zy_if.o(.text)
    zySemDel                                 0x000370f5   Thumb Code    62  zy_if.o(.text)
    zySemAccept                              0x00037133   Thumb Code    12  zy_if.o(.text)
    zySemPend                                0x0003713f   Thumb Code    88  zy_if.o(.text)
    zySemPost                                0x00037197   Thumb Code    56  zy_if.o(.text)
    zyMsgCreate                              0x000371cf   Thumb Code   122  zy_if.o(.text)
    zyMsgDel                                 0x00037249   Thumb Code    40  zy_if.o(.text)
    zyMsgAccept                              0x00037271   Thumb Code    58  zy_if.o(.text)
    zyMsgPend                                0x000372ab   Thumb Code   130  zy_if.o(.text)
    zyMsgPost                                0x0003732d   Thumb Code   150  zy_if.o(.text)
    _sys_exit                                0x000373c3   Thumb Code     4  rt_sys_c.o(.text)
    _ttywrch                                 0x000373c7   Thumb Code     2  rt_sys_c.o(.text)
    _sys_open                                0x000373c9   Thumb Code     8  rt_sys_c.o(.text)
    _sys_close                               0x000373d1   Thumb Code     8  rt_sys_c.o(.text)
    _sys_read                                0x000373d9   Thumb Code    10  rt_sys_c.o(.text)
    _sys_write                               0x000373e3   Thumb Code    10  rt_sys_c.o(.text)
    _sys_ensure                              0x000373ed   Thumb Code     6  rt_sys_c.o(.text)
    _sys_flen                                0x000373f3   Thumb Code     8  rt_sys_c.o(.text)
    _sys_seek                                0x000373fb   Thumb Code     8  rt_sys_c.o(.text)
    _sys_istty                               0x00037403   Thumb Code     8  rt_sys_c.o(.text)
    _sys_tmpnam                              0x0003740b   Thumb Code     6  rt_sys_c.o(.text)
    _sys_command_string                      0x00037411   Thumb Code     6  rt_sys_c.o(.text)
    clock                                    0x00037417   Thumb Code     4  rt_sys_c.o(.text)
    time                                     0x0003741b   Thumb Code    24  rt_sys_c.o(.text)
    remove                                   0x00037433   Thumb Code     8  rt_sys_c.o(.text)
    rename                                   0x0003743b   Thumb Code     8  rt_sys_c.o(.text)
    system                                   0x00037443   Thumb Code     6  rt_sys_c.o(.text)
    pcEncodAmount                            0x00037449   Thumb Code    88  taskuart0device.o(.text)
    pcPost                                   0x00037973   Thumb Code    26  taskuart0device.o(.text)
    pcShcReq                                 0x0003878b   Thumb Code    26  taskuart0device.o(.text)
    SystemDatasBroadcast                     0x0003a3c9   Thumb Code   110  taskuart0device.o(.text)
    sysBoardCastCheckTask                    0x0003a437   Thumb Code    48  taskuart0device.o(.text)
    enterPCControl                           0x0003a467   Thumb Code   226  taskuart0device.o(.text)
    pcControlInit                            0x0003a549   Thumb Code    76  taskuart0device.o(.text)
    vmcPost                                  0x0003a595   Thumb Code    78  taskuart0device.o(.text)
    mainTaskPollPC                           0x0003a5e3   Thumb Code   262  taskuart0device.o(.text)
    OSInitHookBegin                          0x0003a745   Thumb Code     2  osinithookbegin.o(.text)
    OSInitHookEnd                            0x0003a747   Thumb Code     2  osinithookend.o(.text)
    OSTaskCreateHook                         0x0003a749   Thumb Code     4  ostaskcreatehook.o(.text)
    OSTaskDelHook                            0x0003a74d   Thumb Code     4  ostaskdelhook.o(.text)
    OSTaskIdleHook                           0x0003a751   Thumb Code     2  ostaskidlehook.o(.text)
    OSTaskStatHook                           0x0003a753   Thumb Code     2  ostaskstathook.o(.text)
    OSTaskSwHook                             0x0003a755   Thumb Code     2  ostaskswhook.o(.text)
    OSTCBInitHook                            0x0003a757   Thumb Code     4  ostcbinithook.o(.text)
    OSTimeTickHook                           0x0003a75b   Thumb Code     2  ostimetickhook.o(.text)
    __semihosting$guard                      0x0003a75d   Thumb Code     0  use_no_semi.o(.text)
    __use_no_semihosting_swi                 0x0003a75d   Thumb Code     2  use_no_semi.o(.text)
    malloc                                   0x0003a75f   Thumb Code   100  h1_alloc.o(.text)
    free                                     0x0003a7c3   Thumb Code    78  h1_free.o(.text)
    __c89vsprintf                            0x0003a811   Thumb Code    32  c89vsprintf.o(.text)
    __2sprintf                               0x0003a835   Thumb Code    38  __2sprintf.o(.text)
    __2snprintf                              0x0003a861   Thumb Code    50  __2snprintf.o(.text)
    _printf_pre_padding                      0x0003a899   Thumb Code    44  _printf_pad.o(.text)
    _printf_post_padding                     0x0003a8c5   Thumb Code    36  _printf_pad.o(.text)
    _printf_str                              0x0003a8e9   Thumb Code    82  _printf_str.o(.text)
    _printf_int_dec                          0x0003a93d   Thumb Code    98  _printf_dec.o(.text)
    _printf_longlong_hex                     0x0003a9b1   Thumb Code    92  _printf_hex_int_ll_ptr.o(.text)
    _printf_int_hex                          0x0003aa0d   Thumb Code    28  _printf_hex_int_ll_ptr.o(.text)
    _printf_ll_hex                           0x0003aa29   Thumb Code    12  _printf_hex_int_ll_ptr.o(.text)
    _printf_hex_ptr                          0x0003aa35   Thumb Code    18  _printf_hex_int_ll_ptr.o(.text)
    __printf                                 0x0003aa4d   Thumb Code   406  __printf_flags_ss_wp.o(.text)
    strncat                                  0x0003abe9   Thumb Code    36  strncat.o(.text)
    strstr                                   0x0003ac0d   Thumb Code    36  strstr.o(.text)
    strcpy                                   0x0003ac31   Thumb Code    72  strcpy.o(.text)
    strlen                                   0x0003ac79   Thumb Code    62  strlen.o(.text)
    strncmp                                  0x0003acb7   Thumb Code   140  strncmp.o(.text)
    strcat                                   0x0003ad43   Thumb Code    24  strcat.o(.text)
    __aeabi_memcpy                           0x0003ad5b   Thumb Code     0  rt_memcpy_v6.o(.text)
    __rt_memcpy                              0x0003ad5b   Thumb Code   138  rt_memcpy_v6.o(.text)
    _memcpy_lastbytes                        0x0003adc1   Thumb Code     0  rt_memcpy_v6.o(.text)
    __aeabi_memcpy4                          0x0003ade5   Thumb Code     0  rt_memcpy_w.o(.text)
    __aeabi_memcpy8                          0x0003ade5   Thumb Code     0  rt_memcpy_w.o(.text)
    __rt_memcpy_w                            0x0003ade5   Thumb Code   100  rt_memcpy_w.o(.text)
    _memcpy_lastbytes_aligned                0x0003ae2d   Thumb Code     0  rt_memcpy_w.o(.text)
    __aeabi_memset                           0x0003ae49   Thumb Code    16  aeabi_memset.o(.text)
    __aeabi_memclr                           0x0003ae59   Thumb Code     0  rt_memclr.o(.text)
    __rt_memclr                              0x0003ae59   Thumb Code    68  rt_memclr.o(.text)
    _memset                                  0x0003ae5d   Thumb Code     0  rt_memclr.o(.text)
    __aeabi_memclr4                          0x0003ae9d   Thumb Code     0  rt_memclr_w.o(.text)
    __aeabi_memclr8                          0x0003ae9d   Thumb Code     0  rt_memclr_w.o(.text)
    __rt_memclr_w                            0x0003ae9d   Thumb Code    78  rt_memclr_w.o(.text)
    _memset_w                                0x0003aea1   Thumb Code     0  rt_memclr_w.o(.text)
    strncpy                                  0x0003aeeb   Thumb Code    86  strncpy.o(.text)
    mktime                                   0x0003af77   Thumb Code   354  mktime.o(.text)
    __rt_heap_descriptor                     0x0003b0e1   Thumb Code    12  rt_heap_descriptor_intlibspace.o(.text)
    __use_no_heap                            0x0003b0ed   Thumb Code     2  hguard.o(.text)
    __heap$guard                             0x0003b0ef   Thumb Code     2  hguard.o(.text)
    _terminate_user_alloc                    0x0003b0f1   Thumb Code     2  init_alloc.o(.text)
    _init_user_alloc                         0x0003b0f3   Thumb Code     2  init_alloc.o(.text)
    __Heap_Full                              0x0003b0f5   Thumb Code    34  init_alloc.o(.text)
    __Heap_Broken                            0x0003b117   Thumb Code     6  init_alloc.o(.text)
    _init_alloc                              0x0003b11d   Thumb Code    94  init_alloc.o(.text)
    __Heap_Initialize                        0x0003b17b   Thumb Code    10  h1_init.o(.text)
    __Heap_DescSize                          0x0003b185   Thumb Code     4  h1_init.o(.text)
    _printf_truncate_signed                  0x0003b189   Thumb Code    18  _printf_truncate.o(.text)
    _printf_truncate_unsigned                0x0003b19b   Thumb Code    18  _printf_truncate.o(.text)
    _printf_int_common                       0x0003b1ad   Thumb Code   180  _printf_intcommon.o(.text)
    _printf_charcount                        0x0003b261   Thumb Code    42  _printf_charcount.o(.text)
    _printf_char_common                      0x0003b297   Thumb Code    32  _printf_char_common.o(.text)
    _sputc                                   0x0003b2bd   Thumb Code    10  _sputc.o(.text)
    _snputc                                  0x0003b2c7   Thumb Code    16  _snputc.o(.text)
    _printf_cs_common                        0x0003b2d7   Thumb Code    20  _printf_char.o(.text)
    _printf_char                             0x0003b2eb   Thumb Code    16  _printf_char.o(.text)
    _printf_string                           0x0003b2fb   Thumb Code     8  _printf_char.o(.text)
    _printf_wctomb                           0x0003b305   Thumb Code   182  _printf_wctomb.o(.text)
    _printf_longlong_dec                     0x0003b3c1   Thumb Code   104  _printf_longlong_dec.o(.text)
    _printf_longlong_oct                     0x0003b439   Thumb Code    76  _printf_oct_int_ll.o(.text)
    _printf_int_oct                          0x0003b485   Thumb Code    24  _printf_oct_int_ll.o(.text)
    _printf_ll_oct                           0x0003b49d   Thumb Code    12  _printf_oct_int_ll.o(.text)
    __rt_udiv10                              0x0003b4b1   Thumb Code    16  rtudiv10.o(.text)
    __user_libspace                          0x0003b4c1   Thumb Code     8  libspace.o(.text)
    __user_perproc_libspace                  0x0003b4c1   Thumb Code     0  libspace.o(.text)
    __user_perthread_libspace                0x0003b4c1   Thumb Code     0  libspace.o(.text)
    __Heap_ProvideMemory                     0x0003b4c9   Thumb Code    50  h1_extend.o(.text)
    _ll_udiv10                               0x0003b4fb   Thumb Code   138  lludiv10.o(.text)
    __lib_sel_fp_printf                      0x0003b585   Thumb Code     2  _printf_fp_dec.o(.text)
    _printf_fp_dec_real                      0x0003b72b   Thumb Code   616  _printf_fp_dec.o(.text)
    _printf_lcs_common                       0x0003b993   Thumb Code    20  _printf_wchar.o(.text)
    _printf_wchar                            0x0003b9a7   Thumb Code    16  _printf_wchar.o(.text)
    _printf_wstring                          0x0003b9b7   Thumb Code     8  _printf_wchar.o(.text)
    _wcrtomb                                 0x0003b9bf   Thumb Code    64  _wcrtomb.o(.text)
    __rt_SIGRTMEM                            0x0003b9ff   Thumb Code    14  defsig_rtmem_outer.o(.text)
    __rt_heap_escrow                         0x0003ba0d   Thumb Code    20  heapauxa.o(.text)
    __rt_heap_expand                         0x0003ba21   Thumb Code    46  heapauxa.o(.text)
    __user_setup_stackheap                   0x0003ba59   Thumb Code    74  sys_stackheap_outer.o(.text)
    __rt_ctype_table                         0x0003baa5   Thumb Code    16  rt_ctype_table.o(.text)
    __rt_locale                              0x0003bab5   Thumb Code    12  rt_locale_intlibspace.o(.text)
    _printf_fp_infnan                        0x0003bac1   Thumb Code   108  _printf_fp_infnan.o(.text)
    _btod_etento                             0x0003bb3d   Thumb Code   230  bigflt0.o(.text)
    exit                                     0x0003bc29   Thumb Code    12  exit.o(.text)
    __sig_exit                               0x0003bc35   Thumb Code    10  defsig_exit.o(.text)
    __rt_SIGRTMEM_inner                      0x0003bc41   Thumb Code    20  defsig_rtmem_inner.o(.text)
    __default_signal_display                 0x0003bc8d   Thumb Code    50  defsig_general.o(.text)
    strcmp                                   0x0003bcc1   Thumb Code   128  strcmpv7m.o(.text)
    __rt_fp_status_addr                      0x0003bd41   Thumb Code    12  rt_fp_status_addr_intlibspace.o(.text)
    _btod_d2e                                0x0003bd4d   Thumb Code    62  btod.o(CL$$btod_d2e)
    _d2e_denorm_low                          0x0003bd8b   Thumb Code    70  btod.o(CL$$btod_d2e_denorm_low)
    _d2e_norm_op1                            0x0003bdd1   Thumb Code    96  btod.o(CL$$btod_d2e_norm_op1)
    __btod_div_common                        0x0003be31   Thumb Code   696  btod.o(CL$$btod_div_common)
    _e2e                                     0x0003c169   Thumb Code   198  btod.o(CL$$btod_e2e)
    _btod_ediv                               0x0003c22f   Thumb Code    40  btod.o(CL$$btod_ediv)
    _btod_emul                               0x0003c257   Thumb Code    40  btod.o(CL$$btod_emul)
    __btod_mult_common                       0x0003c27f   Thumb Code   580  btod.o(CL$$btod_mult_common)
    __ARM_fpclassify                         0x0003c4c3   Thumb Code    40  fpclassify.o(i.__ARM_fpclassify)
    _get_lc_numeric                          0x0003c4ed   Thumb Code    44  lc_numeric_c.o(locale$$code)
    _get_lc_ctype                            0x0003c519   Thumb Code    44  lc_ctype_c.o(locale$$code)
    __user_initial_stackheap                 0x0003c545   Thumb Code     0  rt_sys_s.o(rt_sys)
    _fp_init                                 0x0003c54d   Thumb Code    14  fpinit.o(x$fpl$fpinit)
    __fplib_config_pureend_doubles           0x0003c559   Thumb Code     0  fpinit.o(x$fpl$fpinit)
    _printf_fp_dec                           0x0003c55b   Thumb Code     4  printf1.o(x$fpl$printf1)
    __I$use$fp                               0x0003c55f   Thumb Code     0  usenofp.o(x$fpl$usenofp)
    PasswordMenuList                         0x0003c560   Data          80  maintain.o(.constdata)
    OKMenuList                               0x0003c5b0   Data          80  maintain.o(.constdata)
    UserMaintainMenuList                     0x0003c600   Data         160  maintain.o(.constdata)
    UserMaintainErrorMenuList                0x0003c6a0   Data         980  maintain.o(.constdata)
    LogMaintainMenuList                      0x0003ca74   Data         220  maintain.o(.constdata)
    LogTransMenuList                         0x0003cb50   Data         380  maintain.o(.constdata)
    UserTradeMenuList                        0x0003cccc   Data         380  maintain.o(.constdata)
    RtcMenuList                              0x0003ce48   Data         180  maintain.o(.constdata)
    ErrorStateTo                             0x0003cefc   Data          60  maintain.o(.constdata)
    UserChoose                               0x0003cf38   Data          80  maintain.o(.constdata)
    UserUboxPCMenuList                       0x0003cf88   Data         200  maintain.o(.constdata)
    UserTraceMenuList                        0x0003d050   Data         260  maintain.o(.constdata)
    MaintainMenuList                         0x0003d154   Data         120  maintain.o(.constdata)
    SysMenuList                              0x0003d1cc   Data        1100  maintain.o(.constdata)
    DEVICESELFCHECKBMP                       0x0003d618   Data         200  maintain.o(.constdata)
    DEVICESELFCHECKPIC                       0x0003d6e0   Data           8  maintain.o(.constdata)
    DEVICEMANAGEBMP                          0x0003d6e8   Data         200  maintain.o(.constdata)
    DEVICEMANAGEPIC                          0x0003d7b0   Data           8  maintain.o(.constdata)
    VENDINMANAGEBMP                          0x0003d7b8   Data         200  maintain.o(.constdata)
    VENDINGMANAGEPIC                         0x0003d880   Data           8  maintain.o(.constdata)
    VENDINGBMP                               0x0003d888   Data         200  maintain.o(.constdata)
    VENDINGPIC                               0x0003d950   Data           8  maintain.o(.constdata)
    SelfCheckMenuList                        0x0003d958   Data         300  maintain.o(.constdata)
    SelfCheckText                            0x0003da84   Data          40  maintain.o(.constdata)
    MAINTAINPASSWORD                         0x0003daac   Data           6  common.o(.constdata)
    ADMINPASSWORD                            0x0003dab2   Data           8  common.o(.constdata)
    MECHINEDEVICETYPE                        0x0003daba   Data           6  common.o(.constdata)
    ui_aisle_admin                           0x0003dac0   Data        1120  channel.o(.constdata)
    LogoLiftTable                            0x0003df28   Data         620  lifttable.o(.constdata)
    ui_acdc_man                              0x0003e194   Data         340  acdc.o(.constdata)
    huodao_addr_8_8                          0x0003e2f0   Data          80  channelapi.o(.constdata)
    huodao_addr_8_10                         0x0003e340   Data          80  channelapi.o(.constdata)
    cabinet1_page                            0x0003e390   Data           8  channelapi.o(.constdata)
    cabinet2_page                            0x0003e398   Data           8  channelapi.o(.constdata)
    cabinet1_page_bak                        0x0003e3a0   Data           8  channelapi.o(.constdata)
    cabinet2_page_bak                        0x0003e3a8   Data           8  channelapi.o(.constdata)
    st_hefan_cabinet                         0x0003e3d8   Data         680  hefanguiapi.o(.constdata)
    IndexASCII16_TAB                         0x0003e922   Data          93  lcd.o(.constdata)
    ASCII16_TAB                              0x0003e97f   Data        1536  lcd.o(.constdata)
    IndexChinese16Dot                        0x0003ef7f   Data         765  lcd.o(.constdata)
    CHINESE16_TAB                            0x0003f27c   Data       12224  lcd.o(.constdata)
    IndexChinese32Dot                        0x0004223c   Data          21  lcd.o(.constdata)
    CHINESE32_TAB                            0x00042251   Data        1280  lcd.o(.constdata)
    EasivendLOGO                             0x00042751   Data         775  lcd.o(.constdata)
    EasivendLOGO192_96                       0x00042a58   Data        2304  lcd.o(.constdata)
    PingtuLOGO                               0x00043358   Data         775  lcd.o(.constdata)
    TuerqiLOGO                               0x0004365f   Data         775  lcd.o(.constdata)
    MalaysiaLOGO                             0x00043966   Data         775  lcd.o(.constdata)
    ThankyouPic2                             0x00043c6d   Data        3840  lcd.o(.constdata)
    SpecialPic_16_16_font                    0x00044b6d   Data         160  lcd.o(.constdata)
    SpecialPic_32_32_font                    0x00044c0d   Data         640  lcd.o(.constdata)
    NumberIndex                              0x00044e8e   Data         198  lcd.o(.constdata)
    Number_8_16_Normalfont                   0x00044f54   Data        1584  lcd.o(.constdata)
    Number_8_16_Boldfont                     0x00045584   Data        1568  lcd.o(.constdata)
    Number_16_32_Normalfont                  0x00045ba4   Data        5120  lcd.o(.constdata)
    Number_24_48_Normalfont                  0x00046fa4   Data       11520  lcd.o(.constdata)
    KEY_ROW0_TABLE                           0x00049ca4   Data           8  key.o(.constdata)
    KEY_ROW1_TABLE                           0x00049cac   Data           8  key.o(.constdata)
    OSMapTbl                                 0x00049cb4   Data           8  os_core.o(.constdata)
    OSUnMapTbl                               0x00049cbc   Data         256  os_core.o(.constdata)
    _monlen                                  0x00049e00   Data          12  _monlen.o(.constdata)
    Region$$Table$$Base                      0x0004e5c4   Number         0  anon$$obj.o(Region$$Table)
    Region$$Table$$Limit                     0x0004e5f4   Number         0  anon$$obj.o(Region$$Table)
    __ctype                                  0x0004e61d   Data           0  lc_ctype_c.o(locale$$data)
    RTCData                                  0x10000000   Data           8  main.o(.data)
    vmRTC                                    0x10000008   Data           8  main.o(.data)
    globalSys                                0x10000010   Data           1  main.o(.data)
    ChannelNum                               0x10000014   Data           3  business.o(.data)
    BinNum                                   0x10000017   Data           2  business.o(.data)
    channelInput                             0x10000019   Data           1  business.o(.data)
    channelMode                              0x1000001a   Data           1  business.o(.data)
    vmcStatus                                0x1000001b   Data           1  business.o(.data)
    vmcChangeLow                             0x1000001c   Data           1  business.o(.data)
    g_coinAmount                             0x10000020   Data           4  business.o(.data)
    g_billAmount                             0x10000024   Data           4  business.o(.data)
    g_holdValue                              0x10000028   Data           4  business.o(.data)
    g_readerAmount                           0x1000002c   Data           4  business.o(.data)
    vmcColumn                                0x10000030   Data           2  business.o(.data)
    vmcPrice                                 0x10000034   Data           4  business.o(.data)
    transMul                                 0x10000038   Data           1  business.o(.data)
    hefangMode                               0x10000039   Data           1  business.o(.data)
    MoneyMaxin                               0x1000003c   Data           4  business.o(.data)
    PriceMaxin                               0x10000040   Data           4  business.o(.data)
    GOCCHECKTIMEOUT                          0x10000048   Data           4  business.o(.data)
    UserMaintainMainMenu                     0x10000050   Data           8  maintain.o(.data)
    LogMaintainMainMenu                      0x10000058   Data           8  maintain.o(.data)
    UserTradeMainMenu                        0x10000060   Data           8  maintain.o(.data)
    MaintainMainMenu                         0x10000068   Data           8  maintain.o(.data)
    SelfCheckMenu                            0x10000070   Data           8  maintain.o(.data)
    ZhIndex                                  0x10000078   Data           1  common.o(.data)
    g_Ubox_Index                             0x10000079   Data           1  common.o(.data)
    g_DeviceSem                              0x1000007c   Data           4  common.o(.data)
    g_BillMoneyQ                             0x10000080   Data           4  common.o(.data)
    g_BillMoneyMail                          0x10000084   Data           4  common.o(.data)
    g_BillMoneyBackMail                      0x10000088   Data           4  common.o(.data)
    g_CoinMoneyQ                             0x1000008c   Data           4  common.o(.data)
    g_CoinMoneyMail                          0x10000090   Data           4  common.o(.data)
    g_CoinMoneyBackMail                      0x10000094   Data           4  common.o(.data)
    g_ChangeMoneyMail                        0x10000098   Data           4  common.o(.data)
    g_ChangeBackMoneyMail                    0x1000009c   Data           4  common.o(.data)
    g_ReaderMoneyMail                        0x100000a0   Data           4  common.o(.data)
    g_ReaderBackMoneyMail                    0x100000a4   Data           4  common.o(.data)
    g_ReaderBackCmdMail                      0x100000a8   Data           4  common.o(.data)
    g_DeviceStateMail                        0x100000ac   Data           4  common.o(.data)
    g_DeviceStateBackMail                    0x100000b0   Data           4  common.o(.data)
    g_ChannelMail                            0x100000b4   Data           4  common.o(.data)
    g_ChannelBackMail                        0x100000b8   Data           4  common.o(.data)
    g_LiftTableMail                          0x100000bc   Data           4  common.o(.data)
    g_LiftTableBackMail                      0x100000c0   Data           4  common.o(.data)
    g_ACDCMail                               0x100000c4   Data           4  common.o(.data)
    g_ACDCBackMail                           0x100000c8   Data           4  common.o(.data)
    g_HeFanGuiMail                           0x100000cc   Data           4  common.o(.data)
    g_HeFanGuiBackMail                       0x100000d0   Data           4  common.o(.data)
    g_PCMail                                 0x100000d4   Data           4  common.o(.data)
    g_PCBackMail                             0x100000d8   Data           4  common.o(.data)
    g_Ubox_VMCTOPCQ                          0x100000dc   Data           4  common.o(.data)
    g_Ubox_VMCTOPCBackCMail                  0x100000e0   Data           4  common.o(.data)
    g_Ubox_PCTOVMCQ                          0x100000e4   Data           4  common.o(.data)
    g_Ubox_PCTOVMCBackQ                      0x100000e8   Data           4  common.o(.data)
    g_KEYMail                                0x100000ec   Data           4  common.o(.data)
    g_KEYBackMail                            0x100000f0   Data           4  common.o(.data)
    MsgKEYBackPack                           0x100000f4   Data           2  common.o(.data)
    g_XMTMail                                0x100000f8   Data           4  common.o(.data)
    g_XMTBackMail                            0x100000fc   Data           4  common.o(.data)
    MsgXMTPack                               0x10000100   Data           4  common.o(.data)
    BUSINESS                                 0x10000104   Data         200  language.o(.data)
    BUSINESSERROR                            0x100001cc   Data         460  language.o(.data)
    BUSINESSDEAL                             0x10000398   Data         400  language.o(.data)
    BUSINESSCHANGE                           0x10000528   Data         100  language.o(.data)
    FailFlag                                 0x1000058c   Data           1  lifttable.o(.data)
    LIFTTABLETIMER                           0x10000590   Data           4  lifttable.o(.data)
    billEnable                               0x1000059a   Data           1  checkdevicestate.o(.data)
    coinEnable                               0x1000059b   Data           1  checkdevicestate.o(.data)
    scaleError                               0x1000059c   Data           1  checkdevicestate.o(.data)
    weihuMode                                0x1000059d   Data           1  checkdevicestate.o(.data)
    HpValueFlag                              0x100005a0   Data           1  changerapi.o(.data)
    ChaXunRst                                0x100005a3   Data           2  hefanguiapi.o(.data)
    MDBCONVERSATIONWAITACKTIMEOUT            0x100005a8   Data           4  mdb_uart2.o(.data)
    EVBCONVERSATIONWAITACKTIMEOUT            0x100005ac   Data           4  evb_uart2.o(.data)
    UART3RECVACKMSGTIMEOUT                   0x100005b0   Data           4  evb_uart2.o(.data)
    EvbAckFromDevice                         0x100005b4   Data           8  evb_uart2.o(.data)
    MdbBillErr                               0x100005bd   Data           8  billaccepter.o(.data)
    NowCoinDevState                          0x100005c5   Data           1  coinaccepter .o(.data)
    chSn                                     0x100005c8   Data           1  channeldriver.o(.data)
    stChannelErrForm                         0x100005c9   Data           4  channeldriver.o(.data)
    zh_pc_err                                0x100005d0   Data           1  zhihuipc.o(.data)
    decimalPlaces                            0x100005d1   Data           1  ubprotocol.o(.data)
    GoodsRev                                 0x100005d2   Data           1  ubprotocol.o(.data)
    vmc_gprs_pc_state                        0x100005d5   Data           1  vmc_gprs_pc.o(.data)
    SelectKeySN                              0x100005d6   Data           6  selectkey.o(.data)
    SelectKeyNo                              0x100005dc   Data           6  selectkey.o(.data)
    SelectKeycom                             0x100005e2   Data           8  selectkey.o(.data)
    MdbStatus                                0x100005ea   Data           1  uart2.o(.data)
    Uart2_RIndex                             0x100005ec   Data           1  uart2.o(.data)
    Uart2_FIndex                             0x100005ed   Data           1  uart2.o(.data)
    Uart2_Mode                               0x100005ee   Data           1  uart2.o(.data)
    Uart0RxdHead                             0x100005ef   Data           1  uart0.o(.data)
    Uart0RxdTail                             0x100005f0   Data           1  uart0.o(.data)
    Uart1RxdHead                             0x100005f1   Data           1  uart1.o(.data)
    Uart1RxdTail                             0x100005f2   Data           1  uart1.o(.data)
    Uart3RxdHead                             0x100005f3   Data           1  uart3.o(.data)
    Uart3RxdTail                             0x100005f4   Data           1  uart3.o(.data)
    I2C0_sla                                 0x100005f8   Data           1  i2c.o(.data)
    I2C0_suba                                0x100005fc   Data           4  i2c.o(.data)
    I2C0_suba_num                            0x10000600   Data           1  i2c.o(.data)
    I2C0_buf                                 0x10000604   Data           4  i2c.o(.data)
    I2C0_num                                 0x10000608   Data           4  i2c.o(.data)
    I2C0_end                                 0x1000060c   Data           1  i2c.o(.data)
    I2C0_suba_en                             0x1000060d   Data           1  i2c.o(.data)
    g_Key_Queue                              0x10000610   Data           1  key.o(.data)
    QKey                                     0x10000614   Data           4  key.o(.data)
    PostValue                                0x10000618   Data           1  key.o(.data)
    KeyBoardStatus                           0x10000619   Data           1  key.o(.data)
    KeyPack                                  0x1000061a   Data           3  key.o(.data)
    PARALLELPULSECOINACCEPTORDEVICESTATUS    0x10000620   Data           1  pcoin.o(.data)
    SERIALPULSECOINACCEPTORDEVICESTATUS      0x10000621   Data           1  pcoin.o(.data)
    QPChannel                                0x10000628   Data           4  pcoin.o(.data)
    QSChannel                                0x1000062c   Data           4  pcoin.o(.data)
    PostParallelCoinChannel                  0x10000630   Data           1  pcoin.o(.data)
    PostSerialCoinChannel                    0x10000631   Data           1  pcoin.o(.data)
    Tick                                     0x10000632   Data           1  timer.o(.data)
    GPRSWAITTIMEOUT                          0x10000634   Data           4  gprs_uart.o(.data)
    __GuiOsEnterSum                          0x10000638   Data           4  os_cpu_c.o(.data)
    OSCtxSwCtr                               0x1000063c   Data           4  os_core.o(.data)
    OSEventFreeList                          0x10000640   Data           4  os_core.o(.data)
    OSFlagFreeList                           0x10000644   Data           4  os_core.o(.data)
    OSCPUUsage                               0x10000648   Data           1  os_core.o(.data)
    OSIdleCtrMax                             0x1000064c   Data           4  os_core.o(.data)
    OSIdleCtrRun                             0x10000650   Data           4  os_core.o(.data)
    OSStatRdy                                0x10000654   Data           1  os_core.o(.data)
    OSIntNesting                             0x10000655   Data           1  os_core.o(.data)
    OSIntExitY                               0x10000656   Data           1  os_core.o(.data)
    OSLockNesting                            0x10000657   Data           1  os_core.o(.data)
    OSPrioCur                                0x10000658   Data           1  os_core.o(.data)
    OSPrioHighRdy                            0x10000659   Data           1  os_core.o(.data)
    OSRdyGrp                                 0x1000065a   Data           1  os_core.o(.data)
    OSRdyTbl                                 0x1000065b   Data           8  os_core.o(.data)
    OSRunning                                0x10000663   Data           1  os_core.o(.data)
    OSTaskCtr                                0x10000664   Data           1  os_core.o(.data)
    OSIdleCtr                                0x10000668   Data           4  os_core.o(.data)
    OSTCBCur                                 0x1000066c   Data           4  os_core.o(.data)
    OSTCBFreeList                            0x10000670   Data           4  os_core.o(.data)
    OSTCBHighRdy                             0x10000674   Data           4  os_core.o(.data)
    OSTCBList                                0x10000678   Data           4  os_core.o(.data)
    OSMemFreeList                            0x1000067c   Data           4  os_core.o(.data)
    OSQFreeList                              0x10000680   Data           4  os_core.o(.data)
    OSTime                                   0x10000684   Data           4  os_core.o(.data)
    pcm_uartClear                            0x10000690   Data           4  taskuart0device.o(.data)
    pcm_uartGetCh                            0x10000694   Data           4  taskuart0device.o(.data)
    pcm_uartNoEmpty                          0x10000698   Data           4  taskuart0device.o(.data)
    pcm_uartPutStr                           0x1000069c   Data           4  taskuart0device.o(.data)
    pcUartMsg                                0x100006a0   Data           4  taskuart0device.o(.data)
    pcm_vmc_event                            0x100006a4   Data           4  taskuart0device.o(.data)
    vmc_pcm_event                            0x100006a8   Data           4  taskuart0device.o(.data)
    SystemPara                               0x100006b0   Data         200  main.o(.bss)
    UserPara                                 0x10000778   Data         132  main.o(.bss)
    stDevValue                               0x100007fc   Data         312  main.o(.bss)
    Timer                                    0x10000934   Data          17  main.o(.bss)
    LogPara                                  0x10000948   Data         208  main.o(.bss)
    LogParaDetail                            0x10000a18   Data         132  main.o(.bss)
    selectKey                                0x10000a9c   Data          12  main.o(.bss)
    BillMoneyQ                               0x100046a8   Data          12  common.o(.bss)
    CoinMoneyQ                               0x100046b4   Data         160  common.o(.bss)
    MsgAccepterPack                          0x10004754   Data         188  common.o(.bss)
    DeviceStatePack                          0x10004810   Data          44  common.o(.bss)
    DeviceStateBusiness                      0x1000483c   Data          44  common.o(.bss)
    ZhSizeQ                                  0x10004868   Data          32  common.o(.bss)
    UboxSizeQ                                0x10004888   Data          28  common.o(.bss)
    PCTOVMCSizeQ                             0x100048a4   Data          28  common.o(.bss)
    PCTOVMCBackSizeQ                         0x100048c0   Data          28  common.o(.bss)
    MsgUboxPack                              0x100048dc   Data         784  common.o(.bss)
    MsgKEYPack                               0x10004bec   Data          16  common.o(.bss)
    stHuodaoKaoji                            0x10004bfc   Data         324  channelapi.o(.bss)
    stGprsStruct                             0x10004d40   Data          52  gprsapi.o(.bss)
    nBillvalue                               0x10004d74   Data          64  billaccepter.o(.bss)
    nCoinvalue                               0x10004db4   Data          64  coinaccepter .o(.bss)
    MdbCoinErr                               0x10004df4   Data          10  coinaccepter .o(.bss)
    GetAckFromDevice                         0x10004dfe   Data         128  lifttabledriver.o(.bss)
    stLiftTable                              0x10004e7e   Data          28  lifttabledriver.o(.bss)
    stEvbHp                                  0x10004e9c   Data          60  hopperdriver.o(.bss)
    trade_cache_head                         0x10004ed8   Data          10  vmc_gprs_pc.o(.bss)
    evbbuf2                                  0x10004ee2   Data          20  selectkey.o(.bss)
    selKey                                   0x10004ef6   Data          13  selectkey.o(.bss)
    XMTMsgBuf                                0x10004f04   Data         255  xmt.o(.bss)
    sysXMTMission                            0x10005004   Data          56  xmt.o(.bss)
    HeFanGuiRecvAckBuf                       0x1000503c   Data         128  hefangui.o(.bss)
    Uart2_RdBuf                              0x100050bc   Data          36  uart2.o(.bss)
    Uart0RevBuff                             0x100050e0   Data         128  uart0.o(.bss)
    Uart1RevBuff                             0x10005160   Data          64  uart1.o(.bss)
    Uart3RevBuff                             0x100051a0   Data         256  uart3.o(.bss)
    KeyValueQ                                0x100052a0   Data          12  key.o(.bss)
    PCoinChannel                             0x100052ac   Data          32  pcoin.o(.bss)
    SCoinChannel                             0x100052cc   Data          32  pcoin.o(.bss)
    OSEventTbl                               0x100052ec   Data        1088  os_core.o(.bss)
    OSFlagTbl                                0x1000572c   Data         180  os_core.o(.bss)
    OSTaskStatStk                            0x100057e0   Data        1024  os_core.o(.bss)
    OSTaskIdleStk                            0x10005be0   Data        1024  os_core.o(.bss)
    OSTCBPrioTbl                             0x10005fe0   Data         256  os_core.o(.bss)
    OSTCBTbl                                 0x100060e0   Data        1144  os_core.o(.bss)
    OSMemTbl                                 0x10006558   Data         300  os_core.o(.bss)
    OSQTbl                                   0x10006684   Data         288  os_core.o(.bss)
    PCMSizeQ                                 0x100067a4   Data          20  taskuart0device.o(.bss)
    __libspace_start                         0x100067b8   Data          96  libspace.o(.bss)
    __temporary_stack_top$libspace           0x10006818   Data           0  libspace.o(.bss)
    vmc_zh_mbox                              0x2007c000   Data         192  common.o(RAM2)
    zh_vmc_mbox                              0x2007c0c0   Data          24  common.o(RAM2)
    stHuodao                                 0x2007c0d8   Data        1632  channelapi.o(RAM2)
    stSubHuodao                              0x2007c738   Data        1632  channelapi.o(RAM2)
    MACData                                  0x2007cd98   Data         100  zhihuiapi.o(RAM2)
    zhihui_msg                               0x2007cdfc   Data         532  zhihuiapi.o(RAM2)
    vmc_goods                                0x2007d010   Data          96  zhihuiapi.o(RAM2)
    stHefanCabinet                           0x2007d070   Data        5300  hefanguiapi.o(RAM2)
    g_msg                                    0x2007e524   Data         255  ubprotocol.o(RAM2)
    VPMsgBuf                                 0x2007e623   Data         255  ubprotocol.o(RAM2)
    sysVPMission                             0x2007e724   Data         612  ubprotocol.o(RAM2)
    sysGoodsMatrix                           0x2007e988   Data         496  ubprotocol.o(RAM2)
    sysGoodsAttr                             0x2007eb78   Data          60  ubprotocol.o(RAM2)
    vmc_pc_mail                              0x2007fbb4   Data         105  taskuart0device.o(RAM2)
    pc_vmc_mail                              0x2007fc1d   Data          21  taskuart0device.o(RAM2)
    pcm_msg                                  0x2007fc32   Data         516  taskuart0device.o(RAM2)



==============================================================================

Memory Map of the image

  Image Entry point : 0x000000cd

  Load Region ROM_LOAD (Base: 0x00000000, Size: 0x0004edd0, Max: 0xffffffff, ABSOLUTE, COMPRESSED[0x0004ea34])

    Execution Region VECTOR (Base: 0x00000000, Size: 0x000000cc, Max: 0xffffffff, ABSOLUTE)

    Base Addr    Size         Type   Attr      Idx    E Section Name        Object

    0x00000000   0x000000cc   Data   RO         2277    .constdata          vector_table.o


    Execution Region ROM_EXEC (Base: 0x000000cc, Size: 0x0004e654, Max: 0xffffffff, ABSOLUTE)

    Base Addr    Size         Type   Attr      Idx    E Section Name        Object

    0x000000cc   0x00000008   Code   RO         2978  * !!!main             c_w.l(__main.o)(c_w.l)
    0x000000d4   0x00000034   Code   RO         3288    !!!scatter          c_w.l(__scatter.o)(c_w.l)
    0x00000108   0x00000064   Code   RO         3286    !!dclz77c           c_w.l(__dclz77c.o)(c_w.l)
    0x0000016c   0x0000001c   Code   RO         3290    !!handler_zi        c_w.l(__scatter_zi.o)(c_w.l)
    0x00000188   0x00000000   Code   RO         2951    .ARM.Collect$$_printf_percent$$00000000  c_w.l(_printf_percent.o)(c_w.l)
    0x00000188   0x00000006   Code   RO         3034    .ARM.Collect$$_printf_percent$$00000001  c_w.l(_printf_n.o)(c_w.l)
    0x0000018e   0x00000006   Code   RO         3035    .ARM.Collect$$_printf_percent$$00000002  c_w.l(_printf_p.o)(c_w.l)
    0x00000194   0x00000006   Code   RO         3039    .ARM.Collect$$_printf_percent$$00000003  c_w.l(_printf_f.o)(c_w.l)
    0x0000019a   0x00000006   Code   RO         3040    .ARM.Collect$$_printf_percent$$00000004  c_w.l(_printf_e.o)(c_w.l)
    0x000001a0   0x00000006   Code   RO         3041    .ARM.Collect$$_printf_percent$$00000005  c_w.l(_printf_g.o)(c_w.l)
    0x000001a6   0x00000006   Code   RO         3042    .ARM.Collect$$_printf_percent$$00000006  c_w.l(_printf_a.o)(c_w.l)
    0x000001ac   0x0000000a   Code   RO         3047    .ARM.Collect$$_printf_percent$$00000007  c_w.l(_printf_ll.o)(c_w.l)
    0x000001b6   0x00000006   Code   RO         3037    .ARM.Collect$$_printf_percent$$00000008  c_w.l(_printf_i.o)(c_w.l)
    0x000001bc   0x00000006   Code   RO         2950    .ARM.Collect$$_printf_percent$$00000009  c_w.l(_printf_d.o)(c_w.l)
    0x000001c2   0x00000006   Code   RO         3038    .ARM.Collect$$_printf_percent$$0000000A  c_w.l(_printf_u.o)(c_w.l)
    0x000001c8   0x00000006   Code   RO         3036    .ARM.Collect$$_printf_percent$$0000000B  c_w.l(_printf_o.o)(c_w.l)
    0x000001ce   0x00000006   Code   RO         2949    .ARM.Collect$$_printf_percent$$0000000C  c_w.l(_printf_x.o)(c_w.l)
    0x000001d4   0x00000006   Code   RO         3044    .ARM.Collect$$_printf_percent$$0000000D  c_w.l(_printf_lli.o)(c_w.l)
    0x000001da   0x00000006   Code   RO         3045    .ARM.Collect$$_printf_percent$$0000000E  c_w.l(_printf_lld.o)(c_w.l)
    0x000001e0   0x00000006   Code   RO         3046    .ARM.Collect$$_printf_percent$$0000000F  c_w.l(_printf_llu.o)(c_w.l)
    0x000001e6   0x00000006   Code   RO         3051    .ARM.Collect$$_printf_percent$$00000010  c_w.l(_printf_llo.o)(c_w.l)
    0x000001ec   0x00000006   Code   RO         3052    .ARM.Collect$$_printf_percent$$00000011  c_w.l(_printf_llx.o)(c_w.l)
    0x000001f2   0x0000000a   Code   RO         3048    .ARM.Collect$$_printf_percent$$00000012  c_w.l(_printf_l.o)(c_w.l)
    0x000001fc   0x00000006   Code   RO         2947    .ARM.Collect$$_printf_percent$$00000013  c_w.l(_printf_c.o)(c_w.l)
    0x00000202   0x00000006   Code   RO         2948    .ARM.Collect$$_printf_percent$$00000014  c_w.l(_printf_s.o)(c_w.l)
    0x00000208   0x00000006   Code   RO         3049    .ARM.Collect$$_printf_percent$$00000015  c_w.l(_printf_lc.o)(c_w.l)
    0x0000020e   0x00000006   Code   RO         3050    .ARM.Collect$$_printf_percent$$00000016  c_w.l(_printf_ls.o)(c_w.l)
    0x00000214   0x00000004   Code   RO         3043    .ARM.Collect$$_printf_percent$$00000017  c_w.l(_printf_percent_end.o)(c_w.l)
    0x00000218   0x00000006   Code   RO         3212    .ARM.Collect$$libinit$$00000000  c_w.l(libinit.o)(c_w.l)
    0x0000021e   0x00000008   Code   RO         3058    .ARM.Collect$$libinit$$00000001  c_w.l(libinit2.o)(c_w.l)
    0x00000226   0x00000000   Code   RO         3060    .ARM.Collect$$libinit$$00000006  c_w.l(libinit2.o)(c_w.l)
    0x00000226   0x00000000   Code   RO         3062    .ARM.Collect$$libinit$$00000008  c_w.l(libinit2.o)(c_w.l)
    0x00000226   0x00000000   Code   RO         3064    .ARM.Collect$$libinit$$0000000A  c_w.l(libinit2.o)(c_w.l)
    0x00000226   0x00000006   Code   RO         3065    .ARM.Collect$$libinit$$0000000B  c_w.l(libinit2.o)(c_w.l)
    0x0000022c   0x00000000   Code   RO         3067    .ARM.Collect$$libinit$$0000000D  c_w.l(libinit2.o)(c_w.l)
    0x0000022c   0x0000000c   Code   RO         3068    .ARM.Collect$$libinit$$0000000E  c_w.l(libinit2.o)(c_w.l)
    0x00000238   0x00000000   Code   RO         3069    .ARM.Collect$$libinit$$0000000F  c_w.l(libinit2.o)(c_w.l)
    0x00000238   0x00000000   Code   RO         3071    .ARM.Collect$$libinit$$00000011  c_w.l(libinit2.o)(c_w.l)
    0x00000238   0x0000000a   Code   RO         3072    .ARM.Collect$$libinit$$00000012  c_w.l(libinit2.o)(c_w.l)
    0x00000242   0x00000000   Code   RO         3073    .ARM.Collect$$libinit$$00000013  c_w.l(libinit2.o)(c_w.l)
    0x00000242   0x00000000   Code   RO         3075    .ARM.Collect$$libinit$$00000015  c_w.l(libinit2.o)(c_w.l)
    0x00000242   0x00000000   Code   RO         3077    .ARM.Collect$$libinit$$00000017  c_w.l(libinit2.o)(c_w.l)
    0x00000242   0x00000000   Code   RO         3079    .ARM.Collect$$libinit$$00000019  c_w.l(libinit2.o)(c_w.l)
    0x00000242   0x00000000   Code   RO         3081    .ARM.Collect$$libinit$$0000001B  c_w.l(libinit2.o)(c_w.l)
    0x00000242   0x00000000   Code   RO         3083    .ARM.Collect$$libinit$$0000001D  c_w.l(libinit2.o)(c_w.l)
    0x00000242   0x00000000   Code   RO         3085    .ARM.Collect$$libinit$$0000001F  c_w.l(libinit2.o)(c_w.l)
    0x00000242   0x00000000   Code   RO         3087    .ARM.Collect$$libinit$$00000021  c_w.l(libinit2.o)(c_w.l)
    0x00000242   0x00000000   Code   RO         3091    .ARM.Collect$$libinit$$00000028  c_w.l(libinit2.o)(c_w.l)
    0x00000242   0x00000000   Code   RO         3093    .ARM.Collect$$libinit$$0000002A  c_w.l(libinit2.o)(c_w.l)
    0x00000242   0x00000000   Code   RO         3095    .ARM.Collect$$libinit$$0000002C  c_w.l(libinit2.o)(c_w.l)
    0x00000242   0x00000000   Code   RO         3097    .ARM.Collect$$libinit$$0000002E  c_w.l(libinit2.o)(c_w.l)
    0x00000242   0x00000002   Code   RO         3098    .ARM.Collect$$libinit$$0000002F  c_w.l(libinit2.o)(c_w.l)
    0x00000244   0x00000002   Code   RO         3283    .ARM.Collect$$libshutdown$$00000000  c_w.l(libshutdown.o)(c_w.l)
    0x00000246   0x00000000   Code   RO         3235    .ARM.Collect$$libshutdown$$00000003  c_w.l(libshutdown2.o)(c_w.l)
    0x00000246   0x00000000   Code   RO         3238    .ARM.Collect$$libshutdown$$00000006  c_w.l(libshutdown2.o)(c_w.l)
    0x00000246   0x00000000   Code   RO         3241    .ARM.Collect$$libshutdown$$00000009  c_w.l(libshutdown2.o)(c_w.l)
    0x00000246   0x00000000   Code   RO         3243    .ARM.Collect$$libshutdown$$0000000B  c_w.l(libshutdown2.o)(c_w.l)
    0x00000246   0x00000000   Code   RO         3246    .ARM.Collect$$libshutdown$$0000000E  c_w.l(libshutdown2.o)(c_w.l)
    0x00000246   0x00000002   Code   RO         3247    .ARM.Collect$$libshutdown$$0000000F  c_w.l(libshutdown2.o)(c_w.l)
    0x00000248   0x00000000   Code   RO         2982    .ARM.Collect$$rtentry$$00000000  c_w.l(rtentry.o)(c_w.l)
    0x00000248   0x00000000   Code   RO         3105    .ARM.Collect$$rtentry$$00000002  c_w.l(rtentry2.o)(c_w.l)
    0x00000248   0x00000006   Code   RO         3120    .ARM.Collect$$rtentry$$00000004  c_w.l(rtentry4.o)(c_w.l)
    0x0000024e   0x00000000   Code   RO         3107    .ARM.Collect$$rtentry$$00000009  c_w.l(rtentry2.o)(c_w.l)
    0x0000024e   0x00000004   Code   RO         3108    .ARM.Collect$$rtentry$$0000000A  c_w.l(rtentry2.o)(c_w.l)
    0x00000252   0x00000000   Code   RO         3110    .ARM.Collect$$rtentry$$0000000C  c_w.l(rtentry2.o)(c_w.l)
    0x00000252   0x00000008   Code   RO         3111    .ARM.Collect$$rtentry$$0000000D  c_w.l(rtentry2.o)(c_w.l)
    0x0000025a   0x00000002   Code   RO         3218    .ARM.Collect$$rtexit$$00000000  c_w.l(rtexit.o)(c_w.l)
    0x0000025c   0x00000000   Code   RO         3251    .ARM.Collect$$rtexit$$00000002  c_w.l(rtexit2.o)(c_w.l)
    0x0000025c   0x00000004   Code   RO         3252    .ARM.Collect$$rtexit$$00000003  c_w.l(rtexit2.o)(c_w.l)
    0x00000260   0x00000006   Code   RO         3253    .ARM.Collect$$rtexit$$00000004  c_w.l(rtexit2.o)(c_w.l)
    0x00000266   0x00000002   PAD
    0x00000268   0x0000012a   Code   RO         1781    .emb_text           os_cpu_c.o
    0x00000392   0x00000002   PAD
    0x00000394   0x00000000   Code   RO         3124    .emb_text           c_w.l(maybetermalloc1.o)(c_w.l)
    0x00000394   0x00000194   Code   RO            1    .text               main.o
    0x00000528   0x00003e18   Code   RO          204    .text               business.o
    0x00004340   0x00008878   Code   RO          234    .text               maintain.o
    0x0000cbb8   0x00002158   Code   RO          257    .text               common.o
    0x0000ed10   0x00003a2c   Code   RO          293    .text               channel.o
    0x0001273c   0x00001200   Code   RO          312    .text               lifttable.o
    0x0001393c   0x00001e48   Code   RO          329    .text               acdc.o
    0x00015784   0x00000408   Code   RO          346    .text               acdcapi.o
    0x00015b8c   0x000003b0   Code   RO          516    .text               billaccepterapi.o
    0x00015f3c   0x0000019c   Code   RO          528    .text               coinaccepterapi .o
    0x000160d8   0x00000098   Code   RO          540    .text               tuibiapi.o
    0x00016170   0x00000684   Code   RO          552    .text               checkdevicestate.o
    0x000167f4   0x00000808   Code   RO          567    .text               logapi.o
    0x00016ffc   0x00000268   Code   RO          583    .text               traceapi.o
    0x00017264   0x00001960   Code   RO          602    .text               pccomapi.o
    0x00018bc4   0x000002f8   Code   RO          618    .text               lifttableapi.o
    0x00018ebc   0x00000834   Code   RO          632    .text               selectkeyapi.o
    0x000196f0   0x00002c9c   Code   RO          644    .text               channelapi.o
    0x0001c38c   0x000010b8   Code   RO          665    .text               changerapi.o
    0x0001d444   0x000004bc   Code   RO          684    .text               readerapi.o
    0x0001d900   0x00001068   Code   RO          696    .text               zhihuiapi.o
    0x0001e968   0x0000180c   Code   RO          719    .text               gprsapi.o
    0x00020174   0x000027b8   Code   RO          738    .text               hefanguiapi.o
    0x0002292c   0x00000dfc   Code   RO          759    .text               taskdevice.o
    0x00023728   0x00000104   Code   RO          941    .text               mdb_uart2.o
    0x0002382c   0x00000300   Code   RO          956    .text               evb_uart2.o
    0x00023b2c   0x000019a8   Code   RO          971    .text               billaccepter.o
    0x000254d4   0x00000828   Code   RO          990    .text               coinaccepter .o
    0x00025cfc   0x00000c88   Code   RO         1008    .text               mdbreader.o
    0x00026984   0x00000734   Code   RO         1020    .text               lifttabledriver.o
    0x000270b8   0x00000094   Code   RO         1039    .text               acdcdriver.o
    0x0002714c   0x00000180   Code   RO         1053    .text               channeldriver.o
    0x000272cc   0x000003ec   Code   RO         1071    .text               hopperdriver.o
    0x000276b8   0x00000244   Code   RO         1094    .text               mdbchanger.o
    0x000278fc   0x00000d84   Code   RO         1110    .text               taskuart3device.o
    0x00028680   0x00001ab8   Code   RO         1289    .text               zhihuipc.o
    0x0002a138   0x00004a8c   Code   RO         1312    .text               ubprotocol.o
    0x0002ebc4   0x00001fc8   Code   RO         1329    .text               vmc_gprs_pc.o
    0x00030b8c   0x000003d0   Code   RO         1353    .text               selectkey.o
    0x00030f5c   0x000002f0   Code   RO         1530    .text               taskuart1device.o
    0x0003124c   0x00000358   Code   RO         1546    .text               xmt.o
    0x000315a4   0x0000034c   Code   RO         1565    .text               hefangui.o
    0x000318f0   0x000003dc   Code   RO         1581    .text               uart2.o
    0x00031ccc   0x000001d0   Code   RO         1597    .text               uart0.o
    0x00031e9c   0x00000200   Code   RO         1613    .text               uart1.o
    0x0003209c   0x000001f8   Code   RO         1629    .text               uart3.o
    0x00032294   0x0000010c   Code   RO         1645    .text               rtc.o
    0x000323a0   0x000003cc   Code   RO         1657    .text               i2c.o
    0x0003276c   0x00001144   Code   RO         1672    .text               lcd.o
    0x000338b0   0x0000054c   Code   RO         1693    .text               key.o
    0x00033dfc   0x00000268   Code   RO         1710    .text               pcoin.o
    0x00034064   0x000002f4   Code   RO         1726    .text               timer.o
    0x00034358   0x00000070   Code   RO         1742    .text               buzzer.o
    0x000343c8   0x0000039c   Code   RO         1754    .text               at45db161d.o
    0x00034764   0x0000013c   Code   RO         1766    .text               gprs_uart.o
    0x000348a0   0x000000f0   Code   RO         1782    .text               os_cpu_c.o
    0x00034990   0x00000740   Code   RO         1959    .text               os_core.o
    0x000350d0   0x00000674   Code   RO         1991    .text               os_flag.o
    0x00035744   0x00000300   Code   RO         2010    .text               os_mbox.o
    0x00035a44   0x00000180   Code   RO         2022    .text               os_mem.o
    0x00035bc4   0x00000194   Code   RO         2034    .text               os_time.o
    0x00035d58   0x000005fc   Code   RO         2046    .text               os_task.o
    0x00036354   0x00000288   Code   RO         2058    .text               os_sem.o
    0x000365dc   0x000004ec   Code   RO         2070    .text               os_q.o
    0x00036ac8   0x00000078   Code   RO         2094    .text               lpc1700pincfg.o
    0x00036b40   0x000001a4   Code   RO         2264    .text               target.o
    0x00036ce4   0x000006de   Code   RO         2289    .text               zy_if.o
    0x000373c2   0x00000086   Code   RO         2304    .text               rt_sys_c.o
    0x00037448   0x000032fc   Code   RO         2485    .text               taskuart0device.o
    0x0003a744   0x00000002   Code   RO         2667    .text               uCOS-II hook.lib(osinithookbegin.o)(uCOS-II hook.lib)
    0x0003a746   0x00000002   Code   RO         2728    .text               uCOS-II hook.lib(osinithookend.o)(uCOS-II hook.lib)
    0x0003a748   0x00000004   Code   RO         2740    .text               uCOS-II hook.lib(ostaskcreatehook.o)(uCOS-II hook.lib)
    0x0003a74c   0x00000004   Code   RO         2752    .text               uCOS-II hook.lib(ostaskdelhook.o)(uCOS-II hook.lib)
    0x0003a750   0x00000002   Code   RO         2764    .text               uCOS-II hook.lib(ostaskidlehook.o)(uCOS-II hook.lib)
    0x0003a752   0x00000002   Code   RO         2776    .text               uCOS-II hook.lib(ostaskstathook.o)(uCOS-II hook.lib)
    0x0003a754   0x00000002   Code   RO         2788    .text               uCOS-II hook.lib(ostaskswhook.o)(uCOS-II hook.lib)
    0x0003a756   0x00000004   Code   RO         2800    .text               uCOS-II hook.lib(ostcbinithook.o)(uCOS-II hook.lib)
    0x0003a75a   0x00000002   Code   RO         2812    .text               uCOS-II hook.lib(ostimetickhook.o)(uCOS-II hook.lib)
    0x0003a75c   0x00000002   Code   RO         2826    .text               c_w.l(use_no_semi.o)(c_w.l)
    0x0003a75e   0x00000064   Code   RO         2832    .text               c_w.l(h1_alloc.o)(c_w.l)
    0x0003a7c2   0x0000004e   Code   RO         2834    .text               c_w.l(h1_free.o)(c_w.l)
    0x0003a810   0x00000024   Code   RO         2890    .text               c_w.l(c89vsprintf.o)(c_w.l)
    0x0003a834   0x0000002c   Code   RO         2892    .text               c_w.l(__2sprintf.o)(c_w.l)
    0x0003a860   0x00000038   Code   RO         2894    .text               c_w.l(__2snprintf.o)(c_w.l)
    0x0003a898   0x00000050   Code   RO         2902    .text               c_w.l(_printf_pad.o)(c_w.l)
    0x0003a8e8   0x00000052   Code   RO         2904    .text               c_w.l(_printf_str.o)(c_w.l)
    0x0003a93a   0x00000002   PAD
    0x0003a93c   0x00000074   Code   RO         2906    .text               c_w.l(_printf_dec.o)(c_w.l)
    0x0003a9b0   0x0000009c   Code   RO         2926    .text               c_w.l(_printf_hex_int_ll_ptr.o)(c_w.l)
    0x0003aa4c   0x0000019c   Code   RO         2944    .text               c_w.l(__printf_flags_ss_wp.o)(c_w.l)
    0x0003abe8   0x00000024   Code   RO         2952    .text               c_w.l(strncat.o)(c_w.l)
    0x0003ac0c   0x00000024   Code   RO         2954    .text               c_w.l(strstr.o)(c_w.l)
    0x0003ac30   0x00000048   Code   RO         2956    .text               c_w.l(strcpy.o)(c_w.l)
    0x0003ac78   0x0000003e   Code   RO         2958    .text               c_w.l(strlen.o)(c_w.l)
    0x0003acb6   0x0000008c   Code   RO         2960    .text               c_w.l(strncmp.o)(c_w.l)
    0x0003ad42   0x00000018   Code   RO         2962    .text               c_w.l(strcat.o)(c_w.l)
    0x0003ad5a   0x0000008a   Code   RO         2964    .text               c_w.l(rt_memcpy_v6.o)(c_w.l)
    0x0003ade4   0x00000064   Code   RO         2966    .text               c_w.l(rt_memcpy_w.o)(c_w.l)
    0x0003ae48   0x00000010   Code   RO         2968    .text               c_w.l(aeabi_memset.o)(c_w.l)
    0x0003ae58   0x00000044   Code   RO         2970    .text               c_w.l(rt_memclr.o)(c_w.l)
    0x0003ae9c   0x0000004e   Code   RO         2972    .text               c_w.l(rt_memclr_w.o)(c_w.l)
    0x0003aeea   0x00000056   Code   RO         2974    .text               c_w.l(strncpy.o)(c_w.l)
    0x0003af40   0x000001a0   Code   RO         2976    .text               c_w.l(mktime.o)(c_w.l)
    0x0003b0e0   0x0000000c   Code   RO         2987    .text               c_w.l(rt_heap_descriptor_intlibspace.o)(c_w.l)
    0x0003b0ec   0x00000004   Code   RO         2989    .text               c_w.l(hguard.o)(c_w.l)
    0x0003b0f0   0x0000008a   Code   RO         2991    .text               c_w.l(init_alloc.o)(c_w.l)
    0x0003b17a   0x0000000e   Code   RO         2995    .text               c_w.l(h1_init.o)(c_w.l)
    0x0003b188   0x00000024   Code   RO         3009    .text               c_w.l(_printf_truncate.o)(c_w.l)
    0x0003b1ac   0x000000b4   Code   RO         3011    .text               c_w.l(_printf_intcommon.o)(c_w.l)
    0x0003b260   0x0000002a   Code   RO         3013    .text               c_w.l(_printf_charcount.o)(c_w.l)
    0x0003b28a   0x00000002   PAD
    0x0003b28c   0x00000030   Code   RO         3015    .text               c_w.l(_printf_char_common.o)(c_w.l)
    0x0003b2bc   0x0000000a   Code   RO         3017    .text               c_w.l(_sputc.o)(c_w.l)
    0x0003b2c6   0x00000010   Code   RO         3019    .text               c_w.l(_snputc.o)(c_w.l)
    0x0003b2d6   0x0000002c   Code   RO         3021    .text               c_w.l(_printf_char.o)(c_w.l)
    0x0003b302   0x00000002   PAD
    0x0003b304   0x000000bc   Code   RO         3023    .text               c_w.l(_printf_wctomb.o)(c_w.l)
    0x0003b3c0   0x00000078   Code   RO         3026    .text               c_w.l(_printf_longlong_dec.o)(c_w.l)
    0x0003b438   0x00000078   Code   RO         3032    .text               c_w.l(_printf_oct_int_ll.o)(c_w.l)
    0x0003b4b0   0x00000010   Code   RO         3054    .text               c_w.l(rtudiv10.o)(c_w.l)
    0x0003b4c0   0x00000008   Code   RO         3101    .text               c_w.l(libspace.o)(c_w.l)
    0x0003b4c8   0x00000032   Code   RO         3128    .text               c_w.l(h1_extend.o)(c_w.l)
    0x0003b4fa   0x0000008a   Code   RO         3132    .text               c_w.l(lludiv10.o)(c_w.l)
    0x0003b584   0x0000040e   Code   RO         3134    .text               c_w.l(_printf_fp_dec.o)(c_w.l)
    0x0003b992   0x0000002c   Code   RO         3138    .text               c_w.l(_printf_wchar.o)(c_w.l)
    0x0003b9be   0x00000040   Code   RO         3140    .text               c_w.l(_wcrtomb.o)(c_w.l)
    0x0003b9fe   0x0000000e   Code   RO         3142    .text               c_w.l(defsig_rtmem_outer.o)(c_w.l)
    0x0003ba0c   0x0000004c   Code   RO         3146    .text               c_w.l(heapauxa.o)(c_w.l)
    0x0003ba58   0x0000004a   Code   RO         3153    .text               c_w.l(sys_stackheap_outer.o)(c_w.l)
    0x0003baa2   0x00000002   PAD
    0x0003baa4   0x00000010   Code   RO         3155    .text               c_w.l(rt_ctype_table.o)(c_w.l)
    0x0003bab4   0x0000000c   Code   RO         3162    .text               c_w.l(rt_locale_intlibspace.o)(c_w.l)
    0x0003bac0   0x0000007c   Code   RO         3166    .text               c_w.l(_printf_fp_infnan.o)(c_w.l)
    0x0003bb3c   0x000000ec   Code   RO         3168    .text               c_w.l(bigflt0.o)(c_w.l)
    0x0003bc28   0x0000000c   Code   RO         3196    .text               c_w.l(exit.o)(c_w.l)
    0x0003bc34   0x0000000a   Code   RO         3198    .text               c_w.l(defsig_exit.o)(c_w.l)
    0x0003bc3e   0x00000002   PAD
    0x0003bc40   0x0000004c   Code   RO         3200    .text               c_w.l(defsig_rtmem_inner.o)(c_w.l)
    0x0003bc8c   0x00000032   Code   RO         3229    .text               c_w.l(defsig_general.o)(c_w.l)
    0x0003bcbe   0x00000002   PAD
    0x0003bcc0   0x00000080   Code   RO         3231    .text               c_w.l(strcmpv7m.o)(c_w.l)
    0x0003bd40   0x0000000c   Code   RO         3261    .text               c_w.l(rt_fp_status_addr_intlibspace.o)(c_w.l)
    0x0003bd4c   0x0000003e   Code   RO         3171    CL$$btod_d2e        c_w.l(btod.o)(c_w.l)
    0x0003bd8a   0x00000046   Code   RO         3173    CL$$btod_d2e_denorm_low  c_w.l(btod.o)(c_w.l)
    0x0003bdd0   0x00000060   Code   RO         3172    CL$$btod_d2e_norm_op1  c_w.l(btod.o)(c_w.l)
    0x0003be30   0x00000338   Code   RO         3181    CL$$btod_div_common  c_w.l(btod.o)(c_w.l)
    0x0003c168   0x000000c6   Code   RO         3178    CL$$btod_e2e        c_w.l(btod.o)(c_w.l)
    0x0003c22e   0x00000028   Code   RO         3175    CL$$btod_ediv       c_w.l(btod.o)(c_w.l)
    0x0003c256   0x00000028   Code   RO         3174    CL$$btod_emul       c_w.l(btod.o)(c_w.l)
    0x0003c27e   0x00000244   Code   RO         3180    CL$$btod_mult_common  c_w.l(btod.o)(c_w.l)
    0x0003c4c2   0x00000028   Code   RO         3216    i.__ARM_fpclassify  m_ws.l(fpclassify.o)(m_ws.l)
    0x0003c4ea   0x00000002   PAD
    0x0003c4ec   0x0000002c   Code   RO         3194    locale$$code        c_w.l(lc_numeric_c.o)(c_w.l)
    0x0003c518   0x0000002c   Code   RO         3225    locale$$code        c_w.l(lc_ctype_c.o)(c_w.l)
    0x0003c544   0x00000008   Code   RO         2481  * rt_sys              rt_sys_s.o
    0x0003c54c   0x0000000e   Code   RO         3248    x$fpl$fpinit        fz_ws.l(fpinit.o)(fz_ws.l)
    0x0003c55a   0x00000004   Code   RO         3099    x$fpl$printf1       fz_ws.l(printf1.o)(fz_ws.l)
    0x0003c55e   0x00000000   Code   RO         3215    x$fpl$usenofp       fz_ws.l(usenofp.o)(fz_ws.l)
    0x0003c55e   0x00000002   PAD
    0x0003c560   0x0000154c   Data   RO          235    .constdata          maintain.o
    0x0003daac   0x00000014   Data   RO          259    .constdata          common.o
    0x0003dac0   0x00000468   Data   RO          294    .constdata          channel.o
    0x0003df28   0x0000026c   Data   RO          313    .constdata          lifttable.o
    0x0003e194   0x0000015c   Data   RO          330    .constdata          acdc.o
    0x0003e2f0   0x000000c0   Data   RO          646    .constdata          channelapi.o
    0x0003e3b0   0x000002d0   Data   RO          739    .constdata          hefanguiapi.o
    0x0003e680   0x00000042   Data   RO          973    .constdata          billaccepter.o
    0x0003e6c2   0x00000002   PAD
    0x0003e6c4   0x0000004b   Data   RO         1111    .constdata          taskuart3device.o
    0x0003e70f   0x00000001   PAD
    0x0003e710   0x00000054   Data   RO         1290    .constdata          zhihuipc.o
    0x0003e764   0x00000090   Data   RO         1313    .constdata          ubprotocol.o
    0x0003e7f4   0x0000012e   Data   RO         1331    .constdata          vmc_gprs_pc.o
    0x0003e922   0x0000b382   Data   RO         1673    .constdata          lcd.o
    0x00049ca4   0x00000010   Data   RO         1695    .constdata          key.o
    0x00049cb4   0x00000108   Data   RO         1961    .constdata          os_core.o
    0x00049dbc   0x00000028   Data   RO         2927    .constdata          c_w.l(_printf_hex_int_ll_ptr.o)(c_w.l)
    0x00049de4   0x00000011   Data   RO         2945    .constdata          c_w.l(__printf_flags_ss_wp.o)(c_w.l)
    0x00049df5   0x00000003   PAD
    0x00049df8   0x00000008   Data   RO         3024    .constdata          c_w.l(_printf_wctomb.o)(c_w.l)
    0x00049e00   0x0000000c   Data   RO         3053    .constdata          c_w.l(_monlen.o)(c_w.l)
    0x00049e0c   0x00000094   Data   RO         3169    .constdata          c_w.l(bigflt0.o)(c_w.l)
    0x00049ea0   0x0000279e   Data   RO          236    .conststring        maintain.o
    0x0004c63e   0x00000c18   Data   RO          279    .conststring        language.o
    0x0004d256   0x000008ac   Data   RO          295    .conststring        channel.o
    0x0004db02   0x00000565   Data   RO          314    .conststring        lifttable.o
    0x0004e067   0x000001fc   Data   RO          331    .conststring        acdc.o
    0x0004e263   0x0000035e   Data   RO          740    .conststring        hefanguiapi.o
    0x0004e5c1   0x00000003   PAD
    0x0004e5c4   0x00000030   Data   RO         3284    Region$$Table       anon$$obj.o
    0x0004e5f4   0x0000001c   Data   RO         3193    locale$$data        c_w.l(lc_numeric_c.o)(c_w.l)
    0x0004e610   0x00000110   Data   RO         3224    locale$$data        c_w.l(lc_ctype_c.o)(c_w.l)


    Execution Region SRAM (Base: 0x10000000, Size: 0x00006818, Max: 0xffffffff, ABSOLUTE, COMPRESSED[0x00000314])

    Base Addr    Size         Type   Attr      Idx    E Section Name        Object

    0x10000000   0x00000011   Data   RW            3    .data               main.o
    0x10000011   0x00000003   PAD
    0x10000014   0x00000038   Data   RW          205    .data               business.o
    0x1000004c   0x0000002c   Data   RW          237    .data               maintain.o
    0x10000078   0x0000008c   Data   RW          260    .data               common.o
    0x10000104   0x00000488   Data   RW          280    .data               language.o
    0x1000058c   0x00000008   Data   RW          315    .data               lifttable.o
    0x10000594   0x00000006   Data   RW          332    .data               acdc.o
    0x1000059a   0x00000005   Data   RW          553    .data               checkdevicestate.o
    0x1000059f   0x00000001   Data   RW          619    .data               lifttableapi.o
    0x100005a0   0x00000001   Data   RW          666    .data               changerapi.o
    0x100005a1   0x00000002   Data   RW          697    .data               zhihuiapi.o
    0x100005a3   0x00000002   Data   RW          741    .data               hefanguiapi.o
    0x100005a5   0x00000003   PAD
    0x100005a8   0x00000004   Data   RW          942    .data               mdb_uart2.o
    0x100005ac   0x00000010   Data   RW          957    .data               evb_uart2.o
    0x100005bc   0x00000009   Data   RW          974    .data               billaccepter.o
    0x100005c5   0x00000002   Data   RW          992    .data               coinaccepter .o
    0x100005c7   0x00000001   Data   RW         1040    .data               acdcdriver.o
    0x100005c8   0x00000005   Data   RW         1054    .data               channeldriver.o
    0x100005cd   0x00000001   Data   RW         1073    .data               hopperdriver.o
    0x100005ce   0x00000003   Data   RW         1291    .data               zhihuipc.o
    0x100005d1   0x00000002   Data   RW         1314    .data               ubprotocol.o
    0x100005d3   0x00000003   Data   RW         1332    .data               vmc_gprs_pc.o
    0x100005d6   0x00000014   Data   RW         1355    .data               selectkey.o
    0x100005ea   0x00000005   Data   RW         1583    .data               uart2.o
    0x100005ef   0x00000002   Data   RW         1599    .data               uart0.o
    0x100005f1   0x00000002   Data   RW         1615    .data               uart1.o
    0x100005f3   0x00000002   Data   RW         1631    .data               uart3.o
    0x100005f5   0x00000003   PAD
    0x100005f8   0x00000016   Data   RW         1658    .data               i2c.o
    0x1000060e   0x00000002   PAD
    0x10000610   0x0000000d   Data   RW         1696    .data               key.o
    0x1000061d   0x00000003   PAD
    0x10000620   0x00000012   Data   RW         1712    .data               pcoin.o
    0x10000632   0x00000001   Data   RW         1727    .data               timer.o
    0x10000633   0x00000001   PAD
    0x10000634   0x00000004   Data   RW         1767    .data               gprs_uart.o
    0x10000638   0x00000004   Data   RW         1783    .data               os_cpu_c.o
    0x1000063c   0x0000004c   Data   RW         1962    .data               os_core.o
    0x10000688   0x00000024   Data   RW         2487    .data               taskuart0device.o
    0x100006ac   0x00000004   Data   RW         3147    .data               c_w.l(heapauxa.o)(c_w.l)
    0x100006b0   0x00003ff8   Zero   RW            2    .bss                main.o
    0x100046a8   0x00000554   Zero   RW          258    .bss                common.o
    0x10004bfc   0x00000144   Zero   RW          645    .bss                channelapi.o
    0x10004d40   0x00000034   Zero   RW          720    .bss                gprsapi.o
    0x10004d74   0x00000040   Zero   RW          972    .bss                billaccepter.o
    0x10004db4   0x0000004a   Zero   RW          991    .bss                coinaccepter .o
    0x10004dfe   0x0000009c   Zero   RW         1021    .bss                lifttabledriver.o
    0x10004e9a   0x00000002   PAD
    0x10004e9c   0x0000003c   Zero   RW         1072    .bss                hopperdriver.o
    0x10004ed8   0x0000000a   Zero   RW         1330    .bss                vmc_gprs_pc.o
    0x10004ee2   0x00000021   Zero   RW         1354    .bss                selectkey.o
    0x10004f03   0x00000001   PAD
    0x10004f04   0x00000138   Zero   RW         1547    .bss                xmt.o
    0x1000503c   0x00000080   Zero   RW         1566    .bss                hefangui.o
    0x100050bc   0x00000024   Zero   RW         1582    .bss                uart2.o
    0x100050e0   0x00000080   Zero   RW         1598    .bss                uart0.o
    0x10005160   0x00000040   Zero   RW         1614    .bss                uart1.o
    0x100051a0   0x00000100   Zero   RW         1630    .bss                uart3.o
    0x100052a0   0x0000000c   Zero   RW         1694    .bss                key.o
    0x100052ac   0x00000040   Zero   RW         1711    .bss                pcoin.o
    0x100052ec   0x000014b8   Zero   RW         1960    .bss                os_core.o
    0x100067a4   0x00000014   Zero   RW         2486    .bss                taskuart0device.o
    0x100067b8   0x00000060   Zero   RW         3102    .bss                c_w.l(libspace.o)(c_w.l)


    Execution Region RAM2 (Base: 0x2007c000, Size: 0x00004238, Max: 0x00008000, ABSOLUTE)

    Base Addr    Size         Type   Attr      Idx    E Section Name        Object

    0x2007c000   0x000000d8   Zero   RW          261    RAM2                common.o
    0x2007c0d8   0x00000cc0   Zero   RW          647    RAM2                channelapi.o
    0x2007cd98   0x000002d8   Zero   RW          698    RAM2                zhihuiapi.o
    0x2007d070   0x000014b4   Zero   RW          742    RAM2                hefanguiapi.o
    0x2007e524   0x00000690   Zero   RW         1315    RAM2                ubprotocol.o
    0x2007ebb4   0x00001684   Zero   RW         2488    RAM2                taskuart0device.o


    Execution Region HEAP (Base: 0x20080238, Size: 0x00000000, Max: 0xffffffff, ABSOLUTE, UNINIT)

    Base Addr    Size         Type   Attr      Idx    E Section Name        Object

    0x20080238   0x00000000   Zero   RW         2482    Heap                rt_sys_s.o


==============================================================================

Image component sizes


      Code (inc. data)   RO Data    RW Data    ZI Data      Debug   Object Name

      7752        568        856          6          0          0   acdc.o
      1032        196          0          0          0          0   acdcapi.o
       148         52          0          1          0          0   acdcdriver.o
       924         22          0          0          0          0   at45db161d.o
      6568       1768         66          9         64          0   billaccepter.o
       944        160          0          0          0          0   billaccepterapi.o
     15896       1590          0         56          0          0   business.o
       112          4          0          0          0          0   buzzer.o
      4280        768          0          1          0          0   changerapi.o
     14892       1068       3348          0          0          0   channel.o
     11420        368        192          0       3588          0   channelapi.o
       384          8          0          5          0          0   channeldriver.o
      1668        394          0          5          0          0   checkdevicestate.o
      2088        472          0          2         74          0   coinaccepter .o
       412         90          0          0          0          0   coinaccepterapi .o
      8536        410         20        140       1580          0   common.o
       768        108          0         16          0          0   evb_uart2.o
       316         10          0          4          0          0   gprs_uart.o
      6156       1572          0          0         52          0   gprsapi.o
       844        110          0          0        128          0   hefangui.o
     10168        368       1582          2       5300          0   hefanguiapi.o
      1004        152          0          1         60          0   hopperdriver.o
       972         44          0         22          0          0   i2c.o
      1356         86         16         13         12          0   key.o
         0          0       3096       1160          0          0   language.o
      4420         86      45954          0          0          0   lcd.o
      4608        726       2001          8          0          0   lifttable.o
       760        136          0          1          0          0   lifttableapi.o
      1844         90          0          0        156          0   lifttabledriver.o
      2056        112          0          0          0          0   logapi.o
       120         32          0          0          0          0   lpc1700pincfg.o
       404         64          0         17      16376          0   main.o
     34936       2970      15594         44          0          0   maintain.o
       260         14          0          4          0          0   mdb_uart2.o
       580        174          0          0          0          0   mdbchanger.o
      3208       1426          0          0          0          0   mdbreader.o
      1856        140        264         76       5304          0   os_core.o
       538         80          0          4          0          0   os_cpu_c.o
      1652         30          0          0          0          0   os_flag.o
       768         14          0          0          0          0   os_mbox.o
       384          8          0          0          0          0   os_mem.o
      1260         24          0          0          0          0   os_q.o
       648         12          0          0          0          0   os_sem.o
      1532         64          0          0          0          0   os_task.o
       404         20          0          0          0          0   os_time.o
      6496       1260          0          0          0          0   pccomapi.o
       616         56          0         18         64          0   pcoin.o
      1212        254          0          0          0          0   readerapi.o
       134          0          0          0          0          0   rt_sys_c.o
         8          4          0          0          0          0   rt_sys_s.o
       268         20          0          0          0          0   rtc.o
       976        220          0         20         33          0   selectkey.o
      2100        158          0          0          0          0   selectkeyapi.o
       420         56          0          0          0          0   target.o
      3580        814          0          0          0          0   taskdevice.o
     13052        346          0         36       5784          0   taskuart0device.o
       752        200          0          0          0          0   taskuart1device.o
      3460       1254         75          0          0          0   taskuart3device.o
       756         46          0          1          0          0   timer.o
       616          4          0          0          0          0   traceapi.o
       152         28          0          0          0          0   tuibiapi.o
       464         22          0          2        128          0   uart0.o
       512         28          0          2         64          0   uart1.o
       988         40          0          5         36          0   uart2.o
       504         24          0          2        256          0   uart3.o
     19084       1402        144          2       1680          0   ubprotocol.o
         0          0        204          0          0          0   vector_table.o
      8136       1986        302          3         10          0   vmc_gprs_pc.o
       856         86          0          0        312          0   xmt.o
      4200        710          0          2        728          0   zhihuiapi.o
      6840        942         84          3          0          0   zhihuipc.o
      1758         22          0          0          0          0   zy_if.o

    ----------------------------------------------------------------------
    238820      26592      73852       1708      41792          0   Object Totals
         0          0         48          0          0          0   (incl. Generated)
         2          0          6         15          3          1   (incl. Padding)

    ----------------------------------------------------------------------

      Code (inc. data)   RO Data    RW Data    ZI Data      Debug   Library Member Name

        56          6          0          0          0          0   __2snprintf.o
        44          6          0          0          0          0   __2sprintf.o
       100          0          0          0          0          0   __dclz77c.o
         8          0          0          0          0          0   __main.o
       412          6         17          0          0          0   __printf_flags_ss_wp.o
        52          8          0          0          0          0   __scatter.o
        28          0          0          0          0          0   __scatter_zi.o
         0          0         12          0          0          0   _monlen.o
         6          0          0          0          0          0   _printf_a.o
         6          0          0          0          0          0   _printf_c.o
        44          0          0          0          0          0   _printf_char.o
        48          6          0          0          0          0   _printf_char_common.o
        42          0          0          0          0          0   _printf_charcount.o
         6          0          0          0          0          0   _printf_d.o
       116         18          0          0          0          0   _printf_dec.o
         6          0          0          0          0          0   _printf_e.o
         6          0          0          0          0          0   _printf_f.o
      1038          0          0          0          0          0   _printf_fp_dec.o
       124         16          0          0          0          0   _printf_fp_infnan.o
         6          0          0          0          0          0   _printf_g.o
       156          6         40          0          0          0   _printf_hex_int_ll_ptr.o
         6          0          0          0          0          0   _printf_i.o
       180          0          0          0          0          0   _printf_intcommon.o
        10          0          0          0          0          0   _printf_l.o
         6          0          0          0          0          0   _printf_lc.o
        10          0          0          0          0          0   _printf_ll.o
         6          0          0          0          0          0   _printf_lld.o
         6          0          0          0          0          0   _printf_lli.o
         6          0          0          0          0          0   _printf_llo.o
         6          0          0          0          0          0   _printf_llu.o
         6          0          0          0          0          0   _printf_llx.o
       120         16          0          0          0          0   _printf_longlong_dec.o
         6          0          0          0          0          0   _printf_ls.o
         6          0          0          0          0          0   _printf_n.o
         6          0          0          0          0          0   _printf_o.o
       120          8          0          0          0          0   _printf_oct_int_ll.o
         6          0          0          0          0          0   _printf_p.o
        80          0          0          0          0          0   _printf_pad.o
         0          0          0          0          0          0   _printf_percent.o
         4          0          0          0          0          0   _printf_percent_end.o
         6          0          0          0          0          0   _printf_s.o
        82          0          0          0          0          0   _printf_str.o
        36          0          0          0          0          0   _printf_truncate.o
         6          0          0          0          0          0   _printf_u.o
        44          0          0          0          0          0   _printf_wchar.o
       188          6          8          0          0          0   _printf_wctomb.o
         6          0          0          0          0          0   _printf_x.o
        16          0          0          0          0          0   _snputc.o
        10          0          0          0          0          0   _sputc.o
        64          0          0          0          0          0   _wcrtomb.o
        16          0          0          0          0          0   aeabi_memset.o
       236          6        148          0          0          0   bigflt0.o
      1910        128          0          0          0          0   btod.o
        36          4          0          0          0          0   c89vsprintf.o
        10          0          0          0          0          0   defsig_exit.o
        50          0          0          0          0          0   defsig_general.o
        76         56          0          0          0          0   defsig_rtmem_inner.o
        14          0          0          0          0          0   defsig_rtmem_outer.o
        12          0          0          0          0          0   exit.o
       100          0          0          0          0          0   h1_alloc.o
        50          0          0          0          0          0   h1_extend.o
        78          0          0          0          0          0   h1_free.o
        14          0          0          0          0          0   h1_init.o
        76         10          0          4          0          0   heapauxa.o
         4          0          0          0          0          0   hguard.o
       138          0          0          0          0          0   init_alloc.o
        44         10        272          0          0          0   lc_ctype_c.o
        44         10         28          0          0          0   lc_numeric_c.o
         6          0          0          0          0          0   libinit.o
        38          0          0          0          0          0   libinit2.o
         2          0          0          0          0          0   libshutdown.o
         2          0          0          0          0          0   libshutdown2.o
         8          4          0          0         96          0   libspace.o
       138          0          0          0          0          0   lludiv10.o
         0          0          0          0          0          0   maybetermalloc1.o
       416          8          0          0          0          0   mktime.o
        16          4          0          0          0          0   rt_ctype_table.o
        12          4          0          0          0          0   rt_fp_status_addr_intlibspace.o
        12          4          0          0          0          0   rt_heap_descriptor_intlibspace.o
        12          4          0          0          0          0   rt_locale_intlibspace.o
        68          0          0          0          0          0   rt_memclr.o
        78          0          0          0          0          0   rt_memclr_w.o
       138          0          0          0          0          0   rt_memcpy_v6.o
       100          0          0          0          0          0   rt_memcpy_w.o
         0          0          0          0          0          0   rtentry.o
        12          0          0          0          0          0   rtentry2.o
         6          0          0          0          0          0   rtentry4.o
         2          0          0          0          0          0   rtexit.o
        10          0          0          0          0          0   rtexit2.o
        16          0          0          0          0          0   rtudiv10.o
        24          0          0          0          0          0   strcat.o
       128          0          0          0          0          0   strcmpv7m.o
        72          0          0          0          0          0   strcpy.o
        62          0          0          0          0          0   strlen.o
        36          0          0          0          0          0   strncat.o
       140          0          0          0          0          0   strncmp.o
        86          0          0          0          0          0   strncpy.o
        36          0          0          0          0          0   strstr.o
        74          0          0          0          0          0   sys_stackheap_outer.o
         2          0          0          0          0          0   use_no_semi.o
        14          0          0          0          0          0   fpinit.o
         4          0          0          0          0          0   printf1.o
         0          0          0          0          0          0   usenofp.o
        40          0          0          0          0          0   fpclassify.o
         2          0          0          0          0          0   osinithookbegin.o
         2          0          0          0          0          0   osinithookend.o
         4          0          0          0          0          0   ostaskcreatehook.o
         4          0          0          0          0          0   ostaskdelhook.o
         2          0          0          0          0          0   ostaskidlehook.o
         2          0          0          0          0          0   ostaskstathook.o
         2          0          0          0          0          0   ostaskswhook.o
         4          0          0          0          0          0   ostcbinithook.o
         2          0          0          0          0          0   ostimetickhook.o

    ----------------------------------------------------------------------
      8112        354        528          4         96          0   Library Totals
        18          0          3          0          0          0   (incl. Padding)

    ----------------------------------------------------------------------

      Code (inc. data)   RO Data    RW Data    ZI Data      Debug   Library Name

      8012        354        525          4         96       6056   c_w.l
        18          0          0          0          0        144   fz_ws.l
        40          0          0          0          0         68   m_ws.l
        24          0          0          0          0      11506   uCOS-II hook.lib

    ----------------------------------------------------------------------
      8112        354        528          4         96          0   Library Totals

    ----------------------------------------------------------------------

==============================================================================


      Code (inc. data)   RO Data    RW Data    ZI Data      Debug   

    246932      26946      74380       1712      41888     672892   Grand Totals
    246932      26946      74380        788      41888     672892   ELF Image Totals (compressed)
    246932      26946      74380        788          0          0   ROM Totals

==============================================================================

    Total RO  Size (Code + RO Data)               321312 ( 313.78kB)
    Total RW  Size (RW Data + ZI Data)             43600 (  42.58kB)
    Total ROM Size (Code + RO Data + RW Data)     322100 ( 314.55kB)

==============================================================================

