<html>
<body>
<pre>
<h1>µVision Build Log</h1>
<h2>Project:</h2>
E:\VMCSource\ARM2\test\VMC V2.0\VMC V2.0.uvproj
Project File Date:  04/27/2015

<h2>Output:</h2>
Build target 'VMC-V2.02'
compiling BUSINESS.C...
linking...
Program Size: Code=264856 RO-data=74548 RW-data=1748 ZI-data=43312  
FromELF: creating hex file...
".\Hex\VMC_V2_11_2015_x_x.axf" - 0 Error(s), 0 Warning(s).
Build target 'VMC-V2.02'
compiling CHANNEL.C...
APP\CHANNEL.C(39): warning:  #192-D: unrecognized character escape sequence
APP\CHANNEL.C:                  "CONFIGURA\x83\x82\O DE ATRIBUTO DE ARMARIO"
APP\CHANNEL.C:                                    ^
APP\CHANNEL.C(95): warning:  #192-D: unrecognized character escape sequence
APP\CHANNEL.C:                  "INSIRA C\x80\DIGO DA BANDEJA:"
APP\CHANNEL.C:                               ^
APP\CHANNEL.C(109): warning:  #192-D: unrecognized character escape sequence
APP\CHANNEL.C:                  "C\x80\DIGO DA BANDEJA:"
APP\CHANNEL.C:                        ^
APP\CHANNEL.C(116): warning:  #192-D: unrecognized character escape sequence
APP\CHANNEL.C:                  "COLUNA N\x82\O DISPONIVEL!"
APP\CHANNEL.C:                               ^
APP\CHANNEL.C(123): warning:  #192-D: unrecognized character escape sequence
APP\CHANNEL.C:                  "SITUA\x83\x82\O DA BANDEJA:"
APP\CHANNEL.C:                                ^
APP\CHANNEL.C(137): warning:  #192-D: unrecognized character escape sequence
APP\CHANNEL.C:                  "BENDEIJA SITUA\x83\x82\O:"
APP\CHANNEL.C:                                         ^
APP\CHANNEL.C(211): warning:  #192-D: unrecognized character escape sequence
APP\CHANNEL.C:                  "SITUA\x83\x82\O DAS BANDEJAS"
APP\CHANNEL.C:                                ^
APP\CHANNEL.C(234): warning:  #192-D: unrecognized character escape sequence
APP\CHANNEL.C:                  "PRE\x83\O UNIT\x81\RIO:"
APP\CHANNEL.C:                          ^
APP\CHANNEL.C(234): warning:  #192-D: unrecognized character escape sequence
APP\CHANNEL.C:                  "PRE\x83\O UNIT\x81\RIO:"
APP\CHANNEL.C:                                     ^
APP\CHANNEL.C(304): warning:  #192-D: unrecognized character escape sequence
APP\CHANNEL.C:                  "SITUA\x83\x82\O DAS BANDEJAS"
APP\CHANNEL.C:                                ^
APP\CHANNEL.C(325): warning:  #192-D: unrecognized character escape sequence
APP\CHANNEL.C:                  "PRE\x83\O NA BANDEJA 0"
APP\CHANNEL.C:                          ^
APP\CHANNEL.C: APP\CHANNEL.C: 11 warnings, 0 errors
linking...
Program Size: Code=264884 RO-data=74548 RW-data=1748 ZI-data=43312  
FromELF: creating hex file...
".\Hex\VMC_V2_11_2015_x_x.axf" - 0 Error(s), 11 Warning(s).
Build target 'VMC-V2.02'
linking...
Program Size: Code=264884 RO-data=74548 RW-data=1748 ZI-data=43312  
FromELF: creating hex file...
".\Hex\VMC_V2_11_2015_x_x.axf" - 0 Error(s), 0 Warning(s).
Build target 'VMC-V2.02'
compiling CHANNEL.C...
APP\CHANNEL.C(39): warning:  #192-D: unrecognized character escape sequence
APP\CHANNEL.C:                  "CONFIGURA\x83\x82\O DE ATRIBUTO DE ARMARIO"
APP\CHANNEL.C:                                    ^
APP\CHANNEL.C(95): warning:  #192-D: unrecognized character escape sequence
APP\CHANNEL.C:                  "INSIRA C\x80\DIGO DA BANDEJA:"
APP\CHANNEL.C:                               ^
APP\CHANNEL.C(109): warning:  #192-D: unrecognized character escape sequence
APP\CHANNEL.C:                  "C\x80\DIGO DA BANDEJA:"
APP\CHANNEL.C:                        ^
APP\CHANNEL.C(116): warning:  #192-D: unrecognized character escape sequence
APP\CHANNEL.C:                  "COLUNA N\x82\O DISPONIVEL!"
APP\CHANNEL.C:                               ^
APP\CHANNEL.C(123): warning:  #192-D: unrecognized character escape sequence
APP\CHANNEL.C:                  "SITUA\x83\x82\O DA BANDEJA:"
APP\CHANNEL.C:                                ^
APP\CHANNEL.C(137): warning:  #192-D: unrecognized character escape sequence
APP\CHANNEL.C:                  "BENDEIJA SITUA\x83\x82\O:"
APP\CHANNEL.C:                                         ^
APP\CHANNEL.C(211): warning:  #192-D: unrecognized character escape sequence
APP\CHANNEL.C:                  "SITUA\x83\x82\O DAS BANDEJAS"
APP\CHANNEL.C:                                ^
APP\CHANNEL.C(234): warning:  #192-D: unrecognized character escape sequence
APP\CHANNEL.C:                  "PRE\x83\O UNIT\x81\RIO:"
APP\CHANNEL.C:                          ^
APP\CHANNEL.C(234): warning:  #192-D: unrecognized character escape sequence
APP\CHANNEL.C:                  "PRE\x83\O UNIT\x81\RIO:"
APP\CHANNEL.C:                                     ^
APP\CHANNEL.C(304): warning:  #192-D: unrecognized character escape sequence
APP\CHANNEL.C:                  "SITUA\x83\x82\O DAS BANDEJAS"
APP\CHANNEL.C:                                ^
APP\CHANNEL.C(325): warning:  #192-D: unrecognized character escape sequence
APP\CHANNEL.C:                  "PRE\x83\O NA BANDEJA 0"
APP\CHANNEL.C:                          ^
APP\CHANNEL.C: APP\CHANNEL.C: 11 warnings, 0 errors
linking...
Program Size: Code=264920 RO-data=74548 RW-data=1748 ZI-data=43312  
FromELF: creating hex file...
".\Hex\VMC_V2_11_2015_x_x.axf" - 0 Error(s), 11 Warning(s).
Build target 'VMC-V2.02'
compiling KEY.C...
linking...
Program Size: Code=264976 RO-data=74548 RW-data=1748 ZI-data=43312  
FromELF: creating hex file...
".\Hex\VMC_V2_11_2015_x_x.axf" - 0 Error(s), 0 Warning(s).
Build target 'VMC-V2.02'
compiling BUSINESS.C...
linking...
Program Size: Code=264996 RO-data=74548 RW-data=1748 ZI-data=43312  
FromELF: creating hex file...
".\Hex\VMC_V2_11_2015_x_x.axf" - 0 Error(s), 0 Warning(s).
Build target 'VMC-V2.02'
linking...
Program Size: Code=264996 RO-data=74548 RW-data=1748 ZI-data=43312  
FromELF: creating hex file...
".\Hex\VMC_V2_11_2015_x_x.axf" - 0 Error(s), 0 Warning(s).
Build target 'VMC-V2.02'
compiling PCComAPI.c...
linking...
Program Size: Code=264988 RO-data=74548 RW-data=1748 ZI-data=43312  
FromELF: creating hex file...
".\Hex\VMC_V2_11_2015_x_x.axf" - 0 Error(s), 0 Warning(s).
Build target 'VMC-V2.02'
compiling PCComAPI.c...
linking...
Program Size: Code=264996 RO-data=74548 RW-data=1748 ZI-data=43312  
FromELF: creating hex file...
".\Hex\VMC_V2_11_2015_x_x.axf" - 0 Error(s), 0 Warning(s).
Build target 'VMC-V2.02'
compiling BUSINESS.C...
linking...
Program Size: Code=265028 RO-data=74548 RW-data=1748 ZI-data=43312  
FromELF: creating hex file...
".\Hex\VMC_V2_11_2015_x_x.axf" - 0 Error(s), 0 Warning(s).
