<html>
<body>
<pre>
<h1>µVision Build Log</h1>
<h2>Project:</h2>
C:\Users\Administrator\Desktop\ARM2\test\VMC V2.0\VMC V2.0.uvproj
Project File Date:  06/27/2014

<h2>Output:</h2>
Build target 'VMC-V2.02'
linking...
Program Size: Code=226860 RO-data=73736 RW-data=1700 ZI-data=41096  
FromELF: creating hex file...
".\Hex\VMC_V2.04_2014_x_x.axf" - 0 Error(s), 0 Warning(s).
Build target 'VMC-V2.02'
linking...
Program Size: Code=226860 RO-data=73736 RW-data=1700 ZI-data=41096  
FromELF: creating hex file...
".\Hex\VMC_V2.05_2014_x_x.axf" - 0 Error(s), 0 Warning(s).
Build target 'VMC-V2.02'
linking...
Program Size: Code=226860 RO-data=73736 RW-data=1700 ZI-data=41096  
FromELF: creating hex file...
".\Hex\VMC_V2.05_2014_x_x.axf" - 0 Error(s), 0 Warning(s).
