<html>
<body>
<pre>
<h1>µVision Build Log</h1>
<h2>Project:</h2>
E:\VMCSource\ARM2\test\VMC V2.0\VMC V2.0.uvproj
Project File Date:  12/24/2014

<h2>Output:</h2>
Build target 'VMC-V2.02'
compiling MDB_UART2.C...
linking...
Program Size: Code=246624 RO-data=74380 RW-data=1712 ZI-data=41888  
FromELF: creating hex file...
".\Hex\VMC_V2.08_2014_x_x.axf" - 0 Error(s), 0 Warning(s).
Build target 'VMC-V2.02'
linking...
Program Size: Code=246624 RO-data=74380 RW-data=1712 ZI-data=41888  
FromELF: creating hex file...
".\Hex\VMC_V2.08_2014_x_x.axf" - 0 Error(s), 0 Warning(s).
Build target 'VMC-V2.02'
linking...
Program Size: Code=246624 RO-data=74380 RW-data=1712 ZI-data=41888  
FromELF: creating hex file...
".\Hex\VMC_V2.08_2014_x_x.axf" - 0 Error(s), 0 Warning(s).
Build target 'VMC-V2.02'
compiling TASKDEVICE.C...
linking...
Program Size: Code=246624 RO-data=74380 RW-data=1712 ZI-data=41888  
FromELF: creating hex file...
".\Hex\VMC_V2.08_2014_x_x.axf" - 0 Error(s), 0 Warning(s).
Build target 'VMC-V2.02'
linking...
Program Size: Code=246624 RO-data=74380 RW-data=1712 ZI-data=41888  
FromELF: creating hex file...
".\Hex\VMC_V2.08_2014_x_x.axf" - 0 Error(s), 0 Warning(s).
Build target 'VMC-V2.02'
linking...
Program Size: Code=246624 RO-data=74380 RW-data=1712 ZI-data=41888  
FromELF: creating hex file...
".\Hex\VMC_V2.08_2014_x_x.axf" - 0 Error(s), 0 Warning(s).
