<html>
<body>
<pre>
<h1>µVision Build Log</h1>
<h2>Project:</h2>
E:\VMCSource\7736_version3\arm\test\VMC V2.0\VMC V2.0.uvproj
Project File Date:  04/10/2015

<h2>Output:</h2>
Build target 'VMC-V2.02'
linking...
Program Size: Code=257884 RO-data=74492 RW-data=1728 ZI-data=43120  
FromELF: creating hex file...
".\Hex\VMC_V2_10_2015_x_x.axf" - 0 Error(s), 0 Warning(s).
Build target 'VMC-V2.02'
compiling MAIN.C...
compiling BUSINESS.C...
APP\BUSINESS.C(2350): warning:  #177-D: variable "ComStatus" was declared but never referenced
APP\BUSINESS.C:         unsigned char ComStatus = 0;
APP\BUSINESS.C:                       ^
APP\BUSINESS.C(2713): warning:  #177-D: variable "ChuhuoRst" was declared but never referenced
APP\BUSINESS.C:         uint8_t ChuhuoRst = 0;
APP\BUSINESS.C:                 ^
APP\BUSINESS.C: APP\BUSINESS.C: 2 warnings, 0 errors
compiling MAINTAIN.C...
APP\USERMAINTAIN_MENU.C(137): warning:  #192-D: unrecognized character escape sequence
APP\USERMAINTAIN_MENU.C:                "<PR\x80\XIMA P\x81\GINA>"
APP\USERMAINTAIN_MENU.C:                        ^
APP\USERMAINTAIN_MENU.C(137): warning:  #192-D: unrecognized character escape sequence
APP\USERMAINTAIN_MENU.C:                "<PR\x80\XIMA P\x81\GINA>"
APP\USERMAINTAIN_MENU.C:                                   ^
APP\USERMAINTAIN_MENU.C(144): warning:  #192-D: unrecognized character escape sequence
APP\USERMAINTAIN_MENU.C:                "<P\x81\GINA ANTERIOR>"
APP\USERMAINTAIN_MENU.C:                       ^
APP\USERMAINTAIN_MENU.C(261): warning:  #192-D: unrecognized character escape sequence
APP\USERMAINTAIN_MENU.C:                "<PR\x80\XIMA P\x81\GINA>"
APP\USERMAINTAIN_MENU.C:                        ^
APP\USERMAINTAIN_MENU.C(261): warning:  #192-D: unrecognized character escape sequence
APP\USERMAINTAIN_MENU.C:                "<PR\x80\XIMA P\x81\GINA>"
APP\USERMAINTAIN_MENU.C:                                   ^
APP\USERMAINTAIN_MENU.C(268): warning:  #192-D: unrecognized character escape sequence
APP\USERMAINTAIN_MENU.C:                "<P\x81\GINA ANTERIOR>"
APP\USERMAINTAIN_MENU.C:                       ^
APP\USERMAINTAIN_MENU.C(282): warning:  #192-D: unrecognized character escape sequence
APP\USERMAINTAIN_MENU.C:                "1.FALHA NA COMUNICA\x83\x82\O"
APP\USERMAINTAIN_MENU.C:                                            ^
APP\USERMAINTAIN_MENU.C(352): warning:  #192-D: unrecognized character escape sequence
APP\USERMAINTAIN_MENU.C:                "1.FALHA COMUNICA\x83\x82\O"
APP\USERMAINTAIN_MENU.C:                                         ^
APP\USERMAINTAIN_MENU.C(394): warning:  #192-D: unrecognized character escape sequence
APP\USERMAINTAIN_MENU.C:                "7.REMO\x83\x82\O DE MOEDA"
APP\USERMAINTAIN_MENU.C:                               ^
APP\USERMAINTAIN_MENU.C(450): warning:  #192-D: unrecognized character escape sequence
APP\USERMAINTAIN_MENU.C:                "1.ERRO GOC NO ARM\x81\RIO CENTRAL"
APP\USERMAINTAIN_MENU.C:                                      ^
APP\USERMAINTAIN_MENU.C(457): warning:  #192-D: unrecognized character escape sequence
APP\USERMAINTAIN_MENU.C:                "2.ERRO GOC NO SUB ARM\x81\RIO"
APP\USERMAINTAIN_MENU.C:                                          ^
APP\USERMAINTAIN_MENU.C(643): warning:  #192-D: unrecognized character escape sequence
APP\USERMAINTAIN_MENU.C:                "<PR\x80\XIMA P\x81\GINA>"
APP\USERMAINTAIN_MENU.C:                        ^
APP\USERMAINTAIN_MENU.C(643): warning:  #192-D: unrecognized character escape sequence
APP\USERMAINTAIN_MENU.C:                "<PR\x80\XIMA P\x81\GINA>"
APP\USERMAINTAIN_MENU.C:                                   ^
APP\USERMAINTAIN_MENU.C(650): warning:  #192-D: unrecognized character escape sequence
APP\USERMAINTAIN_MENU.C:                "<P\x81\GINA ANTERIOR>"
APP\USERMAINTAIN_MENU.C:                       ^
APP\USERMAINTAIN_MENU.C(771): warning:  #192-D: unrecognized character escape sequence
APP\USERMAINTAIN_MENU.C:                "<PR\x80\XIMA P\x81\GINA>"
APP\USERMAINTAIN_MENU.C:                        ^
APP\USERMAINTAIN_MENU.C(771): warning:  #192-D: unrecognized character escape sequence
APP\USERMAINTAIN_MENU.C:                "<PR\x80\XIMA P\x81\GINA>"
APP\USERMAINTAIN_MENU.C:                                   ^
APP\USERMAINTAIN_MENU.C(778): warning:  #192-D: unrecognized character escape sequence
APP\USERMAINTAIN_MENU.C:                "<P\x81\GINA ANTERIOR>"
APP\USERMAINTAIN_MENU.C:                       ^
APP\USERMAINTAIN_MENU.C(813): warning:  #192-D: unrecognized character escape sequence
APP\USERMAINTAIN_MENU.C:                "5.D\x84\VIDA NA QUANTIDADE:"
APP\USERMAINTAIN_MENU.C:                        ^
APP\USERMAINTAIN_MENU.C(943): warning:  #192-D: unrecognized character escape sequence
APP\USERMAINTAIN_MENU.C:                "PROGRAMA\x83\x82\O DE COMPRA"
APP\USERMAINTAIN_MENU.C:                                 ^
APP\USERMAINTAIN_MENU.C(950): warning:  #192-D: unrecognized character escape sequence
APP\USERMAINTAIN_MENU.C:                "<PR\x80\XIMA P\x81\GINA>"
APP\USERMAINTAIN_MENU.C:                        ^
APP\USERMAINTAIN_MENU.C(950): warning:  #192-D: unrecognized character escape sequence
APP\USERMAINTAIN_MENU.C:                "<PR\x80\XIMA P\x81\GINA>"
APP\USERMAINTAIN_MENU.C:                                   ^
APP\USERMAINTAIN_MENU.C(957): warning:  #192-D: unrecognized character escape sequence
APP\USERMAINTAIN_MENU.C:                "<P\x81\GINA ANTERIOR>"
APP\USERMAINTAIN_MENU.C:                       ^
APP\USERMAINTAIN_MENU.C(964): warning:  #192-D: unrecognized character escape sequence
APP\USERMAINTAIN_MENU.C:                "1.HOR\x81\RIO"
APP\USERMAINTAIN_MENU.C:                          ^
APP\USERMAINTAIN_MENU.C(971): warning:  #192-D: unrecognized character escape sequence
APP\USERMAINTAIN_MENU.C:                "2.REFRIGERA\x83\x82\O"
APP\USERMAINTAIN_MENU.C:                                    ^
APP\USERMAINTAIN_MENU.C(1109): warning:  #192-D: unrecognized character escape sequence
APP\USERMAINTAIN_MENU.C:                "HOR\x81\RIO"
APP\USERMAINTAIN_MENU.C:                        ^
APP\USERMAINTAIN_MENU.C(1116): warning:  #192-D: unrecognized character escape sequence
APP\USERMAINTAIN_MENU.C:                "<PR\x80\XIMA P\x81\GINA>"
APP\USERMAINTAIN_MENU.C:                        ^
APP\USERMAINTAIN_MENU.C(1116): warning:  #192-D: unrecognized character escape sequence
APP\USERMAINTAIN_MENU.C:                "<PR\x80\XIMA P\x81\GINA>"
APP\USERMAINTAIN_MENU.C:                                   ^
APP\USERMAINTAIN_MENU.C(1123): warning:  #192-D: unrecognized character escape sequence
APP\USERMAINTAIN_MENU.C:                "<P\x81\GINA ANTERIOR>"
APP\USERMAINTAIN_MENU.C:                       ^
APP\USERMAINTAIN_MENU.C(1137): warning:  #192-D: unrecognized character escape sequence
APP\USERMAINTAIN_MENU.C:                "2.M\x85\S:   "
APP\USERMAINTAIN_MENU.C:                        ^
APP\USERMAINTAIN_MENU.C(1273): warning:  #192-D: unrecognized character escape sequence
APP\USERMAINTAIN_MENU.C:                "<PR\x80\XIMA P\x81\GINA>"
APP\USERMAINTAIN_MENU.C:                        ^
APP\USERMAINTAIN_MENU.C(1273): warning:  #192-D: unrecognized character escape sequence
APP\USERMAINTAIN_MENU.C:                "<PR\x80\XIMA P\x81\GINA>"
APP\USERMAINTAIN_MENU.C:                                   ^
APP\USERMAINTAIN_MENU.C(1280): warning:  #192-D: unrecognized character escape sequence
APP\USERMAINTAIN_MENU.C:                "<P\x81\GINA ANTERIOR>"
APP\USERMAINTAIN_MENU.C:                       ^
APP\USERMAINTAIN_MENU.C(1367): warning:  #192-D: unrecognized character escape sequence
APP\USERMAINTAIN_MENU.C:                "<PR\x80\XIMA P\x81\GINA>"
APP\USERMAINTAIN_MENU.C:                        ^
APP\USERMAINTAIN_MENU.C(1367): warning:  #192-D: unrecognized character escape sequence
APP\USERMAINTAIN_MENU.C:                "<PR\x80\XIMA P\x81\GINA>"
APP\USERMAINTAIN_MENU.C:                                   ^
APP\USERMAINTAIN_MENU.C(1374): warning:  #192-D: unrecognized character escape sequence
APP\USERMAINTAIN_MENU.C:                "<P\x81\GINA ANTERIOR>"
APP\USERMAINTAIN_MENU.C:                       ^
APP\USERMAINTAIN_MENU.C(1402): warning:  #192-D: unrecognized character escape sequence
APP\USERMAINTAIN_MENU.C:                "4.LEITURA CART\x82\O:"
APP\USERMAINTAIN_MENU.C:                                   ^
APP\USERMAINTAIN_MENU.C: APP\MAINTAIN.C: 36 warnings, 0 errors
compiling COMMON.C...
compiling LANGUAGE.C...
APP\LANGUAGE.C(376): warning:  #192-D: unrecognized character escape sequence
APP\LANGUAGE.C:           "FALHA NA COBRAN\x83\A",
APP\LANGUAGE.C:                               ^
APP\LANGUAGE.C: APP\LANGUAGE.C: 1 warning, 0 errors
compiling CHANNEL.C...
APP\CHANNEL.C(39): warning:  #192-D: unrecognized character escape sequence
APP\CHANNEL.C:                  "CONFIGURA\x83\x82\O DE ATRIBUTO DE ARMARIO"
APP\CHANNEL.C:                                    ^
APP\CHANNEL.C(95): warning:  #192-D: unrecognized character escape sequence
APP\CHANNEL.C:                  "INSIRA C\x80\DIGO DA BANDEJA:"
APP\CHANNEL.C:                               ^
APP\CHANNEL.C(109): warning:  #192-D: unrecognized character escape sequence
APP\CHANNEL.C:                  "C\x80\DIGO DA BANDEJA:"
APP\CHANNEL.C:                        ^
APP\CHANNEL.C(116): warning:  #192-D: unrecognized character escape sequence
APP\CHANNEL.C:                  "COLUNA N\x82\O DISPONIVEL!"
APP\CHANNEL.C:                               ^
APP\CHANNEL.C(123): warning:  #192-D: unrecognized character escape sequence
APP\CHANNEL.C:                  "SITUA\x83\x82\O DA BANDEJA:"
APP\CHANNEL.C:                                ^
APP\CHANNEL.C(137): warning:  #192-D: unrecognized character escape sequence
APP\CHANNEL.C:                  "BENDEIJA SITUA\x83\x82\O:"
APP\CHANNEL.C:                                         ^
APP\CHANNEL.C(211): warning:  #192-D: unrecognized character escape sequence
APP\CHANNEL.C:                  "SITUA\x83\x82\O DAS BANDEJAS"
APP\CHANNEL.C:                                ^
APP\CHANNEL.C(234): warning:  #192-D: unrecognized character escape sequence
APP\CHANNEL.C:                  "PRE\x83\O UNIT\x81\RIO:"
APP\CHANNEL.C:                          ^
APP\CHANNEL.C(234): warning:  #192-D: unrecognized character escape sequence
APP\CHANNEL.C:                  "PRE\x83\O UNIT\x81\RIO:"
APP\CHANNEL.C:                                     ^
APP\CHANNEL.C(304): warning:  #192-D: unrecognized character escape sequence
APP\CHANNEL.C:                  "SITUA\x83\x82\O DAS BANDEJAS"
APP\CHANNEL.C:                                ^
APP\CHANNEL.C(325): warning:  #192-D: unrecognized character escape sequence
APP\CHANNEL.C:                  "PRE\x83\O NA BANDEJA 0"
APP\CHANNEL.C:                          ^
APP\CHANNEL.C: APP\CHANNEL.C: 11 warnings, 0 errors
compiling LIFTTABLE.c...
APP\LIFTTABLE.c(56): warning:  #192-D: unrecognized character escape sequence
APP\LIFTTABLE.c:                " COLUNA N\x82\O DISPONIVEL!"
APP\LIFTTABLE.c:                              ^
APP\LIFTTABLE.c(133): warning:  #192-D: unrecognized character escape sequence
APP\LIFTTABLE.c:                " ERRO DA PLACA DE DISTRIBUI\x83\x82\O"
APP\LIFTTABLE.c:                                                    ^
APP\LIFTTABLE.c(147): warning:  #192-D: unrecognized character escape sequence
APP\LIFTTABLE.c:                " SITUA\x83x82\O DAS PORTS DA MAQUINA"
APP\LIFTTABLE.c:                              ^
APP\LIFTTABLE.c(182): warning:  #192-D: unrecognized character escape sequence
APP\LIFTTABLE.c:                " C\x80\DIGO DA BANDEJA:"
APP\LIFTTABLE.c:                       ^
APP\LIFTTABLE.c(508): warning:  #111-D: statement is unreachable
APP\LIFTTABLE.c:                        break;
APP\LIFTTABLE.c:                        ^
APP\LIFTTABLE.c(691): warning:  #111-D: statement is unreachable
APP\LIFTTABLE.c:                        break;
APP\LIFTTABLE.c:                        ^
APP\LIFTTABLE.c: APP\LIFTTABLE.c: 6 warnings, 0 errors
compiling ACDC.C...
APP\ACDC.C(67): warning:  #192-D: unrecognized character escape sequence
APP\ACDC.C:             "REFRIGERA\x83\x82\O"
APP\ACDC.C:                               ^
APP\ACDC.C(81): warning:  #192-D: unrecognized character escape sequence
APP\ACDC.C:             "REFRIGERA\x83\x82\O"
APP\ACDC.C:                               ^
APP\ACDC.C(88): warning:  #192-D: unrecognized character escape sequence
APP\ACDC.C:             "TEMPO DE OPERA\x83\x82\O"
APP\ACDC.C:                                    ^
APP\ACDC.C: APP\ACDC.C: 3 warnings, 0 errors
compiling ACDCAPI.c...
compiling BillAccepterAPI.c...
compiling CoinAccepterAPI .c...
compiling TuibiAPI.c...
compiling CheckDeviceState.c...
compiling LogAPI.c...
compiling TraceAPI.c...
compiling PCComAPI.c...
API\PCComAPI.c(627): warning:  #69-D: integer conversion resulted in truncation
API\PCComAPI.c:                         AccepterSIMPLEUboxMsg = OSQPend(g_SIMPLEUbox_PCTOVMCQ,OS_TICKS_PER_SEC*500,&ComStatus);
API\PCComAPI.c:                                                                               ^
API\PCComAPI.c(675): warning:  #69-D: integer conversion resulted in truncation
API\PCComAPI.c:                         AccepterSIMPLEUboxMsg = OSQPend(g_SIMPLEUbox_PCTOVMCQ,OS_TICKS_PER_SEC*500,&ComStatus);
API\PCComAPI.c:                                                                               ^
API\PCComAPI.c: API\PCComAPI.c: 2 warnings, 0 errors
compiling LiftTableAPI.c...
compiling SelectKeyAPI.c...
compiling ChannelAPI.c...
API\ChannelAPI.c(2728): warning:  #177-D: variable "count" was declared but never referenced
API\ChannelAPI.c:       unsigned char i,j,count = 0,bestLogicNo = 0;
API\ChannelAPI.c:                         ^
API\ChannelAPI.c(2728): warning:  #177-D: variable "bestLogicNo" was declared but never referenced
API\ChannelAPI.c:       unsigned char i,j,count = 0,bestLogicNo = 0;
API\ChannelAPI.c:                                   ^
API\ChannelAPI.c: API\ChannelAPI.c: 2 warnings, 0 errors
compiling ChangerAPI.c...
compiling ReaderAPI.c...
API\ReaderAPI.c(363): warning:  #177-D: variable "AccepterMsg" was declared but never referenced
API\ReaderAPI.c:        MessagePack *AccepterMsg;
API\ReaderAPI.c:                     ^
API\ReaderAPI.c: API\ReaderAPI.c: 1 warning, 0 errors
compiling ZhiHuiAPI.c...
compiling GprsAPI.c...
compiling HeFanGuiAPI.c...
compiling TASKDEVICE.C...
compiling MDB_UART2.C...
compiling EVB_UART2.C...
compiling BillAccepter.c...
compiling CoinAccepter .c...
compiling MDBReader.c...
compiling LiftTableDriver.c...
compiling ACDCDriver.c...
compiling ChannelDriver.c...
compiling HopperDriver.c...
compiling MDBChanger.c...
compiling TASKUART3DEVICE.C...
Uart3Driver\TASKUART3DEVICE.C(453): warning:  #223-D: function "VPMissionSIMPLESIMPLE_Poll" declared implicitly
Uart3Driver\TASKUART3DEVICE.C:                          VPMissionSIMPLESIMPLE_Poll();
Uart3Driver\TASKUART3DEVICE.C:                          ^
Uart3Driver\TASKUART3DEVICE.C(58): warning:  #177-D: variable "adminvalue" was declared but never referenced
Uart3Driver\TASKUART3DEVICE.C:          uint8_t adminvalue=0;
Uart3Driver\TASKUART3DEVICE.C:                  ^
Uart3Driver\TASKUART3DEVICE.C: Uart3Driver\TASKUART3DEVICE.C: 2 warnings, 0 errors
compiling ZHIHUIPC.c...
compiling UBProtocol.c...
Uart3Driver\UBProtocol.c(2771): warning:  #177-D: variable "AccepterUboxMsg" was declared but never referenced
Uart3Driver\UBProtocol.c:       MessageUboxPCPack *AccepterUboxMsg;
Uart3Driver\UBProtocol.c:                          ^
Uart3Driver\UBProtocol.c(3647): warning:  #177-D: variable "AccepterUboxMsg" was declared but never referenced
Uart3Driver\UBProtocol.c:       MessageUboxPCPack *AccepterUboxMsg;
Uart3Driver\UBProtocol.c:                          ^
Uart3Driver\UBProtocol.c: Uart3Driver\UBProtocol.c: 2 warnings, 0 errors
compiling VMC_GPRS_PC.c...
compiling UBProtocol_SIMPLE.c...
Uart3Driver\UBProtocol_SIMPLE.c(551): warning:  #177-D: variable "AccepterSIMPLEUboxMsg" was declared but never referenced
Uart3Driver\UBProtocol_SIMPLE.c:        MessageSIMPLEUboxPCPack *AccepterSIMPLEUboxMsg;
Uart3Driver\UBProtocol_SIMPLE.c:                                 ^
Uart3Driver\UBProtocol_SIMPLE.c(552): warning:  #177-D: variable "ComStatus" was declared but never referenced
Uart3Driver\UBProtocol_SIMPLE.c:        unsigned char ComStatus,distype=0;      
Uart3Driver\UBProtocol_SIMPLE.c:                      ^
Uart3Driver\UBProtocol_SIMPLE.c(659): warning:  #550-D: variable "flag" was set but never used
Uart3Driver\UBProtocol_SIMPLE.c:       unsigned char flag = 0;  
Uart3Driver\UBProtocol_SIMPLE.c:                     ^
Uart3Driver\UBProtocol_SIMPLE.c(680): warning:  #550-D: variable "flag" was set but never used
Uart3Driver\UBProtocol_SIMPLE.c:        unsigned char flag = 0;         
Uart3Driver\UBProtocol_SIMPLE.c:                      ^
Uart3Driver\UBProtocol_SIMPLE.c(802): warning:  #550-D: variable "flag" was set but never used
Uart3Driver\UBProtocol_SIMPLE.c:        unsigned char flag = 0;         
Uart3Driver\UBProtocol_SIMPLE.c:                      ^
Uart3Driver\UBProtocol_SIMPLE.c(864): warning:  #550-D: variable "flag" was set but never used
Uart3Driver\UBProtocol_SIMPLE.c:        unsigned char flag = 0;         
Uart3Driver\UBProtocol_SIMPLE.c:                      ^
Uart3Driver\UBProtocol_SIMPLE.c: Uart3Driver\UBProtocol_SIMPLE.c: 6 warnings, 0 errors
compiling SelectKey.c...
compiling TASKUART1DEVICE.C...
compiling xmt.c...
compiling HeFanGui.c...
compiling UART2.C...
compiling UART0.C...
compiling UART1.C...
compiling UART3.C...
compiling RTC.C...
compiling I2C.C...
compiling LCD.C...
compiling KEY.C...
compiling PCOIN.C...
compiling TIMER.C...
compiling BUZZER.C...
compiling AT45DB161D.C...
compiling GPRS_UART.c...
compiling Os_cpu_c.c...
compiling OS_CORE.C...
compiling OS_FLAG.C...
compiling OS_MBOX.C...
compiling OS_MEM.C...
compiling OS_TIME.C...
compiling OS_TASK.C...
compiling OS_SEM.C...
compiling OS_Q.C...
compiling OS_MUTEX.C...
compiling LPC1700PinCfg.c...
compiling target.c...
compiling vector_table.c...
compiling zy_if.c...
compiling rt_sys_c.c...
assembling rt_sys_s.s...
compiling taskUart0Device.c...
linking...
Program Size: Code=257884 RO-data=74492 RW-data=1728 ZI-data=43120  
FromELF: creating hex file...
".\Hex\VMC_V2_10_2015_x_x.axf" - 0 Error(s), 74 Warning(s).
Build target 'VMC-V2.02'
compiling UBProtocol_SIMPLE.c...
Uart3Driver\UBProtocol_SIMPLE.c(551): warning:  #177-D: variable "AccepterSIMPLEUboxMsg" was declared but never referenced
Uart3Driver\UBProtocol_SIMPLE.c:        MessageSIMPLEUboxPCPack *AccepterSIMPLEUboxMsg;
Uart3Driver\UBProtocol_SIMPLE.c:                                 ^
Uart3Driver\UBProtocol_SIMPLE.c(679): warning:  #550-D: variable "flag" was set but never used
Uart3Driver\UBProtocol_SIMPLE.c:        unsigned char flag = 0;         
Uart3Driver\UBProtocol_SIMPLE.c:                      ^
Uart3Driver\UBProtocol_SIMPLE.c(801): warning:  #550-D: variable "flag" was set but never used
Uart3Driver\UBProtocol_SIMPLE.c:        unsigned char flag = 0;         
Uart3Driver\UBProtocol_SIMPLE.c:                      ^
Uart3Driver\UBProtocol_SIMPLE.c(863): warning:  #550-D: variable "flag" was set but never used
Uart3Driver\UBProtocol_SIMPLE.c:        unsigned char flag = 0;         
Uart3Driver\UBProtocol_SIMPLE.c:                      ^
Uart3Driver\UBProtocol_SIMPLE.c: Uart3Driver\UBProtocol_SIMPLE.c: 4 warnings, 0 errors
linking...
Program Size: Code=257880 RO-data=74492 RW-data=1728 ZI-data=43120  
FromELF: creating hex file...
".\Hex\VMC_V2_10_2015_x_x.axf" - 0 Error(s), 4 Warning(s).
Build target 'VMC-V2.02'
compiling UBProtocol_SIMPLE.c...
Uart3Driver\UBProtocol_SIMPLE.c(551): warning:  #177-D: variable "AccepterSIMPLEUboxMsg" was declared but never referenced
Uart3Driver\UBProtocol_SIMPLE.c:        MessageSIMPLEUboxPCPack *AccepterSIMPLEUboxMsg;
Uart3Driver\UBProtocol_SIMPLE.c:                                 ^
Uart3Driver\UBProtocol_SIMPLE.c(679): warning:  #550-D: variable "flag" was set but never used
Uart3Driver\UBProtocol_SIMPLE.c:        unsigned char flag = 0;         
Uart3Driver\UBProtocol_SIMPLE.c:                      ^
Uart3Driver\UBProtocol_SIMPLE.c(802): warning:  #550-D: variable "flag" was set but never used
Uart3Driver\UBProtocol_SIMPLE.c:        unsigned char flag = 0;         
Uart3Driver\UBProtocol_SIMPLE.c:                      ^
Uart3Driver\UBProtocol_SIMPLE.c(864): warning:  #550-D: variable "flag" was set but never used
Uart3Driver\UBProtocol_SIMPLE.c:        unsigned char flag = 0;         
Uart3Driver\UBProtocol_SIMPLE.c:                      ^
Uart3Driver\UBProtocol_SIMPLE.c: Uart3Driver\UBProtocol_SIMPLE.c: 4 warnings, 0 errors
linking...
Program Size: Code=257880 RO-data=74492 RW-data=1728 ZI-data=43120  
FromELF: creating hex file...
".\Hex\VMC_V2_10_2015_x_x.axf" - 0 Error(s), 4 Warning(s).
Build target 'VMC-V2.02'
compiling UBProtocol_SIMPLE.c...
Uart3Driver\UBProtocol_SIMPLE.c(551): warning:  #177-D: variable "AccepterSIMPLEUboxMsg" was declared but never referenced
Uart3Driver\UBProtocol_SIMPLE.c:        MessageSIMPLEUboxPCPack *AccepterSIMPLEUboxMsg;
Uart3Driver\UBProtocol_SIMPLE.c:                                 ^
Uart3Driver\UBProtocol_SIMPLE.c(801): warning:  #550-D: variable "flag" was set but never used
Uart3Driver\UBProtocol_SIMPLE.c:        unsigned char flag = 0;         
Uart3Driver\UBProtocol_SIMPLE.c:                      ^
Uart3Driver\UBProtocol_SIMPLE.c(863): warning:  #550-D: variable "flag" was set but never used
Uart3Driver\UBProtocol_SIMPLE.c:        unsigned char flag = 0;         
Uart3Driver\UBProtocol_SIMPLE.c:                      ^
Uart3Driver\UBProtocol_SIMPLE.c: Uart3Driver\UBProtocol_SIMPLE.c: 3 warnings, 0 errors
linking...
Program Size: Code=257872 RO-data=74492 RW-data=1728 ZI-data=43120  
FromELF: creating hex file...
".\Hex\VMC_V2_10_2015_x_x.axf" - 0 Error(s), 3 Warning(s).
Build target 'VMC-V2.02'
compiling UBProtocol_SIMPLE.c...
Uart3Driver\UBProtocol_SIMPLE.c(551): warning:  #177-D: variable "AccepterSIMPLEUboxMsg" was declared but never referenced
Uart3Driver\UBProtocol_SIMPLE.c:        MessageSIMPLEUboxPCPack *AccepterSIMPLEUboxMsg;
Uart3Driver\UBProtocol_SIMPLE.c:                                 ^
Uart3Driver\UBProtocol_SIMPLE.c: Uart3Driver\UBProtocol_SIMPLE.c: 1 warning, 0 errors
linking...
Program Size: Code=257848 RO-data=74492 RW-data=1728 ZI-data=43120  
FromELF: creating hex file...
".\Hex\VMC_V2_10_2015_x_x.axf" - 0 Error(s), 1 Warning(s).
Build target 'VMC-V2.02'
compiling MAIN.C...
compiling BUSINESS.C...
APP\BUSINESS.C(2350): warning:  #177-D: variable "ComStatus" was declared but never referenced
APP\BUSINESS.C:         unsigned char ComStatus = 0;
APP\BUSINESS.C:                       ^
APP\BUSINESS.C(2713): warning:  #177-D: variable "ChuhuoRst" was declared but never referenced
APP\BUSINESS.C:         uint8_t ChuhuoRst = 0;
APP\BUSINESS.C:                 ^
APP\BUSINESS.C: APP\BUSINESS.C: 2 warnings, 0 errors
compiling MAINTAIN.C...
APP\USERMAINTAIN_MENU.C(137): warning:  #192-D: unrecognized character escape sequence
APP\USERMAINTAIN_MENU.C:                "<PR\x80\XIMA P\x81\GINA>"
APP\USERMAINTAIN_MENU.C:                        ^
APP\USERMAINTAIN_MENU.C(137): warning:  #192-D: unrecognized character escape sequence
APP\USERMAINTAIN_MENU.C:                "<PR\x80\XIMA P\x81\GINA>"
APP\USERMAINTAIN_MENU.C:                                   ^
APP\USERMAINTAIN_MENU.C(144): warning:  #192-D: unrecognized character escape sequence
APP\USERMAINTAIN_MENU.C:                "<P\x81\GINA ANTERIOR>"
APP\USERMAINTAIN_MENU.C:                       ^
APP\USERMAINTAIN_MENU.C(261): warning:  #192-D: unrecognized character escape sequence
APP\USERMAINTAIN_MENU.C:                "<PR\x80\XIMA P\x81\GINA>"
APP\USERMAINTAIN_MENU.C:                        ^
APP\USERMAINTAIN_MENU.C(261): warning:  #192-D: unrecognized character escape sequence
APP\USERMAINTAIN_MENU.C:                "<PR\x80\XIMA P\x81\GINA>"
APP\USERMAINTAIN_MENU.C:                                   ^
APP\USERMAINTAIN_MENU.C(268): warning:  #192-D: unrecognized character escape sequence
APP\USERMAINTAIN_MENU.C:                "<P\x81\GINA ANTERIOR>"
APP\USERMAINTAIN_MENU.C:                       ^
APP\USERMAINTAIN_MENU.C(282): warning:  #192-D: unrecognized character escape sequence
APP\USERMAINTAIN_MENU.C:                "1.FALHA NA COMUNICA\x83\x82\O"
APP\USERMAINTAIN_MENU.C:                                            ^
APP\USERMAINTAIN_MENU.C(352): warning:  #192-D: unrecognized character escape sequence
APP\USERMAINTAIN_MENU.C:                "1.FALHA COMUNICA\x83\x82\O"
APP\USERMAINTAIN_MENU.C:                                         ^
APP\USERMAINTAIN_MENU.C(394): warning:  #192-D: unrecognized character escape sequence
APP\USERMAINTAIN_MENU.C:                "7.REMO\x83\x82\O DE MOEDA"
APP\USERMAINTAIN_MENU.C:                               ^
APP\USERMAINTAIN_MENU.C(450): warning:  #192-D: unrecognized character escape sequence
APP\USERMAINTAIN_MENU.C:                "1.ERRO GOC NO ARM\x81\RIO CENTRAL"
APP\USERMAINTAIN_MENU.C:                                      ^
APP\USERMAINTAIN_MENU.C(457): warning:  #192-D: unrecognized character escape sequence
APP\USERMAINTAIN_MENU.C:                "2.ERRO GOC NO SUB ARM\x81\RIO"
APP\USERMAINTAIN_MENU.C:                                          ^
APP\USERMAINTAIN_MENU.C(643): warning:  #192-D: unrecognized character escape sequence
APP\USERMAINTAIN_MENU.C:                "<PR\x80\XIMA P\x81\GINA>"
APP\USERMAINTAIN_MENU.C:                        ^
APP\USERMAINTAIN_MENU.C(643): warning:  #192-D: unrecognized character escape sequence
APP\USERMAINTAIN_MENU.C:                "<PR\x80\XIMA P\x81\GINA>"
APP\USERMAINTAIN_MENU.C:                                   ^
APP\USERMAINTAIN_MENU.C(650): warning:  #192-D: unrecognized character escape sequence
APP\USERMAINTAIN_MENU.C:                "<P\x81\GINA ANTERIOR>"
APP\USERMAINTAIN_MENU.C:                       ^
APP\USERMAINTAIN_MENU.C(771): warning:  #192-D: unrecognized character escape sequence
APP\USERMAINTAIN_MENU.C:                "<PR\x80\XIMA P\x81\GINA>"
APP\USERMAINTAIN_MENU.C:                        ^
APP\USERMAINTAIN_MENU.C(771): warning:  #192-D: unrecognized character escape sequence
APP\USERMAINTAIN_MENU.C:                "<PR\x80\XIMA P\x81\GINA>"
APP\USERMAINTAIN_MENU.C:                                   ^
APP\USERMAINTAIN_MENU.C(778): warning:  #192-D: unrecognized character escape sequence
APP\USERMAINTAIN_MENU.C:                "<P\x81\GINA ANTERIOR>"
APP\USERMAINTAIN_MENU.C:                       ^
APP\USERMAINTAIN_MENU.C(813): warning:  #192-D: unrecognized character escape sequence
APP\USERMAINTAIN_MENU.C:                "5.D\x84\VIDA NA QUANTIDADE:"
APP\USERMAINTAIN_MENU.C:                        ^
APP\USERMAINTAIN_MENU.C(943): warning:  #192-D: unrecognized character escape sequence
APP\USERMAINTAIN_MENU.C:                "PROGRAMA\x83\x82\O DE COMPRA"
APP\USERMAINTAIN_MENU.C:                                 ^
APP\USERMAINTAIN_MENU.C(950): warning:  #192-D: unrecognized character escape sequence
APP\USERMAINTAIN_MENU.C:                "<PR\x80\XIMA P\x81\GINA>"
APP\USERMAINTAIN_MENU.C:                        ^
APP\USERMAINTAIN_MENU.C(950): warning:  #192-D: unrecognized character escape sequence
APP\USERMAINTAIN_MENU.C:                "<PR\x80\XIMA P\x81\GINA>"
APP\USERMAINTAIN_MENU.C:                                   ^
APP\USERMAINTAIN_MENU.C(957): warning:  #192-D: unrecognized character escape sequence
APP\USERMAINTAIN_MENU.C:                "<P\x81\GINA ANTERIOR>"
APP\USERMAINTAIN_MENU.C:                       ^
APP\USERMAINTAIN_MENU.C(964): warning:  #192-D: unrecognized character escape sequence
APP\USERMAINTAIN_MENU.C:                "1.HOR\x81\RIO"
APP\USERMAINTAIN_MENU.C:                          ^
APP\USERMAINTAIN_MENU.C(971): warning:  #192-D: unrecognized character escape sequence
APP\USERMAINTAIN_MENU.C:                "2.REFRIGERA\x83\x82\O"
APP\USERMAINTAIN_MENU.C:                                    ^
APP\USERMAINTAIN_MENU.C(1109): warning:  #192-D: unrecognized character escape sequence
APP\USERMAINTAIN_MENU.C:                "HOR\x81\RIO"
APP\USERMAINTAIN_MENU.C:                        ^
APP\USERMAINTAIN_MENU.C(1116): warning:  #192-D: unrecognized character escape sequence
APP\USERMAINTAIN_MENU.C:                "<PR\x80\XIMA P\x81\GINA>"
APP\USERMAINTAIN_MENU.C:                        ^
APP\USERMAINTAIN_MENU.C(1116): warning:  #192-D: unrecognized character escape sequence
APP\USERMAINTAIN_MENU.C:                "<PR\x80\XIMA P\x81\GINA>"
APP\USERMAINTAIN_MENU.C:                                   ^
APP\USERMAINTAIN_MENU.C(1123): warning:  #192-D: unrecognized character escape sequence
APP\USERMAINTAIN_MENU.C:                "<P\x81\GINA ANTERIOR>"
APP\USERMAINTAIN_MENU.C:                       ^
APP\USERMAINTAIN_MENU.C(1137): warning:  #192-D: unrecognized character escape sequence
APP\USERMAINTAIN_MENU.C:                "2.M\x85\S:   "
APP\USERMAINTAIN_MENU.C:                        ^
APP\USERMAINTAIN_MENU.C(1273): warning:  #192-D: unrecognized character escape sequence
APP\USERMAINTAIN_MENU.C:                "<PR\x80\XIMA P\x81\GINA>"
APP\USERMAINTAIN_MENU.C:                        ^
APP\USERMAINTAIN_MENU.C(1273): warning:  #192-D: unrecognized character escape sequence
APP\USERMAINTAIN_MENU.C:                "<PR\x80\XIMA P\x81\GINA>"
APP\USERMAINTAIN_MENU.C:                                   ^
APP\USERMAINTAIN_MENU.C(1280): warning:  #192-D: unrecognized character escape sequence
APP\USERMAINTAIN_MENU.C:                "<P\x81\GINA ANTERIOR>"
APP\USERMAINTAIN_MENU.C:                       ^
APP\USERMAINTAIN_MENU.C(1367): warning:  #192-D: unrecognized character escape sequence
APP\USERMAINTAIN_MENU.C:                "<PR\x80\XIMA P\x81\GINA>"
APP\USERMAINTAIN_MENU.C:                        ^
APP\USERMAINTAIN_MENU.C(1367): warning:  #192-D: unrecognized character escape sequence
APP\USERMAINTAIN_MENU.C:                "<PR\x80\XIMA P\x81\GINA>"
APP\USERMAINTAIN_MENU.C:                                   ^
APP\USERMAINTAIN_MENU.C(1374): warning:  #192-D: unrecognized character escape sequence
APP\USERMAINTAIN_MENU.C:                "<P\x81\GINA ANTERIOR>"
APP\USERMAINTAIN_MENU.C:                       ^
APP\USERMAINTAIN_MENU.C(1402): warning:  #192-D: unrecognized character escape sequence
APP\USERMAINTAIN_MENU.C:                "4.LEITURA CART\x82\O:"
APP\USERMAINTAIN_MENU.C:                                   ^
APP\USERMAINTAIN_MENU.C: APP\MAINTAIN.C: 36 warnings, 0 errors
compiling COMMON.C...
compiling LANGUAGE.C...
APP\LANGUAGE.C(376): warning:  #192-D: unrecognized character escape sequence
APP\LANGUAGE.C:           "FALHA NA COBRAN\x83\A",
APP\LANGUAGE.C:                               ^
APP\LANGUAGE.C: APP\LANGUAGE.C: 1 warning, 0 errors
compiling CHANNEL.C...
APP\CHANNEL.C(39): warning:  #192-D: unrecognized character escape sequence
APP\CHANNEL.C:                  "CONFIGURA\x83\x82\O DE ATRIBUTO DE ARMARIO"
APP\CHANNEL.C:                                    ^
APP\CHANNEL.C(95): warning:  #192-D: unrecognized character escape sequence
APP\CHANNEL.C:                  "INSIRA C\x80\DIGO DA BANDEJA:"
APP\CHANNEL.C:                               ^
APP\CHANNEL.C(109): warning:  #192-D: unrecognized character escape sequence
APP\CHANNEL.C:                  "C\x80\DIGO DA BANDEJA:"
APP\CHANNEL.C:                        ^
APP\CHANNEL.C(116): warning:  #192-D: unrecognized character escape sequence
APP\CHANNEL.C:                  "COLUNA N\x82\O DISPONIVEL!"
APP\CHANNEL.C:                               ^
APP\CHANNEL.C(123): warning:  #192-D: unrecognized character escape sequence
APP\CHANNEL.C:                  "SITUA\x83\x82\O DA BANDEJA:"
APP\CHANNEL.C:                                ^
APP\CHANNEL.C(137): warning:  #192-D: unrecognized character escape sequence
APP\CHANNEL.C:                  "BENDEIJA SITUA\x83\x82\O:"
APP\CHANNEL.C:                                         ^
APP\CHANNEL.C(211): warning:  #192-D: unrecognized character escape sequence
APP\CHANNEL.C:                  "SITUA\x83\x82\O DAS BANDEJAS"
APP\CHANNEL.C:                                ^
APP\CHANNEL.C(234): warning:  #192-D: unrecognized character escape sequence
APP\CHANNEL.C:                  "PRE\x83\O UNIT\x81\RIO:"
APP\CHANNEL.C:                          ^
APP\CHANNEL.C(234): warning:  #192-D: unrecognized character escape sequence
APP\CHANNEL.C:                  "PRE\x83\O UNIT\x81\RIO:"
APP\CHANNEL.C:                                     ^
APP\CHANNEL.C(304): warning:  #192-D: unrecognized character escape sequence
APP\CHANNEL.C:                  "SITUA\x83\x82\O DAS BANDEJAS"
APP\CHANNEL.C:                                ^
APP\CHANNEL.C(325): warning:  #192-D: unrecognized character escape sequence
APP\CHANNEL.C:                  "PRE\x83\O NA BANDEJA 0"
APP\CHANNEL.C:                          ^
APP\CHANNEL.C: APP\CHANNEL.C: 11 warnings, 0 errors
compiling LIFTTABLE.c...
APP\LIFTTABLE.c(56): warning:  #192-D: unrecognized character escape sequence
APP\LIFTTABLE.c:                " COLUNA N\x82\O DISPONIVEL!"
APP\LIFTTABLE.c:                              ^
APP\LIFTTABLE.c(133): warning:  #192-D: unrecognized character escape sequence
APP\LIFTTABLE.c:                " ERRO DA PLACA DE DISTRIBUI\x83\x82\O"
APP\LIFTTABLE.c:                                                    ^
APP\LIFTTABLE.c(147): warning:  #192-D: unrecognized character escape sequence
APP\LIFTTABLE.c:                " SITUA\x83x82\O DAS PORTS DA MAQUINA"
APP\LIFTTABLE.c:                              ^
APP\LIFTTABLE.c(182): warning:  #192-D: unrecognized character escape sequence
APP\LIFTTABLE.c:                " C\x80\DIGO DA BANDEJA:"
APP\LIFTTABLE.c:                       ^
APP\LIFTTABLE.c(508): warning:  #111-D: statement is unreachable
APP\LIFTTABLE.c:                        break;
APP\LIFTTABLE.c:                        ^
APP\LIFTTABLE.c(691): warning:  #111-D: statement is unreachable
APP\LIFTTABLE.c:                        break;
APP\LIFTTABLE.c:                        ^
APP\LIFTTABLE.c: APP\LIFTTABLE.c: 6 warnings, 0 errors
compiling ACDC.C...
APP\ACDC.C(67): warning:  #192-D: unrecognized character escape sequence
APP\ACDC.C:             "REFRIGERA\x83\x82\O"
APP\ACDC.C:                               ^
APP\ACDC.C(81): warning:  #192-D: unrecognized character escape sequence
APP\ACDC.C:             "REFRIGERA\x83\x82\O"
APP\ACDC.C:                               ^
APP\ACDC.C(88): warning:  #192-D: unrecognized character escape sequence
APP\ACDC.C:             "TEMPO DE OPERA\x83\x82\O"
APP\ACDC.C:                                    ^
APP\ACDC.C: APP\ACDC.C: 3 warnings, 0 errors
compiling ACDCAPI.c...
compiling BillAccepterAPI.c...
compiling CoinAccepterAPI .c...
compiling TuibiAPI.c...
compiling CheckDeviceState.c...
compiling LogAPI.c...
compiling TraceAPI.c...
compiling PCComAPI.c...
API\PCComAPI.c(627): warning:  #69-D: integer conversion resulted in truncation
API\PCComAPI.c:                         AccepterSIMPLEUboxMsg = OSQPend(g_SIMPLEUbox_PCTOVMCQ,OS_TICKS_PER_SEC*500,&ComStatus);
API\PCComAPI.c:                                                                               ^
API\PCComAPI.c(675): warning:  #69-D: integer conversion resulted in truncation
API\PCComAPI.c:                         AccepterSIMPLEUboxMsg = OSQPend(g_SIMPLEUbox_PCTOVMCQ,OS_TICKS_PER_SEC*500,&ComStatus);
API\PCComAPI.c:                                                                               ^
API\PCComAPI.c: API\PCComAPI.c: 2 warnings, 0 errors
compiling LiftTableAPI.c...
compiling SelectKeyAPI.c...
compiling ChannelAPI.c...
API\ChannelAPI.c(2728): warning:  #177-D: variable "count" was declared but never referenced
API\ChannelAPI.c:       unsigned char i,j,count = 0,bestLogicNo = 0;
API\ChannelAPI.c:                         ^
API\ChannelAPI.c(2728): warning:  #177-D: variable "bestLogicNo" was declared but never referenced
API\ChannelAPI.c:       unsigned char i,j,count = 0,bestLogicNo = 0;
API\ChannelAPI.c:                                   ^
API\ChannelAPI.c: API\ChannelAPI.c: 2 warnings, 0 errors
compiling ChangerAPI.c...
compiling ReaderAPI.c...
API\ReaderAPI.c(363): warning:  #177-D: variable "AccepterMsg" was declared but never referenced
API\ReaderAPI.c:        MessagePack *AccepterMsg;
API\ReaderAPI.c:                     ^
API\ReaderAPI.c: API\ReaderAPI.c: 1 warning, 0 errors
compiling ZhiHuiAPI.c...
compiling GprsAPI.c...
compiling HeFanGuiAPI.c...
compiling TASKDEVICE.C...
compiling MDB_UART2.C...
compiling EVB_UART2.C...
compiling BillAccepter.c...
compiling CoinAccepter .c...
compiling MDBReader.c...
compiling LiftTableDriver.c...
compiling ACDCDriver.c...
compiling ChannelDriver.c...
compiling HopperDriver.c...
compiling MDBChanger.c...
compiling TASKUART3DEVICE.C...
Uart3Driver\TASKUART3DEVICE.C(453): warning:  #223-D: function "VPMissionSIMPLESIMPLE_Poll" declared implicitly
Uart3Driver\TASKUART3DEVICE.C:                          VPMissionSIMPLESIMPLE_Poll();
Uart3Driver\TASKUART3DEVICE.C:                          ^
Uart3Driver\TASKUART3DEVICE.C(58): warning:  #177-D: variable "adminvalue" was declared but never referenced
Uart3Driver\TASKUART3DEVICE.C:          uint8_t adminvalue=0;
Uart3Driver\TASKUART3DEVICE.C:                  ^
Uart3Driver\TASKUART3DEVICE.C: Uart3Driver\TASKUART3DEVICE.C: 2 warnings, 0 errors
compiling ZHIHUIPC.c...
compiling UBProtocol.c...
Uart3Driver\UBProtocol.c(2771): warning:  #177-D: variable "AccepterUboxMsg" was declared but never referenced
Uart3Driver\UBProtocol.c:       MessageUboxPCPack *AccepterUboxMsg;
Uart3Driver\UBProtocol.c:                          ^
Uart3Driver\UBProtocol.c(3647): warning:  #177-D: variable "AccepterUboxMsg" was declared but never referenced
Uart3Driver\UBProtocol.c:       MessageUboxPCPack *AccepterUboxMsg;
Uart3Driver\UBProtocol.c:                          ^
Uart3Driver\UBProtocol.c: Uart3Driver\UBProtocol.c: 2 warnings, 0 errors
compiling VMC_GPRS_PC.c...
compiling UBProtocol_SIMPLE.c...
Uart3Driver\UBProtocol_SIMPLE.c(551): warning:  #177-D: variable "AccepterSIMPLEUboxMsg" was declared but never referenced
Uart3Driver\UBProtocol_SIMPLE.c:        MessageSIMPLEUboxPCPack *AccepterSIMPLEUboxMsg;
Uart3Driver\UBProtocol_SIMPLE.c:                                 ^
Uart3Driver\UBProtocol_SIMPLE.c: Uart3Driver\UBProtocol_SIMPLE.c: 1 warning, 0 errors
compiling SelectKey.c...
compiling TASKUART1DEVICE.C...
compiling xmt.c...
compiling HeFanGui.c...
compiling UART2.C...
compiling UART0.C...
compiling UART1.C...
compiling UART3.C...
compiling RTC.C...
compiling I2C.C...
compiling LCD.C...
compiling KEY.C...
compiling PCOIN.C...
compiling TIMER.C...
compiling BUZZER.C...
compiling AT45DB161D.C...
compiling GPRS_UART.c...
compiling Os_cpu_c.c...
compiling OS_CORE.C...
compiling OS_FLAG.C...
compiling OS_MBOX.C...
compiling OS_MEM.C...
compiling OS_TIME.C...
compiling OS_TASK.C...
compiling OS_SEM.C...
compiling OS_Q.C...
compiling OS_MUTEX.C...
compiling LPC1700PinCfg.c...
compiling target.c...
compiling vector_table.c...
compiling zy_if.c...
compiling rt_sys_c.c...
assembling rt_sys_s.s...
compiling taskUart0Device.c...
linking...
Program Size: Code=257848 RO-data=74492 RW-data=1728 ZI-data=43120  
FromELF: creating hex file...
".\Hex\VMC_V2_10_2015_x_x.axf" - 0 Error(s), 69 Warning(s).
Build target 'VMC-V2.02'
compiling MAIN.C...
compiling BUSINESS.C...
compiling MAINTAIN.C...
APP\USERMAINTAIN_MENU.C(137): warning:  #192-D: unrecognized character escape sequence
APP\USERMAINTAIN_MENU.C:                "<PR\x80\XIMA P\x81\GINA>"
APP\USERMAINTAIN_MENU.C:                        ^
APP\USERMAINTAIN_MENU.C(137): warning:  #192-D: unrecognized character escape sequence
APP\USERMAINTAIN_MENU.C:                "<PR\x80\XIMA P\x81\GINA>"
APP\USERMAINTAIN_MENU.C:                                   ^
APP\USERMAINTAIN_MENU.C(144): warning:  #192-D: unrecognized character escape sequence
APP\USERMAINTAIN_MENU.C:                "<P\x81\GINA ANTERIOR>"
APP\USERMAINTAIN_MENU.C:                       ^
APP\USERMAINTAIN_MENU.C(261): warning:  #192-D: unrecognized character escape sequence
APP\USERMAINTAIN_MENU.C:                "<PR\x80\XIMA P\x81\GINA>"
APP\USERMAINTAIN_MENU.C:                        ^
APP\USERMAINTAIN_MENU.C(261): warning:  #192-D: unrecognized character escape sequence
APP\USERMAINTAIN_MENU.C:                "<PR\x80\XIMA P\x81\GINA>"
APP\USERMAINTAIN_MENU.C:                                   ^
APP\USERMAINTAIN_MENU.C(268): warning:  #192-D: unrecognized character escape sequence
APP\USERMAINTAIN_MENU.C:                "<P\x81\GINA ANTERIOR>"
APP\USERMAINTAIN_MENU.C:                       ^
APP\USERMAINTAIN_MENU.C(282): warning:  #192-D: unrecognized character escape sequence
APP\USERMAINTAIN_MENU.C:                "1.FALHA NA COMUNICA\x83\x82\O"
APP\USERMAINTAIN_MENU.C:                                            ^
APP\USERMAINTAIN_MENU.C(352): warning:  #192-D: unrecognized character escape sequence
APP\USERMAINTAIN_MENU.C:                "1.FALHA COMUNICA\x83\x82\O"
APP\USERMAINTAIN_MENU.C:                                         ^
APP\USERMAINTAIN_MENU.C(394): warning:  #192-D: unrecognized character escape sequence
APP\USERMAINTAIN_MENU.C:                "7.REMO\x83\x82\O DE MOEDA"
APP\USERMAINTAIN_MENU.C:                               ^
APP\USERMAINTAIN_MENU.C(450): warning:  #192-D: unrecognized character escape sequence
APP\USERMAINTAIN_MENU.C:                "1.ERRO GOC NO ARM\x81\RIO CENTRAL"
APP\USERMAINTAIN_MENU.C:                                      ^
APP\USERMAINTAIN_MENU.C(457): warning:  #192-D: unrecognized character escape sequence
APP\USERMAINTAIN_MENU.C:                "2.ERRO GOC NO SUB ARM\x81\RIO"
APP\USERMAINTAIN_MENU.C:                                          ^
APP\USERMAINTAIN_MENU.C(643): warning:  #192-D: unrecognized character escape sequence
APP\USERMAINTAIN_MENU.C:                "<PR\x80\XIMA P\x81\GINA>"
APP\USERMAINTAIN_MENU.C:                        ^
APP\USERMAINTAIN_MENU.C(643): warning:  #192-D: unrecognized character escape sequence
APP\USERMAINTAIN_MENU.C:                "<PR\x80\XIMA P\x81\GINA>"
APP\USERMAINTAIN_MENU.C:                                   ^
APP\USERMAINTAIN_MENU.C(650): warning:  #192-D: unrecognized character escape sequence
APP\USERMAINTAIN_MENU.C:                "<P\x81\GINA ANTERIOR>"
APP\USERMAINTAIN_MENU.C:                       ^
APP\USERMAINTAIN_MENU.C(771): warning:  #192-D: unrecognized character escape sequence
APP\USERMAINTAIN_MENU.C:                "<PR\x80\XIMA P\x81\GINA>"
APP\USERMAINTAIN_MENU.C:                        ^
APP\USERMAINTAIN_MENU.C(771): warning:  #192-D: unrecognized character escape sequence
APP\USERMAINTAIN_MENU.C:                "<PR\x80\XIMA P\x81\GINA>"
APP\USERMAINTAIN_MENU.C:                                   ^
APP\USERMAINTAIN_MENU.C(778): warning:  #192-D: unrecognized character escape sequence
APP\USERMAINTAIN_MENU.C:                "<P\x81\GINA ANTERIOR>"
APP\USERMAINTAIN_MENU.C:                       ^
APP\USERMAINTAIN_MENU.C(813): warning:  #192-D: unrecognized character escape sequence
APP\USERMAINTAIN_MENU.C:                "5.D\x84\VIDA NA QUANTIDADE:"
APP\USERMAINTAIN_MENU.C:                        ^
APP\USERMAINTAIN_MENU.C(943): warning:  #192-D: unrecognized character escape sequence
APP\USERMAINTAIN_MENU.C:                "PROGRAMA\x83\x82\O DE COMPRA"
APP\USERMAINTAIN_MENU.C:                                 ^
APP\USERMAINTAIN_MENU.C(950): warning:  #192-D: unrecognized character escape sequence
APP\USERMAINTAIN_MENU.C:                "<PR\x80\XIMA P\x81\GINA>"
APP\USERMAINTAIN_MENU.C:                        ^
APP\USERMAINTAIN_MENU.C(950): warning:  #192-D: unrecognized character escape sequence
APP\USERMAINTAIN_MENU.C:                "<PR\x80\XIMA P\x81\GINA>"
APP\USERMAINTAIN_MENU.C:                                   ^
APP\USERMAINTAIN_MENU.C(957): warning:  #192-D: unrecognized character escape sequence
APP\USERMAINTAIN_MENU.C:                "<P\x81\GINA ANTERIOR>"
APP\USERMAINTAIN_MENU.C:                       ^
APP\USERMAINTAIN_MENU.C(964): warning:  #192-D: unrecognized character escape sequence
APP\USERMAINTAIN_MENU.C:                "1.HOR\x81\RIO"
APP\USERMAINTAIN_MENU.C:                          ^
APP\USERMAINTAIN_MENU.C(971): warning:  #192-D: unrecognized character escape sequence
APP\USERMAINTAIN_MENU.C:                "2.REFRIGERA\x83\x82\O"
APP\USERMAINTAIN_MENU.C:                                    ^
APP\USERMAINTAIN_MENU.C(1109): warning:  #192-D: unrecognized character escape sequence
APP\USERMAINTAIN_MENU.C:                "HOR\x81\RIO"
APP\USERMAINTAIN_MENU.C:                        ^
APP\USERMAINTAIN_MENU.C(1116): warning:  #192-D: unrecognized character escape sequence
APP\USERMAINTAIN_MENU.C:                "<PR\x80\XIMA P\x81\GINA>"
APP\USERMAINTAIN_MENU.C:                        ^
APP\USERMAINTAIN_MENU.C(1116): warning:  #192-D: unrecognized character escape sequence
APP\USERMAINTAIN_MENU.C:                "<PR\x80\XIMA P\x81\GINA>"
APP\USERMAINTAIN_MENU.C:                                   ^
APP\USERMAINTAIN_MENU.C(1123): warning:  #192-D: unrecognized character escape sequence
APP\USERMAINTAIN_MENU.C:                "<P\x81\GINA ANTERIOR>"
APP\USERMAINTAIN_MENU.C:                       ^
APP\USERMAINTAIN_MENU.C(1137): warning:  #192-D: unrecognized character escape sequence
APP\USERMAINTAIN_MENU.C:                "2.M\x85\S:   "
APP\USERMAINTAIN_MENU.C:                        ^
APP\USERMAINTAIN_MENU.C(1273): warning:  #192-D: unrecognized character escape sequence
APP\USERMAINTAIN_MENU.C:                "<PR\x80\XIMA P\x81\GINA>"
APP\USERMAINTAIN_MENU.C:                        ^
APP\USERMAINTAIN_MENU.C(1273): warning:  #192-D: unrecognized character escape sequence
APP\USERMAINTAIN_MENU.C:                "<PR\x80\XIMA P\x81\GINA>"
APP\USERMAINTAIN_MENU.C:                                   ^
APP\USERMAINTAIN_MENU.C(1280): warning:  #192-D: unrecognized character escape sequence
APP\USERMAINTAIN_MENU.C:                "<P\x81\GINA ANTERIOR>"
APP\USERMAINTAIN_MENU.C:                       ^
APP\USERMAINTAIN_MENU.C(1367): warning:  #192-D: unrecognized character escape sequence
APP\USERMAINTAIN_MENU.C:                "<PR\x80\XIMA P\x81\GINA>"
APP\USERMAINTAIN_MENU.C:                        ^
APP\USERMAINTAIN_MENU.C(1367): warning:  #192-D: unrecognized character escape sequence
APP\USERMAINTAIN_MENU.C:                "<PR\x80\XIMA P\x81\GINA>"
APP\USERMAINTAIN_MENU.C:                                   ^
APP\USERMAINTAIN_MENU.C(1374): warning:  #192-D: unrecognized character escape sequence
APP\USERMAINTAIN_MENU.C:                "<P\x81\GINA ANTERIOR>"
APP\USERMAINTAIN_MENU.C:                       ^
APP\USERMAINTAIN_MENU.C(1402): warning:  #192-D: unrecognized character escape sequence
APP\USERMAINTAIN_MENU.C:                "4.LEITURA CART\x82\O:"
APP\USERMAINTAIN_MENU.C:                                   ^
APP\USERMAINTAIN_MENU.C: APP\MAINTAIN.C: 36 warnings, 0 errors
compiling COMMON.C...
compiling LANGUAGE.C...
APP\LANGUAGE.C(376): warning:  #192-D: unrecognized character escape sequence
APP\LANGUAGE.C:           "FALHA NA COBRAN\x83\A",
APP\LANGUAGE.C:                               ^
APP\LANGUAGE.C: APP\LANGUAGE.C: 1 warning, 0 errors
compiling CHANNEL.C...
APP\CHANNEL.C(39): warning:  #192-D: unrecognized character escape sequence
APP\CHANNEL.C:                  "CONFIGURA\x83\x82\O DE ATRIBUTO DE ARMARIO"
APP\CHANNEL.C:                                    ^
APP\CHANNEL.C(95): warning:  #192-D: unrecognized character escape sequence
APP\CHANNEL.C:                  "INSIRA C\x80\DIGO DA BANDEJA:"
APP\CHANNEL.C:                               ^
APP\CHANNEL.C(109): warning:  #192-D: unrecognized character escape sequence
APP\CHANNEL.C:                  "C\x80\DIGO DA BANDEJA:"
APP\CHANNEL.C:                        ^
APP\CHANNEL.C(116): warning:  #192-D: unrecognized character escape sequence
APP\CHANNEL.C:                  "COLUNA N\x82\O DISPONIVEL!"
APP\CHANNEL.C:                               ^
APP\CHANNEL.C(123): warning:  #192-D: unrecognized character escape sequence
APP\CHANNEL.C:                  "SITUA\x83\x82\O DA BANDEJA:"
APP\CHANNEL.C:                                ^
APP\CHANNEL.C(137): warning:  #192-D: unrecognized character escape sequence
APP\CHANNEL.C:                  "BENDEIJA SITUA\x83\x82\O:"
APP\CHANNEL.C:                                         ^
APP\CHANNEL.C(211): warning:  #192-D: unrecognized character escape sequence
APP\CHANNEL.C:                  "SITUA\x83\x82\O DAS BANDEJAS"
APP\CHANNEL.C:                                ^
APP\CHANNEL.C(234): warning:  #192-D: unrecognized character escape sequence
APP\CHANNEL.C:                  "PRE\x83\O UNIT\x81\RIO:"
APP\CHANNEL.C:                          ^
APP\CHANNEL.C(234): warning:  #192-D: unrecognized character escape sequence
APP\CHANNEL.C:                  "PRE\x83\O UNIT\x81\RIO:"
APP\CHANNEL.C:                                     ^
APP\CHANNEL.C(304): warning:  #192-D: unrecognized character escape sequence
APP\CHANNEL.C:                  "SITUA\x83\x82\O DAS BANDEJAS"
APP\CHANNEL.C:                                ^
APP\CHANNEL.C(325): warning:  #192-D: unrecognized character escape sequence
APP\CHANNEL.C:                  "PRE\x83\O NA BANDEJA 0"
APP\CHANNEL.C:                          ^
APP\CHANNEL.C: APP\CHANNEL.C: 11 warnings, 0 errors
compiling LIFTTABLE.c...
APP\LIFTTABLE.c(56): warning:  #192-D: unrecognized character escape sequence
APP\LIFTTABLE.c:                " COLUNA N\x82\O DISPONIVEL!"
APP\LIFTTABLE.c:                              ^
APP\LIFTTABLE.c(133): warning:  #192-D: unrecognized character escape sequence
APP\LIFTTABLE.c:                " ERRO DA PLACA DE DISTRIBUI\x83\x82\O"
APP\LIFTTABLE.c:                                                    ^
APP\LIFTTABLE.c(147): warning:  #192-D: unrecognized character escape sequence
APP\LIFTTABLE.c:                " SITUA\x83x82\O DAS PORTS DA MAQUINA"
APP\LIFTTABLE.c:                              ^
APP\LIFTTABLE.c(182): warning:  #192-D: unrecognized character escape sequence
APP\LIFTTABLE.c:                " C\x80\DIGO DA BANDEJA:"
APP\LIFTTABLE.c:                       ^
APP\LIFTTABLE.c(508): warning:  #111-D: statement is unreachable
APP\LIFTTABLE.c:                        break;
APP\LIFTTABLE.c:                        ^
APP\LIFTTABLE.c(691): warning:  #111-D: statement is unreachable
APP\LIFTTABLE.c:                        break;
APP\LIFTTABLE.c:                        ^
APP\LIFTTABLE.c: APP\LIFTTABLE.c: 6 warnings, 0 errors
compiling ACDC.C...
APP\ACDC.C(67): warning:  #192-D: unrecognized character escape sequence
APP\ACDC.C:             "REFRIGERA\x83\x82\O"
APP\ACDC.C:                               ^
APP\ACDC.C(81): warning:  #192-D: unrecognized character escape sequence
APP\ACDC.C:             "REFRIGERA\x83\x82\O"
APP\ACDC.C:                               ^
APP\ACDC.C(88): warning:  #192-D: unrecognized character escape sequence
APP\ACDC.C:             "TEMPO DE OPERA\x83\x82\O"
APP\ACDC.C:                                    ^
APP\ACDC.C: APP\ACDC.C: 3 warnings, 0 errors
compiling ACDCAPI.c...
compiling BillAccepterAPI.c...
compiling CoinAccepterAPI .c...
compiling TuibiAPI.c...
compiling CheckDeviceState.c...
compiling LogAPI.c...
compiling TraceAPI.c...
compiling PCComAPI.c...
API\PCComAPI.c(627): warning:  #69-D: integer conversion resulted in truncation
API\PCComAPI.c:                         AccepterSIMPLEUboxMsg = OSQPend(g_SIMPLEUbox_PCTOVMCQ,OS_TICKS_PER_SEC*500,&ComStatus);
API\PCComAPI.c:                                                                               ^
API\PCComAPI.c(675): warning:  #69-D: integer conversion resulted in truncation
API\PCComAPI.c:                         AccepterSIMPLEUboxMsg = OSQPend(g_SIMPLEUbox_PCTOVMCQ,OS_TICKS_PER_SEC*500,&ComStatus);
API\PCComAPI.c:                                                                               ^
API\PCComAPI.c: API\PCComAPI.c: 2 warnings, 0 errors
compiling LiftTableAPI.c...
compiling SelectKeyAPI.c...
compiling ChannelAPI.c...
API\ChannelAPI.c(2728): warning:  #177-D: variable "count" was declared but never referenced
API\ChannelAPI.c:       unsigned char i,j,count = 0,bestLogicNo = 0;
API\ChannelAPI.c:                         ^
API\ChannelAPI.c(2728): warning:  #177-D: variable "bestLogicNo" was declared but never referenced
API\ChannelAPI.c:       unsigned char i,j,count = 0,bestLogicNo = 0;
API\ChannelAPI.c:                                   ^
API\ChannelAPI.c: API\ChannelAPI.c: 2 warnings, 0 errors
compiling ChangerAPI.c...
compiling ReaderAPI.c...
API\ReaderAPI.c(363): warning:  #177-D: variable "AccepterMsg" was declared but never referenced
API\ReaderAPI.c:        MessagePack *AccepterMsg;
API\ReaderAPI.c:                     ^
API\ReaderAPI.c: API\ReaderAPI.c: 1 warning, 0 errors
compiling ZhiHuiAPI.c...
compiling GprsAPI.c...
compiling HeFanGuiAPI.c...
compiling TASKDEVICE.C...
compiling MDB_UART2.C...
compiling EVB_UART2.C...
compiling BillAccepter.c...
compiling CoinAccepter .c...
compiling MDBReader.c...
compiling LiftTableDriver.c...
compiling ACDCDriver.c...
compiling ChannelDriver.c...
compiling HopperDriver.c...
compiling MDBChanger.c...
compiling TASKUART3DEVICE.C...
Uart3Driver\TASKUART3DEVICE.C(453): warning:  #223-D: function "VPMissionSIMPLESIMPLE_Poll" declared implicitly
Uart3Driver\TASKUART3DEVICE.C:                          VPMissionSIMPLESIMPLE_Poll();
Uart3Driver\TASKUART3DEVICE.C:                          ^
Uart3Driver\TASKUART3DEVICE.C(58): warning:  #177-D: variable "adminvalue" was declared but never referenced
Uart3Driver\TASKUART3DEVICE.C:          uint8_t adminvalue=0;
Uart3Driver\TASKUART3DEVICE.C:                  ^
Uart3Driver\TASKUART3DEVICE.C: Uart3Driver\TASKUART3DEVICE.C: 2 warnings, 0 errors
compiling ZHIHUIPC.c...
compiling UBProtocol.c...
Uart3Driver\UBProtocol.c(2771): warning:  #177-D: variable "AccepterUboxMsg" was declared but never referenced
Uart3Driver\UBProtocol.c:       MessageUboxPCPack *AccepterUboxMsg;
Uart3Driver\UBProtocol.c:                          ^
Uart3Driver\UBProtocol.c(3647): warning:  #177-D: variable "AccepterUboxMsg" was declared but never referenced
Uart3Driver\UBProtocol.c:       MessageUboxPCPack *AccepterUboxMsg;
Uart3Driver\UBProtocol.c:                          ^
Uart3Driver\UBProtocol.c: Uart3Driver\UBProtocol.c: 2 warnings, 0 errors
compiling VMC_GPRS_PC.c...
compiling UBProtocol_SIMPLE.c...
Uart3Driver\UBProtocol_SIMPLE.c(551): warning:  #177-D: variable "AccepterSIMPLEUboxMsg" was declared but never referenced
Uart3Driver\UBProtocol_SIMPLE.c:        MessageSIMPLEUboxPCPack *AccepterSIMPLEUboxMsg;
Uart3Driver\UBProtocol_SIMPLE.c:                                 ^
Uart3Driver\UBProtocol_SIMPLE.c: Uart3Driver\UBProtocol_SIMPLE.c: 1 warning, 0 errors
compiling SelectKey.c...
compiling TASKUART1DEVICE.C...
compiling xmt.c...
compiling HeFanGui.c...
compiling UART2.C...
compiling UART0.C...
compiling UART1.C...
compiling UART3.C...
compiling RTC.C...
compiling I2C.C...
compiling LCD.C...
compiling KEY.C...
compiling PCOIN.C...
compiling TIMER.C...
compiling BUZZER.C...
compiling AT45DB161D.C...
compiling GPRS_UART.c...
compiling Os_cpu_c.c...
compiling OS_CORE.C...
compiling OS_FLAG.C...
compiling OS_MBOX.C...
compiling OS_MEM.C...
compiling OS_TIME.C...
compiling OS_TASK.C...
compiling OS_SEM.C...
compiling OS_Q.C...
compiling OS_MUTEX.C...
compiling LPC1700PinCfg.c...
compiling target.c...
compiling vector_table.c...
compiling zy_if.c...
compiling rt_sys_c.c...
assembling rt_sys_s.s...
compiling taskUart0Device.c...
linking...
Program Size: Code=257836 RO-data=74492 RW-data=1728 ZI-data=43120  
FromELF: creating hex file...
".\Hex\VMC_V2_10_2015_x_x.axf" - 0 Error(s), 67 Warning(s).
Build target 'VMC-V2.02'
compiling MAIN.C...
compiling BUSINESS.C...
compiling MAINTAIN.C...
APP\USERMAINTAIN_MENU.C(137): warning:  #192-D: unrecognized character escape sequence
APP\USERMAINTAIN_MENU.C:                "<PR\x80\XIMA P\x81\GINA>"
APP\USERMAINTAIN_MENU.C:                        ^
APP\USERMAINTAIN_MENU.C(137): warning:  #192-D: unrecognized character escape sequence
APP\USERMAINTAIN_MENU.C:                "<PR\x80\XIMA P\x81\GINA>"
APP\USERMAINTAIN_MENU.C:                                   ^
APP\USERMAINTAIN_MENU.C(144): warning:  #192-D: unrecognized character escape sequence
APP\USERMAINTAIN_MENU.C:                "<P\x81\GINA ANTERIOR>"
APP\USERMAINTAIN_MENU.C:                       ^
APP\USERMAINTAIN_MENU.C(261): warning:  #192-D: unrecognized character escape sequence
APP\USERMAINTAIN_MENU.C:                "<PR\x80\XIMA P\x81\GINA>"
APP\USERMAINTAIN_MENU.C:                        ^
APP\USERMAINTAIN_MENU.C(261): warning:  #192-D: unrecognized character escape sequence
APP\USERMAINTAIN_MENU.C:                "<PR\x80\XIMA P\x81\GINA>"
APP\USERMAINTAIN_MENU.C:                                   ^
APP\USERMAINTAIN_MENU.C(268): warning:  #192-D: unrecognized character escape sequence
APP\USERMAINTAIN_MENU.C:                "<P\x81\GINA ANTERIOR>"
APP\USERMAINTAIN_MENU.C:                       ^
APP\USERMAINTAIN_MENU.C(282): warning:  #192-D: unrecognized character escape sequence
APP\USERMAINTAIN_MENU.C:                "1.FALHA NA COMUNICA\x83\x82\O"
APP\USERMAINTAIN_MENU.C:                                            ^
APP\USERMAINTAIN_MENU.C(352): warning:  #192-D: unrecognized character escape sequence
APP\USERMAINTAIN_MENU.C:                "1.FALHA COMUNICA\x83\x82\O"
APP\USERMAINTAIN_MENU.C:                                         ^
APP\USERMAINTAIN_MENU.C(394): warning:  #192-D: unrecognized character escape sequence
APP\USERMAINTAIN_MENU.C:                "7.REMO\x83\x82\O DE MOEDA"
APP\USERMAINTAIN_MENU.C:                               ^
APP\USERMAINTAIN_MENU.C(450): warning:  #192-D: unrecognized character escape sequence
APP\USERMAINTAIN_MENU.C:                "1.ERRO GOC NO ARM\x81\RIO CENTRAL"
APP\USERMAINTAIN_MENU.C:                                      ^
APP\USERMAINTAIN_MENU.C(457): warning:  #192-D: unrecognized character escape sequence
APP\USERMAINTAIN_MENU.C:                "2.ERRO GOC NO SUB ARM\x81\RIO"
APP\USERMAINTAIN_MENU.C:                                          ^
APP\USERMAINTAIN_MENU.C(643): warning:  #192-D: unrecognized character escape sequence
APP\USERMAINTAIN_MENU.C:                "<PR\x80\XIMA P\x81\GINA>"
APP\USERMAINTAIN_MENU.C:                        ^
APP\USERMAINTAIN_MENU.C(643): warning:  #192-D: unrecognized character escape sequence
APP\USERMAINTAIN_MENU.C:                "<PR\x80\XIMA P\x81\GINA>"
APP\USERMAINTAIN_MENU.C:                                   ^
APP\USERMAINTAIN_MENU.C(650): warning:  #192-D: unrecognized character escape sequence
APP\USERMAINTAIN_MENU.C:                "<P\x81\GINA ANTERIOR>"
APP\USERMAINTAIN_MENU.C:                       ^
APP\USERMAINTAIN_MENU.C(771): warning:  #192-D: unrecognized character escape sequence
APP\USERMAINTAIN_MENU.C:                "<PR\x80\XIMA P\x81\GINA>"
APP\USERMAINTAIN_MENU.C:                        ^
APP\USERMAINTAIN_MENU.C(771): warning:  #192-D: unrecognized character escape sequence
APP\USERMAINTAIN_MENU.C:                "<PR\x80\XIMA P\x81\GINA>"
APP\USERMAINTAIN_MENU.C:                                   ^
APP\USERMAINTAIN_MENU.C(778): warning:  #192-D: unrecognized character escape sequence
APP\USERMAINTAIN_MENU.C:                "<P\x81\GINA ANTERIOR>"
APP\USERMAINTAIN_MENU.C:                       ^
APP\USERMAINTAIN_MENU.C(813): warning:  #192-D: unrecognized character escape sequence
APP\USERMAINTAIN_MENU.C:                "5.D\x84\VIDA NA QUANTIDADE:"
APP\USERMAINTAIN_MENU.C:                        ^
APP\USERMAINTAIN_MENU.C(943): warning:  #192-D: unrecognized character escape sequence
APP\USERMAINTAIN_MENU.C:                "PROGRAMA\x83\x82\O DE COMPRA"
APP\USERMAINTAIN_MENU.C:                                 ^
APP\USERMAINTAIN_MENU.C(950): warning:  #192-D: unrecognized character escape sequence
APP\USERMAINTAIN_MENU.C:                "<PR\x80\XIMA P\x81\GINA>"
APP\USERMAINTAIN_MENU.C:                        ^
APP\USERMAINTAIN_MENU.C(950): warning:  #192-D: unrecognized character escape sequence
APP\USERMAINTAIN_MENU.C:                "<PR\x80\XIMA P\x81\GINA>"
APP\USERMAINTAIN_MENU.C:                                   ^
APP\USERMAINTAIN_MENU.C(957): warning:  #192-D: unrecognized character escape sequence
APP\USERMAINTAIN_MENU.C:                "<P\x81\GINA ANTERIOR>"
APP\USERMAINTAIN_MENU.C:                       ^
APP\USERMAINTAIN_MENU.C(964): warning:  #192-D: unrecognized character escape sequence
APP\USERMAINTAIN_MENU.C:                "1.HOR\x81\RIO"
APP\USERMAINTAIN_MENU.C:                          ^
APP\USERMAINTAIN_MENU.C(971): warning:  #192-D: unrecognized character escape sequence
APP\USERMAINTAIN_MENU.C:                "2.REFRIGERA\x83\x82\O"
APP\USERMAINTAIN_MENU.C:                                    ^
APP\USERMAINTAIN_MENU.C(1109): warning:  #192-D: unrecognized character escape sequence
APP\USERMAINTAIN_MENU.C:                "HOR\x81\RIO"
APP\USERMAINTAIN_MENU.C:                        ^
APP\USERMAINTAIN_MENU.C(1116): warning:  #192-D: unrecognized character escape sequence
APP\USERMAINTAIN_MENU.C:                "<PR\x80\XIMA P\x81\GINA>"
APP\USERMAINTAIN_MENU.C:                        ^
APP\USERMAINTAIN_MENU.C(1116): warning:  #192-D: unrecognized character escape sequence
APP\USERMAINTAIN_MENU.C:                "<PR\x80\XIMA P\x81\GINA>"
APP\USERMAINTAIN_MENU.C:                                   ^
APP\USERMAINTAIN_MENU.C(1123): warning:  #192-D: unrecognized character escape sequence
APP\USERMAINTAIN_MENU.C:                "<P\x81\GINA ANTERIOR>"
APP\USERMAINTAIN_MENU.C:                       ^
APP\USERMAINTAIN_MENU.C(1137): warning:  #192-D: unrecognized character escape sequence
APP\USERMAINTAIN_MENU.C:                "2.M\x85\S:   "
APP\USERMAINTAIN_MENU.C:                        ^
APP\USERMAINTAIN_MENU.C(1273): warning:  #192-D: unrecognized character escape sequence
APP\USERMAINTAIN_MENU.C:                "<PR\x80\XIMA P\x81\GINA>"
APP\USERMAINTAIN_MENU.C:                        ^
APP\USERMAINTAIN_MENU.C(1273): warning:  #192-D: unrecognized character escape sequence
APP\USERMAINTAIN_MENU.C:                "<PR\x80\XIMA P\x81\GINA>"
APP\USERMAINTAIN_MENU.C:                                   ^
APP\USERMAINTAIN_MENU.C(1280): warning:  #192-D: unrecognized character escape sequence
APP\USERMAINTAIN_MENU.C:                "<P\x81\GINA ANTERIOR>"
APP\USERMAINTAIN_MENU.C:                       ^
APP\USERMAINTAIN_MENU.C(1367): warning:  #192-D: unrecognized character escape sequence
APP\USERMAINTAIN_MENU.C:                "<PR\x80\XIMA P\x81\GINA>"
APP\USERMAINTAIN_MENU.C:                        ^
APP\USERMAINTAIN_MENU.C(1367): warning:  #192-D: unrecognized character escape sequence
APP\USERMAINTAIN_MENU.C:                "<PR\x80\XIMA P\x81\GINA>"
APP\USERMAINTAIN_MENU.C:                                   ^
APP\USERMAINTAIN_MENU.C(1374): warning:  #192-D: unrecognized character escape sequence
APP\USERMAINTAIN_MENU.C:                "<P\x81\GINA ANTERIOR>"
APP\USERMAINTAIN_MENU.C:                       ^
APP\USERMAINTAIN_MENU.C(1402): warning:  #192-D: unrecognized character escape sequence
APP\USERMAINTAIN_MENU.C:                "4.LEITURA CART\x82\O:"
APP\USERMAINTAIN_MENU.C:                                   ^
APP\USERMAINTAIN_MENU.C: APP\MAINTAIN.C: 36 warnings, 0 errors
compiling COMMON.C...
compiling LANGUAGE.C...
APP\LANGUAGE.C(376): warning:  #192-D: unrecognized character escape sequence
APP\LANGUAGE.C:           "FALHA NA COBRAN\x83\A",
APP\LANGUAGE.C:                               ^
APP\LANGUAGE.C: APP\LANGUAGE.C: 1 warning, 0 errors
compiling CHANNEL.C...
APP\CHANNEL.C(39): warning:  #192-D: unrecognized character escape sequence
APP\CHANNEL.C:                  "CONFIGURA\x83\x82\O DE ATRIBUTO DE ARMARIO"
APP\CHANNEL.C:                                    ^
APP\CHANNEL.C(95): warning:  #192-D: unrecognized character escape sequence
APP\CHANNEL.C:                  "INSIRA C\x80\DIGO DA BANDEJA:"
APP\CHANNEL.C:                               ^
APP\CHANNEL.C(109): warning:  #192-D: unrecognized character escape sequence
APP\CHANNEL.C:                  "C\x80\DIGO DA BANDEJA:"
APP\CHANNEL.C:                        ^
APP\CHANNEL.C(116): warning:  #192-D: unrecognized character escape sequence
APP\CHANNEL.C:                  "COLUNA N\x82\O DISPONIVEL!"
APP\CHANNEL.C:                               ^
APP\CHANNEL.C(123): warning:  #192-D: unrecognized character escape sequence
APP\CHANNEL.C:                  "SITUA\x83\x82\O DA BANDEJA:"
APP\CHANNEL.C:                                ^
APP\CHANNEL.C(137): warning:  #192-D: unrecognized character escape sequence
APP\CHANNEL.C:                  "BENDEIJA SITUA\x83\x82\O:"
APP\CHANNEL.C:                                         ^
APP\CHANNEL.C(211): warning:  #192-D: unrecognized character escape sequence
APP\CHANNEL.C:                  "SITUA\x83\x82\O DAS BANDEJAS"
APP\CHANNEL.C:                                ^
APP\CHANNEL.C(234): warning:  #192-D: unrecognized character escape sequence
APP\CHANNEL.C:                  "PRE\x83\O UNIT\x81\RIO:"
APP\CHANNEL.C:                          ^
APP\CHANNEL.C(234): warning:  #192-D: unrecognized character escape sequence
APP\CHANNEL.C:                  "PRE\x83\O UNIT\x81\RIO:"
APP\CHANNEL.C:                                     ^
APP\CHANNEL.C(304): warning:  #192-D: unrecognized character escape sequence
APP\CHANNEL.C:                  "SITUA\x83\x82\O DAS BANDEJAS"
APP\CHANNEL.C:                                ^
APP\CHANNEL.C(325): warning:  #192-D: unrecognized character escape sequence
APP\CHANNEL.C:                  "PRE\x83\O NA BANDEJA 0"
APP\CHANNEL.C:                          ^
APP\CHANNEL.C: APP\CHANNEL.C: 11 warnings, 0 errors
compiling LIFTTABLE.c...
APP\LIFTTABLE.c(56): warning:  #192-D: unrecognized character escape sequence
APP\LIFTTABLE.c:                " COLUNA N\x82\O DISPONIVEL!"
APP\LIFTTABLE.c:                              ^
APP\LIFTTABLE.c(133): warning:  #192-D: unrecognized character escape sequence
APP\LIFTTABLE.c:                " ERRO DA PLACA DE DISTRIBUI\x83\x82\O"
APP\LIFTTABLE.c:                                                    ^
APP\LIFTTABLE.c(147): warning:  #192-D: unrecognized character escape sequence
APP\LIFTTABLE.c:                " SITUA\x83x82\O DAS PORTS DA MAQUINA"
APP\LIFTTABLE.c:                              ^
APP\LIFTTABLE.c(182): warning:  #192-D: unrecognized character escape sequence
APP\LIFTTABLE.c:                " C\x80\DIGO DA BANDEJA:"
APP\LIFTTABLE.c:                       ^
APP\LIFTTABLE.c(508): warning:  #111-D: statement is unreachable
APP\LIFTTABLE.c:                        break;
APP\LIFTTABLE.c:                        ^
APP\LIFTTABLE.c(691): warning:  #111-D: statement is unreachable
APP\LIFTTABLE.c:                        break;
APP\LIFTTABLE.c:                        ^
APP\LIFTTABLE.c: APP\LIFTTABLE.c: 6 warnings, 0 errors
compiling ACDC.C...
APP\ACDC.C(67): warning:  #192-D: unrecognized character escape sequence
APP\ACDC.C:             "REFRIGERA\x83\x82\O"
APP\ACDC.C:                               ^
APP\ACDC.C(81): warning:  #192-D: unrecognized character escape sequence
APP\ACDC.C:             "REFRIGERA\x83\x82\O"
APP\ACDC.C:                               ^
APP\ACDC.C(88): warning:  #192-D: unrecognized character escape sequence
APP\ACDC.C:             "TEMPO DE OPERA\x83\x82\O"
APP\ACDC.C:                                    ^
APP\ACDC.C: APP\ACDC.C: 3 warnings, 0 errors
compiling ACDCAPI.c...
compiling BillAccepterAPI.c...
compiling CoinAccepterAPI .c...
compiling TuibiAPI.c...
compiling CheckDeviceState.c...
compiling LogAPI.c...
compiling TraceAPI.c...
compiling PCComAPI.c...
compiling LiftTableAPI.c...
compiling SelectKeyAPI.c...
compiling ChannelAPI.c...
compiling ChangerAPI.c...
compiling ReaderAPI.c...
API\ReaderAPI.c(363): warning:  #177-D: variable "AccepterMsg" was declared but never referenced
API\ReaderAPI.c:        MessagePack *AccepterMsg;
API\ReaderAPI.c:                     ^
API\ReaderAPI.c: API\ReaderAPI.c: 1 warning, 0 errors
compiling ZhiHuiAPI.c...
compiling GprsAPI.c...
compiling HeFanGuiAPI.c...
compiling TASKDEVICE.C...
compiling MDB_UART2.C...
compiling EVB_UART2.C...
compiling BillAccepter.c...
compiling CoinAccepter .c...
compiling MDBReader.c...
compiling LiftTableDriver.c...
compiling ACDCDriver.c...
compiling ChannelDriver.c...
compiling HopperDriver.c...
compiling MDBChanger.c...
compiling TASKUART3DEVICE.C...
Uart3Driver\TASKUART3DEVICE.C(453): warning:  #223-D: function "VPMissionSIMPLESIMPLE_Poll" declared implicitly
Uart3Driver\TASKUART3DEVICE.C:                          VPMissionSIMPLESIMPLE_Poll();
Uart3Driver\TASKUART3DEVICE.C:                          ^
Uart3Driver\TASKUART3DEVICE.C(58): warning:  #177-D: variable "adminvalue" was declared but never referenced
Uart3Driver\TASKUART3DEVICE.C:          uint8_t adminvalue=0;
Uart3Driver\TASKUART3DEVICE.C:                  ^
Uart3Driver\TASKUART3DEVICE.C: Uart3Driver\TASKUART3DEVICE.C: 2 warnings, 0 errors
compiling ZHIHUIPC.c...
compiling UBProtocol.c...
Uart3Driver\UBProtocol.c(2771): warning:  #177-D: variable "AccepterUboxMsg" was declared but never referenced
Uart3Driver\UBProtocol.c:       MessageUboxPCPack *AccepterUboxMsg;
Uart3Driver\UBProtocol.c:                          ^
Uart3Driver\UBProtocol.c(3647): warning:  #177-D: variable "AccepterUboxMsg" was declared but never referenced
Uart3Driver\UBProtocol.c:       MessageUboxPCPack *AccepterUboxMsg;
Uart3Driver\UBProtocol.c:                          ^
Uart3Driver\UBProtocol.c: Uart3Driver\UBProtocol.c: 2 warnings, 0 errors
compiling VMC_GPRS_PC.c...
compiling UBProtocol_SIMPLE.c...
Uart3Driver\UBProtocol_SIMPLE.c(551): warning:  #177-D: variable "AccepterSIMPLEUboxMsg" was declared but never referenced
Uart3Driver\UBProtocol_SIMPLE.c:        MessageSIMPLEUboxPCPack *AccepterSIMPLEUboxMsg;
Uart3Driver\UBProtocol_SIMPLE.c:                                 ^
Uart3Driver\UBProtocol_SIMPLE.c: Uart3Driver\UBProtocol_SIMPLE.c: 1 warning, 0 errors
compiling SelectKey.c...
compiling TASKUART1DEVICE.C...
compiling xmt.c...
compiling HeFanGui.c...
compiling UART2.C...
compiling UART0.C...
compiling UART1.C...
compiling UART3.C...
compiling RTC.C...
compiling I2C.C...
compiling LCD.C...
compiling KEY.C...
compiling PCOIN.C...
compiling TIMER.C...
compiling BUZZER.C...
compiling AT45DB161D.C...
compiling GPRS_UART.c...
compiling Os_cpu_c.c...
compiling OS_CORE.C...
compiling OS_FLAG.C...
compiling OS_MBOX.C...
compiling OS_MEM.C...
compiling OS_TIME.C...
compiling OS_TASK.C...
compiling OS_SEM.C...
compiling OS_Q.C...
compiling OS_MUTEX.C...
compiling LPC1700PinCfg.c...
compiling target.c...
compiling vector_table.c...
compiling zy_if.c...
compiling rt_sys_c.c...
assembling rt_sys_s.s...
compiling taskUart0Device.c...
linking...
Program Size: Code=257808 RO-data=74492 RW-data=1728 ZI-data=43120  
FromELF: creating hex file...
".\Hex\VMC_V2_10_2015_x_x.axf" - 0 Error(s), 63 Warning(s).
Build target 'VMC-V2.02'
compiling TASKUART3DEVICE.C...
compiling UBProtocol_SIMPLE.c...
Uart3Driver\UBProtocol_SIMPLE.c(551): warning:  #177-D: variable "AccepterSIMPLEUboxMsg" was declared but never referenced
Uart3Driver\UBProtocol_SIMPLE.c:        MessageSIMPLEUboxPCPack *AccepterSIMPLEUboxMsg;
Uart3Driver\UBProtocol_SIMPLE.c:                                 ^
Uart3Driver\UBProtocol_SIMPLE.c: Uart3Driver\UBProtocol_SIMPLE.c: 1 warning, 0 errors
linking...
Program Size: Code=257804 RO-data=74492 RW-data=1728 ZI-data=43120  
FromELF: creating hex file...
".\Hex\VMC_V2_10_2015_x_x.axf" - 0 Error(s), 1 Warning(s).
Build target 'VMC-V2.02'
compiling MAIN.C...
compiling BUSINESS.C...
compiling MAINTAIN.C...
APP\USERMAINTAIN_MENU.C(137): warning:  #192-D: unrecognized character escape sequence
APP\USERMAINTAIN_MENU.C:                "<PR\x80\XIMA P\x81\GINA>"
APP\USERMAINTAIN_MENU.C:                        ^
APP\USERMAINTAIN_MENU.C(137): warning:  #192-D: unrecognized character escape sequence
APP\USERMAINTAIN_MENU.C:                "<PR\x80\XIMA P\x81\GINA>"
APP\USERMAINTAIN_MENU.C:                                   ^
APP\USERMAINTAIN_MENU.C(144): warning:  #192-D: unrecognized character escape sequence
APP\USERMAINTAIN_MENU.C:                "<P\x81\GINA ANTERIOR>"
APP\USERMAINTAIN_MENU.C:                       ^
APP\USERMAINTAIN_MENU.C(261): warning:  #192-D: unrecognized character escape sequence
APP\USERMAINTAIN_MENU.C:                "<PR\x80\XIMA P\x81\GINA>"
APP\USERMAINTAIN_MENU.C:                        ^
APP\USERMAINTAIN_MENU.C(261): warning:  #192-D: unrecognized character escape sequence
APP\USERMAINTAIN_MENU.C:                "<PR\x80\XIMA P\x81\GINA>"
APP\USERMAINTAIN_MENU.C:                                   ^
APP\USERMAINTAIN_MENU.C(268): warning:  #192-D: unrecognized character escape sequence
APP\USERMAINTAIN_MENU.C:                "<P\x81\GINA ANTERIOR>"
APP\USERMAINTAIN_MENU.C:                       ^
APP\USERMAINTAIN_MENU.C(282): warning:  #192-D: unrecognized character escape sequence
APP\USERMAINTAIN_MENU.C:                "1.FALHA NA COMUNICA\x83\x82\O"
APP\USERMAINTAIN_MENU.C:                                            ^
APP\USERMAINTAIN_MENU.C(352): warning:  #192-D: unrecognized character escape sequence
APP\USERMAINTAIN_MENU.C:                "1.FALHA COMUNICA\x83\x82\O"
APP\USERMAINTAIN_MENU.C:                                         ^
APP\USERMAINTAIN_MENU.C(394): warning:  #192-D: unrecognized character escape sequence
APP\USERMAINTAIN_MENU.C:                "7.REMO\x83\x82\O DE MOEDA"
APP\USERMAINTAIN_MENU.C:                               ^
APP\USERMAINTAIN_MENU.C(450): warning:  #192-D: unrecognized character escape sequence
APP\USERMAINTAIN_MENU.C:                "1.ERRO GOC NO ARM\x81\RIO CENTRAL"
APP\USERMAINTAIN_MENU.C:                                      ^
APP\USERMAINTAIN_MENU.C(457): warning:  #192-D: unrecognized character escape sequence
APP\USERMAINTAIN_MENU.C:                "2.ERRO GOC NO SUB ARM\x81\RIO"
APP\USERMAINTAIN_MENU.C:                                          ^
APP\USERMAINTAIN_MENU.C(643): warning:  #192-D: unrecognized character escape sequence
APP\USERMAINTAIN_MENU.C:                "<PR\x80\XIMA P\x81\GINA>"
APP\USERMAINTAIN_MENU.C:                        ^
APP\USERMAINTAIN_MENU.C(643): warning:  #192-D: unrecognized character escape sequence
APP\USERMAINTAIN_MENU.C:                "<PR\x80\XIMA P\x81\GINA>"
APP\USERMAINTAIN_MENU.C:                                   ^
APP\USERMAINTAIN_MENU.C(650): warning:  #192-D: unrecognized character escape sequence
APP\USERMAINTAIN_MENU.C:                "<P\x81\GINA ANTERIOR>"
APP\USERMAINTAIN_MENU.C:                       ^
APP\USERMAINTAIN_MENU.C(771): warning:  #192-D: unrecognized character escape sequence
APP\USERMAINTAIN_MENU.C:                "<PR\x80\XIMA P\x81\GINA>"
APP\USERMAINTAIN_MENU.C:                        ^
APP\USERMAINTAIN_MENU.C(771): warning:  #192-D: unrecognized character escape sequence
APP\USERMAINTAIN_MENU.C:                "<PR\x80\XIMA P\x81\GINA>"
APP\USERMAINTAIN_MENU.C:                                   ^
APP\USERMAINTAIN_MENU.C(778): warning:  #192-D: unrecognized character escape sequence
APP\USERMAINTAIN_MENU.C:                "<P\x81\GINA ANTERIOR>"
APP\USERMAINTAIN_MENU.C:                       ^
APP\USERMAINTAIN_MENU.C(813): warning:  #192-D: unrecognized character escape sequence
APP\USERMAINTAIN_MENU.C:                "5.D\x84\VIDA NA QUANTIDADE:"
APP\USERMAINTAIN_MENU.C:                        ^
APP\USERMAINTAIN_MENU.C(943): warning:  #192-D: unrecognized character escape sequence
APP\USERMAINTAIN_MENU.C:                "PROGRAMA\x83\x82\O DE COMPRA"
APP\USERMAINTAIN_MENU.C:                                 ^
APP\USERMAINTAIN_MENU.C(950): warning:  #192-D: unrecognized character escape sequence
APP\USERMAINTAIN_MENU.C:                "<PR\x80\XIMA P\x81\GINA>"
APP\USERMAINTAIN_MENU.C:                        ^
APP\USERMAINTAIN_MENU.C(950): warning:  #192-D: unrecognized character escape sequence
APP\USERMAINTAIN_MENU.C:                "<PR\x80\XIMA P\x81\GINA>"
APP\USERMAINTAIN_MENU.C:                                   ^
APP\USERMAINTAIN_MENU.C(957): warning:  #192-D: unrecognized character escape sequence
APP\USERMAINTAIN_MENU.C:                "<P\x81\GINA ANTERIOR>"
APP\USERMAINTAIN_MENU.C:                       ^
APP\USERMAINTAIN_MENU.C(964): warning:  #192-D: unrecognized character escape sequence
APP\USERMAINTAIN_MENU.C:                "1.HOR\x81\RIO"
APP\USERMAINTAIN_MENU.C:                          ^
APP\USERMAINTAIN_MENU.C(971): warning:  #192-D: unrecognized character escape sequence
APP\USERMAINTAIN_MENU.C:                "2.REFRIGERA\x83\x82\O"
APP\USERMAINTAIN_MENU.C:                                    ^
APP\USERMAINTAIN_MENU.C(1109): warning:  #192-D: unrecognized character escape sequence
APP\USERMAINTAIN_MENU.C:                "HOR\x81\RIO"
APP\USERMAINTAIN_MENU.C:                        ^
APP\USERMAINTAIN_MENU.C(1116): warning:  #192-D: unrecognized character escape sequence
APP\USERMAINTAIN_MENU.C:                "<PR\x80\XIMA P\x81\GINA>"
APP\USERMAINTAIN_MENU.C:                        ^
APP\USERMAINTAIN_MENU.C(1116): warning:  #192-D: unrecognized character escape sequence
APP\USERMAINTAIN_MENU.C:                "<PR\x80\XIMA P\x81\GINA>"
APP\USERMAINTAIN_MENU.C:                                   ^
APP\USERMAINTAIN_MENU.C(1123): warning:  #192-D: unrecognized character escape sequence
APP\USERMAINTAIN_MENU.C:                "<P\x81\GINA ANTERIOR>"
APP\USERMAINTAIN_MENU.C:                       ^
APP\USERMAINTAIN_MENU.C(1137): warning:  #192-D: unrecognized character escape sequence
APP\USERMAINTAIN_MENU.C:                "2.M\x85\S:   "
APP\USERMAINTAIN_MENU.C:                        ^
APP\USERMAINTAIN_MENU.C(1273): warning:  #192-D: unrecognized character escape sequence
APP\USERMAINTAIN_MENU.C:                "<PR\x80\XIMA P\x81\GINA>"
APP\USERMAINTAIN_MENU.C:                        ^
APP\USERMAINTAIN_MENU.C(1273): warning:  #192-D: unrecognized character escape sequence
APP\USERMAINTAIN_MENU.C:                "<PR\x80\XIMA P\x81\GINA>"
APP\USERMAINTAIN_MENU.C:                                   ^
APP\USERMAINTAIN_MENU.C(1280): warning:  #192-D: unrecognized character escape sequence
APP\USERMAINTAIN_MENU.C:                "<P\x81\GINA ANTERIOR>"
APP\USERMAINTAIN_MENU.C:                       ^
APP\USERMAINTAIN_MENU.C(1367): warning:  #192-D: unrecognized character escape sequence
APP\USERMAINTAIN_MENU.C:                "<PR\x80\XIMA P\x81\GINA>"
APP\USERMAINTAIN_MENU.C:                        ^
APP\USERMAINTAIN_MENU.C(1367): warning:  #192-D: unrecognized character escape sequence
APP\USERMAINTAIN_MENU.C:                "<PR\x80\XIMA P\x81\GINA>"
APP\USERMAINTAIN_MENU.C:                                   ^
APP\USERMAINTAIN_MENU.C(1374): warning:  #192-D: unrecognized character escape sequence
APP\USERMAINTAIN_MENU.C:                "<P\x81\GINA ANTERIOR>"
APP\USERMAINTAIN_MENU.C:                       ^
APP\USERMAINTAIN_MENU.C(1402): warning:  #192-D: unrecognized character escape sequence
APP\USERMAINTAIN_MENU.C:                "4.LEITURA CART\x82\O:"
APP\USERMAINTAIN_MENU.C:                                   ^
APP\USERMAINTAIN_MENU.C: APP\MAINTAIN.C: 36 warnings, 0 errors
compiling COMMON.C...
compiling LANGUAGE.C...
APP\LANGUAGE.C(376): warning:  #192-D: unrecognized character escape sequence
APP\LANGUAGE.C:           "FALHA NA COBRAN\x83\A",
APP\LANGUAGE.C:                               ^
APP\LANGUAGE.C: APP\LANGUAGE.C: 1 warning, 0 errors
compiling CHANNEL.C...
APP\CHANNEL.C(39): warning:  #192-D: unrecognized character escape sequence
APP\CHANNEL.C:                  "CONFIGURA\x83\x82\O DE ATRIBUTO DE ARMARIO"
APP\CHANNEL.C:                                    ^
[...]
APP\CHANNEL.C:                               ^
APP\CHANNEL.C(123): warning:  #192-D: unrecognized character escape sequence
APP\CHANNEL.C:                  "SITUA\x83\x82\O DA BANDEJA:"
APP\CHANNEL.C:                                ^
APP\CHANNEL.C(137): warning:  #192-D: unrecognized character escape sequence
APP\CHANNEL.C:                  "BENDEIJA SITUA\x83\x82\O:"
APP\CHANNEL.C:                                         ^
APP\CHANNEL.C(211): warning:  #192-D: unrecognized character escape sequence
APP\CHANNEL.C:                  "SITUA\x83\x82\O DAS BANDEJAS"
APP\CHANNEL.C:                                ^
APP\CHANNEL.C(234): warning:  #192-D: unrecognized character escape sequence
APP\CHANNEL.C:                  "PRE\x83\O UNIT\x81\RIO:"
APP\CHANNEL.C:                          ^
APP\CHANNEL.C(234): warning:  #192-D: unrecognized character escape sequence
APP\CHANNEL.C:                  "PRE\x83\O UNIT\x81\RIO:"
APP\CHANNEL.C:                                     ^
APP\CHANNEL.C(304): warning:  #192-D: unrecognized character escape sequence
APP\CHANNEL.C:                  "SITUA\x83\x82\O DAS BANDEJAS"
APP\CHANNEL.C:                                ^
APP\CHANNEL.C(325): warning:  #192-D: unrecognized character escape sequence
APP\CHANNEL.C:                  "PRE\x83\O NA BANDEJA 0"
APP\CHANNEL.C:                          ^
APP\CHANNEL.C: APP\CHANNEL.C: 11 warnings, 0 errors
compiling LIFTTABLE.c...
APP\LIFTTABLE.c(56): warning:  #192-D: unrecognized character escape sequence
APP\LIFTTABLE.c:                " COLUNA N\x82\O DISPONIVEL!"
APP\LIFTTABLE.c:                              ^
APP\LIFTTABLE.c(133): warning:  #192-D: unrecognized character escape sequence
APP\LIFTTABLE.c:                " ERRO DA PLACA DE DISTRIBUI\x83\x82\O"
APP\LIFTTABLE.c:                                                    ^
APP\LIFTTABLE.c(147): warning:  #192-D: unrecognized character escape sequence
APP\LIFTTABLE.c:                " SITUA\x83x82\O DAS PORTS DA MAQUINA"
APP\LIFTTABLE.c:                              ^
APP\LIFTTABLE.c(182): warning:  #192-D: unrecognized character escape sequence
APP\LIFTTABLE.c:                " C\x80\DIGO DA BANDEJA:"
APP\LIFTTABLE.c:                       ^
APP\LIFTTABLE.c(508): warning:  #111-D: statement is unreachable
APP\LIFTTABLE.c:                        break;
APP\LIFTTABLE.c:                        ^
APP\LIFTTABLE.c(691): warning:  #111-D: statement is unreachable
APP\LIFTTABLE.c:                        break;
APP\LIFTTABLE.c:                        ^
APP\LIFTTABLE.c: APP\LIFTTABLE.c: 6 warnings, 0 errors
compiling ACDC.C...
APP\ACDC.C(67): warning:  #192-D: unrecognized character escape sequence
APP\ACDC.C:             "REFRIGERA\x83\x82\O"
APP\ACDC.C:                               ^
APP\ACDC.C(81): warning:  #192-D: unrecognized character escape sequence
APP\ACDC.C:             "REFRIGERA\x83\x82\O"
APP\ACDC.C:                               ^
APP\ACDC.C(88): warning:  #192-D: unrecognized character escape sequence
APP\ACDC.C:             "TEMPO DE OPERA\x83\x82\O"
APP\ACDC.C:                                    ^
APP\ACDC.C: APP\ACDC.C: 3 warnings, 0 errors
compiling ACDCAPI.c...
compiling BillAccepterAPI.c...
compiling CoinAccepterAPI .c...
compiling TuibiAPI.c...
compiling CheckDeviceState.c...
compiling LogAPI.c...
compiling TraceAPI.c...
compiling PCComAPI.c...
compiling LiftTableAPI.c...
compiling SelectKeyAPI.c...
compiling ChannelAPI.c...
compiling ChangerAPI.c...
compiling ReaderAPI.c...
API\ReaderAPI.c(363): warning:  #177-D: variable "AccepterMsg" was declared but never referenced
API\ReaderAPI.c:        MessagePack *AccepterMsg;
API\ReaderAPI.c:                     ^
API\ReaderAPI.c: API\ReaderAPI.c: 1 warning, 0 errors
compiling ZhiHuiAPI.c...
compiling GprsAPI.c...
compiling HeFanGuiAPI.c...
compiling TASKDEVICE.C...
compiling MDB_UART2.C...
compiling EVB_UART2.C...
compiling BillAccepter.c...
compiling CoinAccepter .c...
compiling MDBReader.c...
compiling LiftTableDriver.c...
compiling ACDCDriver.c...
compiling ChannelDriver.c...
compiling HopperDriver.c...
compiling MDBChanger.c...
compiling TASKUART3DEVICE.C...
compiling ZHIHUIPC.c...
compiling UBProtocol.c...
compiling VMC_GPRS_PC.c...
compiling UBProtocol_SIMPLE.c...
Uart3Driver\UBProtocol_SIMPLE.c(551): warning:  #177-D: variable "AccepterSIMPLEUboxMsg" was declared but never referenced
Uart3Driver\UBProtocol_SIMPLE.c:        MessageSIMPLEUboxPCPack *AccepterSIMPLEUboxMsg;
Uart3Driver\UBProtocol_SIMPLE.c:                                 ^
Uart3Driver\UBProtocol_SIMPLE.c: Uart3Driver\UBProtocol_SIMPLE.c: 1 warning, 0 errors
compiling SelectKey.c...
compiling TASKUART1DEVICE.C...
compiling xmt.c...
compiling HeFanGui.c...
compiling UART2.C...
compiling UART0.C...
compiling UART1.C...
compiling UART3.C...
compiling RTC.C...
compiling I2C.C...
compiling LCD.C...
compiling KEY.C...
compiling PCOIN.C...
compiling TIMER.C...
compiling BUZZER.C...
compiling AT45DB161D.C...
compiling GPRS_UART.c...
compiling Os_cpu_c.c...
compiling OS_CORE.C...
compiling OS_FLAG.C...
compiling OS_MBOX.C...
compiling OS_MEM.C...
compiling OS_TIME.C...
compiling OS_TASK.C...
compiling OS_SEM.C...
compiling OS_Q.C...
compiling OS_MUTEX.C...
compiling LPC1700PinCfg.c...
compiling target.c...
compiling vector_table.c...
compiling zy_if.c...
compiling rt_sys_c.c...
assembling rt_sys_s.s...
compiling taskUart0Device.c...
linking...
Program Size: Code=257804 RO-data=74492 RW-data=1728 ZI-data=43120  
FromELF: creating hex file...
".\Hex\VMC_V2_10_2015_x_x.axf" - 0 Error(s), 59 Warning(s).
Build target 'VMC-V2.02'
compiling MAIN.C...
compiling BUSINESS.C...
compiling MAINTAIN.C...
APP\USERMAINTAIN_MENU.C(137): warning:  #192-D: unrecognized character escape sequence
APP\USERMAINTAIN_MENU.C:                "<PR\x80\XIMA P\x81\GINA>"
APP\USERMAINTAIN_MENU.C:                        ^
APP\USERMAINTAIN_MENU.C(137): warning:  #192-D: unrecognized character escape sequence
APP\USERMAINTAIN_MENU.C:                "<PR\x80\XIMA P\x81\GINA>"
APP\USERMAINTAIN_MENU.C:                                   ^
APP\USERMAINTAIN_MENU.C(144): warning:  #192-D: unrecognized character escape sequence
APP\USERMAINTAIN_MENU.C:                "<P\x81\GINA ANTERIOR>"
APP\USERMAINTAIN_MENU.C:                       ^
APP\USERMAINTAIN_MENU.C(261): warning:  #192-D: unrecognized character escape sequence
APP\USERMAINTAIN_MENU.C:                "<PR\x80\XIMA P\x81\GINA>"
APP\USERMAINTAIN_MENU.C:                        ^
APP\USERMAINTAIN_MENU.C(261): warning:  #192-D: unrecognized character escape sequence
APP\USERMAINTAIN_MENU.C:                "<PR\x80\XIMA P\x81\GINA>"
APP\USERMAINTAIN_MENU.C:                                   ^
APP\USERMAINTAIN_MENU.C(268): warning:  #192-D: unrecognized character escape sequence
APP\USERMAINTAIN_MENU.C:                "<P\x81\GINA ANTERIOR>"
APP\USERMAINTAIN_MENU.C:                       ^
APP\USERMAINTAIN_MENU.C(282): warning:  #192-D: unrecognized character escape sequence
APP\USERMAINTAIN_MENU.C:                "1.FALHA NA COMUNICA\x83\x82\O"
APP\USERMAINTAIN_MENU.C:                                            ^
APP\USERMAINTAIN_MENU.C(352): warning:  #192-D: unrecognized character escape sequence
APP\USERMAINTAIN_MENU.C:                "1.FALHA COMUNICA\x83\x82\O"
APP\USERMAINTAIN_MENU.C:                                         ^
APP\USERMAINTAIN_MENU.C(394): warning:  #192-D: unrecognized character escape sequence
APP\USERMAINTAIN_MENU.C:                "7.REMO\x83\x82\O DE MOEDA"
APP\USERMAINTAIN_MENU.C:                               ^
APP\USERMAINTAIN_MENU.C(450): warning:  #192-D: unrecognized character escape sequence
APP\USERMAINTAIN_MENU.C:                "1.ERRO GOC NO ARM\x81\RIO CENTRAL"
APP\USERMAINTAIN_MENU.C:                                      ^
APP\USERMAINTAIN_MENU.C(457): warning:  #192-D: unrecognized character escape sequence
APP\USERMAINTAIN_MENU.C:                "2.ERRO GOC NO SUB ARM\x81\RIO"
APP\USERMAINTAIN_MENU.C:                                          ^
APP\USERMAINTAIN_MENU.C(643): warning:  #192-D: unrecognized character escape sequence
APP\USERMAINTAIN_MENU.C:                "<PR\x80\XIMA P\x81\GINA>"
APP\USERMAINTAIN_MENU.C:                        ^
APP\USERMAINTAIN_MENU.C(643): warning:  #192-D: unrecognized character escape sequence
APP\USERMAINTAIN_MENU.C:                "<PR\x80\XIMA P\x81\GINA>"
APP\USERMAINTAIN_MENU.C:                                   ^
APP\USERMAINTAIN_MENU.C(650): warning:  #192-D: unrecognized character escape sequence
APP\USERMAINTAIN_MENU.C:                "<P\x81\GINA ANTERIOR>"
APP\USERMAINTAIN_MENU.C:                       ^
APP\USERMAINTAIN_MENU.C(771): warning:  #192-D: unrecognized character escape sequence
APP\USERMAINTAIN_MENU.C:                "<PR\x80\XIMA P\x81\GINA>"
APP\USERMAINTAIN_MENU.C:                        ^
APP\USERMAINTAIN_MENU.C(771): warning:  #192-D: unrecognized character escape sequence
APP\USERMAINTAIN_MENU.C:                "<PR\x80\XIMA P\x81\GINA>"
APP\USERMAINTAIN_MENU.C:                                   ^
APP\USERMAINTAIN_MENU.C(778): warning:  #192-D: unrecognized character escape sequence
APP\USERMAINTAIN_MENU.C:                "<P\x81\GINA ANTERIOR>"
APP\USERMAINTAIN_MENU.C:                       ^
APP\USERMAINTAIN_MENU.C(813): warning:  #192-D: unrecognized character escape sequence
APP\USERMAINTAIN_MENU.C:                "5.D\x84\VIDA NA QUANTIDADE:"
APP\USERMAINTAIN_MENU.C:                        ^
APP\USERMAINTAIN_MENU.C(943): warning:  #192-D: unrecognized character escape sequence
APP\USERMAINTAIN_MENU.C:                "PROGRAMA\x83\x82\O DE COMPRA"
APP\USERMAINTAIN_MENU.C:                                 ^
APP\USERMAINTAIN_MENU.C(950): warning:  #192-D: unrecognized character escape sequence
APP\USERMAINTAIN_MENU.C:                "<PR\x80\XIMA P\x81\GINA>"
APP\USERMAINTAIN_MENU.C:                        ^
APP\USERMAINTAIN_MENU.C(950): warning:  #192-D: unrecognized character escape sequence
APP\USERMAINTAIN_MENU.C:                "<PR\x80\XIMA P\x81\GINA>"
APP\USERMAINTAIN_MENU.C:                                   ^
APP\USERMAINTAIN_MENU.C(957): warning:  #192-D: unrecognized character escape sequence
APP\USERMAINTAIN_MENU.C:                "<P\x81\GINA ANTERIOR>"
APP\USERMAINTAIN_MENU.C:                       ^
APP\USERMAINTAIN_MENU.C(964): warning:  #192-D: unrecognized character escape sequence
APP\USERMAINTAIN_MENU.C:                "1.HOR\x81\RIO"
APP\USERMAINTAIN_MENU.C:                          ^
APP\USERMAINTAIN_MENU.C(971): warning:  #192-D: unrecognized character escape sequence
APP\USERMAINTAIN_MENU.C:                "2.REFRIGERA\x83\x82\O"
APP\USERMAINTAIN_MENU.C:                                    ^
APP\USERMAINTAIN_MENU.C(1109): warning:  #192-D: unrecognized character escape sequence
APP\USERMAINTAIN_MENU.C:                "HOR\x81\RIO"
APP\USERMAINTAIN_MENU.C:                        ^
APP\USERMAINTAIN_MENU.C(1116): warning:  #192-D: unrecognized character escape sequence
APP\USERMAINTAIN_MENU.C:                "<PR\x80\XIMA P\x81\GINA>"
APP\USERMAINTAIN_MENU.C:                        ^
APP\USERMAINTAIN_MENU.C(1116): warning:  #192-D: unrecognized character escape sequence
APP\USERMAINTAIN_MENU.C:                "<PR\x80\XIMA P\x81\GINA>"
APP\USERMAINTAIN_MENU.C:                                   ^
APP\USERMAINTAIN_MENU.C(1123): warning:  #192-D: unrecognized character escape sequence
APP\USERMAINTAIN_MENU.C:                "<P\x81\GINA ANTERIOR>"
APP\USERMAINTAIN_MENU.C:                       ^
APP\USERMAINTAIN_MENU.C(1137): warning:  #192-D: unrecognized character escape sequence
APP\USERMAINTAIN_MENU.C:                "2.M\x85\S:   "
APP\USERMAINTAIN_MENU.C:                        ^
APP\USERMAINTAIN_MENU.C(1273): warning:  #192-D: unrecognized character escape sequence
APP\USERMAINTAIN_MENU.C:                "<PR\x80\XIMA P\x81\GINA>"
APP\USERMAINTAIN_MENU.C:                        ^
APP\USERMAINTAIN_MENU.C(1273): warning:  #192-D: unrecognized character escape sequence
APP\USERMAINTAIN_MENU.C:                "<PR\x80\XIMA P\x81\GINA>"
APP\USERMAINTAIN_MENU.C:                                   ^
APP\USERMAINTAIN_MENU.C(1280): warning:  #192-D: unrecognized character escape sequence
APP\USERMAINTAIN_MENU.C:                "<P\x81\GINA ANTERIOR>"
APP\USERMAINTAIN_MENU.C:                       ^
APP\USERMAINTAIN_MENU.C(1367): warning:  #192-D: unrecognized character escape sequence
APP\USERMAINTAIN_MENU.C:                "<PR\x80\XIMA P\x81\GINA>"
APP\USERMAINTAIN_MENU.C:                        ^
APP\USERMAINTAIN_MENU.C(1367): warning:  #192-D: unrecognized character escape sequence
APP\USERMAINTAIN_MENU.C:                "<PR\x80\XIMA P\x81\GINA>"
APP\USERMAINTAIN_MENU.C:                                   ^
APP\USERMAINTAIN_MENU.C(1374): warning:  #192-D: unrecognized character escape sequence
APP\USERMAINTAIN_MENU.C:                "<P\x81\GINA ANTERIOR>"
APP\USERMAINTAIN_MENU.C:                       ^
APP\USERMAINTAIN_MENU.C(1402): warning:  #192-D: unrecognized character escape sequence
APP\USERMAINTAIN_MENU.C:                "4.LEITURA CART\x82\O:"
APP\USERMAINTAIN_MENU.C:                                   ^
APP\USERMAINTAIN_MENU.C: APP\MAINTAIN.C: 36 warnings, 0 errors
compiling COMMON.C...
compiling LANGUAGE.C...
APP\LANGUAGE.C(376): warning:  #192-D: unrecognized character escape sequence
APP\LANGUAGE.C:           "FALHA NA COBRAN\x83\A",
APP\LANGUAGE.C:                               ^
APP\LANGUAGE.C: APP\LANGUAGE.C: 1 warning, 0 errors
compiling CHANNEL.C...
APP\CHANNEL.C(39): warning:  #192-D: unrecognized character escape sequence
APP\CHANNEL.C:                  "CONFIGURA\x83\x82\O DE ATRIBUTO DE ARMARIO"
APP\CHANNEL.C:                                    ^
APP\CHANNEL.C(95): warning:  #192-D: unrecognized character escape sequence
APP\CHANNEL.C:                  "INSIRA C\x80\DIGO DA BANDEJA:"
APP\CHANNEL.C:                               ^
APP\CHANNEL.C(109): warning:  #192-D: unrecognized character escape sequence
APP\CHANNEL.C:                  "C\x80\DIGO DA BANDEJA:"
APP\CHANNEL.C:                        ^
APP\CHANNEL.C(116): warning:  #192-D: unrecognized character escape sequence
APP\CHANNEL.C:                  "COLUNA N\x82\O DISPONIVEL!"
APP\CHANNEL.C:                               ^
APP\CHANNEL.C(123): warning:  #192-D: unrecognized character escape sequence
APP\CHANNEL.C:                  "SITUA\x83\x82\O DA BANDEJA:"
APP\CHANNEL.C:                                ^
APP\CHANNEL.C(137): warning:  #192-D: unrecognized character escape sequence
APP\CHANNEL.C:                  "BENDEIJA SITUA\x83\x82\O:"
APP\CHANNEL.C:                                         ^
APP\CHANNEL.C(211): warning:  #192-D: unrecognized character escape sequence
APP\CHANNEL.C:                  "SITUA\x83\x82\O DAS BANDEJAS"
APP\CHANNEL.C:                                ^
APP\CHANNEL.C(234): warning:  #192-D: unrecognized character escape sequence
APP\CHANNEL.C:                  "PRE\x83\O UNIT\x81\RIO:"
APP\CHANNEL.C:                          ^
APP\CHANNEL.C(234): warning:  #192-D: unrecognized character escape sequence
APP\CHANNEL.C:                  "PRE\x83\O UNIT\x81\RIO:"
APP\CHANNEL.C:                                     ^
APP\CHANNEL.C(304): warning:  #192-D: unrecognized character escape sequence
APP\CHANNEL.C:                  "SITUA\x83\x82\O DAS BANDEJAS"
APP\CHANNEL.C:                                ^
APP\CHANNEL.C(325): warning:  #192-D: unrecognized character escape sequence
APP\CHANNEL.C:                  "PRE\x83\O NA BANDEJA 0"
APP\CHANNEL.C:                          ^
APP\CHANNEL.C: APP\CHANNEL.C: 11 warnings, 0 errors
compiling LIFTTABLE.c...
APP\LIFTTABLE.c(56): warning:  #192-D: unrecognized character escape sequence
APP\LIFTTABLE.c:                " COLUNA N\x82\O DISPONIVEL!"
APP\LIFTTABLE.c:                              ^
APP\LIFTTABLE.c(133): warning:  #192-D: unrecognized character escape sequence
APP\LIFTTABLE.c:                " ERRO DA PLACA DE DISTRIBUI\x83\x82\O"
APP\LIFTTABLE.c:                                                    ^
APP\LIFTTABLE.c(147): warning:  #192-D: unrecognized character escape sequence
APP\LIFTTABLE.c:                " SITUA\x83x82\O DAS PORTS DA MAQUINA"
APP\LIFTTABLE.c:                              ^
APP\LIFTTABLE.c(182): warning:  #192-D: unrecognized character escape sequence
APP\LIFTTABLE.c:                " C\x80\DIGO DA BANDEJA:"
APP\LIFTTABLE.c:                       ^
APP\LIFTTABLE.c(508): warning:  #111-D: statement is unreachable
APP\LIFTTABLE.c:                        break;
APP\LIFTTABLE.c:                        ^
APP\LIFTTABLE.c(691): warning:  #111-D: statement is unreachable
APP\LIFTTABLE.c:                        break;
APP\LIFTTABLE.c:                        ^
APP\LIFTTABLE.c: APP\LIFTTABLE.c: 6 warnings, 0 errors
compiling ACDC.C...
APP\ACDC.C(67): warning:  #192-D: unrecognized character escape sequence
APP\ACDC.C:             "REFRIGERA\x83\x82\O"
APP\ACDC.C:                               ^
APP\ACDC.C(81): warning:  #192-D: unrecognized character escape sequence
APP\ACDC.C:             "REFRIGERA\x83\x82\O"
APP\ACDC.C:                               ^
APP\ACDC.C(88): warning:  #192-D: unrecognized character escape sequence
APP\ACDC.C:             "TEMPO DE OPERA\x83\x82\O"
APP\ACDC.C:                                    ^
APP\ACDC.C: APP\ACDC.C: 3 warnings, 0 errors
compiling ACDCAPI.c...
compiling BillAccepterAPI.c...
compiling CoinAccepterAPI .c...
compiling TuibiAPI.c...
compiling CheckDeviceState.c...
compiling LogAPI.c...
compiling TraceAPI.c...
compiling PCComAPI.c...
compiling LiftTableAPI.c...
compiling SelectKeyAPI.c...
compiling ChannelAPI.c...
compiling ChangerAPI.c...
compiling ReaderAPI.c...
compiling ZhiHuiAPI.c...
compiling GprsAPI.c...
compiling HeFanGuiAPI.c...
compiling TASKDEVICE.C...
compiling MDB_UART2.C...
compiling EVB_UART2.C...
compiling BillAccepter.c...
compiling CoinAccepter .c...
compiling MDBReader.c...
compiling LiftTableDriver.c...
compiling ACDCDriver.c...
compiling ChannelDriver.c...
compiling HopperDriver.c...
compiling MDBChanger.c...
compiling TASKUART3DEVICE.C...
compiling ZHIHUIPC.c...
compiling UBProtocol.c...
compiling VMC_GPRS_PC.c...
compiling UBProtocol_SIMPLE.c...
compiling SelectKey.c...
compiling TASKUART1DEVICE.C...
compiling xmt.c...
compiling HeFanGui.c...
compiling UART2.C...
compiling UART0.C...
compiling UART1.C...
compiling UART3.C...
compiling RTC.C...
compiling I2C.C...
compiling LCD.C...
compiling KEY.C...
compiling PCOIN.C...
compiling TIMER.C...
compiling BUZZER.C...
compiling AT45DB161D.C...
compiling GPRS_UART.c...
compiling Os_cpu_c.c...
compiling OS_CORE.C...
compiling OS_FLAG.C...
compiling OS_MBOX.C...
compiling OS_MEM.C...
compiling OS_TIME.C...
compiling OS_TASK.C...
compiling OS_SEM.C...
compiling OS_Q.C...
compiling OS_MUTEX.C...
compiling LPC1700PinCfg.c...
compiling target.c...
compiling vector_table.c...
compiling zy_if.c...
compiling rt_sys_c.c...
assembling rt_sys_s.s...
compiling taskUart0Device.c...
linking...
Program Size: Code=257804 RO-data=74492 RW-data=1728 ZI-data=43120  
FromELF: creating hex file...
".\Hex\VMC_V2_10_2015_x_x.axf" - 0 Error(s), 57 Warning(s).
Build target 'VMC-V2.02'
linking...
Program Size: Code=257804 RO-data=74492 RW-data=1728 ZI-data=43120  
FromELF: creating hex file...
".\Hex\VMC_V2_10_2015_x_x.axf" - 0 Error(s), 0 Warning(s).
Build target 'VMC-V2.02'
compiling TASKDEVICE.C...
linking...
Program Size: Code=257868 RO-data=74492 RW-data=1728 ZI-data=43120  
FromELF: creating hex file...
".\Hex\VMC_V2_10_2015_x_x.axf" - 0 Error(s), 0 Warning(s).
Build target 'VMC-V2.02'
compiling TASKDEVICE.C...
linking...
Program Size: Code=257880 RO-data=74492 RW-data=1728 ZI-data=43120  
FromELF: creating hex file...
".\Hex\VMC_V2_10_2015_x_x.axf" - 0 Error(s), 0 Warning(s).
Build target 'VMC-V2.02'
linking...
Program Size: Code=257880 RO-data=74492 RW-data=1728 ZI-data=43120  
FromELF: creating hex file...
".\Hex\VMC_V2_10_2015_x_x.axf" - 0 Error(s), 0 Warning(s).
