<html>
<body>
<pre>
<h1>µVision Build Log</h1>
<h2>Project:</h2>
E:\VMCSource\ARM2\test\VMC V2.0\VMC V2.0.uvproj
Project File Date:  03/04/2015

<h2>Output:</h2>
Build target 'VMC-V2.02'
compiling MDBChanger.c...
linking...
Program Size: Code=247032 RO-data=74380 RW-data=1712 ZI-data=41888  
FromELF: creating hex file...
".\Hex\VMC_V2_10_2015_x_x.axf" - 0 Error(s), 0 Warning(s).
Build target 'VMC-V2.02'
linking...
Program Size: Code=247032 RO-data=74380 RW-data=1712 ZI-data=41888  
FromELF: creating hex file...
".\Hex\VMC_V2_10_2015_x_x.axf" - 0 Error(s), 0 Warning(s).
Build target 'VMC-V2.02'
compiling BillAccepter.c...
linking...
Program Size: Code=247136 RO-data=74380 RW-data=1712 ZI-data=41888  
FromELF: creating hex file...
".\Hex\VMC_V2_10_2015_x_x.axf" - 0 Error(s), 0 Warning(s).
Build target 'VMC-V2.02'
compiling BillAccepter.c...
linking...
Program Size: Code=247136 RO-data=74380 RW-data=1712 ZI-data=41888  
FromELF: creating hex file...
".\Hex\VMC_V2_10_2015_x_x.axf" - 0 Error(s), 0 Warning(s).
