<html>
<body>
<pre>
<h1>µVision Build Log</h1>
<h2>Project:</h2>
E:\VMCSource\ARM2\test\VMC V2.0\VMC V2.0.uvproj
Project File Date:  09/25/2015

<h2>Output:</h2>
Build target 'VMC-V2.02'
compiling BillAccepterAPI.c...
linking...
Program Size: Code=267024 RO-data=74812 RW-data=1752 ZI-data=43316  
FromELF: creating hex file...
".\Hex\VMC_V2_14_2015_x_x.axf" - 0 Error(s), 0 Warning(s).
Build target 'VMC-V2.02'
linking...
Program Size: Code=267024 RO-data=74812 RW-data=1752 ZI-data=43316  
FromELF: creating hex file...
".\Hex\VMC_V2_14_2015_x_x.axf" - 0 Error(s), 0 Warning(s).
Build target 'VMC-V2.02'
compiling BillAccepterAPI.c...
linking...
Program Size: Code=267024 RO-data=74812 RW-data=1752 ZI-data=43316  
FromELF: creating hex file...
".\Hex\VMC_V2_14_2015_x_x.axf" - 0 Error(s), 0 Warning(s).
Build target 'VMC-V2.02'
compiling BillAccepterAPI.c...
linking...
Program Size: Code=267024 RO-data=74812 RW-data=1752 ZI-data=43316  
FromELF: creating hex file...
".\Hex\VMC_V2_14_2015_x_x.axf" - 0 Error(s), 0 Warning(s).
Build target 'VMC-V2.02'
linking...
Program Size: Code=267024 RO-data=74812 RW-data=1752 ZI-data=43316  
FromELF: creating hex file...
".\Hex\VMC_V2_14_2015_x_x.axf" - 0 Error(s), 0 Warning(s).
Build target 'VMC-V2.02'
linking...
Program Size: Code=267024 RO-data=74812 RW-data=1752 ZI-data=43316  
FromELF: creating hex file...
".\Hex\VMC_V2_14_2015_x_x.axf" - 0 Error(s), 0 Warning(s).
