<html>
<body>
<pre>
<h1>µVision Build Log</h1>
<h2>Project:</h2>
C:\Users\Administrator\Desktop\ARM2\test\VMC V2.0\VMC V2.0.uvproj
Project File Date:  04/16/2014

<h2>Output:</h2>
Build target 'VMC-V2.02'
compiling MAIN.C...
compiling BUSINESS.C...
compiling MAINTAIN.C...
APP\USERMAINTAIN_MENU.C(137): warning:  #192-D: unrecognized character escape sequence
APP\USERMAINTAIN_MENU.C:                "<PR\x80\XIMA P\x81\GINA>"
APP\USERMAINTAIN_MENU.C:                        ^
APP\USERMAINTAIN_MENU.C(137): warning:  #192-D: unrecognized character escape sequence
APP\USERMAINTAIN_MENU.C:                "<PR\x80\XIMA P\x81\GINA>"
APP\USERMAINTAIN_MENU.C:                                   ^
APP\USERMAINTAIN_MENU.C(144): warning:  #192-D: unrecognized character escape sequence
APP\USERMAINTAIN_MENU.C:                "<P\x81\GINA ANTERIOR>"
APP\USERMAINTAIN_MENU.C:                       ^
APP\USERMAINTAIN_MENU.C(261): warning:  #192-D: unrecognized character escape sequence
APP\USERMAINTAIN_MENU.C:                "<PR\x80\XIMA P\x81\GINA>"
APP\USERMAINTAIN_MENU.C:                        ^
APP\USERMAINTAIN_MENU.C(261): warning:  #192-D: unrecognized character escape sequence
APP\USERMAINTAIN_MENU.C:                "<PR\x80\XIMA P\x81\GINA>"
APP\USERMAINTAIN_MENU.C:                                   ^
APP\USERMAINTAIN_MENU.C(268): warning:  #192-D: unrecognized character escape sequence
APP\USERMAINTAIN_MENU.C:                "<P\x81\GINA ANTERIOR>"
APP\USERMAINTAIN_MENU.C:                       ^
APP\USERMAINTAIN_MENU.C(282): warning:  #192-D: unrecognized character escape sequence
APP\USERMAINTAIN_MENU.C:                "1.FALHA NA COMUNICA\x83\x82\O"
APP\USERMAINTAIN_MENU.C:                                            ^
APP\USERMAINTAIN_MENU.C(352): warning:  #192-D: unrecognized character escape sequence
APP\USERMAINTAIN_MENU.C:                "1.FALHA COMUNICA\x83\x82\O"
APP\USERMAINTAIN_MENU.C:                                         ^
APP\USERMAINTAIN_MENU.C(394): warning:  #192-D: unrecognized character escape sequence
APP\USERMAINTAIN_MENU.C:                "7.REMO\x83\x82\O DE MOEDA"
APP\USERMAINTAIN_MENU.C:                               ^
APP\USERMAINTAIN_MENU.C(450): warning:  #192-D: unrecognized character escape sequence
APP\USERMAINTAIN_MENU.C:                "1.ERRO GOC NO ARM\x81\RIO CENTRAL"
APP\USERMAINTAIN_MENU.C:                                      ^
APP\USERMAINTAIN_MENU.C(457): warning:  #192-D: unrecognized character escape sequence
APP\USERMAINTAIN_MENU.C:                "2.ERRO GOC NO SUB ARM\x81\RIO"
APP\USERMAINTAIN_MENU.C:                                          ^
APP\USERMAINTAIN_MENU.C(643): warning:  #192-D: unrecognized character escape sequence
APP\USERMAINTAIN_MENU.C:                "<PR\x80\XIMA P\x81\GINA>"
APP\USERMAINTAIN_MENU.C:                        ^
APP\USERMAINTAIN_MENU.C(643): warning:  #192-D: unrecognized character escape sequence
APP\USERMAINTAIN_MENU.C:                "<PR\x80\XIMA P\x81\GINA>"
APP\USERMAINTAIN_MENU.C:                                   ^
APP\USERMAINTAIN_MENU.C(650): warning:  #192-D: unrecognized character escape sequence
APP\USERMAINTAIN_MENU.C:                "<P\x81\GINA ANTERIOR>"
APP\USERMAINTAIN_MENU.C:                       ^
APP\USERMAINTAIN_MENU.C(771): warning:  #192-D: unrecognized character escape sequence
APP\USERMAINTAIN_MENU.C:                "<PR\x80\XIMA P\x81\GINA>"
APP\USERMAINTAIN_MENU.C:                        ^
APP\USERMAINTAIN_MENU.C(771): warning:  #192-D: unrecognized character escape sequence
APP\USERMAINTAIN_MENU.C:                "<PR\x80\XIMA P\x81\GINA>"
APP\USERMAINTAIN_MENU.C:                                   ^
APP\USERMAINTAIN_MENU.C(778): warning:  #192-D: unrecognized character escape sequence
APP\USERMAINTAIN_MENU.C:                "<P\x81\GINA ANTERIOR>"
APP\USERMAINTAIN_MENU.C:                       ^
APP\USERMAINTAIN_MENU.C(813): warning:  #192-D: unrecognized character escape sequence
APP\USERMAINTAIN_MENU.C:                "5.D\x84\VIDA NA QUANTIDADE:"
APP\USERMAINTAIN_MENU.C:                        ^
APP\USERMAINTAIN_MENU.C(937): warning:  #192-D: unrecognized character escape sequence
APP\USERMAINTAIN_MENU.C:                "PROGRAMA\x83\x82\O DE COMPRA"
APP\USERMAINTAIN_MENU.C:                                 ^
APP\USERMAINTAIN_MENU.C(944): warning:  #192-D: unrecognized character escape sequence
APP\USERMAINTAIN_MENU.C:                "<PR\x80\XIMA P\x81\GINA>"
APP\USERMAINTAIN_MENU.C:                        ^
APP\USERMAINTAIN_MENU.C(944): warning:  #192-D: unrecognized character escape sequence
APP\USERMAINTAIN_MENU.C:                "<PR\x80\XIMA P\x81\GINA>"
APP\USERMAINTAIN_MENU.C:                                   ^
APP\USERMAINTAIN_MENU.C(951): warning:  #192-D: unrecognized character escape sequence
APP\USERMAINTAIN_MENU.C:                "<P\x81\GINA ANTERIOR>"
APP\USERMAINTAIN_MENU.C:                       ^
APP\USERMAINTAIN_MENU.C(958): warning:  #192-D: unrecognized character escape sequence
APP\USERMAINTAIN_MENU.C:                "1.HOR\x81\RIO"
APP\USERMAINTAIN_MENU.C:                          ^
APP\USERMAINTAIN_MENU.C(965): warning:  #192-D: unrecognized character escape sequence
APP\USERMAINTAIN_MENU.C:                "2.REFRIGERA\x83\x82\O"
APP\USERMAINTAIN_MENU.C:                                    ^
APP\USERMAINTAIN_MENU.C(1067): warning:  #192-D: unrecognized character escape sequence
APP\USERMAINTAIN_MENU.C:                "HOR\x81\RIO"
APP\USERMAINTAIN_MENU.C:                        ^
APP\USERMAINTAIN_MENU.C(1074): warning:  #192-D: unrecognized character escape sequence
APP\USERMAINTAIN_MENU.C:                "<PR\x80\XIMA P\x81\GINA>"
APP\USERMAINTAIN_MENU.C:                        ^
APP\USERMAINTAIN_MENU.C(1074): warning:  #192-D: unrecognized character escape sequence
APP\USERMAINTAIN_MENU.C:                "<PR\x80\XIMA P\x81\GINA>"
APP\USERMAINTAIN_MENU.C:                                   ^
APP\USERMAINTAIN_MENU.C(1081): warning:  #192-D: unrecognized character escape sequence
APP\USERMAINTAIN_MENU.C:                "<P\x81\GINA ANTERIOR>"
APP\USERMAINTAIN_MENU.C:                       ^
APP\USERMAINTAIN_MENU.C(1095): warning:  #192-D: unrecognized character escape sequence
APP\USERMAINTAIN_MENU.C:                "2.M\x85\S:   "
APP\USERMAINTAIN_MENU.C:                        ^
APP\USERMAINTAIN_MENU.C(1231): warning:  #192-D: unrecognized character escape sequence
APP\USERMAINTAIN_MENU.C:                "<PR\x80\XIMA P\x81\GINA>"
APP\USERMAINTAIN_MENU.C:                        ^
APP\USERMAINTAIN_MENU.C(1231): warning:  #192-D: unrecognized character escape sequence
APP\USERMAINTAIN_MENU.C:                "<PR\x80\XIMA P\x81\GINA>"
APP\USERMAINTAIN_MENU.C:                                   ^
APP\USERMAINTAIN_MENU.C(1238): warning:  #192-D: unrecognized character escape sequence
APP\USERMAINTAIN_MENU.C:                "<P\x81\GINA ANTERIOR>"
APP\USERMAINTAIN_MENU.C:                       ^
APP\USERMAINTAIN_MENU.C(1325): warning:  #192-D: unrecognized character escape sequence
APP\USERMAINTAIN_MENU.C:                "<PR\x80\XIMA P\x81\GINA>"
APP\USERMAINTAIN_MENU.C:                        ^
APP\USERMAINTAIN_MENU.C(1325): warning:  #192-D: unrecognized character escape sequence
APP\USERMAINTAIN_MENU.C:                "<PR\x80\XIMA P\x81\GINA>"
APP\USERMAINTAIN_MENU.C:                                   ^
APP\USERMAINTAIN_MENU.C(1332): warning:  #192-D: unrecognized character escape sequence
APP\USERMAINTAIN_MENU.C:                "<P\x81\GINA ANTERIOR>"
APP\USERMAINTAIN_MENU.C:                       ^
APP\USERMAINTAIN_MENU.C(1360): warning:  #192-D: unrecognized character escape sequence
APP\USERMAINTAIN_MENU.C:                "4.LEITURA CART\x82\O:"
APP\USERMAINTAIN_MENU.C:                                   ^
APP\MAINTAIN.C(200): warning:  #177-D: variable "coinMoney" was declared but never referenced
APP\MAINTAIN.C:         uint32_t coinMoney;     
APP\MAINTAIN.C:                  ^
APP\MAINTAIN.C: APP\MAINTAIN.C: 37 warnings, 0 errors
compiling COMMON.C...
compiling LANGUAGE.C...
APP\LANGUAGE.C(376): warning:  #192-D: unrecognized character escape sequence
APP\LANGUAGE.C:           "FALHA NA COBRAN\x83\A",
APP\LANGUAGE.C:                               ^
APP\LANGUAGE.C: APP\LANGUAGE.C: 1 warning, 0 errors
compiling CHANNEL.C...
APP\CHANNEL.C(100): warning:  #192-D: unrecognized character escape sequence
APP\CHANNEL.C:                  "CONFIGURA\x83\x82\O DE ATRIBUTO DE ARMARIO"
APP\CHANNEL.C:                                    ^
APP\CHANNEL.C(156): warning:  #192-D: unrecognized character escape sequence
APP\CHANNEL.C:                  "INSIRA C\x80\DIGO DA BANDEJA:"
APP\CHANNEL.C:                               ^
APP\CHANNEL.C(170): warning:  #192-D: unrecognized character escape sequence
APP\CHANNEL.C:                  "C\x80\DIGO DA BANDEJA:"
APP\CHANNEL.C:                        ^
APP\CHANNEL.C(177): warning:  #192-D: unrecognized character escape sequence
APP\CHANNEL.C:                  "COLUNA N\x82\O DISPONIVEL!"
APP\CHANNEL.C:                               ^
APP\CHANNEL.C(184): warning:  #192-D: unrecognized character escape sequence
APP\CHANNEL.C:                  "SITUA\x83\x82\O DA BANDEJA:"
APP\CHANNEL.C:                                ^
APP\CHANNEL.C(198): warning:  #192-D: unrecognized character escape sequence
APP\CHANNEL.C:                  "BENDEIJA SITUA\x83\x82\O:"
APP\CHANNEL.C:                                         ^
APP\CHANNEL.C(272): warning:  #192-D: unrecognized character escape sequence
APP\CHANNEL.C:                  "SITUA\x83\x82\O DAS BANDEJAS"
APP\CHANNEL.C:                                ^
APP\CHANNEL.C(286): warning:  #192-D: unrecognized character escape sequence
APP\CHANNEL.C:                  "PRE\x83\O UNIT\x81\RIO:"
APP\CHANNEL.C:                          ^
APP\CHANNEL.C(286): warning:  #192-D: unrecognized character escape sequence
APP\CHANNEL.C:                  "PRE\x83\O UNIT\x81\RIO:"
APP\CHANNEL.C:                                     ^
APP\CHANNEL.C(356): warning:  #192-D: unrecognized character escape sequence
APP\CHANNEL.C:                  "SITUA\x83\x82\O DAS BANDEJAS"
APP\CHANNEL.C:                                ^
APP\CHANNEL.C(377): warning:  #192-D: unrecognized character escape sequence
APP\CHANNEL.C:                  "PRE\x83\O NA BANDEJA 0"
APP\CHANNEL.C:                          ^
APP\CHANNEL.C: APP\CHANNEL.C: 11 warnings, 0 errors
compiling LIFTTABLE.c...
APP\LIFTTABLE.c(56): warning:  #192-D: unrecognized character escape sequence
APP\LIFTTABLE.c:                " COLUNA N\x82\O DISPONIVEL!"
APP\LIFTTABLE.c:                              ^
APP\LIFTTABLE.c(133): warning:  #192-D: unrecognized character escape sequence
APP\LIFTTABLE.c:                " ERRO DA PLACA DE DISTRIBUI\x83\x82\O"
APP\LIFTTABLE.c:                                                    ^
APP\LIFTTABLE.c(147): warning:  #192-D: unrecognized character escape sequence
APP\LIFTTABLE.c:                " SITUA\x83x82\O DAS PORTS DA MAQUINA"
APP\LIFTTABLE.c:                              ^
APP\LIFTTABLE.c(182): warning:  #192-D: unrecognized character escape sequence
APP\LIFTTABLE.c:                " C\x80\DIGO DA BANDEJA: %s"
APP\LIFTTABLE.c:                       ^
APP\LIFTTABLE.c(434): warning:  #177-D: variable "mstr" was declared but never referenced
APP\LIFTTABLE.c:        char mstr[2]={0};
APP\LIFTTABLE.c:             ^
APP\LIFTTABLE.c(436): warning:  #550-D: variable "subFlush" was set but never used
APP\LIFTTABLE.c:        unsigned char  topFlush = 1,topReturnFlag = 0,enterSub = 0,subFlush = 1; 
APP\LIFTTABLE.c:                                                                   ^
APP\LIFTTABLE.c(437): warning:  #177-D: variable "physicNo" was declared but never referenced
APP\LIFTTABLE.c:        unsigned char lang,logicNo = 0,physicNo,levelNo,columnNo,max,i,columnBuf[80] = {0};
APP\LIFTTABLE.c:                                       ^
APP\LIFTTABLE.c(437): warning:  #177-D: variable "levelNo" was declared but never referenced
APP\LIFTTABLE.c:        unsigned char lang,logicNo = 0,physicNo,levelNo,columnNo,max,i,columnBuf[80] = {0};
APP\LIFTTABLE.c:                                                ^
APP\LIFTTABLE.c(437): warning:  #177-D: variable "columnNo" was declared but never referenced
APP\LIFTTABLE.c:        unsigned char lang,logicNo = 0,physicNo,levelNo,columnNo,max,i,columnBuf[80] = {0};
APP\LIFTTABLE.c:                                                        ^
APP\LIFTTABLE.c: APP\LIFTTABLE.c: 9 warnings, 0 errors
compiling ACDC.C...
APP\ACDC.C(55): warning:  #192-D: unrecognized character escape sequence
APP\ACDC.C:             "2.REFRIGERA\x83\x82\O"
APP\ACDC.C:                                 ^
APP\ACDC.C(76): warning:  #192-D: unrecognized character escape sequence
APP\ACDC.C:             "3.TEMPO DE OPERA\x83\x82\O"
APP\ACDC.C:                                      ^
APP\ACDC.C: APP\ACDC.C: 2 warnings, 0 errors
compiling ACDCAPI.c...
compiling BillAccepterAPI.c...
compiling CoinAccepterAPI .c...
compiling TuibiAPI.c...
compiling CheckDeviceState.c...
compiling LogAPI.c...
compiling TraceAPI.c...
compiling PCComAPI.c...
compiling LiftTableAPI.c...
compiling SelectKeyAPI.c...
compiling ChannelAPI.c...
compiling ChangerAPI.c...
compiling ReaderAPI.c...
compiling ZhiHuiAPI.c...
compiling GprsAPI.c...
compiling HeFanGuiAPI.c...
compiling TASKDEVICE.C...
Drivers\TASKDEVICE.C(59): warning:  #177-D: variable "coli" was declared but never referenced
Drivers\TASKDEVICE.C:           uint8_t i,j,coli,colj,Rst=0;
Drivers\TASKDEVICE.C:                       ^
Drivers\TASKDEVICE.C(59): warning:  #177-D: variable "colj" was declared but never referenced
Drivers\TASKDEVICE.C:           uint8_t i,j,coli,colj,Rst=0;
Drivers\TASKDEVICE.C:                            ^
Drivers\TASKDEVICE.C(59): warning:  #177-D: variable "Rst" was declared but never referenced
Drivers\TASKDEVICE.C:           uint8_t i,j,coli,colj,Rst=0;
Drivers\TASKDEVICE.C:                                 ^
Drivers\TASKDEVICE.C: Drivers\TASKDEVICE.C: 3 warnings, 0 errors
compiling MDB_UART2.C...
compiling EVB_UART2.C...
compiling BillAccepter.c...
compiling CoinAccepter .c...
compiling MDBReader.c...
compiling LiftTableDriver.c...
compiling ACDCDriver.c...
compiling ChannelDriver.c...
compiling HopperDriver.c...
compiling MDBChanger.c...
compiling TASKUART3DEVICE.C...
compiling ZHIHUIPC.c...
compiling UBProtocol.c...
Uart3Driver\UBProtocol.c(1541): warning:  #177-D: variable "n" was declared but never referenced
Uart3Driver\UBProtocol.c:       unsigned char i = 0,n=0,logicNo;
Uart3Driver\UBProtocol.c:                           ^
Uart3Driver\UBProtocol.c(1541): warning:  #177-D: variable "logicNo" was declared but never referenced
Uart3Driver\UBProtocol.c:       unsigned char i = 0,n=0,logicNo;
Uart3Driver\UBProtocol.c:                               ^
Uart3Driver\UBProtocol.c(1703): warning:  #177-D: variable "j" was declared but never referenced
Uart3Driver\UBProtocol.c:       unsigned char j=0,bin=0;
Uart3Driver\UBProtocol.c:                     ^
Uart3Driver\UBProtocol.c(1704): warning:  #177-D: variable "n" was declared but never referenced
Uart3Driver\UBProtocol.c:       unsigned char i = 0,n=0;
Uart3Driver\UBProtocol.c:                           ^
Uart3Driver\UBProtocol.c: Uart3Driver\UBProtocol.c: 4 warnings, 0 errors
compiling VMC_GPRS_PC.c...
compiling SelectKey.c...
compiling TASKUART1DEVICE.C...
compiling UART2.C...
compiling UART0.C...
compiling UART1.C...
compiling UART3.C...
compiling RTC.C...
compiling I2C.C...
compiling LCD.C...
compiling KEY.C...
compiling PCOIN.C...
compiling TIMER.C...
compiling BUZZER.C...
compiling AT45DB161D.C...
compiling GPRS_UART.c...
compiling HeFanGui.c...
compiling Os_cpu_c.c...
compiling OS_CORE.C...
compiling OS_FLAG.C...
compiling OS_MBOX.C...
compiling OS_MEM.C...
compiling OS_TIME.C...
compiling OS_TASK.C...
compiling OS_SEM.C...
compiling OS_Q.C...
compiling OS_MUTEX.C...
compiling LPC1700PinCfg.c...
compiling target.c...
compiling vector_table.c...
compiling zy_if.c...
compiling rt_sys_c.c...
assembling rt_sys_s.s...
compiling taskUart0Device.c...
linking...
Program Size: Code=218320 RO-data=71896 RW-data=1884 ZI-data=40608  
FromELF: creating hex file...
".\Hex\VMC_V2.03_2014_04_15.axf" - 0 Error(s), 67 Warning(s).
Build target 'VMC-V2.02'
linking...
Program Size: Code=218320 RO-data=71896 RW-data=1884 ZI-data=40608  
FromELF: creating hex file...
".\Hex\VMC_V2.03_2014_x_x.axf" - 0 Error(s), 0 Warning(s).
