<html>
<body>
<pre>
<h1>µVision Build Log</h1>
<h2>Project:</h2>
E:\VMCSource\ARM2\test\VMC V2.0\VMC V2.0.uvproj
Project File Date:  10/23/2015

<h2>Output:</h2>
Build target 'VMC-V2.02'
compiling BUSINESS.C...
compiling MAINTAIN.C...
APP\USERMAINTAIN_MENU.C(146): warning:  #192-D: unrecognized character escape sequence
APP\USERMAINTAIN_MENU.C:                "<PR\x80\XIMA P\x81\GINA>",
APP\USERMAINTAIN_MENU.C:                        ^
APP\USERMAINTAIN_MENU.C(146): warning:  #192-D: unrecognized character escape sequence
APP\USERMAINTAIN_MENU.C:                "<PR\x80\XIMA P\x81\GINA>",
APP\USERMAINTAIN_MENU.C:                                   ^
APP\USERMAINTAIN_MENU.C(154): warning:  #192-D: unrecognized character escape sequence
APP\USERMAINTAIN_MENU.C:                "<P\x81\GINA ANTERIOR>",
APP\USERMAINTAIN_MENU.C:                       ^
APP\USERMAINTAIN_MENU.C(277): warning:  #192-D: unrecognized character escape sequence
APP\USERMAINTAIN_MENU.C:                "<PR\x80\XIMA P\x81\GINA>",
APP\USERMAINTAIN_MENU.C:                        ^
APP\USERMAINTAIN_MENU.C(277): warning:  #192-D: unrecognized character escape sequence
APP\USERMAINTAIN_MENU.C:                "<PR\x80\XIMA P\x81\GINA>",
APP\USERMAINTAIN_MENU.C:                                   ^
APP\USERMAINTAIN_MENU.C(285): warning:  #192-D: unrecognized character escape sequence
APP\USERMAINTAIN_MENU.C:                "<P\x81\GINA ANTERIOR>",
APP\USERMAINTAIN_MENU.C:                       ^
APP\USERMAINTAIN_MENU.C(301): warning:  #192-D: unrecognized character escape sequence
APP\USERMAINTAIN_MENU.C:                "1.FALHA NA COMUNICA\x83\x82\O",
APP\USERMAINTAIN_MENU.C:                                            ^
APP\USERMAINTAIN_MENU.C(381): warning:  #192-D: unrecognized character escape sequence
APP\USERMAINTAIN_MENU.C:                "1.FALHA COMUNICA\x83\x82\O",
APP\USERMAINTAIN_MENU.C:                                         ^
APP\USERMAINTAIN_MENU.C(429): warning:  #192-D: unrecognized character escape sequence
APP\USERMAINTAIN_MENU.C:                "7.REMO\x83\x82\O DE MOEDA",
APP\USERMAINTAIN_MENU.C:                               ^
APP\USERMAINTAIN_MENU.C(493): warning:  #192-D: unrecognized character escape sequence
APP\USERMAINTAIN_MENU.C:                "1.ERRO GOC NO ARM\x81\RIO CENTRAL",
APP\USERMAINTAIN_MENU.C:                                      ^
APP\USERMAINTAIN_MENU.C(501): warning:  #192-D: unrecognized character escape sequence
APP\USERMAINTAIN_MENU.C:                "2.ERRO GOC NO SUB ARM\x81\RIO",
APP\USERMAINTAIN_MENU.C:                                          ^
APP\USERMAINTAIN_MENU.C(709): warning:  #192-D: unrecognized character escape sequence
APP\USERMAINTAIN_MENU.C:                "<PR\x80\XIMA P\x81\GINA>",
APP\USERMAINTAIN_MENU.C:                        ^
APP\USERMAINTAIN_MENU.C(709): warning:  #192-D: unrecognized character escape sequence
APP\USERMAINTAIN_MENU.C:                "<PR\x80\XIMA P\x81\GINA>",
APP\USERMAINTAIN_MENU.C:                                   ^
APP\USERMAINTAIN_MENU.C(717): warning:  #192-D: unrecognized character escape sequence
APP\USERMAINTAIN_MENU.C:                "<P\x81\GINA ANTERIOR>",
APP\USERMAINTAIN_MENU.C:                       ^
APP\USERMAINTAIN_MENU.C(848): warning:  #192-D: unrecognized character escape sequence
APP\USERMAINTAIN_MENU.C:                "<PR\x80\XIMA P\x81\GINA>",
APP\USERMAINTAIN_MENU.C:                        ^
APP\USERMAINTAIN_MENU.C(848): warning:  #192-D: unrecognized character escape sequence
APP\USERMAINTAIN_MENU.C:                "<PR\x80\XIMA P\x81\GINA>",
APP\USERMAINTAIN_MENU.C:                                   ^
APP\USERMAINTAIN_MENU.C(856): warning:  #192-D: unrecognized character escape sequence
APP\USERMAINTAIN_MENU.C:                "<P\x81\GINA ANTERIOR>",
APP\USERMAINTAIN_MENU.C:                       ^
APP\USERMAINTAIN_MENU.C(896): warning:  #192-D: unrecognized character escape sequence
APP\USERMAINTAIN_MENU.C:                "5.D\x84\VIDA NA QUANTIDADE:",
APP\USERMAINTAIN_MENU.C:                        ^
APP\USERMAINTAIN_MENU.C(1038): warning:  #192-D: unrecognized character escape sequence
APP\USERMAINTAIN_MENU.C:                "PROGRAMA\x83\x82\O DE COMPRA",
APP\USERMAINTAIN_MENU.C:                                 ^
APP\USERMAINTAIN_MENU.C(1046): warning:  #192-D: unrecognized character escape sequence
APP\USERMAINTAIN_MENU.C:                "<PR\x80\XIMA P\x81\GINA>",
APP\USERMAINTAIN_MENU.C:                        ^
APP\USERMAINTAIN_MENU.C(1046): warning:  #192-D: unrecognized character escape sequence
APP\USERMAINTAIN_MENU.C:                "<PR\x80\XIMA P\x81\GINA>",
APP\USERMAINTAIN_MENU.C:                                   ^
APP\USERMAINTAIN_MENU.C(1054): warning:  #192-D: unrecognized character escape sequence
APP\USERMAINTAIN_MENU.C:                "<P\x81\GINA ANTERIOR>",
APP\USERMAINTAIN_MENU.C:                       ^
APP\USERMAINTAIN_MENU.C(1062): warning:  #192-D: unrecognized character escape sequence
APP\USERMAINTAIN_MENU.C:                "1.HOR\x81\RIO",
APP\USERMAINTAIN_MENU.C:                          ^
APP\USERMAINTAIN_MENU.C(1070): warning:  #192-D: unrecognized character escape sequence
APP\USERMAINTAIN_MENU.C:                "2.REFRIGERA\x83\x82\O",
APP\USERMAINTAIN_MENU.C:                                    ^
APP\USERMAINTAIN_MENU.C(1225): warning:  #192-D: unrecognized character escape sequence
APP\USERMAINTAIN_MENU.C:                "HOR\x81\RIO",
APP\USERMAINTAIN_MENU.C:                        ^
APP\USERMAINTAIN_MENU.C(1233): warning:  #192-D: unrecognized character escape sequence
APP\USERMAINTAIN_MENU.C:                "<PR\x80\XIMA P\x81\GINA>",
APP\USERMAINTAIN_MENU.C:                        ^
APP\USERMAINTAIN_MENU.C(1233): warning:  #192-D: unrecognized character escape sequence
APP\USERMAINTAIN_MENU.C:                "<PR\x80\XIMA P\x81\GINA>",
APP\USERMAINTAIN_MENU.C:                                   ^
APP\USERMAINTAIN_MENU.C(1241): warning:  #192-D: unrecognized character escape sequence
APP\USERMAINTAIN_MENU.C:                "<P\x81\GINA ANTERIOR>",
APP\USERMAINTAIN_MENU.C:                       ^
APP\USERMAINTAIN_MENU.C(1257): warning:  #192-D: unrecognized character escape sequence
APP\USERMAINTAIN_MENU.C:                "2.M\x85\S:   ",
APP\USERMAINTAIN_MENU.C:                        ^
APP\USERMAINTAIN_MENU.C(1407): warning:  #192-D: unrecognized character escape sequence
APP\USERMAINTAIN_MENU.C:                "<PR\x80\XIMA P\x81\GINA>",
APP\USERMAINTAIN_MENU.C:                        ^
APP\USERMAINTAIN_MENU.C(1407): warning:  #192-D: unrecognized character escape sequence
APP\USERMAINTAIN_MENU.C:                "<PR\x80\XIMA P\x81\GINA>",
APP\USERMAINTAIN_MENU.C:                                   ^
APP\USERMAINTAIN_MENU.C(1415): warning:  #192-D: unrecognized character escape sequence
APP\USERMAINTAIN_MENU.C:                "<P\x81\GINA ANTERIOR>",
APP\USERMAINTAIN_MENU.C:                       ^
APP\USERMAINTAIN_MENU.C(1519): warning:  #192-D: unrecognized character escape sequence
APP\USERMAINTAIN_MENU.C:                "<PR\x80\XIMA P\x81\GINA>",
APP\USERMAINTAIN_MENU.C:                        ^
APP\USERMAINTAIN_MENU.C(1519): warning:  #192-D: unrecognized character escape sequence
APP\USERMAINTAIN_MENU.C:                "<PR\x80\XIMA P\x81\GINA>",
APP\USERMAINTAIN_MENU.C:                                   ^
APP\USERMAINTAIN_MENU.C(1527): warning:  #192-D: unrecognized character escape sequence
APP\USERMAINTAIN_MENU.C:                "<P\x81\GINA ANTERIOR>",
APP\USERMAINTAIN_MENU.C:                       ^
APP\USERMAINTAIN_MENU.C(1559): warning:  #192-D: unrecognized character escape sequence
APP\USERMAINTAIN_MENU.C:                "4.LEITURA CART\x82\O:",
APP\USERMAINTAIN_MENU.C:                                   ^
APP\USERMAINTAIN_MENU.C: APP\MAINTAIN.C: 36 warnings, 0 errors
compiling CheckDeviceState.c...
linking...
Program Size: Code=267008 RO-data=78700 RW-data=1988 ZI-data=43316  
FromELF: creating hex file...
".\Hex\VMC_V2_15_2015_x_x.axf" - 0 Error(s), 36 Warning(s).
Build target 'VMC-V2.02'
linking...
Program Size: Code=267008 RO-data=78700 RW-data=1988 ZI-data=43316  
FromELF: creating hex file...
".\Hex\VMC_V2_15_2015_x_x.axf" - 0 Error(s), 0 Warning(s).
