<html>
<body>
<pre>
<h1>µVision Build Log</h1>
<h2>Project:</h2>
E:\VMCSource\ARM2\test\VMC V2.0\VMC V2.0.uvproj
Project File Date:  12/24/2014

<h2>Output:</h2>
Build target 'VMC-V2.02'
compiling UBProtocol.c...
Uart3Driver\UBProtocol.c(977): warning:  #223-D: function "GetAmountMoney" declared implicitly
Uart3Driver\UBProtocol.c:                                               tempMoney = MoneySend(GetAmountMoney());
Uart3Driver\UBProtocol.c:                                                                     ^
Uart3Driver\UBProtocol.c(2770): warning:  #177-D: variable "AccepterUboxMsg" was declared but never referenced
Uart3Driver\UBProtocol.c:       MessageUboxPCPack *AccepterUboxMsg;
Uart3Driver\UBProtocol.c:                          ^
Uart3Driver\UBProtocol.c(2771): warning:  #177-D: variable "ComStatus" was declared but never referenced
Uart3Driver\UBProtocol.c:       unsigned char ComStatus;
Uart3Driver\UBProtocol.c:                     ^
Uart3Driver\UBProtocol.c(3646): warning:  #177-D: variable "AccepterUboxMsg" was declared but never referenced
Uart3Driver\UBProtocol.c:       MessageUboxPCPack *AccepterUboxMsg;
Uart3Driver\UBProtocol.c:                          ^
Uart3Driver\UBProtocol.c(3647): warning:  #177-D: variable "ComStatus" was declared but never referenced
Uart3Driver\UBProtocol.c:       unsigned char ComStatus;
Uart3Driver\UBProtocol.c:                     ^
Uart3Driver\UBProtocol.c: Uart3Driver\UBProtocol.c: 5 warnings, 0 errors
linking...
Program Size: Code=246688 RO-data=74380 RW-data=1712 ZI-data=41888  
FromELF: creating hex file...
".\Hex\VMC_V2.08_2014_x_x.axf" - 0 Error(s), 5 Warning(s).
Build target 'VMC-V2.02'
compiling MAIN.C...
compiling BUSINESS.C...
compiling PCComAPI.c...
compiling ZhiHuiAPI.c...
compiling ZHIHUIPC.c...
compiling taskUart0Device.c...
linking...
Program Size: Code=246688 RO-data=74380 RW-data=1712 ZI-data=41888  
FromELF: creating hex file...
".\Hex\VMC_V2.08_2014_x_x.axf" - 0 Error(s), 0 Warning(s).
Build target 'VMC-V2.02'
compiling MAIN.C...
linking...
Program Size: Code=246688 RO-data=74380 RW-data=1712 ZI-data=41888  
FromELF: creating hex file...
".\Hex\VMC_V2.08_2014_x_x.axf" - 0 Error(s), 0 Warning(s).
Build target 'VMC-V2.02'
linking...
Program Size: Code=246688 RO-data=74380 RW-data=1712 ZI-data=41888  
FromELF: creating hex file...
".\Hex\VMC_V2.09_2015_x_x.axf" - 0 Error(s), 0 Warning(s).
